{
  "dataset": "cora",
  "protocol_train": "uniform",
  "protocol_eval": "standard",
  "model": "dcdlp",
  "ablation": "A5",
  "seed": 0,
  "cn_feature_mode": "raw",
  "interaction_mode": "unrestricted",
  "hypergraph_mode": "raw",
  "hypergraph_construction": "owh_random",
  "construction_stats": {
    "construction": "owh_random",
    "raw_hyperedge_count": 2620,
    "raw_incidence_count": 11596,
    "requested_hyperedge_proposal_count": 11036,
    "open_wedge_candidate_count_before_cap": 35135,
    "selected_open_wedge_proposal_count": 11504,
    "selected_open_wedge_center_count": 1804,
    "per_center_wedge_cap": 32,
    "priority": "endpoint_degree_product_ascending_then_node_ids",
    "closed_triangle_proposal_count": 3003,
    "matched_open_wedge_unique_addition_count": 11036,
    "added_hyperedge_count": 11036,
    "added_incidence_count": 33108,
    "total_hyperedge_count": 13656,
    "total_incidence_count": 44704,
    "canonical_duplicate_or_raw_collision_count": 0,
    "added_hyperedge_size": {
      "count": 11036,
      "mean": 3,
      "median": 3.0,
      "p90": 3.0,
      "max": 3
    },
    "added_node_coverage_ratio": 1.0
  },
  "construction_audit_seconds": 0.1091649099253118,
  "lambda_aux": 0.05,
  "score_routing_enabled": false,
  "routing_finetune_encoder": "frozen",
  "config_hash": "1b55da952c01",
  "git_commit": "untracked",
  "best_epoch": 4,
  "validation": {
    "mrr": 0.4869856459722144,
    "hits10": 0.6273764258555133,
    "hits20": 0.9201520912547528,
    "hits50": 1.0,
    "hits100": 1.0,
    "mean_positive_rank": 7.980988593155893,
    "auc": 0.6518686116612933,
    "ap": 0.3584496814952569,
    "groups": {
      "HH": {
        "mrr": 0.8517934446505875,
        "count": 77
      },
      "HL": {
        "mrr": 0.2430739055665342,
        "count": 63
      },
      "LH": {
        "mrr": 0.8763098221744838,
        "count": 42
      },
      "LL": {
        "mrr": 0.12803038358737245,
        "count": 81
      }
    },
    "macro_mrr": 0.5248018889947446,
    "worst_group_mrr": 0.12803038358737245,
    "group_gap": 0.7482794385871114
  },
  "validation_curve": [
    {
      "epoch": 1,
      "validation_mrr": 0.17164008742293949
    },
    {
      "epoch": 2,
      "validation_mrr": 0.31059608395348076
    },
    {
      "epoch": 3,
      "validation_mrr": 0.39781426478003246
    },
    {
      "epoch": 4,
      "validation_mrr": 0.45895244947337965
    },
    {
      "epoch": 5,
      "validation_mrr": 0.4869856459722144
    }
  ],
  "metrics": {},
  "anchor_role_gamma": null,
  "pair_moment_gamma": null,
  "trainable_parameter_count": 24735,
  "structural_branch_parameter_count": 0,
  "anchor_pair_moment_gamma": null,
  "runtime": {
    "train_seconds": 77.47398464707658,
    "inference_seconds": 0.0,
    "peak_gpu_mb": 49.423828125
  },
  "support_auxiliary": {
    "lambda": 0.05,
    "batches": 0,
    "sampled_pairs_total": 0,
    "mean_sampled_pairs_per_batch": 0.0,
    "mean_unweighted_loss": 0.0
  },
  "checkpoint": "/home/ubuntu/lchr_v2/HYPERGRAPH_RESEARCH/CONSTRUCTION_V4/C_OWH/remote_evidence/screen_5_epoch/C1/checkpoints/cora_uniform_seed0_1b55da952c01.pt",
  "predictions": "/home/ubuntu/lchr_v2/HYPERGRAPH_RESEARCH/CONSTRUCTION_V4/C_OWH/remote_evidence/screen_5_epoch/C1/raw/cora_uniform_seed0_1b55da952c01_predictions.csv",
  "intervention_failures": {},
  "cn_feature_metadata": {
    "residualizer_type": "NOT_USED",
    "residualizer_parameters": {},
    "fit_seed": 0,
    "fit_sample_count": 8976,
    "symmetric_endpoint_degrees": true,
    "cn_feature_mode": "raw",
    "cn_input_schema": "selective_v1",
    "fit_split": "train",
    "uses_valid_or_test": false,
    "data_source": "train_positive+fixed_train_negative_epoch0",
    "data_hash": "338b9348eed3c796e6b8717f4da0735e69d600738bfd0bc36225b64856be5c6f",
    "config_hash": "43716054e679",
    "used_as_model_input": false
  },
  "evaluation_candidates": {
    "protocol": "standard",
    "test_evaluated": false,
    "negatives_per_positive": null
  },
  "data_integrity": {
    "split_hash": "4ad9a114f501",
    "train_positive_hash": "fd806089f2ddf34eed08e4ad63f611a0516977500964035338fb026eb0453cf8",
    "valid_positive_hash": "ce0c7a24f7e22fe0ec1c6e22bc185f5f29eb8b1ef2eb2e25da7666a2aabe5482",
    "test_positive_hash": "9360956ed1e7613ec25bfc677b25dfe9e5cd465b60f6eb7af30d3dc08ad6f4c8",
    "candidate_hash": null
  },
  "intervention_cache": {
    "source": "deterministic_online_generation",
    "id": "1f01c0aa36f4"
  },
  "parameter_count": {
    "total": 24735,
    "trainable": 24735,
    "cn_branch": 481
  },
  "loss_weights": {
    "lambda_link": 1.0,
    "lambda_score_route": 0.0,
    "lambda_target_response": 0.0,
    "lambda_interaction_share": 0.0,
    "lambda_interaction_delta": 0.0,
    "lambda_orthogonal_legacy": 0.001,
    "lambda_adversarial_legacy": 0.01
  },
  "device": "cuda",
  "result_file": "/home/ubuntu/lchr_v2/HYPERGRAPH_RESEARCH/CONSTRUCTION_V4/C_OWH/remote_evidence/screen_5_epoch/C1/raw/cora_uniform_seed0_1b55da952c01.json"
}
