/home/ubuntu/anaconda3/envs/mei_env/lib/python3.11/site-packages/torch/cuda/__init__.py:63: FutureWarning: The pynvml package is deprecated. Please install nvidia-ml-py instead. If you did not install pynvml directly, please report this to the maintainers of the package that installed pynvml for you.
  import pynvml  # type: ignore[import]
/home/ubuntu/AFDR_V10/NodeDup/results_analysis.py:219: UserWarning: std(): degrees of freedom is <= 0. Correction should be strictly less than the reduction factor (input numel divided by output numel). (Triggered internally at /pytorch/aten/src/ATen/native/ReduceOps.cpp:1839.)
  print_out_str += f', hits@{this_K}: ' + f'{this_res_hits.mean():.2f} ± {this_res_hits.std():.2f}'
/home/ubuntu/AFDR_V10/NodeDup/results_analysis.py:221: UserWarning: std(): degrees of freedom is <= 0. Correction should be strictly less than the reduction factor (input numel divided by output numel). (Triggered internally at /pytorch/aten/src/ATen/native/ReduceOps.cpp:1839.)
  print_out_str += ", mrr: " + f'{this_res_mrr.mean():.2f} ± {this_res_mrr.std():.2f}'
/home/ubuntu/AFDR_V10/NodeDup/results_analysis.py:223: UserWarning: std(): degrees of freedom is <= 0. Correction should be strictly less than the reduction factor (input numel divided by output numel). (Triggered internally at /pytorch/aten/src/ATen/native/ReduceOps.cpp:1839.)
  print_out_str += ", auc: " + f'{this_res_auc.mean():.2f} ± {this_res_auc.std():.2f}'
/home/ubuntu/AFDR_V10/NodeDup/results_analysis.py:230: UserWarning: std(): degrees of freedom is <= 0. Correction should be strictly less than the reduction factor (input numel divided by output numel). (Triggered internally at /pytorch/aten/src/ATen/native/ReduceOps.cpp:1839.)
  print_out_str += f', hits@{this_K}: ' + f'{this_res_hits.mean():.2f} ± {this_res_hits.std():.2f}'
/home/ubuntu/AFDR_V10/NodeDup/results_analysis.py:232: UserWarning: std(): degrees of freedom is <= 0. Correction should be strictly less than the reduction factor (input numel divided by output numel). (Triggered internally at /pytorch/aten/src/ATen/native/ReduceOps.cpp:1839.)
  print_out_str += ", mrr: " + f'{this_res_mrr.mean():.2f} ± {this_res_mrr.std():.2f}'
/home/ubuntu/AFDR_V10/NodeDup/results_analysis.py:234: UserWarning: std(): degrees of freedom is <= 0. Correction should be strictly less than the reduction factor (input numel divided by output numel). (Triggered internally at /pytorch/aten/src/ATen/native/ReduceOps.cpp:1839.)
  print_out_str += ", auc: " + f'{this_res_auc.mean():.2f} ± {this_res_auc.std():.2f}'
The Zen of Python, by Tim Peters

Beautiful is better than ugly.
Explicit is better than implicit.
Simple is better than complex.
Complex is better than complicated.
Flat is better than nested.
Sparse is better than dense.
Readability counts.
Special cases aren't special enough to break the rules.
Although practicality beats purity.
Errors should never pass silently.
Unless explicitly silenced.
In the face of ambiguity, refuse the temptation to guess.
There should be one-- and preferably only one --obvious way to do it.
Although that way may not be obvious at first unless you're Dutch.
Now is better than never.
Although never is often better than *right* now.
If the implementation is hard to explain, it's a bad idea.
If the implementation is easy to explain, it may be a good idea.
Namespaces are one honking great idea -- let's do more of those!
Namespace(device=0, log_steps=1, encoder='sage', num_layers=2, hidden_channels=256, dropout=0.5, batch_size=65536, lr=0.0005, epochs=100, eval_steps=5, runs=1, dataset_dir='./data', datasets='cora', predictor='sum', patience=20, metric='hits@20', use_valedges_as_input=False, negative_samples=500, ratio=10, coldupline=2, val_rate=5, test_rate=10, log_dir='results_v10/formal', augment='duplicated', augment_times=1, augment_nodes='cold', transductive='induc', test_ratio=0.1, val_node_ratio=0.1, val_ratio=0.1, old_old_extra_ratio=0.1)
0.265486726279104
0.2846607676649516
0.2448377587274816
0.19911504479724046
0.1755162245624185
0.20501474968012104
0.2507374636982746
0.31710914520211625
0.35988200669091713
0.39528023682336894
0.41150442565788564
0.42182890943369683
0.43362831946319536
0.451327434683268
0.4675516234738285
0.4660766972421193
0.4646017710104101
0.46165191859094795
0.4616519185030355
0.46165191845907927
0.4646017709664539
0.4675516234738285
0.4631268447567228
0.46755162351778473
0.4719764022788467
0.4837758124402139
0.4955752224257562
0.5103244850065856
0.5294985263045207
0.5442477888853501
0.5501474939440556
0.5634218302272413
0.5648967564369725
0.578171092654224
0.5884955763421228
0.5870206500664573
0.5958702075885812
0.597345133754356
0.597345133754356
0.6047197650667488
0.6106194699935856
0.6120943962692511
0.6165191750303131
0.6179941012620223
0.6194690275157095
0.6268436588281023
0.6268436588281023
0.629793511335477
0.629793511335477
0.6297935112475646
0.6283185850817897
0.6327433637549392
0.6297935112475646
0.6312684375012518
0.6312684375012518
0.6356932161744013
0.6401179949794196
0.6386430687257322
0.6386430687257322
0.6445427737404815
0.6460176999941688
0.6504424787552308
0.651917405008918
0.6578171100236673
0.6592920362773547
0.6548672575162927
0.6563421837260238
0.6504424787112745
0.6519174049649619
0.6563421837260238
0.65634218376998
0.6548672575162927
0.65634218376998
0.6533923312626054
0.6548672574283803
0.653392331174693
0.6548672575382708
0.6563421837919581
0.66076696255302
0.6666666675677694
0.665191741314082
0.6637168150603947
0.6681415938214567
0.6681415938214567
0.6666666674798569
0.665191741314082
0.6696165200751439
0.6710914463288313
0.6696165200751439
0.6710914463288313
0.6725663725825186
0.6710914463288313
0.6696165200751439
0.6725663725825186
0.6710914463288313
0.6696165200751439
0.6696165200311878
0.6710914463288313
0.6755162250898932
0.6755162250898932
0, hits@10: 45.37037049454671, hits@20: 58.33333347130705, hits@30: 62.962963100936676, hits@50: 69.44444455482342, mrr: 23.423699943103, auc: 91.12753823953825
1, hits@10: 57.306590257879655, hits@20: 68.48137535816619, hits@30: 75.07163323782235, hits@50: 80.51575931232092, mrr: 37.09783587614101, auc: 92.87459807073947
2, hits@10: 64.54545460867159, hits@20: 75.1515152147322, hits@30: 79.39393943909442, hits@50: 85.15151516957717, mrr: 39.54833807501321, auc: 94.46612318840576
3, hits@10: 68.36734718205977, hits@20: 75.51020432491691, hits@30: 79.59183697797815, hits@50: 84.6938777334836, mrr: 42.11608577681211, auc: 94.99197916666671
4, hits@10: 46.66666706403097, hits@20: 53.33333373069763, hits@30: 56.66666706403097, hits@50: 70.0, mrr: 19.11934503975014, auc: 89.91577777777776
5, hits@10: 28.571429316486633, hits@20: 49.99999946781567, hits@30: 64.28571481789861, hits@50: 78.5714287843023, mrr: 15.120590531400271, auc: 93.04666666666667
6, hits@10: 29.411765933036804, hits@20: 58.82353186607361, hits@30: 70.58823704719543, hits@50: 82.35294222831726, mrr: 9.273941069841385, auc: 93.0235294117647
overall, hits@10: 57.02087297413562, hits@20: 68.31119556043586, hits@30: 73.62428853673546, hits@50: 79.79127141228211, mrr: 34.27696157133285, auc: 93.16536607457363
0, 165, 216, hits@10: 45.37 ± nan, hits@20: 58.33 ± nan, hits@30: 62.96 ± nan, hits@50: 69.44 ± nan, mrr: 23.42 ± nan, auc: 91.13 ± nan

1-2, 311, 349, hits@10: 57.31 ± nan, hits@20: 68.48 ± nan, hits@30: 75.07 ± nan, hits@50: 80.52 ± nan, mrr: 37.10 ± nan, auc: 92.87 ± nan

>2, 359, 489, hits@10: 61.96 ± nan, hits@20: 72.60 ± nan, hits@30: 77.30 ± nan, hits@50: 83.84 ± nan, mrr: 37.06 ± nan, auc: 94.35 ± nan

Overall, 835, 1054, hits@10: 57.02 ± nan, hits@20: 68.31 ± nan, hits@30: 73.62 ± nan, hits@50: 79.79 ± nan, mrr: 34.28 ± nan, auc: 93.17 ± nan

0, 165, 216, hits@10: 45.37 ± nan, hits@20: 58.33 ± nan, hits@30: 62.96 ± nan, hits@50: 69.44 ± nan, mrr: 23.42 ± nan, auc: 91.13 ± nan

1, 311, 349, hits@10: 57.31 ± nan, hits@20: 68.48 ± nan, hits@30: 75.07 ± nan, hits@50: 80.52 ± nan, mrr: 37.10 ± nan, auc: 92.87 ± nan

2, 276, 330, hits@10: 64.55 ± nan, hits@20: 75.15 ± nan, hits@30: 79.39 ± nan, hits@50: 85.15 ± nan, mrr: 39.55 ± nan, auc: 94.47 ± nan

3, 64, 98, hits@10: 68.37 ± nan, hits@20: 75.51 ± nan, hits@30: 79.59 ± nan, hits@50: 84.69 ± nan, mrr: 42.12 ± nan, auc: 94.99 ± nan

4, 15, 30, hits@10: 46.67 ± nan, hits@20: 53.33 ± nan, hits@30: 56.67 ± nan, hits@50: 70.00 ± nan, mrr: 19.12 ± nan, auc: 89.92 ± nan

5, 3, 14, hits@10: 28.57 ± nan, hits@20: 50.00 ± nan, hits@30: 64.29 ± nan, hits@50: 78.57 ± nan, mrr: 15.12 ± nan, auc: 93.05 ± nan

6, 1, 17, hits@10: 29.41 ± nan, hits@20: 58.82 ± nan, hits@30: 70.59 ± nan, hits@50: 82.35 ± nan, mrr: 9.27 ± nan, auc: 93.02 ± nan

Overall, 835, 1054, hits@10: 57.02 ± nan, hits@20: 68.31 ± nan, hits@30: 73.62 ± nan, hits@50: 79.79 ± nan, mrr: 34.28 ± nan, auc: 93.17 ± nan

