/home/ubuntu/anaconda3/envs/mei_env/lib/python3.11/site-packages/torch/cuda/__init__.py:63: FutureWarning: The pynvml package is deprecated. Please install nvidia-ml-py instead. If you did not install pynvml directly, please report this to the maintainers of the package that installed pynvml for you.
  import pynvml  # type: ignore[import]
{
  "dataset": "cora",
  "seed": 4,
  "results": [
    {
      "model_id": "A_EarlyEarly",
      "dataset": "cora",
      "seed": 4,
      "config": {
        "dataset": "cora",
        "protocol_train": "uniform",
        "protocol_eval": "heart",
        "seed": 4,
        "hidden_dim": 64,
        "branch_dim": 32,
        "num_layers": 2,
        "dropout": 0.1,
        "backbone": "gcn",
        "lr": 0.001,
        "weight_decay": 0.0001,
        "batch_size": 512,
        "pretrain_epochs": 4,
        "disentangle_epochs": 0,
        "negatives_per_positive_eval": 50,
        "intervention_ratio": 0.25,
        "max_interventions_per_batch": 0,
        "max_interventions_per_epoch": 0,
        "lambda_inv": 0.03,
        "lambda_route": 0.03,
        "lambda_adv": 0.01,
        "lambda_orth": 0.001,
        "lambda_degrob": 0.01,
        "output_dir": "AUTONOMOUS_MODEL_INNOVATION_V4/mechanism_cora_v4run3/seed4",
        "prediction_subdir": "raw",
        "device": "auto",
        "ablation": "A5",
        "cn_feature_mode": "raw",
        "cn_input_schema": "selective_v1",
        "interaction_mode": "unrestricted",
        "interaction_share_cap": 0.2,
        "interaction_delta_cap": null,
        "lambda_interaction_share": 0.0,
        "lambda_interaction_delta": 0.0,
        "lambda_link": 1.0,
        "score_routing_enabled": false,
        "lambda_score_route": 0.0,
        "lambda_target_response": 0.0,
        "routing_margin_cn": 0.0,
        "routing_margin_degree": 0.0,
        "target_floor_cn": 0.0,
        "target_floor_degree": 0.0,
        "interaction_route_weight": 1.0,
        "routing_finetune_encoder": "frozen",
        "encoder_lr_multiplier": 0.1
      },
      "config_hash": "600887a56fc5",
      "code_hashes": {
        "src/dcdlp/models/dcdlp.py": "c1bbf8a86a798fe088d13e61d38053e8dc23d8adfb4443dea5c56ef3f5febba3",
        "src/dcdlp/models/node_encoder.py": "eada0a085994145aed9dafa78aeb98215c027e329a931ddccdeb8178c2272fa1",
        "src/dcdlp/train.py": "df889ab13b374ae5aed517346f3f2df8a97b5db633854ad2f32c4cdcf0cdb1f4",
        "AUTONOMOUS_MODEL_INNOVATION_V4/scripts/v4_models.py": "a203c41dbe31c727d0183544f7b27c09d0ef50a049743f0ac4d998cb46d81588",
        "AUTONOMOUS_MODEL_INNOVATION_V4/scripts/v4_runner.py": "df08127d16747325b506cacc092bf4f5f4bc82477cb4f4c7bdb1793b5a35fca7"
      },
      "data_hash": "98e4aaaf07d4",
      "init_state_hash": "c67f01fccec9e182c894a1d87b17233a90270b32f3d00b8ed5cad8d286633a5b",
      "init_rng_hashes": {
        "torch_cpu": "68460d517cacb15d6811b0018a3c66a1c6493dee6696796d3631e32a7c114625",
        "torch_cuda": "6b6f14e6af2627186bf8a55e474dcf6ef3f6ce81af560da871ec51eb670171a9"
      },
      "final_rng_hashes": {
        "torch_cpu": "de87e86bf2a7b448b35cba75c461560b4b6aa93e7843008c930221dee4551e0f",
        "torch_cuda": "6fbde74195bced1168932984d4680a0385e044755ef66658146447f0943e609d"
      },
      "training_trace": [
        {
          "epoch": 0,
          "negative_hash": "d284b192be5dec5e0a6f873be9c505a2e222f7371d355f7bd6840d3e6a2f16c6",
          "order_hash": "791ff715146aa6994292d218c427f78cdba26369f1dcc74ab433e0d7822e81df",
          "negative_seed": 40000,
          "validation_mrr": 0.09113391545275555
        },
        {
          "epoch": 1,
          "negative_hash": "3adec1e8717e3ad873b540ff434a5a82aba55f90ed950e2c4380531382d29439",
          "order_hash": "74721c9b803ed4c81cba5c5086de211a0632d2285c1a8f000278fecf30f07e0b",
          "negative_seed": 40001,
          "validation_mrr": 0.10002323124052931
        },
        {
          "epoch": 2,
          "negative_hash": "a8d7a93d5fe0aeb2534025742d22a1a16de3b1fb8f1dbc16ec7556edf74d2e30",
          "order_hash": "790aaabf482eb51ef8c5f1df747a296f37a4afcd2d8f45354054dfa0117a5cbe",
          "negative_seed": 40002,
          "validation_mrr": 0.09865033392103002
        },
        {
          "epoch": 3,
          "negative_hash": "fac8741ed1f685729e9e7d83dc5d0d379e4b0dd49b64d9b88916dbfdfa641ae1",
          "order_hash": "a605184f4ea8dcd36677e4a69deec03030164d5625375bd72e72eb76bf5e4498",
          "negative_seed": 40003,
          "validation_mrr": 0.10211781958045543
        }
      ],
      "best_state_hash": "1a8acaf83172e90f01df5a5c7e87ba7494b2105c6862205908945d932b6935a3",
      "best_epoch": 3,
      "test_used_for_selection": false,
      "selection_metric": "validation_mrr",
      "metrics": {
        "validation_best": {
          "mrr": 0.10352104246656804,
          "hits10": 0.24334600760456274,
          "hits20": 0.376425855513308,
          "hits50": 0.6007604562737643,
          "hits100": 0.7832699619771863,
          "mean_positive_rank": 64.97148288973384,
          "auc": 0.8654686058783561,
          "ap": 0.008836471117052786,
          "groups": {
            "HH": {
              "mrr": 0.14912435230991855,
              "count": 81
            },
            "HL": {
              "mrr": 0.013201150856700474,
              "count": 59
            },
            "LH": {
              "mrr": 0.2871980716044692,
              "count": 39
            },
            "LL": {
              "mrr": 0.03770677307719487,
              "count": 84
            }
          },
          "macro_mrr": 0.12180758696207078,
          "worst_group_mrr": 0.013201150856700474,
          "group_gap": 0.2739969207477687
        },
        "test_report": {
          "mrr": 0.10415152883291057,
          "hits10": 0.2732447817836812,
          "hits20": 0.3870967741935484,
          "hits50": 0.6166982922201139,
          "hits100": 0.7817836812144212,
          "mean_positive_rank": 62.65085388994307,
          "auc": 0.8665941007240872,
          "ap": 0.00889938965443969,
          "groups": {
            "HH": {
              "mrr": 0.16432616900440478,
              "count": 163
            },
            "HL": {
              "mrr": 0.023885216524146016,
              "count": 132
            },
            "LH": {
              "mrr": 0.2808098506797537,
              "count": 69
            },
            "LL": {
              "mrr": 0.03419608508672157,
              "count": 163
            }
          },
          "macro_mrr": 0.1258043303237565,
          "worst_group_mrr": 0.023885216524146016,
          "group_gap": 0.25692463415560773
        }
      },
      "score_path": {
        "mean_abs": 0.7691995207400572,
        "std": 0.6344321481212134,
        "max_abs": 1.5224007368087769,
        "nonzero_fraction": 1.0,
        "depth_scale": 0.16015781462192535,
        "operator_norm": 5.97806978225708,
        "operator_trainable": true
      },
      "parameter_count": {
        "total": 119751,
        "trainable": 119751
      },
      "runtime_seconds": 157.85284221032634,
      "peak_gpu_memory_mb": 58.36279296875,
      "gpu_name": "Tesla V100-PCIE-16GB",
      "deterministic_algorithms": false,
      "cublas_workspace_config": null,
      "cn_regressor_metadata": {
        "residualizer_type": "NOT_USED",
        "residualizer_parameters": {},
        "fit_seed": 4,
        "fit_sample_count": 8976,
        "symmetric_endpoint_degrees": true,
        "cn_feature_mode": "raw",
        "cn_input_schema": "selective_v1",
        "fit_split": "train",
        "uses_valid_or_test": false,
        "data_source": "train_positive+fixed_train_negative_epoch0",
        "data_hash": "af801b74e4bf36fa17e52dd1b5591c90e5fd9ea0eab22f40ddfd424de0c13e23",
        "config_hash": "48c89d1ffed9",
        "used_as_model_input": false
      },
      "controls": {
        "simple_cn_proxy_test": {
          "mrr": 0.09776815415768328,
          "hits10": 0.20113851992409867,
          "hits20": 0.27703984819734345,
          "hits50": 0.3567362428842505,
          "hits100": 0.3870967741935484,
          "mean_positive_rank": 168.05313092979128
        }
      },
      "checkpoint": "AUTONOMOUS_MODEL_INNOVATION_V4/mechanism_cora_v4run3/seed4/cora_seed4_A_EarlyEarly.pt"
    },
    {
      "model_id": "B_LateLate",
      "dataset": "cora",
      "seed": 4,
      "config": {
        "dataset": "cora",
        "protocol_train": "uniform",
        "protocol_eval": "heart",
        "seed": 4,
        "hidden_dim": 64,
        "branch_dim": 32,
        "num_layers": 2,
        "dropout": 0.1,
        "backbone": "gcn",
        "lr": 0.001,
        "weight_decay": 0.0001,
        "batch_size": 512,
        "pretrain_epochs": 4,
        "disentangle_epochs": 0,
        "negatives_per_positive_eval": 50,
        "intervention_ratio": 0.25,
        "max_interventions_per_batch": 0,
        "max_interventions_per_epoch": 0,
        "lambda_inv": 0.03,
        "lambda_route": 0.03,
        "lambda_adv": 0.01,
        "lambda_orth": 0.001,
        "lambda_degrob": 0.01,
        "output_dir": "AUTONOMOUS_MODEL_INNOVATION_V4/mechanism_cora_v4run3/seed4",
        "prediction_subdir": "raw",
        "device": "auto",
        "ablation": "A5",
        "cn_feature_mode": "raw",
        "cn_input_schema": "selective_v1",
        "interaction_mode": "unrestricted",
        "interaction_share_cap": 0.2,
        "interaction_delta_cap": null,
        "lambda_interaction_share": 0.0,
        "lambda_interaction_delta": 0.0,
        "lambda_link": 1.0,
        "score_routing_enabled": false,
        "lambda_score_route": 0.0,
        "lambda_target_response": 0.0,
        "routing_margin_cn": 0.0,
        "routing_margin_degree": 0.0,
        "target_floor_cn": 0.0,
        "target_floor_degree": 0.0,
        "interaction_route_weight": 1.0,
        "routing_finetune_encoder": "frozen",
        "encoder_lr_multiplier": 0.1
      },
      "config_hash": "9bfde77756be",
      "code_hashes": {
        "src/dcdlp/models/dcdlp.py": "c1bbf8a86a798fe088d13e61d38053e8dc23d8adfb4443dea5c56ef3f5febba3",
        "src/dcdlp/models/node_encoder.py": "eada0a085994145aed9dafa78aeb98215c027e329a931ddccdeb8178c2272fa1",
        "src/dcdlp/train.py": "df889ab13b374ae5aed517346f3f2df8a97b5db633854ad2f32c4cdcf0cdb1f4",
        "AUTONOMOUS_MODEL_INNOVATION_V4/scripts/v4_models.py": "a203c41dbe31c727d0183544f7b27c09d0ef50a049743f0ac4d998cb46d81588",
        "AUTONOMOUS_MODEL_INNOVATION_V4/scripts/v4_runner.py": "df08127d16747325b506cacc092bf4f5f4bc82477cb4f4c7bdb1793b5a35fca7"
      },
      "data_hash": "98e4aaaf07d4",
      "init_state_hash": "c67f01fccec9e182c894a1d87b17233a90270b32f3d00b8ed5cad8d286633a5b",
      "init_rng_hashes": {
        "torch_cpu": "68460d517cacb15d6811b0018a3c66a1c6493dee6696796d3631e32a7c114625",
        "torch_cuda": "6b6f14e6af2627186bf8a55e474dcf6ef3f6ce81af560da871ec51eb670171a9"
      },
      "final_rng_hashes": {
        "torch_cpu": "de87e86bf2a7b448b35cba75c461560b4b6aa93e7843008c930221dee4551e0f",
        "torch_cuda": "6fbde74195bced1168932984d4680a0385e044755ef66658146447f0943e609d"
      },
      "training_trace": [
        {
          "epoch": 0,
          "negative_hash": "d284b192be5dec5e0a6f873be9c505a2e222f7371d355f7bd6840d3e6a2f16c6",
          "order_hash": "791ff715146aa6994292d218c427f78cdba26369f1dcc74ab433e0d7822e81df",
          "negative_seed": 40000,
          "validation_mrr": 0.10299828388106928
        },
        {
          "epoch": 1,
          "negative_hash": "3adec1e8717e3ad873b540ff434a5a82aba55f90ed950e2c4380531382d29439",
          "order_hash": "74721c9b803ed4c81cba5c5086de211a0632d2285c1a8f000278fecf30f07e0b",
          "negative_seed": 40001,
          "validation_mrr": 0.09500668563922185
        },
        {
          "epoch": 2,
          "negative_hash": "a8d7a93d5fe0aeb2534025742d22a1a16de3b1fb8f1dbc16ec7556edf74d2e30",
          "order_hash": "790aaabf482eb51ef8c5f1df747a296f37a4afcd2d8f45354054dfa0117a5cbe",
          "negative_seed": 40002,
          "validation_mrr": 0.09729695655764686
        },
        {
          "epoch": 3,
          "negative_hash": "fac8741ed1f685729e9e7d83dc5d0d379e4b0dd49b64d9b88916dbfdfa641ae1",
          "order_hash": "a605184f4ea8dcd36677e4a69deec03030164d5625375bd72e72eb76bf5e4498",
          "negative_seed": 40003,
          "validation_mrr": 0.1030219469274872
        }
      ],
      "best_state_hash": "2e7b357719d13d5e7ae67d02e6f7b8ff9e64c193bc23202d9e44754bd024c505",
      "best_epoch": 3,
      "test_used_for_selection": false,
      "selection_metric": "validation_mrr",
      "metrics": {
        "validation_best": {
          "mrr": 0.10610601959330891,
          "hits10": 0.2661596958174905,
          "hits20": 0.38022813688212925,
          "hits50": 0.6273764258555133,
          "hits100": 0.7832699619771863,
          "mean_positive_rank": 64.8555133079848,
          "auc": 0.8658950396854083,
          "ap": 0.009188659238192788,
          "groups": {
            "HH": {
              "mrr": 0.16499810702671708,
              "count": 81
            },
            "HL": {
              "mrr": 0.013068531953378856,
              "count": 59
            },
            "LH": {
              "mrr": 0.27634612519770346,
              "count": 39
            },
            "LL": {
              "mrr": 0.03562493114186152,
              "count": 84
            }
          },
          "macro_mrr": 0.12250942382991523,
          "worst_group_mrr": 0.013068531953378856,
          "group_gap": 0.2632775932443246
        },
        "test_report": {
          "mrr": 0.10845459853281977,
          "hits10": 0.2504743833017078,
          "hits20": 0.38140417457305503,
          "hits50": 0.6110056925996205,
          "hits100": 0.7874762808349146,
          "mean_positive_rank": 66.12998102466793,
          "auc": 0.8621522527355803,
          "ap": 0.009433694725791673,
          "groups": {
            "HH": {
              "mrr": 0.18754756388488708,
              "count": 163
            },
            "HL": {
              "mrr": 0.022063316177075597,
              "count": 132
            },
            "LH": {
              "mrr": 0.2611204475927466,
              "count": 69
            },
            "LL": {
              "mrr": 0.03469725088518978,
              "count": 163
            }
          },
          "macro_mrr": 0.12635714463497477,
          "worst_group_mrr": 0.022063316177075597,
          "group_gap": 0.239057131415671
        }
      },
      "score_path": {
        "mean_abs": 0.9042029073585596,
        "std": 0.6216519777419263,
        "max_abs": 1.3032430410385132,
        "nonzero_fraction": 1.0,
        "depth_scale": 0.15825411677360535,
        "operator_norm": 5.900808811187744,
        "operator_trainable": true
      },
      "parameter_count": {
        "total": 119751,
        "trainable": 119751
      },
      "runtime_seconds": 198.12895567296073,
      "peak_gpu_memory_mb": 59.30322265625,
      "gpu_name": "Tesla V100-PCIE-16GB",
      "deterministic_algorithms": false,
      "cublas_workspace_config": null,
      "cn_regressor_metadata": {
        "residualizer_type": "NOT_USED",
        "residualizer_parameters": {},
        "fit_seed": 4,
        "fit_sample_count": 8976,
        "symmetric_endpoint_degrees": true,
        "cn_feature_mode": "raw",
        "cn_input_schema": "selective_v1",
        "fit_split": "train",
        "uses_valid_or_test": false,
        "data_source": "train_positive+fixed_train_negative_epoch0",
        "data_hash": "af801b74e4bf36fa17e52dd1b5591c90e5fd9ea0eab22f40ddfd424de0c13e23",
        "config_hash": "48c89d1ffed9",
        "used_as_model_input": false
      },
      "controls": {
        "simple_cn_proxy_test": {
          "mrr": 0.09776815415768328,
          "hits10": 0.20113851992409867,
          "hits20": 0.27703984819734345,
          "hits50": 0.3567362428842505,
          "hits100": 0.3870967741935484,
          "mean_positive_rank": 168.05313092979128
        }
      },
      "checkpoint": "AUTONOMOUS_MODEL_INNOVATION_V4/mechanism_cora_v4run3/seed4/cora_seed4_B_LateLate.pt"
    },
    {
      "model_id": "C_CDPT",
      "dataset": "cora",
      "seed": 4,
      "config": {
        "dataset": "cora",
        "protocol_train": "uniform",
        "protocol_eval": "heart",
        "seed": 4,
        "hidden_dim": 64,
        "branch_dim": 32,
        "num_layers": 2,
        "dropout": 0.1,
        "backbone": "gcn",
        "lr": 0.001,
        "weight_decay": 0.0001,
        "batch_size": 512,
        "pretrain_epochs": 4,
        "disentangle_epochs": 0,
        "negatives_per_positive_eval": 50,
        "intervention_ratio": 0.25,
        "max_interventions_per_batch": 0,
        "max_interventions_per_epoch": 0,
        "lambda_inv": 0.03,
        "lambda_route": 0.03,
        "lambda_adv": 0.01,
        "lambda_orth": 0.001,
        "lambda_degrob": 0.01,
        "output_dir": "AUTONOMOUS_MODEL_INNOVATION_V4/mechanism_cora_v4run3/seed4",
        "prediction_subdir": "raw",
        "device": "auto",
        "ablation": "A5",
        "cn_feature_mode": "raw",
        "cn_input_schema": "selective_v1",
        "interaction_mode": "unrestricted",
        "interaction_share_cap": 0.2,
        "interaction_delta_cap": null,
        "lambda_interaction_share": 0.0,
        "lambda_interaction_delta": 0.0,
        "lambda_link": 1.0,
        "score_routing_enabled": false,
        "lambda_score_route": 0.0,
        "lambda_target_response": 0.0,
        "routing_margin_cn": 0.0,
        "routing_margin_degree": 0.0,
        "target_floor_cn": 0.0,
        "target_floor_degree": 0.0,
        "interaction_route_weight": 1.0,
        "routing_finetune_encoder": "frozen",
        "encoder_lr_multiplier": 0.1
      },
      "config_hash": "ab9564121c9d",
      "code_hashes": {
        "src/dcdlp/models/dcdlp.py": "c1bbf8a86a798fe088d13e61d38053e8dc23d8adfb4443dea5c56ef3f5febba3",
        "src/dcdlp/models/node_encoder.py": "eada0a085994145aed9dafa78aeb98215c027e329a931ddccdeb8178c2272fa1",
        "src/dcdlp/train.py": "df889ab13b374ae5aed517346f3f2df8a97b5db633854ad2f32c4cdcf0cdb1f4",
        "AUTONOMOUS_MODEL_INNOVATION_V4/scripts/v4_models.py": "a203c41dbe31c727d0183544f7b27c09d0ef50a049743f0ac4d998cb46d81588",
        "AUTONOMOUS_MODEL_INNOVATION_V4/scripts/v4_runner.py": "df08127d16747325b506cacc092bf4f5f4bc82477cb4f4c7bdb1793b5a35fca7"
      },
      "data_hash": "98e4aaaf07d4",
      "init_state_hash": "c67f01fccec9e182c894a1d87b17233a90270b32f3d00b8ed5cad8d286633a5b",
      "init_rng_hashes": {
        "torch_cpu": "68460d517cacb15d6811b0018a3c66a1c6493dee6696796d3631e32a7c114625",
        "torch_cuda": "6b6f14e6af2627186bf8a55e474dcf6ef3f6ce81af560da871ec51eb670171a9"
      },
      "final_rng_hashes": {
        "torch_cpu": "de87e86bf2a7b448b35cba75c461560b4b6aa93e7843008c930221dee4551e0f",
        "torch_cuda": "6fbde74195bced1168932984d4680a0385e044755ef66658146447f0943e609d"
      },
      "training_trace": [
        {
          "epoch": 0,
          "negative_hash": "d284b192be5dec5e0a6f873be9c505a2e222f7371d355f7bd6840d3e6a2f16c6",
          "order_hash": "791ff715146aa6994292d218c427f78cdba26369f1dcc74ab433e0d7822e81df",
          "negative_seed": 40000,
          "validation_mrr": 0.08920516203633835
        },
        {
          "epoch": 1,
          "negative_hash": "3adec1e8717e3ad873b540ff434a5a82aba55f90ed950e2c4380531382d29439",
          "order_hash": "74721c9b803ed4c81cba5c5086de211a0632d2285c1a8f000278fecf30f07e0b",
          "negative_seed": 40001,
          "validation_mrr": 0.10083582099518891
        },
        {
          "epoch": 2,
          "negative_hash": "a8d7a93d5fe0aeb2534025742d22a1a16de3b1fb8f1dbc16ec7556edf74d2e30",
          "order_hash": "790aaabf482eb51ef8c5f1df747a296f37a4afcd2d8f45354054dfa0117a5cbe",
          "negative_seed": 40002,
          "validation_mrr": 0.09632567667995204
        },
        {
          "epoch": 3,
          "negative_hash": "fac8741ed1f685729e9e7d83dc5d0d379e4b0dd49b64d9b88916dbfdfa641ae1",
          "order_hash": "a605184f4ea8dcd36677e4a69deec03030164d5625375bd72e72eb76bf5e4498",
          "negative_seed": 40003,
          "validation_mrr": 0.09650069944846267
        }
      ],
      "best_state_hash": "93892ac6f4824e75e295857ce680a044bc0ad4d34e0e39ba65c319e4641645a0",
      "best_epoch": 1,
      "test_used_for_selection": false,
      "selection_metric": "validation_mrr",
      "metrics": {
        "validation_best": {
          "mrr": 0.10020594812197003,
          "hits10": 0.25475285171102663,
          "hits20": 0.376425855513308,
          "hits50": 0.6045627376425855,
          "hits100": 0.7680608365019012,
          "mean_positive_rank": 68.88973384030419,
          "auc": 0.8538502363775681,
          "ap": 0.008524821898798425,
          "groups": {
            "HH": {
              "mrr": 0.1475176433985448,
              "count": 81
            },
            "HL": {
              "mrr": 0.01349480633924058,
              "count": 59
            },
            "LH": {
              "mrr": 0.28372404835752985,
              "count": 39
            },
            "LL": {
              "mrr": 0.030283378343299205,
              "count": 84
            }
          },
          "macro_mrr": 0.11875496910965361,
          "worst_group_mrr": 0.01349480633924058,
          "group_gap": 0.27022924201828924
        },
        "test_report": {
          "mrr": 0.10275761377897107,
          "hits10": 0.2409867172675522,
          "hits20": 0.3681214421252372,
          "hits50": 0.5787476280834914,
          "hits100": 0.7381404174573055,
          "mean_positive_rank": 69.42884250474383,
          "auc": 0.8534706242416168,
          "ap": 0.008705480690133504,
          "groups": {
            "HH": {
              "mrr": 0.18077354049772992,
              "count": 163
            },
            "HL": {
              "mrr": 0.02166226725313668,
              "count": 132
            },
            "LH": {
              "mrr": 0.24789830351472875,
              "count": 69
            },
            "LL": {
              "mrr": 0.02897406834636466,
              "count": 163
            }
          },
          "macro_mrr": 0.11982704490299001,
          "worst_group_mrr": 0.02166226725313668,
          "group_gap": 0.22623603626159206
        }
      },
      "score_path": {
        "mean_abs": 0.5043671928989866,
        "std": 0.36683227548010566,
        "max_abs": 0.880241870880127,
        "nonzero_fraction": 1.0,
        "depth_scale": 0.12997174263000488,
        "operator_norm": 5.772132873535156,
        "operator_trainable": true
      },
      "parameter_count": {
        "total": 119751,
        "trainable": 119751
      },
      "runtime_seconds": 180.8878988348879,
      "peak_gpu_memory_mb": 59.30322265625,
      "gpu_name": "Tesla V100-PCIE-16GB",
      "deterministic_algorithms": false,
      "cublas_workspace_config": null,
      "cn_regressor_metadata": {
        "residualizer_type": "NOT_USED",
        "residualizer_parameters": {},
        "fit_seed": 4,
        "fit_sample_count": 8976,
        "symmetric_endpoint_degrees": true,
        "cn_feature_mode": "raw",
        "cn_input_schema": "selective_v1",
        "fit_split": "train",
        "uses_valid_or_test": false,
        "data_source": "train_positive+fixed_train_negative_epoch0",
        "data_hash": "af801b74e4bf36fa17e52dd1b5591c90e5fd9ea0eab22f40ddfd424de0c13e23",
        "config_hash": "48c89d1ffed9",
        "used_as_model_input": false
      },
      "controls": {
        "simple_cn_proxy_test": {
          "mrr": 0.09776815415768328,
          "hits10": 0.20113851992409867,
          "hits20": 0.27703984819734345,
          "hits50": 0.3567362428842505,
          "hits100": 0.3870967741935484,
          "mean_positive_rank": 168.05313092979128
        }
      },
      "checkpoint": "AUTONOMOUS_MODEL_INNOVATION_V4/mechanism_cora_v4run3/seed4/cora_seed4_C_CDPT.pt"
    },
    {
      "model_id": "D_ConcatMLP",
      "dataset": "cora",
      "seed": 4,
      "config": {
        "dataset": "cora",
        "protocol_train": "uniform",
        "protocol_eval": "heart",
        "seed": 4,
        "hidden_dim": 64,
        "branch_dim": 32,
        "num_layers": 2,
        "dropout": 0.1,
        "backbone": "gcn",
        "lr": 0.001,
        "weight_decay": 0.0001,
        "batch_size": 512,
        "pretrain_epochs": 4,
        "disentangle_epochs": 0,
        "negatives_per_positive_eval": 50,
        "intervention_ratio": 0.25,
        "max_interventions_per_batch": 0,
        "max_interventions_per_epoch": 0,
        "lambda_inv": 0.03,
        "lambda_route": 0.03,
        "lambda_adv": 0.01,
        "lambda_orth": 0.001,
        "lambda_degrob": 0.01,
        "output_dir": "AUTONOMOUS_MODEL_INNOVATION_V4/mechanism_cora_v4run3/seed4",
        "prediction_subdir": "raw",
        "device": "auto",
        "ablation": "A5",
        "cn_feature_mode": "raw",
        "cn_input_schema": "selective_v1",
        "interaction_mode": "unrestricted",
        "interaction_share_cap": 0.2,
        "interaction_delta_cap": null,
        "lambda_interaction_share": 0.0,
        "lambda_interaction_delta": 0.0,
        "lambda_link": 1.0,
        "score_routing_enabled": false,
        "lambda_score_route": 0.0,
        "lambda_target_response": 0.0,
        "routing_margin_cn": 0.0,
        "routing_margin_degree": 0.0,
        "target_floor_cn": 0.0,
        "target_floor_degree": 0.0,
        "interaction_route_weight": 1.0,
        "routing_finetune_encoder": "frozen",
        "encoder_lr_multiplier": 0.1
      },
      "config_hash": "4565f3aa4e66",
      "code_hashes": {
        "src/dcdlp/models/dcdlp.py": "c1bbf8a86a798fe088d13e61d38053e8dc23d8adfb4443dea5c56ef3f5febba3",
        "src/dcdlp/models/node_encoder.py": "eada0a085994145aed9dafa78aeb98215c027e329a931ddccdeb8178c2272fa1",
        "src/dcdlp/train.py": "df889ab13b374ae5aed517346f3f2df8a97b5db633854ad2f32c4cdcf0cdb1f4",
        "AUTONOMOUS_MODEL_INNOVATION_V4/scripts/v4_models.py": "a203c41dbe31c727d0183544f7b27c09d0ef50a049743f0ac4d998cb46d81588",
        "AUTONOMOUS_MODEL_INNOVATION_V4/scripts/v4_runner.py": "df08127d16747325b506cacc092bf4f5f4bc82477cb4f4c7bdb1793b5a35fca7"
      },
      "data_hash": "98e4aaaf07d4",
      "init_state_hash": "fc21dead240221b918a06f481b6379ad84f3cf92ae3a9ed29484653384813a6d",
      "init_rng_hashes": {
        "torch_cpu": "542a4041724f66da096462d7385a11ec3a641d74f452374473bf5d43f234eb12",
        "torch_cuda": "6b6f14e6af2627186bf8a55e474dcf6ef3f6ce81af560da871ec51eb670171a9"
      },
      "final_rng_hashes": {
        "torch_cpu": "de87e86bf2a7b448b35cba75c461560b4b6aa93e7843008c930221dee4551e0f",
        "torch_cuda": "6fbde74195bced1168932984d4680a0385e044755ef66658146447f0943e609d"
      },
      "training_trace": [
        {
          "epoch": 0,
          "negative_hash": "d284b192be5dec5e0a6f873be9c505a2e222f7371d355f7bd6840d3e6a2f16c6",
          "order_hash": "791ff715146aa6994292d218c427f78cdba26369f1dcc74ab433e0d7822e81df",
          "negative_seed": 40000,
          "validation_mrr": 0.08394671972074194
        },
        {
          "epoch": 1,
          "negative_hash": "3adec1e8717e3ad873b540ff434a5a82aba55f90ed950e2c4380531382d29439",
          "order_hash": "74721c9b803ed4c81cba5c5086de211a0632d2285c1a8f000278fecf30f07e0b",
          "negative_seed": 40001,
          "validation_mrr": 0.08388853514655051
        },
        {
          "epoch": 2,
          "negative_hash": "a8d7a93d5fe0aeb2534025742d22a1a16de3b1fb8f1dbc16ec7556edf74d2e30",
          "order_hash": "790aaabf482eb51ef8c5f1df747a296f37a4afcd2d8f45354054dfa0117a5cbe",
          "negative_seed": 40002,
          "validation_mrr": 0.08094109769441395
        },
        {
          "epoch": 3,
          "negative_hash": "fac8741ed1f685729e9e7d83dc5d0d379e4b0dd49b64d9b88916dbfdfa641ae1",
          "order_hash": "a605184f4ea8dcd36677e4a69deec03030164d5625375bd72e72eb76bf5e4498",
          "negative_seed": 40003,
          "validation_mrr": 0.09987664334806026
        }
      ],
      "best_state_hash": "ab89540508b43a7cfc9f7b5b77f2f6ee4eb3da736611910822f91ff6b8efa088",
      "best_epoch": 3,
      "test_used_for_selection": false,
      "selection_metric": "validation_mrr",
      "metrics": {
        "validation_best": {
          "mrr": 0.10118121088970312,
          "hits10": 0.25475285171102663,
          "hits20": 0.38783269961977185,
          "hits50": 0.5665399239543726,
          "hits100": 0.7946768060836502,
          "mean_positive_rank": 67.44866920152091,
          "auc": 0.860291720279316,
          "ap": 0.008307238185624401,
          "groups": {
            "HH": {
              "mrr": 0.15099602495082518,
              "count": 81
            },
            "HL": {
              "mrr": 0.012627933327146354,
              "count": 59
            },
            "LH": {
              "mrr": 0.2730290998195391,
              "count": 39
            },
            "LL": {
              "mrr": 0.03555711290132646,
              "count": 84
            }
          },
          "macro_mrr": 0.11805254274970928,
          "worst_group_mrr": 0.012627933327146354,
          "group_gap": 0.26040116649239275
        },
        "test_report": {
          "mrr": 0.10423571711889844,
          "hits10": 0.25426944971537,
          "hits20": 0.36242884250474383,
          "hits50": 0.5996204933586338,
          "hits100": 0.7703984819734345,
          "mean_positive_rank": 66.39848197343454,
          "auc": 0.8584786860572716,
          "ap": 0.008389725950381908,
          "groups": {
            "HH": {
              "mrr": 0.18012673879100402,
              "count": 163
            },
            "HL": {
              "mrr": 0.02075905495523316,
              "count": 132
            },
            "LH": {
              "mrr": 0.25942704488463875,
              "count": 69
            },
            "LL": {
              "mrr": 0.03025093955579734,
              "count": 163
            }
          },
          "macro_mrr": 0.12264094454666831,
          "worst_group_mrr": 0.02075905495523316,
          "group_gap": 0.23866798992940558
        }
      },
      "score_path": {
        "mean_abs": 0.1626247085038987,
        "std": 0.10736557069788172,
        "max_abs": 0.21359683573246002,
        "nonzero_fraction": 1.0,
        "depth_scale": 0.18352779746055603,
        "operator_norm": 0.0,
        "operator_trainable": false
      },
      "parameter_count": {
        "total": 119718,
        "trainable": 119718
      },
      "runtime_seconds": 158.45623394288123,
      "peak_gpu_memory_mb": 59.3408203125,
      "gpu_name": "Tesla V100-PCIE-16GB",
      "deterministic_algorithms": false,
      "cublas_workspace_config": null,
      "cn_regressor_metadata": {
        "residualizer_type": "NOT_USED",
        "residualizer_parameters": {},
        "fit_seed": 4,
        "fit_sample_count": 8976,
        "symmetric_endpoint_degrees": true,
        "cn_feature_mode": "raw",
        "cn_input_schema": "selective_v1",
        "fit_split": "train",
        "uses_valid_or_test": false,
        "data_source": "train_positive+fixed_train_negative_epoch0",
        "data_hash": "af801b74e4bf36fa17e52dd1b5591c90e5fd9ea0eab22f40ddfd424de0c13e23",
        "config_hash": "48c89d1ffed9",
        "used_as_model_input": false
      },
      "controls": {
        "simple_cn_proxy_test": {
          "mrr": 0.09776815415768328,
          "hits10": 0.20113851992409867,
          "hits20": 0.27703984819734345,
          "hits50": 0.3567362428842505,
          "hits100": 0.3870967741935484,
          "mean_positive_rank": 168.05313092979128
        }
      },
      "checkpoint": "AUTONOMOUS_MODEL_INNOVATION_V4/mechanism_cora_v4run3/seed4/cora_seed4_D_ConcatMLP.pt"
    },
    {
      "model_id": "E_FixedRandom",
      "dataset": "cora",
      "seed": 4,
      "config": {
        "dataset": "cora",
        "protocol_train": "uniform",
        "protocol_eval": "heart",
        "seed": 4,
        "hidden_dim": 64,
        "branch_dim": 32,
        "num_layers": 2,
        "dropout": 0.1,
        "backbone": "gcn",
        "lr": 0.001,
        "weight_decay": 0.0001,
        "batch_size": 512,
        "pretrain_epochs": 4,
        "disentangle_epochs": 0,
        "negatives_per_positive_eval": 50,
        "intervention_ratio": 0.25,
        "max_interventions_per_batch": 0,
        "max_interventions_per_epoch": 0,
        "lambda_inv": 0.03,
        "lambda_route": 0.03,
        "lambda_adv": 0.01,
        "lambda_orth": 0.001,
        "lambda_degrob": 0.01,
        "output_dir": "AUTONOMOUS_MODEL_INNOVATION_V4/mechanism_cora_v4run3/seed4",
        "prediction_subdir": "raw",
        "device": "auto",
        "ablation": "A5",
        "cn_feature_mode": "raw",
        "cn_input_schema": "selective_v1",
        "interaction_mode": "unrestricted",
        "interaction_share_cap": 0.2,
        "interaction_delta_cap": null,
        "lambda_interaction_share": 0.0,
        "lambda_interaction_delta": 0.0,
        "lambda_link": 1.0,
        "score_routing_enabled": false,
        "lambda_score_route": 0.0,
        "lambda_target_response": 0.0,
        "routing_margin_cn": 0.0,
        "routing_margin_degree": 0.0,
        "target_floor_cn": 0.0,
        "target_floor_degree": 0.0,
        "interaction_route_weight": 1.0,
        "routing_finetune_encoder": "frozen",
        "encoder_lr_multiplier": 0.1
      },
      "config_hash": "bd80ad4d4811",
      "code_hashes": {
        "src/dcdlp/models/dcdlp.py": "c1bbf8a86a798fe088d13e61d38053e8dc23d8adfb4443dea5c56ef3f5febba3",
        "src/dcdlp/models/node_encoder.py": "eada0a085994145aed9dafa78aeb98215c027e329a931ddccdeb8178c2272fa1",
        "src/dcdlp/train.py": "df889ab13b374ae5aed517346f3f2df8a97b5db633854ad2f32c4cdcf0cdb1f4",
        "AUTONOMOUS_MODEL_INNOVATION_V4/scripts/v4_models.py": "a203c41dbe31c727d0183544f7b27c09d0ef50a049743f0ac4d998cb46d81588",
        "AUTONOMOUS_MODEL_INNOVATION_V4/scripts/v4_runner.py": "df08127d16747325b506cacc092bf4f5f4bc82477cb4f4c7bdb1793b5a35fca7"
      },
      "data_hash": "98e4aaaf07d4",
      "init_state_hash": "d2f9c6c2f4dfdad56e501854f5b3b7b30c250e14d666ba823cf948eaa648b3f3",
      "init_rng_hashes": {
        "torch_cpu": "e26a1a89c588192d6f0cf131a1bda55e6c7545355a7f77deb5acadbe6e47ac41",
        "torch_cuda": "6b6f14e6af2627186bf8a55e474dcf6ef3f6ce81af560da871ec51eb670171a9"
      },
      "final_rng_hashes": {
        "torch_cpu": "de87e86bf2a7b448b35cba75c461560b4b6aa93e7843008c930221dee4551e0f",
        "torch_cuda": "6fbde74195bced1168932984d4680a0385e044755ef66658146447f0943e609d"
      },
      "training_trace": [
        {
          "epoch": 0,
          "negative_hash": "d284b192be5dec5e0a6f873be9c505a2e222f7371d355f7bd6840d3e6a2f16c6",
          "order_hash": "791ff715146aa6994292d218c427f78cdba26369f1dcc74ab433e0d7822e81df",
          "negative_seed": 40000,
          "validation_mrr": 0.09013157470166887
        },
        {
          "epoch": 1,
          "negative_hash": "3adec1e8717e3ad873b540ff434a5a82aba55f90ed950e2c4380531382d29439",
          "order_hash": "74721c9b803ed4c81cba5c5086de211a0632d2285c1a8f000278fecf30f07e0b",
          "negative_seed": 40001,
          "validation_mrr": 0.10986288640194615
        },
        {
          "epoch": 2,
          "negative_hash": "a8d7a93d5fe0aeb2534025742d22a1a16de3b1fb8f1dbc16ec7556edf74d2e30",
          "order_hash": "790aaabf482eb51ef8c5f1df747a296f37a4afcd2d8f45354054dfa0117a5cbe",
          "negative_seed": 40002,
          "validation_mrr": 0.1090626040296155
        },
        {
          "epoch": 3,
          "negative_hash": "fac8741ed1f685729e9e7d83dc5d0d379e4b0dd49b64d9b88916dbfdfa641ae1",
          "order_hash": "a605184f4ea8dcd36677e4a69deec03030164d5625375bd72e72eb76bf5e4498",
          "negative_seed": 40003,
          "validation_mrr": 0.10280632354226356
        }
      ],
      "best_state_hash": "c2e17c88a914304cda9c313c331d9fdef681edbc87cf825bb2e094064fce7ffe",
      "best_epoch": 1,
      "test_used_for_selection": false,
      "selection_metric": "validation_mrr",
      "metrics": {
        "validation_best": {
          "mrr": 0.11056005995083072,
          "hits10": 0.27756653992395436,
          "hits20": 0.38783269961977185,
          "hits50": 0.5817490494296578,
          "hits100": 0.7832699619771863,
          "mean_positive_rank": 68.36501901140684,
          "auc": 0.852884471367231,
          "ap": 0.009014853512908528,
          "groups": {
            "HH": {
              "mrr": 0.16505986591901833,
              "count": 81
            },
            "HL": {
              "mrr": 0.013013617923880566,
              "count": 59
            },
            "LH": {
              "mrr": 0.3031601989604401,
              "count": 39
            },
            "LL": {
              "mrr": 0.037099945365022334,
              "count": 84
            }
          },
          "macro_mrr": 0.12958340704209034,
          "worst_group_mrr": 0.013013617923880566,
          "group_gap": 0.29014658103655955
        },
        "test_report": {
          "mrr": 0.1087904468912553,
          "hits10": 0.24667931688804554,
          "hits20": 0.36622390891840606,
          "hits50": 0.5502846299810247,
          "hits100": 0.7628083491461101,
          "mean_positive_rank": 71.9392789373814,
          "auc": 0.8464507235470548,
          "ap": 0.008678158063742026,
          "groups": {
            "HH": {
              "mrr": 0.19462933907215424,
              "count": 163
            },
            "HL": {
              "mrr": 0.020929540723897744,
              "count": 132
            },
            "LH": {
              "mrr": 0.2667605346636425,
              "count": 69
            },
            "LL": {
              "mrr": 0.027231944635488187,
              "count": 163
            }
          },
          "macro_mrr": 0.12738783977379567,
          "worst_group_mrr": 0.020929540723897744,
          "group_gap": 0.24583099393974478
        }
      },
      "score_path": {
        "mean_abs": 0.43429907685520386,
        "std": 0.37836702286680696,
        "max_abs": 0.8619199991226196,
        "nonzero_fraction": 1.0,
        "depth_scale": 0.1312502771615982,
        "operator_norm": 5.614431858062744,
        "operator_trainable": false
      },
      "parameter_count": {
        "total": 119751,
        "trainable": 118727
      },
      "runtime_seconds": 158.26564436592162,
      "peak_gpu_memory_mb": 59.29443359375,
      "gpu_name": "Tesla V100-PCIE-16GB",
      "deterministic_algorithms": false,
      "cublas_workspace_config": null,
      "cn_regressor_metadata": {
        "residualizer_type": "NOT_USED",
        "residualizer_parameters": {},
        "fit_seed": 4,
        "fit_sample_count": 8976,
        "symmetric_endpoint_degrees": true,
        "cn_feature_mode": "raw",
        "cn_input_schema": "selective_v1",
        "fit_split": "train",
        "uses_valid_or_test": false,
        "data_source": "train_positive+fixed_train_negative_epoch0",
        "data_hash": "af801b74e4bf36fa17e52dd1b5591c90e5fd9ea0eab22f40ddfd424de0c13e23",
        "config_hash": "48c89d1ffed9",
        "used_as_model_input": false
      },
      "controls": {
        "simple_cn_proxy_test": {
          "mrr": 0.09776815415768328,
          "hits10": 0.20113851992409867,
          "hits20": 0.27703984819734345,
          "hits50": 0.3567362428842505,
          "hits100": 0.3870967741935484,
          "mean_positive_rank": 168.05313092979128
        }
      },
      "checkpoint": "AUTONOMOUS_MODEL_INNOVATION_V4/mechanism_cora_v4run3/seed4/cora_seed4_E_FixedRandom.pt"
    }
  ]
}
