/home/ubuntu/anaconda3/envs/mei_env/lib/python3.11/site-packages/torch/cuda/__init__.py:63: FutureWarning: The pynvml package is deprecated. Please install nvidia-ml-py instead. If you did not install pynvml directly, please report this to the maintainers of the package that installed pynvml for you.
  import pynvml  # type: ignore[import]
{
  "dataset": "cora",
  "seed": 1,
  "results": [
    {
      "model_id": "A_EarlyEarly",
      "dataset": "cora",
      "seed": 1,
      "config": {
        "dataset": "cora",
        "protocol_train": "uniform",
        "protocol_eval": "heart",
        "seed": 1,
        "hidden_dim": 64,
        "branch_dim": 32,
        "num_layers": 2,
        "dropout": 0.1,
        "backbone": "gcn",
        "lr": 0.001,
        "weight_decay": 0.0001,
        "batch_size": 512,
        "pretrain_epochs": 4,
        "disentangle_epochs": 0,
        "negatives_per_positive_eval": 50,
        "intervention_ratio": 0.25,
        "max_interventions_per_batch": 0,
        "max_interventions_per_epoch": 0,
        "lambda_inv": 0.03,
        "lambda_route": 0.03,
        "lambda_adv": 0.01,
        "lambda_orth": 0.001,
        "lambda_degrob": 0.01,
        "output_dir": "AUTONOMOUS_MODEL_INNOVATION_V4/mechanism_cora_v4run3/seed1",
        "prediction_subdir": "raw",
        "device": "auto",
        "ablation": "A5",
        "cn_feature_mode": "raw",
        "cn_input_schema": "selective_v1",
        "interaction_mode": "unrestricted",
        "interaction_share_cap": 0.2,
        "interaction_delta_cap": null,
        "lambda_interaction_share": 0.0,
        "lambda_interaction_delta": 0.0,
        "lambda_link": 1.0,
        "score_routing_enabled": false,
        "lambda_score_route": 0.0,
        "lambda_target_response": 0.0,
        "routing_margin_cn": 0.0,
        "routing_margin_degree": 0.0,
        "target_floor_cn": 0.0,
        "target_floor_degree": 0.0,
        "interaction_route_weight": 1.0,
        "routing_finetune_encoder": "frozen",
        "encoder_lr_multiplier": 0.1
      },
      "config_hash": "ab05f76295c1",
      "code_hashes": {
        "src/dcdlp/models/dcdlp.py": "c1bbf8a86a798fe088d13e61d38053e8dc23d8adfb4443dea5c56ef3f5febba3",
        "src/dcdlp/models/node_encoder.py": "eada0a085994145aed9dafa78aeb98215c027e329a931ddccdeb8178c2272fa1",
        "src/dcdlp/train.py": "df889ab13b374ae5aed517346f3f2df8a97b5db633854ad2f32c4cdcf0cdb1f4",
        "AUTONOMOUS_MODEL_INNOVATION_V4/scripts/v4_models.py": "a203c41dbe31c727d0183544f7b27c09d0ef50a049743f0ac4d998cb46d81588",
        "AUTONOMOUS_MODEL_INNOVATION_V4/scripts/v4_runner.py": "df08127d16747325b506cacc092bf4f5f4bc82477cb4f4c7bdb1793b5a35fca7"
      },
      "data_hash": "98e4aaaf07d4",
      "init_state_hash": "4c371abca631f38560aba74edb086676c536b36a333f19a4d45c5c532ad4a5a7",
      "init_rng_hashes": {
        "torch_cpu": "687150fc100d2dd43006f7e3949bc06f5a5991e04eadb1604fb914df3dfcbcd8",
        "torch_cuda": "4cbbd8ca5215b8d161aec181a74b694f4e24b001d5b081dc0030ed797a8973e0"
      },
      "final_rng_hashes": {
        "torch_cpu": "f5defda135ec2e0d1513e6979390f58397d31a904d5f6540f8b88ae64d1decc1",
        "torch_cuda": "74b5439eb197b175b4772417195561fc31a26f8596fcf982397d8c86de32e777"
      },
      "training_trace": [
        {
          "epoch": 0,
          "negative_hash": "614d5a92a9da8a79d72f6df9b22a4f80747f9fc32abd9108e5c62abb15ff0adb",
          "order_hash": "6632a3f8bf0a6d138ba99d29c1e8fea8c99ef5143f5d8047ddf0ada969c2fab6",
          "negative_seed": 10000,
          "validation_mrr": 0.12367704625986149
        },
        {
          "epoch": 1,
          "negative_hash": "c4857f26080924f2c1d05415eed00da0614b631519cb699bac1ce1460b431724",
          "order_hash": "eafb1ec5bc9cf0a4dd1b18327dbeeb3c1e3471a7eebc49fbf20ac130b53aafb3",
          "negative_seed": 10001,
          "validation_mrr": 0.11124124701250422
        },
        {
          "epoch": 2,
          "negative_hash": "c7751571819c7b7e22b9e30090810e57dbd37ae2566ebca338a4b0873560b333",
          "order_hash": "dc5645e739deacbef20564827da408c8eeed65d52d6c0a71388af32a595bfba8",
          "negative_seed": 10002,
          "validation_mrr": 0.11594985820568626
        },
        {
          "epoch": 3,
          "negative_hash": "640a9e49bc086a9588107d890c76f6957eecf4e46c79be90ce0f1f0d74068754",
          "order_hash": "6c31d3656d8835983c8d820b9dd590454060a13fe197f6564eaa96865c1f474b",
          "negative_seed": 10003,
          "validation_mrr": 0.11171442090839147
        }
      ],
      "best_state_hash": "53ac1006e45a27d29964f433f227a6a4569c785db14fb058c4d8d3f18373a215",
      "best_epoch": 0,
      "test_used_for_selection": false,
      "selection_metric": "validation_mrr",
      "metrics": {
        "validation_best": {
          "mrr": 0.12352917976218511,
          "hits10": 0.26996197718631176,
          "hits20": 0.34220532319391633,
          "hits50": 0.5285171102661597,
          "hits100": 0.6996197718631179,
          "mean_positive_rank": 83.06653992395437,
          "auc": 0.8152763810377481,
          "ap": 0.007634959729363759,
          "groups": {
            "HH": {
              "mrr": 0.22856269051811284,
              "count": 80
            },
            "HL": {
              "mrr": 0.011457188580235053,
              "count": 60
            },
            "LH": {
              "mrr": 0.2687172994789598,
              "count": 42
            },
            "LL": {
              "mrr": 0.027525940037965952,
              "count": 81
            }
          },
          "macro_mrr": 0.1340657796538184,
          "worst_group_mrr": 0.011457188580235053,
          "group_gap": 0.25726011089872475
        },
        "test_report": {
          "mrr": 0.11190456008228825,
          "hits10": 0.24478178368121442,
          "hits20": 0.3586337760910816,
          "hits50": 0.5464895635673624,
          "hits100": 0.7096774193548387,
          "mean_positive_rank": 79.22390891840607,
          "auc": 0.8223320755124599,
          "ap": 0.00800029636821666,
          "groups": {
            "HH": {
              "mrr": 0.20542396009173067,
              "count": 165
            },
            "HL": {
              "mrr": 0.019583618427155995,
              "count": 130
            },
            "LH": {
              "mrr": 0.20820876757049445,
              "count": 81
            },
            "LL": {
              "mrr": 0.037536219731721956,
              "count": 151
            }
          },
          "macro_mrr": 0.11768814145527576,
          "worst_group_mrr": 0.019583618427155995,
          "group_gap": 0.18862514914333844
        }
      },
      "score_path": {
        "mean_abs": 0.20323973098342119,
        "std": 0.1653632156656225,
        "max_abs": 0.44623464345932007,
        "nonzero_fraction": 1.0,
        "depth_scale": 0.11213885992765427,
        "operator_norm": 5.676382541656494,
        "operator_trainable": true
      },
      "parameter_count": {
        "total": 119751,
        "trainable": 119751
      },
      "runtime_seconds": 187.17559565603733,
      "peak_gpu_memory_mb": 58.36279296875,
      "gpu_name": "Tesla V100-PCIE-16GB",
      "deterministic_algorithms": false,
      "cublas_workspace_config": null,
      "cn_regressor_metadata": {
        "residualizer_type": "NOT_USED",
        "residualizer_parameters": {},
        "fit_seed": 1,
        "fit_sample_count": 8976,
        "symmetric_endpoint_degrees": true,
        "cn_feature_mode": "raw",
        "cn_input_schema": "selective_v1",
        "fit_split": "train",
        "uses_valid_or_test": false,
        "data_source": "train_positive+fixed_train_negative_epoch0",
        "data_hash": "41694e4c8b584443af4ab613e825dafdbe36e502c61b586f9023cdb9682d7c96",
        "config_hash": "c1e9c3689950",
        "used_as_model_input": false
      },
      "controls": {
        "simple_cn_proxy_test": {
          "mrr": 0.09776815415768328,
          "hits10": 0.20113851992409867,
          "hits20": 0.27703984819734345,
          "hits50": 0.3567362428842505,
          "hits100": 0.3870967741935484,
          "mean_positive_rank": 168.05313092979128
        }
      },
      "checkpoint": "AUTONOMOUS_MODEL_INNOVATION_V4/mechanism_cora_v4run3/seed1/cora_seed1_A_EarlyEarly.pt"
    },
    {
      "model_id": "B_LateLate",
      "dataset": "cora",
      "seed": 1,
      "config": {
        "dataset": "cora",
        "protocol_train": "uniform",
        "protocol_eval": "heart",
        "seed": 1,
        "hidden_dim": 64,
        "branch_dim": 32,
        "num_layers": 2,
        "dropout": 0.1,
        "backbone": "gcn",
        "lr": 0.001,
        "weight_decay": 0.0001,
        "batch_size": 512,
        "pretrain_epochs": 4,
        "disentangle_epochs": 0,
        "negatives_per_positive_eval": 50,
        "intervention_ratio": 0.25,
        "max_interventions_per_batch": 0,
        "max_interventions_per_epoch": 0,
        "lambda_inv": 0.03,
        "lambda_route": 0.03,
        "lambda_adv": 0.01,
        "lambda_orth": 0.001,
        "lambda_degrob": 0.01,
        "output_dir": "AUTONOMOUS_MODEL_INNOVATION_V4/mechanism_cora_v4run3/seed1",
        "prediction_subdir": "raw",
        "device": "auto",
        "ablation": "A5",
        "cn_feature_mode": "raw",
        "cn_input_schema": "selective_v1",
        "interaction_mode": "unrestricted",
        "interaction_share_cap": 0.2,
        "interaction_delta_cap": null,
        "lambda_interaction_share": 0.0,
        "lambda_interaction_delta": 0.0,
        "lambda_link": 1.0,
        "score_routing_enabled": false,
        "lambda_score_route": 0.0,
        "lambda_target_response": 0.0,
        "routing_margin_cn": 0.0,
        "routing_margin_degree": 0.0,
        "target_floor_cn": 0.0,
        "target_floor_degree": 0.0,
        "interaction_route_weight": 1.0,
        "routing_finetune_encoder": "frozen",
        "encoder_lr_multiplier": 0.1
      },
      "config_hash": "29f62ff59de9",
      "code_hashes": {
        "src/dcdlp/models/dcdlp.py": "c1bbf8a86a798fe088d13e61d38053e8dc23d8adfb4443dea5c56ef3f5febba3",
        "src/dcdlp/models/node_encoder.py": "eada0a085994145aed9dafa78aeb98215c027e329a931ddccdeb8178c2272fa1",
        "src/dcdlp/train.py": "df889ab13b374ae5aed517346f3f2df8a97b5db633854ad2f32c4cdcf0cdb1f4",
        "AUTONOMOUS_MODEL_INNOVATION_V4/scripts/v4_models.py": "a203c41dbe31c727d0183544f7b27c09d0ef50a049743f0ac4d998cb46d81588",
        "AUTONOMOUS_MODEL_INNOVATION_V4/scripts/v4_runner.py": "df08127d16747325b506cacc092bf4f5f4bc82477cb4f4c7bdb1793b5a35fca7"
      },
      "data_hash": "98e4aaaf07d4",
      "init_state_hash": "4c371abca631f38560aba74edb086676c536b36a333f19a4d45c5c532ad4a5a7",
      "init_rng_hashes": {
        "torch_cpu": "687150fc100d2dd43006f7e3949bc06f5a5991e04eadb1604fb914df3dfcbcd8",
        "torch_cuda": "4cbbd8ca5215b8d161aec181a74b694f4e24b001d5b081dc0030ed797a8973e0"
      },
      "final_rng_hashes": {
        "torch_cpu": "f5defda135ec2e0d1513e6979390f58397d31a904d5f6540f8b88ae64d1decc1",
        "torch_cuda": "74b5439eb197b175b4772417195561fc31a26f8596fcf982397d8c86de32e777"
      },
      "training_trace": [
        {
          "epoch": 0,
          "negative_hash": "614d5a92a9da8a79d72f6df9b22a4f80747f9fc32abd9108e5c62abb15ff0adb",
          "order_hash": "6632a3f8bf0a6d138ba99d29c1e8fea8c99ef5143f5d8047ddf0ada969c2fab6",
          "negative_seed": 10000,
          "validation_mrr": 0.10687747297461862
        },
        {
          "epoch": 1,
          "negative_hash": "c4857f26080924f2c1d05415eed00da0614b631519cb699bac1ce1460b431724",
          "order_hash": "eafb1ec5bc9cf0a4dd1b18327dbeeb3c1e3471a7eebc49fbf20ac130b53aafb3",
          "negative_seed": 10001,
          "validation_mrr": 0.09563152479104717
        },
        {
          "epoch": 2,
          "negative_hash": "c7751571819c7b7e22b9e30090810e57dbd37ae2566ebca338a4b0873560b333",
          "order_hash": "dc5645e739deacbef20564827da408c8eeed65d52d6c0a71388af32a595bfba8",
          "negative_seed": 10002,
          "validation_mrr": 0.10409994173250232
        },
        {
          "epoch": 3,
          "negative_hash": "640a9e49bc086a9588107d890c76f6957eecf4e46c79be90ce0f1f0d74068754",
          "order_hash": "6c31d3656d8835983c8d820b9dd590454060a13fe197f6564eaa96865c1f474b",
          "negative_seed": 10003,
          "validation_mrr": 0.1024574686092017
        }
      ],
      "best_state_hash": "7764638d5d973f7a4c65ac42e16a02dfb6c696095a97cde6ebe086562598b849",
      "best_epoch": 0,
      "test_used_for_selection": false,
      "selection_metric": "validation_mrr",
      "metrics": {
        "validation_best": {
          "mrr": 0.10819371445372637,
          "hits10": 0.2585551330798479,
          "hits20": 0.3612167300380228,
          "hits50": 0.5361216730038023,
          "hits100": 0.7376425855513308,
          "mean_positive_rank": 76.80038022813689,
          "auc": 0.826403706862901,
          "ap": 0.007893378330463432,
          "groups": {
            "HH": {
              "mrr": 0.18699266768515363,
              "count": 80
            },
            "HL": {
              "mrr": 0.01239664638852223,
              "count": 60
            },
            "LH": {
              "mrr": 0.2502282686442411,
              "count": 42
            },
            "LL": {
              "mrr": 0.02768083234750966,
              "count": 81
            }
          },
          "macro_mrr": 0.11932460376635666,
          "worst_group_mrr": 0.01239664638852223,
          "group_gap": 0.23783162225571886
        },
        "test_report": {
          "mrr": 0.11392375090145802,
          "hits10": 0.2333965844402277,
          "hits20": 0.3586337760910816,
          "hits50": 0.5464895635673624,
          "hits100": 0.7191650853889943,
          "mean_positive_rank": 77.74288425047439,
          "auc": 0.8260217190138588,
          "ap": 0.011294233883526322,
          "groups": {
            "HH": {
              "mrr": 0.23215940504080596,
              "count": 165
            },
            "HL": {
              "mrr": 0.020767150546998042,
              "count": 130
            },
            "LH": {
              "mrr": 0.18686240325693876,
              "count": 81
            },
            "LL": {
              "mrr": 0.025800865287507385,
              "count": 151
            }
          },
          "macro_mrr": 0.11639745603306254,
          "worst_group_mrr": 0.020767150546998042,
          "group_gap": 0.2113922544938079
        }
      },
      "score_path": {
        "mean_abs": 0.2033324957382556,
        "std": 0.1890971590191046,
        "max_abs": 0.4735051393508911,
        "nonzero_fraction": 1.0,
        "depth_scale": 0.11179422587156296,
        "operator_norm": 5.674178123474121,
        "operator_trainable": true
      },
      "parameter_count": {
        "total": 119751,
        "trainable": 119751
      },
      "runtime_seconds": 172.23450962407514,
      "peak_gpu_memory_mb": 59.30322265625,
      "gpu_name": "Tesla V100-PCIE-16GB",
      "deterministic_algorithms": false,
      "cublas_workspace_config": null,
      "cn_regressor_metadata": {
        "residualizer_type": "NOT_USED",
        "residualizer_parameters": {},
        "fit_seed": 1,
        "fit_sample_count": 8976,
        "symmetric_endpoint_degrees": true,
        "cn_feature_mode": "raw",
        "cn_input_schema": "selective_v1",
        "fit_split": "train",
        "uses_valid_or_test": false,
        "data_source": "train_positive+fixed_train_negative_epoch0",
        "data_hash": "41694e4c8b584443af4ab613e825dafdbe36e502c61b586f9023cdb9682d7c96",
        "config_hash": "c1e9c3689950",
        "used_as_model_input": false
      },
      "controls": {
        "simple_cn_proxy_test": {
          "mrr": 0.09776815415768328,
          "hits10": 0.20113851992409867,
          "hits20": 0.27703984819734345,
          "hits50": 0.3567362428842505,
          "hits100": 0.3870967741935484,
          "mean_positive_rank": 168.05313092979128
        }
      },
      "checkpoint": "AUTONOMOUS_MODEL_INNOVATION_V4/mechanism_cora_v4run3/seed1/cora_seed1_B_LateLate.pt"
    },
    {
      "model_id": "C_CDPT",
      "dataset": "cora",
      "seed": 1,
      "config": {
        "dataset": "cora",
        "protocol_train": "uniform",
        "protocol_eval": "heart",
        "seed": 1,
        "hidden_dim": 64,
        "branch_dim": 32,
        "num_layers": 2,
        "dropout": 0.1,
        "backbone": "gcn",
        "lr": 0.001,
        "weight_decay": 0.0001,
        "batch_size": 512,
        "pretrain_epochs": 4,
        "disentangle_epochs": 0,
        "negatives_per_positive_eval": 50,
        "intervention_ratio": 0.25,
        "max_interventions_per_batch": 0,
        "max_interventions_per_epoch": 0,
        "lambda_inv": 0.03,
        "lambda_route": 0.03,
        "lambda_adv": 0.01,
        "lambda_orth": 0.001,
        "lambda_degrob": 0.01,
        "output_dir": "AUTONOMOUS_MODEL_INNOVATION_V4/mechanism_cora_v4run3/seed1",
        "prediction_subdir": "raw",
        "device": "auto",
        "ablation": "A5",
        "cn_feature_mode": "raw",
        "cn_input_schema": "selective_v1",
        "interaction_mode": "unrestricted",
        "interaction_share_cap": 0.2,
        "interaction_delta_cap": null,
        "lambda_interaction_share": 0.0,
        "lambda_interaction_delta": 0.0,
        "lambda_link": 1.0,
        "score_routing_enabled": false,
        "lambda_score_route": 0.0,
        "lambda_target_response": 0.0,
        "routing_margin_cn": 0.0,
        "routing_margin_degree": 0.0,
        "target_floor_cn": 0.0,
        "target_floor_degree": 0.0,
        "interaction_route_weight": 1.0,
        "routing_finetune_encoder": "frozen",
        "encoder_lr_multiplier": 0.1
      },
      "config_hash": "722bfffea11d",
      "code_hashes": {
        "src/dcdlp/models/dcdlp.py": "c1bbf8a86a798fe088d13e61d38053e8dc23d8adfb4443dea5c56ef3f5febba3",
        "src/dcdlp/models/node_encoder.py": "eada0a085994145aed9dafa78aeb98215c027e329a931ddccdeb8178c2272fa1",
        "src/dcdlp/train.py": "df889ab13b374ae5aed517346f3f2df8a97b5db633854ad2f32c4cdcf0cdb1f4",
        "AUTONOMOUS_MODEL_INNOVATION_V4/scripts/v4_models.py": "a203c41dbe31c727d0183544f7b27c09d0ef50a049743f0ac4d998cb46d81588",
        "AUTONOMOUS_MODEL_INNOVATION_V4/scripts/v4_runner.py": "df08127d16747325b506cacc092bf4f5f4bc82477cb4f4c7bdb1793b5a35fca7"
      },
      "data_hash": "98e4aaaf07d4",
      "init_state_hash": "4c371abca631f38560aba74edb086676c536b36a333f19a4d45c5c532ad4a5a7",
      "init_rng_hashes": {
        "torch_cpu": "687150fc100d2dd43006f7e3949bc06f5a5991e04eadb1604fb914df3dfcbcd8",
        "torch_cuda": "4cbbd8ca5215b8d161aec181a74b694f4e24b001d5b081dc0030ed797a8973e0"
      },
      "final_rng_hashes": {
        "torch_cpu": "f5defda135ec2e0d1513e6979390f58397d31a904d5f6540f8b88ae64d1decc1",
        "torch_cuda": "74b5439eb197b175b4772417195561fc31a26f8596fcf982397d8c86de32e777"
      },
      "training_trace": [
        {
          "epoch": 0,
          "negative_hash": "614d5a92a9da8a79d72f6df9b22a4f80747f9fc32abd9108e5c62abb15ff0adb",
          "order_hash": "6632a3f8bf0a6d138ba99d29c1e8fea8c99ef5143f5d8047ddf0ada969c2fab6",
          "negative_seed": 10000,
          "validation_mrr": 0.11001527936479624
        },
        {
          "epoch": 1,
          "negative_hash": "c4857f26080924f2c1d05415eed00da0614b631519cb699bac1ce1460b431724",
          "order_hash": "eafb1ec5bc9cf0a4dd1b18327dbeeb3c1e3471a7eebc49fbf20ac130b53aafb3",
          "negative_seed": 10001,
          "validation_mrr": 0.11053731954141209
        },
        {
          "epoch": 2,
          "negative_hash": "c7751571819c7b7e22b9e30090810e57dbd37ae2566ebca338a4b0873560b333",
          "order_hash": "dc5645e739deacbef20564827da408c8eeed65d52d6c0a71388af32a595bfba8",
          "negative_seed": 10002,
          "validation_mrr": 0.10861800710155059
        },
        {
          "epoch": 3,
          "negative_hash": "640a9e49bc086a9588107d890c76f6957eecf4e46c79be90ce0f1f0d74068754",
          "order_hash": "6c31d3656d8835983c8d820b9dd590454060a13fe197f6564eaa96865c1f474b",
          "negative_seed": 10003,
          "validation_mrr": 0.1014821706553132
        }
      ],
      "best_state_hash": "d9cb098c07a889682386b1a6001120369b1618cd397265bf55108a80785f98f9",
      "best_epoch": 1,
      "test_used_for_selection": false,
      "selection_metric": "validation_mrr",
      "metrics": {
        "validation_best": {
          "mrr": 0.10923346439421647,
          "hits10": 0.28517110266159695,
          "hits20": 0.41825095057034223,
          "hits50": 0.5855513307984791,
          "hits100": 0.7718631178707225,
          "mean_positive_rank": 62.758555133079845,
          "auc": 0.8569521317353149,
          "ap": 0.008822970826448076,
          "groups": {
            "HH": {
              "mrr": 0.18079159937004402,
              "count": 80
            },
            "HL": {
              "mrr": 0.011296858305831253,
              "count": 60
            },
            "LH": {
              "mrr": 0.25353627554388647,
              "count": 42
            },
            "LL": {
              "mrr": 0.03628071746768268,
              "count": 81
            }
          },
          "macro_mrr": 0.1204763626718611,
          "worst_group_mrr": 0.011296858305831253,
          "group_gap": 0.24223941723805523
        },
        "test_report": {
          "mrr": 0.10740686079659559,
          "hits10": 0.2523719165085389,
          "hits20": 0.3908918406072106,
          "hits50": 0.573055028462998,
          "hits100": 0.7760910815939279,
          "mean_positive_rank": 65.80550284629982,
          "auc": 0.8558036179153059,
          "ap": 0.008437226305889625,
          "groups": {
            "HH": {
              "mrr": 0.17052047099747894,
              "count": 165
            },
            "HL": {
              "mrr": 0.022302742270014473,
              "count": 130
            },
            "LH": {
              "mrr": 0.22359299443746303,
              "count": 81
            },
            "LL": {
              "mrr": 0.04938509192506925,
              "count": 151
            }
          },
          "macro_mrr": 0.11645032490750643,
          "worst_group_mrr": 0.022302742270014473,
          "group_gap": 0.20129025216744856
        }
      },
      "score_path": {
        "mean_abs": 0.4894410543783481,
        "std": 0.3114002339371749,
        "max_abs": 0.8331100940704346,
        "nonzero_fraction": 1.0,
        "depth_scale": 0.12903380393981934,
        "operator_norm": 5.767812728881836,
        "operator_trainable": true
      },
      "parameter_count": {
        "total": 119751,
        "trainable": 119751
      },
      "runtime_seconds": 171.8444008398801,
      "peak_gpu_memory_mb": 59.30322265625,
      "gpu_name": "Tesla V100-PCIE-16GB",
      "deterministic_algorithms": false,
      "cublas_workspace_config": null,
      "cn_regressor_metadata": {
        "residualizer_type": "NOT_USED",
        "residualizer_parameters": {},
        "fit_seed": 1,
        "fit_sample_count": 8976,
        "symmetric_endpoint_degrees": true,
        "cn_feature_mode": "raw",
        "cn_input_schema": "selective_v1",
        "fit_split": "train",
        "uses_valid_or_test": false,
        "data_source": "train_positive+fixed_train_negative_epoch0",
        "data_hash": "41694e4c8b584443af4ab613e825dafdbe36e502c61b586f9023cdb9682d7c96",
        "config_hash": "c1e9c3689950",
        "used_as_model_input": false
      },
      "controls": {
        "simple_cn_proxy_test": {
          "mrr": 0.09776815415768328,
          "hits10": 0.20113851992409867,
          "hits20": 0.27703984819734345,
          "hits50": 0.3567362428842505,
          "hits100": 0.3870967741935484,
          "mean_positive_rank": 168.05313092979128
        }
      },
      "checkpoint": "AUTONOMOUS_MODEL_INNOVATION_V4/mechanism_cora_v4run3/seed1/cora_seed1_C_CDPT.pt"
    },
    {
      "model_id": "D_ConcatMLP",
      "dataset": "cora",
      "seed": 1,
      "config": {
        "dataset": "cora",
        "protocol_train": "uniform",
        "protocol_eval": "heart",
        "seed": 1,
        "hidden_dim": 64,
        "branch_dim": 32,
        "num_layers": 2,
        "dropout": 0.1,
        "backbone": "gcn",
        "lr": 0.001,
        "weight_decay": 0.0001,
        "batch_size": 512,
        "pretrain_epochs": 4,
        "disentangle_epochs": 0,
        "negatives_per_positive_eval": 50,
        "intervention_ratio": 0.25,
        "max_interventions_per_batch": 0,
        "max_interventions_per_epoch": 0,
        "lambda_inv": 0.03,
        "lambda_route": 0.03,
        "lambda_adv": 0.01,
        "lambda_orth": 0.001,
        "lambda_degrob": 0.01,
        "output_dir": "AUTONOMOUS_MODEL_INNOVATION_V4/mechanism_cora_v4run3/seed1",
        "prediction_subdir": "raw",
        "device": "auto",
        "ablation": "A5",
        "cn_feature_mode": "raw",
        "cn_input_schema": "selective_v1",
        "interaction_mode": "unrestricted",
        "interaction_share_cap": 0.2,
        "interaction_delta_cap": null,
        "lambda_interaction_share": 0.0,
        "lambda_interaction_delta": 0.0,
        "lambda_link": 1.0,
        "score_routing_enabled": false,
        "lambda_score_route": 0.0,
        "lambda_target_response": 0.0,
        "routing_margin_cn": 0.0,
        "routing_margin_degree": 0.0,
        "target_floor_cn": 0.0,
        "target_floor_degree": 0.0,
        "interaction_route_weight": 1.0,
        "routing_finetune_encoder": "frozen",
        "encoder_lr_multiplier": 0.1
      },
      "config_hash": "8d84e7c2ab49",
      "code_hashes": {
        "src/dcdlp/models/dcdlp.py": "c1bbf8a86a798fe088d13e61d38053e8dc23d8adfb4443dea5c56ef3f5febba3",
        "src/dcdlp/models/node_encoder.py": "eada0a085994145aed9dafa78aeb98215c027e329a931ddccdeb8178c2272fa1",
        "src/dcdlp/train.py": "df889ab13b374ae5aed517346f3f2df8a97b5db633854ad2f32c4cdcf0cdb1f4",
        "AUTONOMOUS_MODEL_INNOVATION_V4/scripts/v4_models.py": "a203c41dbe31c727d0183544f7b27c09d0ef50a049743f0ac4d998cb46d81588",
        "AUTONOMOUS_MODEL_INNOVATION_V4/scripts/v4_runner.py": "df08127d16747325b506cacc092bf4f5f4bc82477cb4f4c7bdb1793b5a35fca7"
      },
      "data_hash": "98e4aaaf07d4",
      "init_state_hash": "1162ebfeb6fb8da26786953546d8a6b0efd6ad46d0b344c71c4be71841e20936",
      "init_rng_hashes": {
        "torch_cpu": "7ac93fbcc9033044b2c87c09d7ba3a70be921ebff97229507d2a60cda6d810b7",
        "torch_cuda": "4cbbd8ca5215b8d161aec181a74b694f4e24b001d5b081dc0030ed797a8973e0"
      },
      "final_rng_hashes": {
        "torch_cpu": "f5defda135ec2e0d1513e6979390f58397d31a904d5f6540f8b88ae64d1decc1",
        "torch_cuda": "74b5439eb197b175b4772417195561fc31a26f8596fcf982397d8c86de32e777"
      },
      "training_trace": [
        {
          "epoch": 0,
          "negative_hash": "614d5a92a9da8a79d72f6df9b22a4f80747f9fc32abd9108e5c62abb15ff0adb",
          "order_hash": "6632a3f8bf0a6d138ba99d29c1e8fea8c99ef5143f5d8047ddf0ada969c2fab6",
          "negative_seed": 10000,
          "validation_mrr": 0.11382422627726825
        },
        {
          "epoch": 1,
          "negative_hash": "c4857f26080924f2c1d05415eed00da0614b631519cb699bac1ce1460b431724",
          "order_hash": "eafb1ec5bc9cf0a4dd1b18327dbeeb3c1e3471a7eebc49fbf20ac130b53aafb3",
          "negative_seed": 10001,
          "validation_mrr": 0.08943575624532564
        },
        {
          "epoch": 2,
          "negative_hash": "c7751571819c7b7e22b9e30090810e57dbd37ae2566ebca338a4b0873560b333",
          "order_hash": "dc5645e739deacbef20564827da408c8eeed65d52d6c0a71388af32a595bfba8",
          "negative_seed": 10002,
          "validation_mrr": 0.10029227346994662
        },
        {
          "epoch": 3,
          "negative_hash": "640a9e49bc086a9588107d890c76f6957eecf4e46c79be90ce0f1f0d74068754",
          "order_hash": "6c31d3656d8835983c8d820b9dd590454060a13fe197f6564eaa96865c1f474b",
          "negative_seed": 10003,
          "validation_mrr": 0.10880962597319484
        }
      ],
      "best_state_hash": "30e44cc34af5bdfea72be34fab96b8ef6f0f8a1b2b979b80b335ea88a17b2845",
      "best_epoch": 0,
      "test_used_for_selection": false,
      "selection_metric": "validation_mrr",
      "metrics": {
        "validation_best": {
          "mrr": 0.11179634288056357,
          "hits10": 0.2623574144486692,
          "hits20": 0.33840304182509506,
          "hits50": 0.4828897338403042,
          "hits100": 0.6920152091254753,
          "mean_positive_rank": 83.29277566539923,
          "auc": 0.8126982029521895,
          "ap": 0.007348299463028549,
          "groups": {
            "HH": {
              "mrr": 0.21688379009251624,
              "count": 80
            },
            "HL": {
              "mrr": 0.010254914203541037,
              "count": 60
            },
            "LH": {
              "mrr": 0.22990836157752204,
              "count": 42
            },
            "LL": {
              "mrr": 0.02197887570022879,
              "count": 81
            }
          },
          "macro_mrr": 0.11975648539345203,
          "worst_group_mrr": 0.010254914203541037,
          "group_gap": 0.219653447373981
        },
        "test_report": {
          "mrr": 0.10218658503041492,
          "hits10": 0.22580645161290322,
          "hits20": 0.34724857685009486,
          "hits50": 0.5218216318785579,
          "hits100": 0.7191650853889943,
          "mean_positive_rank": 80.34250474383302,
          "auc": 0.816949209481185,
          "ap": 0.007624641152410997,
          "groups": {
            "HH": {
              "mrr": 0.19044350359019593,
              "count": 165
            },
            "HL": {
              "mrr": 0.017817619036198867,
              "count": 130
            },
            "LH": {
              "mrr": 0.18745688325764748,
              "count": 81
            },
            "LL": {
              "mrr": 0.032641418543516806,
              "count": 151
            }
          },
          "macro_mrr": 0.10708985610688977,
          "worst_group_mrr": 0.017817619036198867,
          "group_gap": 0.17262588455399708
        }
      },
      "score_path": {
        "mean_abs": 0.00941497912877093,
        "std": 0.006742661099745346,
        "max_abs": 0.022184820845723152,
        "nonzero_fraction": 1.0,
        "depth_scale": 0.10828760266304016,
        "operator_norm": 0.0,
        "operator_trainable": false
      },
      "parameter_count": {
        "total": 119718,
        "trainable": 119718
      },
      "runtime_seconds": 172.77960994886234,
      "peak_gpu_memory_mb": 59.3408203125,
      "gpu_name": "Tesla V100-PCIE-16GB",
      "deterministic_algorithms": false,
      "cublas_workspace_config": null,
      "cn_regressor_metadata": {
        "residualizer_type": "NOT_USED",
        "residualizer_parameters": {},
        "fit_seed": 1,
        "fit_sample_count": 8976,
        "symmetric_endpoint_degrees": true,
        "cn_feature_mode": "raw",
        "cn_input_schema": "selective_v1",
        "fit_split": "train",
        "uses_valid_or_test": false,
        "data_source": "train_positive+fixed_train_negative_epoch0",
        "data_hash": "41694e4c8b584443af4ab613e825dafdbe36e502c61b586f9023cdb9682d7c96",
        "config_hash": "c1e9c3689950",
        "used_as_model_input": false
      },
      "controls": {
        "simple_cn_proxy_test": {
          "mrr": 0.09776815415768328,
          "hits10": 0.20113851992409867,
          "hits20": 0.27703984819734345,
          "hits50": 0.3567362428842505,
          "hits100": 0.3870967741935484,
          "mean_positive_rank": 168.05313092979128
        }
      },
      "checkpoint": "AUTONOMOUS_MODEL_INNOVATION_V4/mechanism_cora_v4run3/seed1/cora_seed1_D_ConcatMLP.pt"
    },
    {
      "model_id": "E_FixedRandom",
      "dataset": "cora",
      "seed": 1,
      "config": {
        "dataset": "cora",
        "protocol_train": "uniform",
        "protocol_eval": "heart",
        "seed": 1,
        "hidden_dim": 64,
        "branch_dim": 32,
        "num_layers": 2,
        "dropout": 0.1,
        "backbone": "gcn",
        "lr": 0.001,
        "weight_decay": 0.0001,
        "batch_size": 512,
        "pretrain_epochs": 4,
        "disentangle_epochs": 0,
        "negatives_per_positive_eval": 50,
        "intervention_ratio": 0.25,
        "max_interventions_per_batch": 0,
        "max_interventions_per_epoch": 0,
        "lambda_inv": 0.03,
        "lambda_route": 0.03,
        "lambda_adv": 0.01,
        "lambda_orth": 0.001,
        "lambda_degrob": 0.01,
        "output_dir": "AUTONOMOUS_MODEL_INNOVATION_V4/mechanism_cora_v4run3/seed1",
        "prediction_subdir": "raw",
        "device": "auto",
        "ablation": "A5",
        "cn_feature_mode": "raw",
        "cn_input_schema": "selective_v1",
        "interaction_mode": "unrestricted",
        "interaction_share_cap": 0.2,
        "interaction_delta_cap": null,
        "lambda_interaction_share": 0.0,
        "lambda_interaction_delta": 0.0,
        "lambda_link": 1.0,
        "score_routing_enabled": false,
        "lambda_score_route": 0.0,
        "lambda_target_response": 0.0,
        "routing_margin_cn": 0.0,
        "routing_margin_degree": 0.0,
        "target_floor_cn": 0.0,
        "target_floor_degree": 0.0,
        "interaction_route_weight": 1.0,
        "routing_finetune_encoder": "frozen",
        "encoder_lr_multiplier": 0.1
      },
      "config_hash": "3b5546b2e141",
      "code_hashes": {
        "src/dcdlp/models/dcdlp.py": "c1bbf8a86a798fe088d13e61d38053e8dc23d8adfb4443dea5c56ef3f5febba3",
        "src/dcdlp/models/node_encoder.py": "eada0a085994145aed9dafa78aeb98215c027e329a931ddccdeb8178c2272fa1",
        "src/dcdlp/train.py": "df889ab13b374ae5aed517346f3f2df8a97b5db633854ad2f32c4cdcf0cdb1f4",
        "AUTONOMOUS_MODEL_INNOVATION_V4/scripts/v4_models.py": "a203c41dbe31c727d0183544f7b27c09d0ef50a049743f0ac4d998cb46d81588",
        "AUTONOMOUS_MODEL_INNOVATION_V4/scripts/v4_runner.py": "df08127d16747325b506cacc092bf4f5f4bc82477cb4f4c7bdb1793b5a35fca7"
      },
      "data_hash": "98e4aaaf07d4",
      "init_state_hash": "9e262344cf6eb2dcf0310c35b003df129b29be13402cda297bd91ff9c5785cad",
      "init_rng_hashes": {
        "torch_cpu": "282837b1f4a2f0e35f4caf785cdccda7af0af083830e2d2e186748f8fcb94667",
        "torch_cuda": "4cbbd8ca5215b8d161aec181a74b694f4e24b001d5b081dc0030ed797a8973e0"
      },
      "final_rng_hashes": {
        "torch_cpu": "f5defda135ec2e0d1513e6979390f58397d31a904d5f6540f8b88ae64d1decc1",
        "torch_cuda": "74b5439eb197b175b4772417195561fc31a26f8596fcf982397d8c86de32e777"
      },
      "training_trace": [
        {
          "epoch": 0,
          "negative_hash": "614d5a92a9da8a79d72f6df9b22a4f80747f9fc32abd9108e5c62abb15ff0adb",
          "order_hash": "6632a3f8bf0a6d138ba99d29c1e8fea8c99ef5143f5d8047ddf0ada969c2fab6",
          "negative_seed": 10000,
          "validation_mrr": 0.11525144330263434
        },
        {
          "epoch": 1,
          "negative_hash": "c4857f26080924f2c1d05415eed00da0614b631519cb699bac1ce1460b431724",
          "order_hash": "eafb1ec5bc9cf0a4dd1b18327dbeeb3c1e3471a7eebc49fbf20ac130b53aafb3",
          "negative_seed": 10001,
          "validation_mrr": 0.10947573455437068
        },
        {
          "epoch": 2,
          "negative_hash": "c7751571819c7b7e22b9e30090810e57dbd37ae2566ebca338a4b0873560b333",
          "order_hash": "dc5645e739deacbef20564827da408c8eeed65d52d6c0a71388af32a595bfba8",
          "negative_seed": 10002,
          "validation_mrr": 0.11480240617952503
        },
        {
          "epoch": 3,
          "negative_hash": "640a9e49bc086a9588107d890c76f6957eecf4e46c79be90ce0f1f0d74068754",
          "order_hash": "6c31d3656d8835983c8d820b9dd590454060a13fe197f6564eaa96865c1f474b",
          "negative_seed": 10003,
          "validation_mrr": 0.10996998456921128
        }
      ],
      "best_state_hash": "f0dbfb428315444a22a3b9eaeaa067d5ee412624a312324fd0a213483387b256",
      "best_epoch": 0,
      "test_used_for_selection": false,
      "selection_metric": "validation_mrr",
      "metrics": {
        "validation_best": {
          "mrr": 0.11332143926498305,
          "hits10": 0.2623574144486692,
          "hits20": 0.3650190114068441,
          "hits50": 0.5551330798479087,
          "hits100": 0.7072243346007605,
          "mean_positive_rank": 77.09505703422053,
          "auc": 0.8225545547861036,
          "ap": 0.008040690485548556,
          "groups": {
            "HH": {
              "mrr": 0.2121895778305089,
              "count": 80
            },
            "HL": {
              "mrr": 0.012469570162346628,
              "count": 60
            },
            "LH": {
              "mrr": 0.23929107090072724,
              "count": 42
            },
            "LL": {
              "mrr": 0.025061396452820833,
              "count": 81
            }
          },
          "macro_mrr": 0.12225290383660091,
          "worst_group_mrr": 0.012469570162346628,
          "group_gap": 0.22682150073838062
        },
        "test_report": {
          "mrr": 0.10285843383508088,
          "hits10": 0.22580645161290322,
          "hits20": 0.3681214421252372,
          "hits50": 0.540796963946869,
          "hits100": 0.7115749525616698,
          "mean_positive_rank": 80.94876660341556,
          "auc": 0.8200299176535399,
          "ap": 0.007959112121234211,
          "groups": {
            "HH": {
              "mrr": 0.19386577896342252,
              "count": 165
            },
            "HL": {
              "mrr": 0.019845938463322547,
              "count": 130
            },
            "LH": {
              "mrr": 0.18470047580607565,
              "count": 81
            },
            "LL": {
              "mrr": 0.03097901034171422,
              "count": 151
            }
          },
          "macro_mrr": 0.10734780089363374,
          "worst_group_mrr": 0.019845938463322547,
          "group_gap": 0.17401984050009997
        }
      },
      "score_path": {
        "mean_abs": 0.26441363100319176,
        "std": 0.20067561226821842,
        "max_abs": 0.5914480090141296,
        "nonzero_fraction": 1.0,
        "depth_scale": 0.11525044590234756,
        "operator_norm": 5.574807167053223,
        "operator_trainable": false
      },
      "parameter_count": {
        "total": 119751,
        "trainable": 118727
      },
      "runtime_seconds": 171.66519499896094,
      "peak_gpu_memory_mb": 59.29443359375,
      "gpu_name": "Tesla V100-PCIE-16GB",
      "deterministic_algorithms": false,
      "cublas_workspace_config": null,
      "cn_regressor_metadata": {
        "residualizer_type": "NOT_USED",
        "residualizer_parameters": {},
        "fit_seed": 1,
        "fit_sample_count": 8976,
        "symmetric_endpoint_degrees": true,
        "cn_feature_mode": "raw",
        "cn_input_schema": "selective_v1",
        "fit_split": "train",
        "uses_valid_or_test": false,
        "data_source": "train_positive+fixed_train_negative_epoch0",
        "data_hash": "41694e4c8b584443af4ab613e825dafdbe36e502c61b586f9023cdb9682d7c96",
        "config_hash": "c1e9c3689950",
        "used_as_model_input": false
      },
      "controls": {
        "simple_cn_proxy_test": {
          "mrr": 0.09776815415768328,
          "hits10": 0.20113851992409867,
          "hits20": 0.27703984819734345,
          "hits50": 0.3567362428842505,
          "hits100": 0.3870967741935484,
          "mean_positive_rank": 168.05313092979128
        }
      },
      "checkpoint": "AUTONOMOUS_MODEL_INNOVATION_V4/mechanism_cora_v4run3/seed1/cora_seed1_E_FixedRandom.pt"
    }
  ]
}
