/home/ubuntu/anaconda3/envs/mei_env/lib/python3.11/site-packages/torch/cuda/__init__.py:63: FutureWarning: The pynvml package is deprecated. Please install nvidia-ml-py instead. If you did not install pynvml directly, please report this to the maintainers of the package that installed pynvml for you.
  import pynvml  # type: ignore[import]
/home/ubuntu/anaconda3/envs/mei_env/lib/python3.11/site-packages/torch_geometric/deprecation.py:26: UserWarning: 'train_test_split_edges' is deprecated, use 'transforms.RandomLinkSplit' instead
  warnings.warn(out)
{"variant": "B3", "dataset": "citeseer", "seed": 2, "epoch": 1, "loss": 1.1126412801656305, "valid_hits100": 0.9911894273127754, "test_hits100": 0.978021978021978, "epoch_sec": 1.9345772061496973}
{"variant": "B3", "dataset": "citeseer", "seed": 2, "epoch": 2, "loss": 0.6301662538556781, "valid_hits100": 0.986784140969163, "test_hits100": 0.978021978021978, "epoch_sec": 1.4994639763608575}
{"variant": "B3", "dataset": "citeseer", "seed": 2, "epoch": 3, "loss": 0.27258722715907624, "valid_hits100": 0.9559471365638766, "test_hits100": 0.9538461538461539, "epoch_sec": 1.4377116519026458}
{"variant": "B3", "dataset": "citeseer", "seed": 2, "epoch": 4, "loss": 0.08285163649061854, "valid_hits100": 0.947136563876652, "test_hits100": 0.9274725274725275, "epoch_sec": 1.4394632186740637}
{"variant": "B3", "dataset": "citeseer", "seed": 2, "epoch": 5, "loss": 0.10434221085112841, "valid_hits100": 0.9559471365638766, "test_hits100": 0.9186813186813186, "epoch_sec": 1.448670710902661}
{"variant": "B3", "dataset": "citeseer", "seed": 2, "epoch": 6, "loss": 0.0860942855746863, "valid_hits100": 0.9427312775330396, "test_hits100": 0.9098901098901099, "epoch_sec": 1.514412053860724}
{"variant": "B3", "dataset": "citeseer", "seed": 2, "epoch": 7, "loss": 0.06629692396914312, "valid_hits100": 0.947136563876652, "test_hits100": 0.9120879120879121, "epoch_sec": 1.4646193981170654}
{"variant": "B3", "dataset": "citeseer", "seed": 2, "epoch": 8, "loss": 0.043504366694494735, "valid_hits100": 0.9427312775330396, "test_hits100": 0.8989010989010989, "epoch_sec": 1.4401638633571565}
{"variant": "B3", "dataset": "citeseer", "seed": 2, "epoch": 9, "loss": 0.04331548654832889, "valid_hits100": 0.9515418502202643, "test_hits100": 0.9164835164835164, "epoch_sec": 1.4363230178132653}
{"variant": "B3", "dataset": "citeseer", "seed": 2, "epoch": 10, "loss": 0.046033348451135075, "valid_hits100": 0.947136563876652, "test_hits100": 0.9098901098901099, "epoch_sec": 1.4843169222585857}
{"variant": "B3", "dataset": "citeseer", "seed": 2, "epoch": 11, "loss": 0.04315029065430318, "valid_hits100": 0.933920704845815, "test_hits100": 0.8835164835164835, "epoch_sec": 1.4375830492936075}
{"variant": "B3", "dataset": "citeseer", "seed": 2, "epoch": 12, "loss": 0.04091098322039735, "valid_hits100": 0.9427312775330396, "test_hits100": 0.8989010989010989, "epoch_sec": 1.4542190097272396}
{"variant": "B3", "dataset": "citeseer", "seed": 2, "epoch": 13, "loss": 0.038467279290275054, "valid_hits100": 0.920704845814978, "test_hits100": 0.8901098901098901, "epoch_sec": 1.4508352940902114}
{"variant": "B3", "dataset": "citeseer", "seed": 2, "epoch": 14, "loss": 0.03007298484829661, "valid_hits100": 0.9383259911894273, "test_hits100": 0.9164835164835164, "epoch_sec": 1.4853024608455598}
{"variant": "B3", "dataset": "citeseer", "seed": 2, "epoch": 15, "loss": 0.035969545106940184, "valid_hits100": 0.9295154185022027, "test_hits100": 0.9010989010989011, "epoch_sec": 1.4383726161904633}
{"variant": "B3", "dataset": "citeseer", "seed": 2, "epoch": 16, "loss": 0.02879263873883458, "valid_hits100": 0.933920704845815, "test_hits100": 0.8945054945054945, "epoch_sec": 1.437842972110957}
{"variant": "B3", "dataset": "citeseer", "seed": 2, "epoch": 17, "loss": 0.03296324788214933, "valid_hits100": 0.9251101321585903, "test_hits100": 0.8835164835164835, "epoch_sec": 1.443256570957601}
{"variant": "B3", "dataset": "citeseer", "seed": 2, "epoch": 18, "loss": 0.038581655540284567, "valid_hits100": 0.933920704845815, "test_hits100": 0.8967032967032967, "epoch_sec": 1.507252938579768}
{"variant": "B3", "dataset": "citeseer", "seed": 2, "epoch": 19, "loss": 0.035764236160065466, "valid_hits100": 0.9383259911894273, "test_hits100": 0.9010989010989011, "epoch_sec": 1.4451142153702676}
{"variant": "B3", "dataset": "citeseer", "seed": 2, "epoch": 20, "loss": 0.03590654638771555, "valid_hits100": 0.9515418502202643, "test_hits100": 0.9142857142857143, "epoch_sec": 1.43261614209041}
{"variant": "B3", "dataset": "citeseer", "seed": 2, "epoch": 21, "loss": 0.03248537589798294, "valid_hits100": 0.947136563876652, "test_hits100": 0.9054945054945055, "epoch_sec": 1.4325165976770222}
{"variant": "B3", "dataset": "citeseer", "seed": 2, "epoch": 22, "loss": 0.04021740856963073, "valid_hits100": 0.9383259911894273, "test_hits100": 0.8813186813186813, "epoch_sec": 1.4644123599864542}
{"variant": "B3", "dataset": "citeseer", "seed": 2, "epoch": 23, "loss": 0.031444410914290476, "valid_hits100": 0.9559471365638766, "test_hits100": 0.8769230769230769, "epoch_sec": 1.459600827191025}
{"variant": "B3", "dataset": "citeseer", "seed": 2, "epoch": 24, "loss": 0.03167558446218493, "valid_hits100": 0.947136563876652, "test_hits100": 0.8813186813186813, "epoch_sec": 1.4621000550687313}
{"variant": "B3", "dataset": "citeseer", "seed": 2, "epoch": 25, "loss": 0.0327213389957829, "valid_hits100": 0.9427312775330396, "test_hits100": 0.8813186813186813, "epoch_sec": 1.4886538269929588}
{"variant": "B3", "dataset": "citeseer", "seed": 2, "epoch": 26, "loss": 0.029432854393270896, "valid_hits100": 0.933920704845815, "test_hits100": 0.8791208791208791, "epoch_sec": 1.468789059203118}
{"variant": "B3", "dataset": "citeseer", "seed": 2, "epoch": 27, "loss": 0.025497911361260315, "valid_hits100": 0.920704845814978, "test_hits100": 0.8813186813186813, "epoch_sec": 1.4716254309751093}
{"variant": "B3", "dataset": "citeseer", "seed": 2, "epoch": 28, "loss": 0.024962382419010772, "valid_hits100": 0.933920704845815, "test_hits100": 0.8857142857142857, "epoch_sec": 1.431241360027343}
{"variant": "B3", "dataset": "citeseer", "seed": 2, "epoch": 29, "loss": 0.027383495357070475, "valid_hits100": 0.9383259911894273, "test_hits100": 0.8879120879120879, "epoch_sec": 1.4299680097028613}
{"variant": "B3", "dataset": "citeseer", "seed": 2, "epoch": 30, "loss": 0.02726206951209125, "valid_hits100": 0.933920704845815, "test_hits100": 0.8901098901098901, "epoch_sec": 1.4678002521395683}
{"variant": "B3", "dataset": "citeseer", "seed": 2, "epoch": 31, "loss": 0.02801677709787083, "valid_hits100": 0.9251101321585903, "test_hits100": 0.9032967032967033, "epoch_sec": 1.4663054551929235}
{"variant": "B3", "dataset": "citeseer", "seed": 2, "epoch": 32, "loss": 0.03414708112753947, "valid_hits100": 0.9295154185022027, "test_hits100": 0.9032967032967033, "epoch_sec": 1.42962201917544}
{"variant": "B3", "dataset": "citeseer", "seed": 2, "epoch": 33, "loss": 0.028647210780117248, "valid_hits100": 0.947136563876652, "test_hits100": 0.8835164835164835, "epoch_sec": 1.433078323956579}
{"variant": "B3", "dataset": "citeseer", "seed": 2, "epoch": 34, "loss": 0.02663072658563153, "valid_hits100": 0.9383259911894273, "test_hits100": 0.8857142857142857, "epoch_sec": 1.4676942257210612}
{"variant": "B3", "dataset": "citeseer", "seed": 2, "epoch": 35, "loss": 0.02462274332263673, "valid_hits100": 0.9427312775330396, "test_hits100": 0.8769230769230769, "epoch_sec": 1.4609718029387295}
{"variant": "B3", "dataset": "citeseer", "seed": 2, "epoch": 36, "loss": 0.022366705932473953, "valid_hits100": 0.947136563876652, "test_hits100": 0.8769230769230769, "epoch_sec": 1.452129514887929}
{"variant": "B3", "dataset": "citeseer", "seed": 2, "epoch": 37, "loss": 0.020861845340300594, "valid_hits100": 0.933920704845815, "test_hits100": 0.8901098901098901, "epoch_sec": 1.452488822862506}
{"variant": "B3", "dataset": "citeseer", "seed": 2, "epoch": 38, "loss": 0.027357692504421993, "valid_hits100": 0.9427312775330396, "test_hits100": 0.8945054945054945, "epoch_sec": 1.4565135729499161}
{"variant": "B3", "dataset": "citeseer", "seed": 2, "epoch": 39, "loss": 0.02337770331602842, "valid_hits100": 0.9427312775330396, "test_hits100": 0.8835164835164835, "epoch_sec": 1.4619768396951258}
{"variant": "B3", "dataset": "citeseer", "seed": 2, "epoch": 40, "loss": 0.023867295181874464, "valid_hits100": 0.9427312775330396, "test_hits100": 0.8835164835164835, "epoch_sec": 1.4312662440352142}
{"variant": "B3", "dataset": "citeseer", "seed": 2, "epoch": 41, "loss": 0.029607706403393462, "valid_hits100": 0.9383259911894273, "test_hits100": 0.8857142857142857, "epoch_sec": 1.4313822500407696}
{"variant": "B3", "dataset": "citeseer", "seed": 2, "epoch": 42, "loss": 0.020220599896262473, "valid_hits100": 0.9427312775330396, "test_hits100": 0.8835164835164835, "epoch_sec": 1.4483466311357915}
{"variant": "B3", "dataset": "citeseer", "seed": 2, "epoch": 43, "loss": 0.02952045771733735, "valid_hits100": 0.9383259911894273, "test_hits100": 0.8813186813186813, "epoch_sec": 1.4765577027574182}
{"variant": "B3", "dataset": "citeseer", "seed": 2, "epoch": 44, "loss": 0.024331615168302866, "valid_hits100": 0.920704845814978, "test_hits100": 0.8813186813186813, "epoch_sec": 1.4311962509527802}
{"variant": "B3", "dataset": "citeseer", "seed": 2, "epoch": 45, "loss": 0.02607351641052761, "valid_hits100": 0.9295154185022027, "test_hits100": 0.8791208791208791, "epoch_sec": 1.430862545967102}
{"variant": "B3", "dataset": "citeseer", "seed": 2, "epoch": 46, "loss": 0.025337279703496963, "valid_hits100": 0.9427312775330396, "test_hits100": 0.8747252747252747, "epoch_sec": 1.4395847492851317}
{"variant": "B3", "dataset": "citeseer", "seed": 2, "epoch": 47, "loss": 0.02310457351672865, "valid_hits100": 0.9427312775330396, "test_hits100": 0.8769230769230769, "epoch_sec": 1.487341527827084}
{"variant": "B3", "dataset": "citeseer", "seed": 2, "epoch": 48, "loss": 0.025286960320725305, "valid_hits100": 0.947136563876652, "test_hits100": 0.8615384615384616, "epoch_sec": 1.4502771031111479}
{"variant": "B3", "dataset": "citeseer", "seed": 2, "epoch": 49, "loss": 0.025704543589005483, "valid_hits100": 0.9427312775330396, "test_hits100": 0.8615384615384616, "epoch_sec": 1.4522061911411583}
{"variant": "B3", "dataset": "citeseer", "seed": 2, "epoch": 50, "loss": 0.026182807993519214, "valid_hits100": 0.947136563876652, "test_hits100": 0.8703296703296703, "epoch_sec": 1.431304836180061}
{"variant": "B3", "dataset": "citeseer", "seed": 2, "epoch": 51, "loss": 0.025886192577060804, "valid_hits100": 0.9427312775330396, "test_hits100": 0.8791208791208791, "epoch_sec": 1.48190343612805}
{"variant": "B3", "dataset": "citeseer", "seed": 2, "epoch": 52, "loss": 0.019995541727165535, "valid_hits100": 0.9383259911894273, "test_hits100": 0.8857142857142857, "epoch_sec": 1.4348156922496855}
{"variant": "B3", "dataset": "citeseer", "seed": 2, "epoch": 53, "loss": 0.019206094102650034, "valid_hits100": 0.9383259911894273, "test_hits100": 0.8769230769230769, "epoch_sec": 1.433221354149282}
{"variant": "B3", "dataset": "citeseer", "seed": 2, "epoch": 54, "loss": 0.027840966147007252, "valid_hits100": 0.9427312775330396, "test_hits100": 0.8703296703296703, "epoch_sec": 1.4380479021929204}
{"variant": "B3", "dataset": "citeseer", "seed": 2, "epoch": 55, "loss": 0.023897194475397582, "valid_hits100": 0.960352422907489, "test_hits100": 0.8769230769230769, "epoch_sec": 1.5101150241680443}
{"variant": "B3", "dataset": "citeseer", "seed": 2, "epoch": 56, "loss": 0.022325540280080273, "valid_hits100": 0.9559471365638766, "test_hits100": 0.8571428571428571, "epoch_sec": 1.432036702055484}
{"variant": "B3", "dataset": "citeseer", "seed": 2, "epoch": 57, "loss": 0.02240929965998313, "valid_hits100": 0.9515418502202643, "test_hits100": 0.8571428571428571, "epoch_sec": 1.4323063837364316}
{"variant": "B3", "dataset": "citeseer", "seed": 2, "epoch": 58, "loss": 0.019434973661058633, "valid_hits100": 0.947136563876652, "test_hits100": 0.8747252747252747, "epoch_sec": 1.4310578019358218}
{"variant": "B3", "dataset": "citeseer", "seed": 2, "epoch": 59, "loss": 0.033073913324287385, "valid_hits100": 0.947136563876652, "test_hits100": 0.8725274725274725, "epoch_sec": 1.4944071499630809}
{"variant": "B3", "dataset": "citeseer", "seed": 2, "epoch": 60, "loss": 0.026071647928127637, "valid_hits100": 0.9559471365638766, "test_hits100": 0.8725274725274725, "epoch_sec": 1.4387180218473077}
{"variant": "B3", "dataset": "citeseer", "seed": 2, "epoch": 61, "loss": 0.021097135120276025, "valid_hits100": 0.960352422907489, "test_hits100": 0.8637362637362638, "epoch_sec": 1.498769024387002}
{"variant": "B3", "dataset": "citeseer", "seed": 2, "epoch": 62, "loss": 0.022862136777904298, "valid_hits100": 0.9515418502202643, "test_hits100": 0.8593406593406593, "epoch_sec": 1.4321464756503701}
{"variant": "B3", "dataset": "citeseer", "seed": 2, "epoch": 63, "loss": 0.024343283408988045, "valid_hits100": 0.9295154185022027, "test_hits100": 0.8571428571428571, "epoch_sec": 1.4881882788613439}
{"variant": "B3", "dataset": "citeseer", "seed": 2, "epoch": 64, "loss": 0.026496480871232596, "valid_hits100": 0.933920704845815, "test_hits100": 0.8637362637362638, "epoch_sec": 1.4463856210932136}
{"variant": "B3", "dataset": "citeseer", "seed": 2, "epoch": 65, "loss": 0.016720433960589327, "valid_hits100": 0.9383259911894273, "test_hits100": 0.8791208791208791, "epoch_sec": 1.4356126524508}
{"variant": "B3", "dataset": "citeseer", "seed": 2, "epoch": 66, "loss": 0.027874856487455604, "valid_hits100": 0.9383259911894273, "test_hits100": 0.8813186813186813, "epoch_sec": 1.4330214550718665}
{"variant": "B3", "dataset": "citeseer", "seed": 2, "epoch": 67, "loss": 0.029351469968717535, "valid_hits100": 0.9515418502202643, "test_hits100": 0.8791208791208791, "epoch_sec": 1.5026646498590708}
{"variant": "B3", "dataset": "citeseer", "seed": 2, "epoch": 68, "loss": 0.0313619164620028, "valid_hits100": 0.947136563876652, "test_hits100": 0.8791208791208791, "epoch_sec": 1.4396635629236698}
{"variant": "B3", "dataset": "citeseer", "seed": 2, "epoch": 69, "loss": 0.023635998397141464, "valid_hits100": 0.9383259911894273, "test_hits100": 0.8681318681318682, "epoch_sec": 1.4322348441928625}
{"variant": "B3", "dataset": "citeseer", "seed": 2, "epoch": 70, "loss": 0.022467336872982423, "valid_hits100": 0.9383259911894273, "test_hits100": 0.8637362637362638, "epoch_sec": 1.4313246211968362}
{"variant": "B3", "dataset": "citeseer", "seed": 2, "epoch": 71, "loss": 0.02571712842052297, "valid_hits100": 0.9427312775330396, "test_hits100": 0.8637362637362638, "epoch_sec": 1.479236845858395}
{"variant": "B3", "dataset": "citeseer", "seed": 2, "epoch": 72, "loss": 0.024106812363524154, "valid_hits100": 0.947136563876652, "test_hits100": 0.8549450549450549, "epoch_sec": 1.4336753468960524}
{"variant": "B3", "dataset": "citeseer", "seed": 2, "epoch": 73, "loss": 0.030574993053764026, "valid_hits100": 0.9559471365638766, "test_hits100": 0.8681318681318682, "epoch_sec": 1.4411207009106874}
{"variant": "B3", "dataset": "citeseer", "seed": 2, "epoch": 74, "loss": 0.021361255006580697, "valid_hits100": 0.960352422907489, "test_hits100": 0.8681318681318682, "epoch_sec": 1.4558115070685744}
{"variant": "B3", "dataset": "citeseer", "seed": 2, "epoch": 75, "loss": 0.01967438083113164, "valid_hits100": 0.9559471365638766, "test_hits100": 0.8703296703296703, "epoch_sec": 1.4796030852012336}
{"variant": "B3", "dataset": "citeseer", "seed": 2, "epoch": 76, "loss": 0.02340885401975354, "valid_hits100": 0.960352422907489, "test_hits100": 0.865934065934066, "epoch_sec": 1.4289876618422568}
{"variant": "B3", "dataset": "citeseer", "seed": 2, "epoch": 77, "loss": 0.02194970301917973, "valid_hits100": 0.9647577092511013, "test_hits100": 0.8681318681318682, "epoch_sec": 1.4295991268008947}
{"variant": "B3", "dataset": "citeseer", "seed": 2, "epoch": 78, "loss": 0.015042615065817994, "valid_hits100": 0.9647577092511013, "test_hits100": 0.8747252747252747, "epoch_sec": 1.4319326826371253}
{"variant": "B3", "dataset": "citeseer", "seed": 2, "epoch": 79, "loss": 0.025696641520551317, "valid_hits100": 0.9515418502202643, "test_hits100": 0.8615384615384616, "epoch_sec": 1.4830603268928826}
{"variant": "B3", "dataset": "citeseer", "seed": 2, "epoch": 80, "loss": 0.020986257870838007, "valid_hits100": 0.947136563876652, "test_hits100": 0.8725274725274725, "epoch_sec": 1.4451020248234272}
{"variant": "B3", "dataset": "citeseer", "seed": 2, "epoch": 81, "loss": 0.024309237603608334, "valid_hits100": 0.9383259911894273, "test_hits100": 0.8725274725274725, "epoch_sec": 1.4476938270963728}
{"variant": "B3", "dataset": "citeseer", "seed": 2, "epoch": 82, "loss": 0.018155928361361956, "valid_hits100": 0.9383259911894273, "test_hits100": 0.8813186813186813, "epoch_sec": 1.4324134029448032}
{"variant": "B3", "dataset": "citeseer", "seed": 2, "epoch": 83, "loss": 0.024103894714237184, "valid_hits100": 0.9295154185022027, "test_hits100": 0.8747252747252747, "epoch_sec": 1.4377367766574025}
{"variant": "B3", "dataset": "citeseer", "seed": 2, "epoch": 84, "loss": 0.022929075920535613, "valid_hits100": 0.9383259911894273, "test_hits100": 0.8769230769230769, "epoch_sec": 1.4773365040309727}
{"variant": "B3", "dataset": "citeseer", "seed": 2, "epoch": 85, "loss": 0.02321033145491159, "valid_hits100": 0.9427312775330396, "test_hits100": 0.8747252747252747, "epoch_sec": 1.4391942420043051}
{"variant": "B3", "dataset": "citeseer", "seed": 2, "epoch": 86, "loss": 0.015508395394440308, "valid_hits100": 0.947136563876652, "test_hits100": 0.8725274725274725, "epoch_sec": 1.4629322281107306}
{"variant": "B3", "dataset": "citeseer", "seed": 2, "epoch": 87, "loss": 0.020652952586187566, "valid_hits100": 0.9383259911894273, "test_hits100": 0.8703296703296703, "epoch_sec": 1.4497223738580942}
{"variant": "B3", "dataset": "citeseer", "seed": 2, "epoch": 88, "loss": 0.014754538375220096, "valid_hits100": 0.9383259911894273, "test_hits100": 0.8747252747252747, "epoch_sec": 1.4781969143077731}
{"variant": "B3", "dataset": "citeseer", "seed": 2, "epoch": 89, "loss": 0.01592972221223575, "valid_hits100": 0.9427312775330396, "test_hits100": 0.8637362637362638, "epoch_sec": 1.432045872323215}
{"variant": "B3", "dataset": "citeseer", "seed": 2, "epoch": 90, "loss": 0.021681453663018324, "valid_hits100": 0.9559471365638766, "test_hits100": 0.8813186813186813, "epoch_sec": 1.4332168130204082}
{"variant": "B3", "dataset": "citeseer", "seed": 2, "epoch": 91, "loss": 0.015697344477728817, "valid_hits100": 0.9515418502202643, "test_hits100": 0.8857142857142857, "epoch_sec": 1.436160242650658}
{"variant": "B3", "dataset": "citeseer", "seed": 2, "epoch": 92, "loss": 0.019155716225962113, "valid_hits100": 0.9427312775330396, "test_hits100": 0.8703296703296703, "epoch_sec": 1.4864458329975605}
{"variant": "B3", "dataset": "citeseer", "seed": 2, "epoch": 93, "loss": 0.013578797975983423, "valid_hits100": 0.933920704845815, "test_hits100": 0.865934065934066, "epoch_sec": 1.4306294089183211}
{"variant": "B3", "dataset": "citeseer", "seed": 2, "epoch": 94, "loss": 0.02198773717233377, "valid_hits100": 0.9295154185022027, "test_hits100": 0.8703296703296703, "epoch_sec": 1.4312409861013293}
{"variant": "B3", "dataset": "citeseer", "seed": 2, "epoch": 95, "loss": 0.019627366667897356, "valid_hits100": 0.933920704845815, "test_hits100": 0.8813186813186813, "epoch_sec": 1.4338388619944453}
{"variant": "B3", "dataset": "citeseer", "seed": 2, "epoch": 96, "loss": 0.018535870511941516, "valid_hits100": 0.933920704845815, "test_hits100": 0.8725274725274725, "epoch_sec": 1.4816850209608674}
{"variant": "B3", "dataset": "citeseer", "seed": 2, "epoch": 97, "loss": 0.025890215966629118, "valid_hits100": 0.9383259911894273, "test_hits100": 0.865934065934066, "epoch_sec": 1.4375165826641023}
{"variant": "B3", "dataset": "citeseer", "seed": 2, "epoch": 98, "loss": 0.022811580447417514, "valid_hits100": 0.9295154185022027, "test_hits100": 0.8681318681318682, "epoch_sec": 1.4824642483144999}
{"variant": "B3", "dataset": "citeseer", "seed": 2, "epoch": 99, "loss": 0.020282655873501948, "valid_hits100": 0.9383259911894273, "test_hits100": 0.8703296703296703, "epoch_sec": 1.432298974134028}
{"variant": "B3", "dataset": "citeseer", "seed": 2, "epoch": 100, "loss": 0.021711666668339295, "valid_hits100": 0.947136563876652, "test_hits100": 0.8769230769230769, "epoch_sec": 1.4787134220823646}
{"completed": "/home/ubuntu/HL-GNN-PDG-V0-exp/results/hlgnn_pdg_v0/citeseer/B3/seed2.json", "best_epoch": 1, "best_metrics": {"Hits@10_valid": 0.8105726872246696, "Hits@10_test": 0.5758241758241758, "Hits@50_valid": 0.9691629955947136, "Hits@50_test": 0.9252747252747253, "Hits@100_valid": 0.9911894273127754, "Hits@100_test": 0.978021978021978, "Hits@100_train": 1.0}, "total_runtime_sec": 146.2101437598467}
