/home/ubuntu/anaconda3/envs/mei_env/lib/python3.11/site-packages/torch/cuda/__init__.py:63: FutureWarning: The pynvml package is deprecated. Please install nvidia-ml-py instead. If you did not install pynvml directly, please report this to the maintainers of the package that installed pynvml for you.
  import pynvml  # type: ignore[import]
/home/ubuntu/anaconda3/envs/mei_env/lib/python3.11/site-packages/torch_geometric/deprecation.py:26: UserWarning: 'train_test_split_edges' is deprecated, use 'transforms.RandomLinkSplit' instead
  warnings.warn(out)
{"variant": "B2", "dataset": "citeseer", "seed": 0, "epoch": 1, "loss": 1.11377893412144, "valid_hits100": 0.986784140969163, "test_hits100": 0.9758241758241758, "epoch_sec": 1.70679987128824}
{"variant": "B2", "dataset": "citeseer", "seed": 0, "epoch": 2, "loss": 0.6283208326159829, "valid_hits100": 0.9823788546255506, "test_hits100": 0.9736263736263736, "epoch_sec": 1.4893903699703515}
{"variant": "B2", "dataset": "citeseer", "seed": 0, "epoch": 3, "loss": 0.2690594792366028, "valid_hits100": 0.9691629955947136, "test_hits100": 0.9362637362637363, "epoch_sec": 1.592296577990055}
{"variant": "B2", "dataset": "citeseer", "seed": 0, "epoch": 4, "loss": 0.09430378793668993, "valid_hits100": 0.9427312775330396, "test_hits100": 0.9098901098901099, "epoch_sec": 1.4449714999645948}
{"variant": "B2", "dataset": "citeseer", "seed": 0, "epoch": 5, "loss": 0.0888369114593018, "valid_hits100": 0.9515418502202643, "test_hits100": 0.9032967032967033, "epoch_sec": 1.4853682802058756}
{"variant": "B2", "dataset": "citeseer", "seed": 0, "epoch": 6, "loss": 0.0842006713979774, "valid_hits100": 0.9515418502202643, "test_hits100": 0.9318681318681319, "epoch_sec": 1.4527841922827065}
{"variant": "B2", "dataset": "citeseer", "seed": 0, "epoch": 7, "loss": 0.0504559324808823, "valid_hits100": 0.9427312775330396, "test_hits100": 0.9164835164835164, "epoch_sec": 1.4950444921851158}
{"variant": "B2", "dataset": "citeseer", "seed": 0, "epoch": 8, "loss": 0.05298760080522345, "valid_hits100": 0.9295154185022027, "test_hits100": 0.9164835164835164, "epoch_sec": 1.463542340323329}
{"variant": "B2", "dataset": "citeseer", "seed": 0, "epoch": 9, "loss": 0.053415281285149184, "valid_hits100": 0.9383259911894273, "test_hits100": 0.9142857142857143, "epoch_sec": 1.4438657248392701}
{"variant": "B2", "dataset": "citeseer", "seed": 0, "epoch": 10, "loss": 0.032828817289389994, "valid_hits100": 0.933920704845815, "test_hits100": 0.9098901098901099, "epoch_sec": 1.4383604479953647}
{"variant": "B2", "dataset": "citeseer", "seed": 0, "epoch": 11, "loss": 0.04230083759479437, "valid_hits100": 0.9383259911894273, "test_hits100": 0.9098901098901099, "epoch_sec": 1.511042287107557}
{"variant": "B2", "dataset": "citeseer", "seed": 0, "epoch": 12, "loss": 0.03282317593693733, "valid_hits100": 0.9427312775330396, "test_hits100": 0.9098901098901099, "epoch_sec": 1.4384071482345462}
{"variant": "B2", "dataset": "citeseer", "seed": 0, "epoch": 13, "loss": 0.03946230828145986, "valid_hits100": 0.9383259911894273, "test_hits100": 0.9010989010989011, "epoch_sec": 1.4397214949131012}
{"variant": "B2", "dataset": "citeseer", "seed": 0, "epoch": 14, "loss": 0.035856876027522466, "valid_hits100": 0.9427312775330396, "test_hits100": 0.8989010989010989, "epoch_sec": 1.4490150669589639}
{"variant": "B2", "dataset": "citeseer", "seed": 0, "epoch": 15, "loss": 0.0316315942215288, "valid_hits100": 0.9251101321585903, "test_hits100": 0.8879120879120879, "epoch_sec": 1.4907899959944189}
{"variant": "B2", "dataset": "citeseer", "seed": 0, "epoch": 16, "loss": 0.02433690665631485, "valid_hits100": 0.9251101321585903, "test_hits100": 0.8945054945054945, "epoch_sec": 1.446650829166174}
{"variant": "B2", "dataset": "citeseer", "seed": 0, "epoch": 17, "loss": 0.019899030618889386, "valid_hits100": 0.9162995594713657, "test_hits100": 0.9010989010989011, "epoch_sec": 1.4786667539738119}
{"variant": "B2", "dataset": "citeseer", "seed": 0, "epoch": 18, "loss": 0.03697801711138829, "valid_hits100": 0.9118942731277533, "test_hits100": 0.8923076923076924, "epoch_sec": 1.4653674527071416}
{"variant": "B2", "dataset": "citeseer", "seed": 0, "epoch": 19, "loss": 0.03991446202134747, "valid_hits100": 0.9162995594713657, "test_hits100": 0.8945054945054945, "epoch_sec": 1.4975515911355615}
{"variant": "B2", "dataset": "citeseer", "seed": 0, "epoch": 20, "loss": 0.033494326505973664, "valid_hits100": 0.9251101321585903, "test_hits100": 0.8791208791208791, "epoch_sec": 1.437124635092914}
{"variant": "B2", "dataset": "citeseer", "seed": 0, "epoch": 21, "loss": 0.03858888126543942, "valid_hits100": 0.9251101321585903, "test_hits100": 0.8923076923076924, "epoch_sec": 1.445455334149301}
{"variant": "B2", "dataset": "citeseer", "seed": 0, "epoch": 22, "loss": 0.037169479844413066, "valid_hits100": 0.9162995594713657, "test_hits100": 0.8681318681318682, "epoch_sec": 1.437806602101773}
{"variant": "B2", "dataset": "citeseer", "seed": 0, "epoch": 23, "loss": 0.030647915051118964, "valid_hits100": 0.9030837004405287, "test_hits100": 0.8747252747252747, "epoch_sec": 1.4885552441701293}
{"variant": "B2", "dataset": "citeseer", "seed": 0, "epoch": 24, "loss": 0.025941056159904916, "valid_hits100": 0.920704845814978, "test_hits100": 0.8725274725274725, "epoch_sec": 1.445925930980593}
{"variant": "B2", "dataset": "citeseer", "seed": 0, "epoch": 25, "loss": 0.03198101920982972, "valid_hits100": 0.9074889867841409, "test_hits100": 0.8725274725274725, "epoch_sec": 1.437766986899078}
{"variant": "B2", "dataset": "citeseer", "seed": 0, "epoch": 26, "loss": 0.0335684773630104, "valid_hits100": 0.8986784140969163, "test_hits100": 0.8769230769230769, "epoch_sec": 1.4515233850106597}
{"variant": "B2", "dataset": "citeseer", "seed": 0, "epoch": 27, "loss": 0.03143662645045947, "valid_hits100": 0.9162995594713657, "test_hits100": 0.8769230769230769, "epoch_sec": 1.4710286264307797}
{"variant": "B2", "dataset": "citeseer", "seed": 0, "epoch": 28, "loss": 0.029448689966046226, "valid_hits100": 0.8986784140969163, "test_hits100": 0.8769230769230769, "epoch_sec": 1.4690191303379834}
{"variant": "B2", "dataset": "citeseer", "seed": 0, "epoch": 29, "loss": 0.02532801839020055, "valid_hits100": 0.9074889867841409, "test_hits100": 0.8725274725274725, "epoch_sec": 1.448383120354265}
{"variant": "B2", "dataset": "citeseer", "seed": 0, "epoch": 30, "loss": 0.025658781636862485, "valid_hits100": 0.8986784140969163, "test_hits100": 0.8703296703296703, "epoch_sec": 1.4498200649395585}
{"variant": "B2", "dataset": "citeseer", "seed": 0, "epoch": 31, "loss": 0.024510871741959213, "valid_hits100": 0.9074889867841409, "test_hits100": 0.8879120879120879, "epoch_sec": 1.4679991672746837}
{"variant": "B2", "dataset": "citeseer", "seed": 0, "epoch": 32, "loss": 0.03193637339412704, "valid_hits100": 0.9162995594713657, "test_hits100": 0.8989010989010989, "epoch_sec": 1.4627419030293822}
{"variant": "B2", "dataset": "citeseer", "seed": 0, "epoch": 33, "loss": 0.03080791857006938, "valid_hits100": 0.9118942731277533, "test_hits100": 0.8901098901098901, "epoch_sec": 1.4307821257971227}
{"variant": "B2", "dataset": "citeseer", "seed": 0, "epoch": 34, "loss": 0.02828818964904285, "valid_hits100": 0.9118942731277533, "test_hits100": 0.8835164835164835, "epoch_sec": 1.4472824828699231}
{"variant": "B2", "dataset": "citeseer", "seed": 0, "epoch": 35, "loss": 0.023540186641367214, "valid_hits100": 0.8986784140969163, "test_hits100": 0.8901098901098901, "epoch_sec": 1.47592345578596}
{"variant": "B2", "dataset": "citeseer", "seed": 0, "epoch": 36, "loss": 0.026243143565278952, "valid_hits100": 0.9030837004405287, "test_hits100": 0.8879120879120879, "epoch_sec": 1.4730817871168256}
{"variant": "B2", "dataset": "citeseer", "seed": 0, "epoch": 37, "loss": 0.02713779237997316, "valid_hits100": 0.9118942731277533, "test_hits100": 0.8857142857142857, "epoch_sec": 1.4491969565860927}
{"variant": "B2", "dataset": "citeseer", "seed": 0, "epoch": 38, "loss": 0.023479695662432555, "valid_hits100": 0.9295154185022027, "test_hits100": 0.8989010989010989, "epoch_sec": 1.4402354219928384}
{"variant": "B2", "dataset": "citeseer", "seed": 0, "epoch": 39, "loss": 0.03229891535770677, "valid_hits100": 0.933920704845815, "test_hits100": 0.8923076923076924, "epoch_sec": 1.4478883380070329}
{"variant": "B2", "dataset": "citeseer", "seed": 0, "epoch": 40, "loss": 0.029337687093466135, "valid_hits100": 0.9295154185022027, "test_hits100": 0.8923076923076924, "epoch_sec": 1.4806073447689414}
{"variant": "B2", "dataset": "citeseer", "seed": 0, "epoch": 41, "loss": 0.019531069784509428, "valid_hits100": 0.9162995594713657, "test_hits100": 0.8879120879120879, "epoch_sec": 1.4524190668016672}
{"variant": "B2", "dataset": "citeseer", "seed": 0, "epoch": 42, "loss": 0.023717503338205107, "valid_hits100": 0.9251101321585903, "test_hits100": 0.8813186813186813, "epoch_sec": 1.497372421901673}
{"variant": "B2", "dataset": "citeseer", "seed": 0, "epoch": 43, "loss": 0.02509800040401345, "valid_hits100": 0.9251101321585903, "test_hits100": 0.8747252747252747, "epoch_sec": 1.4561806870624423}
{"variant": "B2", "dataset": "citeseer", "seed": 0, "epoch": 44, "loss": 0.02419260194866848, "valid_hits100": 0.920704845814978, "test_hits100": 0.8835164835164835, "epoch_sec": 1.4718022556044161}
{"variant": "B2", "dataset": "citeseer", "seed": 0, "epoch": 45, "loss": 0.021753392713168486, "valid_hits100": 0.920704845814978, "test_hits100": 0.8835164835164835, "epoch_sec": 1.4363077217712998}
{"variant": "B2", "dataset": "citeseer", "seed": 0, "epoch": 46, "loss": 0.02809395732247398, "valid_hits100": 0.920704845814978, "test_hits100": 0.8835164835164835, "epoch_sec": 1.4398644571192563}
{"variant": "B2", "dataset": "citeseer", "seed": 0, "epoch": 47, "loss": 0.0202711701200606, "valid_hits100": 0.9251101321585903, "test_hits100": 0.8813186813186813, "epoch_sec": 1.4489491940476}
{"variant": "B2", "dataset": "citeseer", "seed": 0, "epoch": 48, "loss": 0.029125185878778923, "valid_hits100": 0.9295154185022027, "test_hits100": 0.8769230769230769, "epoch_sec": 1.4929943890310824}
{"variant": "B2", "dataset": "citeseer", "seed": 0, "epoch": 49, "loss": 0.021256052073120146, "valid_hits100": 0.9295154185022027, "test_hits100": 0.8813186813186813, "epoch_sec": 1.4432645486667752}
{"variant": "B2", "dataset": "citeseer", "seed": 0, "epoch": 50, "loss": 0.017874850049008465, "valid_hits100": 0.9251101321585903, "test_hits100": 0.8813186813186813, "epoch_sec": 1.4541705860756338}
{"variant": "B2", "dataset": "citeseer", "seed": 0, "epoch": 51, "loss": 0.020012175315360536, "valid_hits100": 0.9118942731277533, "test_hits100": 0.8747252747252747, "epoch_sec": 1.454119107220322}
{"variant": "B2", "dataset": "citeseer", "seed": 0, "epoch": 52, "loss": 0.022825761185598002, "valid_hits100": 0.9074889867841409, "test_hits100": 0.8725274725274725, "epoch_sec": 1.4889516639523208}
{"variant": "B2", "dataset": "citeseer", "seed": 0, "epoch": 53, "loss": 0.019187776257286394, "valid_hits100": 0.9074889867841409, "test_hits100": 0.865934065934066, "epoch_sec": 1.4433164596557617}
{"variant": "B2", "dataset": "citeseer", "seed": 0, "epoch": 54, "loss": 0.02683870060326055, "valid_hits100": 0.9162995594713657, "test_hits100": 0.8769230769230769, "epoch_sec": 1.473409101832658}
{"variant": "B2", "dataset": "citeseer", "seed": 0, "epoch": 55, "loss": 0.02022486815965453, "valid_hits100": 0.9118942731277533, "test_hits100": 0.865934065934066, "epoch_sec": 1.4616128732450306}
{"variant": "B2", "dataset": "citeseer", "seed": 0, "epoch": 56, "loss": 0.01899014658629124, "valid_hits100": 0.9251101321585903, "test_hits100": 0.8791208791208791, "epoch_sec": 1.4969010292552412}
{"variant": "B2", "dataset": "citeseer", "seed": 0, "epoch": 57, "loss": 0.02393656465434289, "valid_hits100": 0.920704845814978, "test_hits100": 0.8725274725274725, "epoch_sec": 1.4402201916091144}
{"variant": "B2", "dataset": "citeseer", "seed": 0, "epoch": 58, "loss": 0.02797655712919026, "valid_hits100": 0.9251101321585903, "test_hits100": 0.8725274725274725, "epoch_sec": 1.4339360110461712}
{"variant": "B2", "dataset": "citeseer", "seed": 0, "epoch": 59, "loss": 0.021014066408231894, "valid_hits100": 0.9251101321585903, "test_hits100": 0.8813186813186813, "epoch_sec": 1.4473336013033986}
{"variant": "B2", "dataset": "citeseer", "seed": 0, "epoch": 60, "loss": 0.02177604331757671, "valid_hits100": 0.9251101321585903, "test_hits100": 0.8725274725274725, "epoch_sec": 1.4955670619383454}
{"variant": "B2", "dataset": "citeseer", "seed": 0, "epoch": 61, "loss": 0.020934780711640223, "valid_hits100": 0.9383259911894273, "test_hits100": 0.8791208791208791, "epoch_sec": 1.4398657912388444}
{"variant": "B2", "dataset": "citeseer", "seed": 0, "epoch": 62, "loss": 0.024546854760141644, "valid_hits100": 0.933920704845815, "test_hits100": 0.8725274725274725, "epoch_sec": 1.4352015927433968}
{"variant": "B2", "dataset": "citeseer", "seed": 0, "epoch": 63, "loss": 0.02771252431071698, "valid_hits100": 0.933920704845815, "test_hits100": 0.8901098901098901, "epoch_sec": 1.439507728908211}
{"variant": "B2", "dataset": "citeseer", "seed": 0, "epoch": 64, "loss": 0.028245620648990305, "valid_hits100": 0.9295154185022027, "test_hits100": 0.8967032967032967, "epoch_sec": 1.4938072180375457}
{"variant": "B2", "dataset": "citeseer", "seed": 0, "epoch": 65, "loss": 0.022896737763200926, "valid_hits100": 0.9118942731277533, "test_hits100": 0.8769230769230769, "epoch_sec": 1.4391661626286805}
{"variant": "B2", "dataset": "citeseer", "seed": 0, "epoch": 66, "loss": 0.02487886814973305, "valid_hits100": 0.920704845814978, "test_hits100": 0.8615384615384616, "epoch_sec": 1.4551901570521295}
{"variant": "B2", "dataset": "citeseer", "seed": 0, "epoch": 67, "loss": 0.029271805879373575, "valid_hits100": 0.9295154185022027, "test_hits100": 0.8637362637362638, "epoch_sec": 1.4509058627299964}
{"variant": "B2", "dataset": "citeseer", "seed": 0, "epoch": 68, "loss": 0.02392298120148576, "valid_hits100": 0.9383259911894273, "test_hits100": 0.865934065934066, "epoch_sec": 1.512152265291661}
{"variant": "B2", "dataset": "citeseer", "seed": 0, "epoch": 69, "loss": 0.024462569925154363, "valid_hits100": 0.9383259911894273, "test_hits100": 0.8703296703296703, "epoch_sec": 1.439595420844853}
{"variant": "B2", "dataset": "citeseer", "seed": 0, "epoch": 70, "loss": 0.028053586382312985, "valid_hits100": 0.933920704845815, "test_hits100": 0.8725274725274725, "epoch_sec": 1.4467254430055618}
{"variant": "B2", "dataset": "citeseer", "seed": 0, "epoch": 71, "loss": 0.034034262359796875, "valid_hits100": 0.933920704845815, "test_hits100": 0.8681318681318682, "epoch_sec": 1.4395983046852052}
{"variant": "B2", "dataset": "citeseer", "seed": 0, "epoch": 72, "loss": 0.028758593220793154, "valid_hits100": 0.9251101321585903, "test_hits100": 0.865934065934066, "epoch_sec": 1.5063909809105098}
{"variant": "B2", "dataset": "citeseer", "seed": 0, "epoch": 73, "loss": 0.024648630163735814, "valid_hits100": 0.920704845814978, "test_hits100": 0.8615384615384616, "epoch_sec": 1.4392368881963193}
{"variant": "B2", "dataset": "citeseer", "seed": 0, "epoch": 74, "loss": 0.020889845836031654, "valid_hits100": 0.8986784140969163, "test_hits100": 0.8725274725274725, "epoch_sec": 1.4419606467708945}
{"variant": "B2", "dataset": "citeseer", "seed": 0, "epoch": 75, "loss": 0.022121963707744614, "valid_hits100": 0.9074889867841409, "test_hits100": 0.8725274725274725, "epoch_sec": 1.4383956431411207}
{"variant": "B2", "dataset": "citeseer", "seed": 0, "epoch": 76, "loss": 0.02220810003559411, "valid_hits100": 0.9162995594713657, "test_hits100": 0.8769230769230769, "epoch_sec": 1.4877574630081654}
{"variant": "B2", "dataset": "citeseer", "seed": 0, "epoch": 77, "loss": 0.028777454311186952, "valid_hits100": 0.9074889867841409, "test_hits100": 0.8725274725274725, "epoch_sec": 1.4404234401881695}
{"variant": "B2", "dataset": "citeseer", "seed": 0, "epoch": 78, "loss": 0.015645398990580817, "valid_hits100": 0.9162995594713657, "test_hits100": 0.8703296703296703, "epoch_sec": 1.4863194362260401}
{"variant": "B2", "dataset": "citeseer", "seed": 0, "epoch": 79, "loss": 0.025456876787104347, "valid_hits100": 0.9074889867841409, "test_hits100": 0.8615384615384616, "epoch_sec": 1.4556401260197163}
{"variant": "B2", "dataset": "citeseer", "seed": 0, "epoch": 80, "loss": 0.020199033829987587, "valid_hits100": 0.920704845814978, "test_hits100": 0.8593406593406593, "epoch_sec": 1.4949352908879519}
{"variant": "B2", "dataset": "citeseer", "seed": 0, "epoch": 81, "loss": 0.02293007616001814, "valid_hits100": 0.9162995594713657, "test_hits100": 0.8593406593406593, "epoch_sec": 1.4396918299607933}
{"variant": "B2", "dataset": "citeseer", "seed": 0, "epoch": 82, "loss": 0.021420362583080003, "valid_hits100": 0.9162995594713657, "test_hits100": 0.8747252747252747, "epoch_sec": 1.4391030711121857}
{"variant": "B2", "dataset": "citeseer", "seed": 0, "epoch": 83, "loss": 0.013588087949949949, "valid_hits100": 0.9162995594713657, "test_hits100": 0.8747252747252747, "epoch_sec": 1.440584178082645}
{"variant": "B2", "dataset": "citeseer", "seed": 0, "epoch": 84, "loss": 0.020391572888661415, "valid_hits100": 0.920704845814978, "test_hits100": 0.865934065934066, "epoch_sec": 1.4982834979891777}
{"variant": "B2", "dataset": "citeseer", "seed": 0, "epoch": 85, "loss": 0.014713981746424, "valid_hits100": 0.9251101321585903, "test_hits100": 0.8747252747252747, "epoch_sec": 1.4494992401450872}
{"variant": "B2", "dataset": "citeseer", "seed": 0, "epoch": 86, "loss": 0.02630034464697813, "valid_hits100": 0.9030837004405287, "test_hits100": 0.8549450549450549, "epoch_sec": 1.4386545210145414}
{"variant": "B2", "dataset": "citeseer", "seed": 0, "epoch": 87, "loss": 0.014745593847086033, "valid_hits100": 0.9118942731277533, "test_hits100": 0.8681318681318682, "epoch_sec": 1.4400816531851888}
{"variant": "B2", "dataset": "citeseer", "seed": 0, "epoch": 88, "loss": 0.020033833812994437, "valid_hits100": 0.9074889867841409, "test_hits100": 0.865934065934066, "epoch_sec": 1.488435829989612}
{"variant": "B2", "dataset": "citeseer", "seed": 0, "epoch": 89, "loss": 0.01640244680781697, "valid_hits100": 0.9118942731277533, "test_hits100": 0.8615384615384616, "epoch_sec": 1.4391051502898335}
{"variant": "B2", "dataset": "citeseer", "seed": 0, "epoch": 90, "loss": 0.019088457172462183, "valid_hits100": 0.920704845814978, "test_hits100": 0.8615384615384616, "epoch_sec": 1.4510999317280948}
{"variant": "B2", "dataset": "citeseer", "seed": 0, "epoch": 91, "loss": 0.01842182262894488, "valid_hits100": 0.9162995594713657, "test_hits100": 0.8571428571428571, "epoch_sec": 1.455193230882287}
{"variant": "B2", "dataset": "citeseer", "seed": 0, "epoch": 92, "loss": 0.01742322034941317, "valid_hits100": 0.9251101321585903, "test_hits100": 0.8769230769230769, "epoch_sec": 1.487192583270371}
{"variant": "B2", "dataset": "citeseer", "seed": 0, "epoch": 93, "loss": 0.027110996903991207, "valid_hits100": 0.9251101321585903, "test_hits100": 0.8637362637362638, "epoch_sec": 1.4424484791234136}
{"variant": "B2", "dataset": "citeseer", "seed": 0, "epoch": 94, "loss": 0.03340076709440512, "valid_hits100": 0.9295154185022027, "test_hits100": 0.8703296703296703, "epoch_sec": 1.4397444701753557}
{"variant": "B2", "dataset": "citeseer", "seed": 0, "epoch": 95, "loss": 0.017161309147778255, "valid_hits100": 0.9074889867841409, "test_hits100": 0.8593406593406593, "epoch_sec": 1.4396662330254912}
{"variant": "B2", "dataset": "citeseer", "seed": 0, "epoch": 96, "loss": 0.02028000126532652, "valid_hits100": 0.9030837004405287, "test_hits100": 0.8571428571428571, "epoch_sec": 1.490339927840978}
{"variant": "B2", "dataset": "citeseer", "seed": 0, "epoch": 97, "loss": 0.027246759663449086, "valid_hits100": 0.9162995594713657, "test_hits100": 0.8637362637362638, "epoch_sec": 1.4573169979266822}
{"variant": "B2", "dataset": "citeseer", "seed": 0, "epoch": 98, "loss": 0.0240757562143088, "valid_hits100": 0.9251101321585903, "test_hits100": 0.8813186813186813, "epoch_sec": 1.4537591310217977}
{"variant": "B2", "dataset": "citeseer", "seed": 0, "epoch": 99, "loss": 0.017056460373190252, "valid_hits100": 0.920704845814978, "test_hits100": 0.8725274725274725, "epoch_sec": 1.4546300871297717}
{"variant": "B2", "dataset": "citeseer", "seed": 0, "epoch": 100, "loss": 0.019660872572104058, "valid_hits100": 0.920704845814978, "test_hits100": 0.8791208791208791, "epoch_sec": 1.4685394330881536}
{"completed": "/home/ubuntu/HL-GNN-PDG-V0-exp/results/hlgnn_pdg_v0/citeseer/B2/seed0.json", "best_epoch": 1, "best_metrics": {"Hits@10_valid": 0.8061674008810573, "Hits@10_test": 0.5824175824175825, "Hits@50_valid": 0.9691629955947136, "Hits@50_test": 0.9186813186813186, "Hits@100_valid": 0.986784140969163, "Hits@100_test": 0.9758241758241758, "Hits@100_train": 1.0}, "total_runtime_sec": 146.75792559608817}
