/home/ubuntu/anaconda3/envs/mei_env/lib/python3.11/site-packages/torch/cuda/__init__.py:63: FutureWarning: The pynvml package is deprecated. Please install nvidia-ml-py instead. If you did not install pynvml directly, please report this to the maintainers of the package that installed pynvml for you.
  import pynvml  # type: ignore[import]
/home/ubuntu/anaconda3/envs/mei_env/lib/python3.11/site-packages/torch_geometric/deprecation.py:26: UserWarning: 'train_test_split_edges' is deprecated, use 'transforms.RandomLinkSplit' instead
  warnings.warn(out)
{"variant": "B3", "dataset": "citeseer", "seed": 1, "epoch": 1, "loss": 1.114802689946591, "valid_hits100": 0.9911894273127754, "test_hits100": 0.978021978021978, "epoch_sec": 1.8780505489557981}
{"variant": "B3", "dataset": "citeseer", "seed": 1, "epoch": 2, "loss": 0.6248609879990265, "valid_hits100": 0.9955947136563876, "test_hits100": 0.9692307692307692, "epoch_sec": 1.5132779758423567}
{"variant": "B3", "dataset": "citeseer", "seed": 1, "epoch": 3, "loss": 0.2629637217490864, "valid_hits100": 0.9691629955947136, "test_hits100": 0.9406593406593406, "epoch_sec": 1.448799995239824}
{"variant": "B3", "dataset": "citeseer", "seed": 1, "epoch": 4, "loss": 0.09776973745927638, "valid_hits100": 0.9559471365638766, "test_hits100": 0.9362637362637363, "epoch_sec": 1.4392592501826584}
{"variant": "B3", "dataset": "citeseer", "seed": 1, "epoch": 5, "loss": 0.09558537538892539, "valid_hits100": 0.9559471365638766, "test_hits100": 0.9120879120879121, "epoch_sec": 1.4388105059042573}
{"variant": "B3", "dataset": "citeseer", "seed": 1, "epoch": 6, "loss": 0.07535695378940543, "valid_hits100": 0.9691629955947136, "test_hits100": 0.9142857142857143, "epoch_sec": 1.4856689278967679}
{"variant": "B3", "dataset": "citeseer", "seed": 1, "epoch": 7, "loss": 0.06393250849781418, "valid_hits100": 0.9691629955947136, "test_hits100": 0.9098901098901099, "epoch_sec": 1.4384870510548353}
{"variant": "B3", "dataset": "citeseer", "seed": 1, "epoch": 8, "loss": 0.04730367896938817, "valid_hits100": 0.9515418502202643, "test_hits100": 0.9186813186813186, "epoch_sec": 1.4726510760374367}
{"variant": "B3", "dataset": "citeseer", "seed": 1, "epoch": 9, "loss": 0.04942521563026024, "valid_hits100": 0.960352422907489, "test_hits100": 0.9054945054945055, "epoch_sec": 1.4388072500005364}
{"variant": "B3", "dataset": "citeseer", "seed": 1, "epoch": 10, "loss": 0.05120629414685013, "valid_hits100": 0.9559471365638766, "test_hits100": 0.8989010989010989, "epoch_sec": 1.486790357157588}
{"variant": "B3", "dataset": "citeseer", "seed": 1, "epoch": 11, "loss": 0.04256634445095709, "valid_hits100": 0.960352422907489, "test_hits100": 0.8967032967032967, "epoch_sec": 1.4382039327174425}
{"variant": "B3", "dataset": "citeseer", "seed": 1, "epoch": 12, "loss": 0.04372610652708576, "valid_hits100": 0.9515418502202643, "test_hits100": 0.8967032967032967, "epoch_sec": 1.4372420432046056}
{"variant": "B3", "dataset": "citeseer", "seed": 1, "epoch": 13, "loss": 0.0322647651633397, "valid_hits100": 0.9383259911894273, "test_hits100": 0.8923076923076924, "epoch_sec": 1.4326587356626987}
{"variant": "B3", "dataset": "citeseer", "seed": 1, "epoch": 14, "loss": 0.03329664683715471, "valid_hits100": 0.9427312775330396, "test_hits100": 0.8967032967032967, "epoch_sec": 1.505046745762229}
{"variant": "B3", "dataset": "citeseer", "seed": 1, "epoch": 15, "loss": 0.033580031388412764, "valid_hits100": 0.947136563876652, "test_hits100": 0.8681318681318682, "epoch_sec": 1.4350956710986793}
{"variant": "B3", "dataset": "citeseer", "seed": 1, "epoch": 16, "loss": 0.03245726567464435, "valid_hits100": 0.9427312775330396, "test_hits100": 0.8725274725274725, "epoch_sec": 1.4396636271849275}
{"variant": "B3", "dataset": "citeseer", "seed": 1, "epoch": 17, "loss": 0.040401123939635526, "valid_hits100": 0.947136563876652, "test_hits100": 0.8791208791208791, "epoch_sec": 1.4395841229707003}
{"variant": "B3", "dataset": "citeseer", "seed": 1, "epoch": 18, "loss": 0.030352239039286164, "valid_hits100": 0.947136563876652, "test_hits100": 0.8835164835164835, "epoch_sec": 1.491147933062166}
{"variant": "B3", "dataset": "citeseer", "seed": 1, "epoch": 19, "loss": 0.030930831233275335, "valid_hits100": 0.9427312775330396, "test_hits100": 0.8681318681318682, "epoch_sec": 1.4356584688648582}
{"variant": "B3", "dataset": "citeseer", "seed": 1, "epoch": 20, "loss": 0.03804890265644983, "valid_hits100": 0.9427312775330396, "test_hits100": 0.8923076923076924, "epoch_sec": 1.4994121040217578}
{"variant": "B3", "dataset": "citeseer", "seed": 1, "epoch": 21, "loss": 0.026529353832012614, "valid_hits100": 0.9251101321585903, "test_hits100": 0.8857142857142857, "epoch_sec": 1.4375669746659696}
{"variant": "B3", "dataset": "citeseer", "seed": 1, "epoch": 22, "loss": 0.033736342888623864, "valid_hits100": 0.9427312775330396, "test_hits100": 0.8989010989010989, "epoch_sec": 1.4924355708062649}
{"variant": "B3", "dataset": "citeseer", "seed": 1, "epoch": 23, "loss": 0.032976059636789394, "valid_hits100": 0.9251101321585903, "test_hits100": 0.8923076923076924, "epoch_sec": 1.4363156189210713}
{"variant": "B3", "dataset": "citeseer", "seed": 1, "epoch": 24, "loss": 0.029213477845378318, "valid_hits100": 0.9295154185022027, "test_hits100": 0.8857142857142857, "epoch_sec": 1.4394799787551165}
{"variant": "B3", "dataset": "citeseer", "seed": 1, "epoch": 25, "loss": 0.032790564261473115, "valid_hits100": 0.9295154185022027, "test_hits100": 0.8747252747252747, "epoch_sec": 1.4397251261398196}
{"variant": "B3", "dataset": "citeseer", "seed": 1, "epoch": 26, "loss": 0.026900264306008354, "valid_hits100": 0.9118942731277533, "test_hits100": 0.8681318681318682, "epoch_sec": 1.5110334660857916}
{"variant": "B3", "dataset": "citeseer", "seed": 1, "epoch": 27, "loss": 0.022653971494052762, "valid_hits100": 0.9074889867841409, "test_hits100": 0.8681318681318682, "epoch_sec": 1.4463841267861426}
{"variant": "B3", "dataset": "citeseer", "seed": 1, "epoch": 28, "loss": 0.029110184450482215, "valid_hits100": 0.9118942731277533, "test_hits100": 0.865934065934066, "epoch_sec": 1.4398155841045082}
{"variant": "B3", "dataset": "citeseer", "seed": 1, "epoch": 29, "loss": 0.02920513162702245, "valid_hits100": 0.9251101321585903, "test_hits100": 0.8879120879120879, "epoch_sec": 1.438291813712567}
{"variant": "B3", "dataset": "citeseer", "seed": 1, "epoch": 30, "loss": 0.02838417092959086, "valid_hits100": 0.9295154185022027, "test_hits100": 0.8967032967032967, "epoch_sec": 1.4860753049142659}
{"variant": "B3", "dataset": "citeseer", "seed": 1, "epoch": 31, "loss": 0.03165676774558171, "valid_hits100": 0.947136563876652, "test_hits100": 0.8725274725274725, "epoch_sec": 1.4383442499674857}
{"variant": "B3", "dataset": "citeseer", "seed": 1, "epoch": 32, "loss": 0.025015675226462288, "valid_hits100": 0.933920704845815, "test_hits100": 0.8637362637362638, "epoch_sec": 1.4473149781115353}
{"variant": "B3", "dataset": "citeseer", "seed": 1, "epoch": 33, "loss": 0.02570744775890226, "valid_hits100": 0.9295154185022027, "test_hits100": 0.8681318681318682, "epoch_sec": 1.4779251567088068}
{"variant": "B3", "dataset": "citeseer", "seed": 1, "epoch": 34, "loss": 0.029986010197290153, "valid_hits100": 0.920704845814978, "test_hits100": 0.8681318681318682, "epoch_sec": 1.4888956611976027}
{"variant": "B3", "dataset": "citeseer", "seed": 1, "epoch": 35, "loss": 0.023072494212201092, "valid_hits100": 0.9295154185022027, "test_hits100": 0.8703296703296703, "epoch_sec": 1.4394609960727394}
{"variant": "B3", "dataset": "citeseer", "seed": 1, "epoch": 36, "loss": 0.02365464646686879, "valid_hits100": 0.9162995594713657, "test_hits100": 0.8593406593406593, "epoch_sec": 1.4405749216675758}
{"variant": "B3", "dataset": "citeseer", "seed": 1, "epoch": 37, "loss": 0.02678087702170207, "valid_hits100": 0.933920704845815, "test_hits100": 0.8747252747252747, "epoch_sec": 1.4380307830870152}
{"variant": "B3", "dataset": "citeseer", "seed": 1, "epoch": 38, "loss": 0.02607874214475931, "valid_hits100": 0.9251101321585903, "test_hits100": 0.8681318681318682, "epoch_sec": 1.4912797859869897}
{"variant": "B3", "dataset": "citeseer", "seed": 1, "epoch": 39, "loss": 0.030733161390751832, "valid_hits100": 0.9295154185022027, "test_hits100": 0.865934065934066, "epoch_sec": 1.4474674020893872}
{"variant": "B3", "dataset": "citeseer", "seed": 1, "epoch": 40, "loss": 0.028816713325352017, "valid_hits100": 0.9162995594713657, "test_hits100": 0.8637362637362638, "epoch_sec": 1.4316918016411364}
{"variant": "B3", "dataset": "citeseer", "seed": 1, "epoch": 41, "loss": 0.026463504697771343, "valid_hits100": 0.920704845814978, "test_hits100": 0.8505494505494505, "epoch_sec": 1.4376570777967572}
{"variant": "B3", "dataset": "citeseer", "seed": 1, "epoch": 42, "loss": 0.024674739962977955, "valid_hits100": 0.933920704845815, "test_hits100": 0.8527472527472527, "epoch_sec": 1.4520014729350805}
{"variant": "B3", "dataset": "citeseer", "seed": 1, "epoch": 43, "loss": 0.026689507205818974, "valid_hits100": 0.9295154185022027, "test_hits100": 0.8571428571428571, "epoch_sec": 1.4721318609081209}
{"variant": "B3", "dataset": "citeseer", "seed": 1, "epoch": 44, "loss": 0.015771344843144873, "valid_hits100": 0.9295154185022027, "test_hits100": 0.8593406593406593, "epoch_sec": 1.4417715007439256}
{"variant": "B3", "dataset": "citeseer", "seed": 1, "epoch": 45, "loss": 0.02462214510069645, "valid_hits100": 0.9251101321585903, "test_hits100": 0.8549450549450549, "epoch_sec": 1.4546512770466506}
{"variant": "B3", "dataset": "citeseer", "seed": 1, "epoch": 46, "loss": 0.01995744329590822, "valid_hits100": 0.9383259911894273, "test_hits100": 0.8703296703296703, "epoch_sec": 1.4535807692445815}
{"variant": "B3", "dataset": "citeseer", "seed": 1, "epoch": 47, "loss": 0.024475238526129293, "valid_hits100": 0.933920704845815, "test_hits100": 0.8505494505494505, "epoch_sec": 1.4839601209387183}
{"variant": "B3", "dataset": "citeseer", "seed": 1, "epoch": 48, "loss": 0.023679460124991045, "valid_hits100": 0.9383259911894273, "test_hits100": 0.8703296703296703, "epoch_sec": 1.4407975310459733}
{"variant": "B3", "dataset": "citeseer", "seed": 1, "epoch": 49, "loss": 0.024197355556742167, "valid_hits100": 0.9295154185022027, "test_hits100": 0.8725274725274725, "epoch_sec": 1.4388303118757904}
{"variant": "B3", "dataset": "citeseer", "seed": 1, "epoch": 50, "loss": 0.02538189889925703, "valid_hits100": 0.933920704845815, "test_hits100": 0.8703296703296703, "epoch_sec": 1.4519294030033052}
{"variant": "B3", "dataset": "citeseer", "seed": 1, "epoch": 51, "loss": 0.02271931675727207, "valid_hits100": 0.9295154185022027, "test_hits100": 0.8703296703296703, "epoch_sec": 1.4831102918833494}
{"variant": "B3", "dataset": "citeseer", "seed": 1, "epoch": 52, "loss": 0.03375118069774267, "valid_hits100": 0.9427312775330396, "test_hits100": 0.8813186813186813, "epoch_sec": 1.438040225300938}
{"variant": "B3", "dataset": "citeseer", "seed": 1, "epoch": 53, "loss": 0.024562035892784443, "valid_hits100": 0.9383259911894273, "test_hits100": 0.8637362637362638, "epoch_sec": 1.4411814589984715}
{"variant": "B3", "dataset": "citeseer", "seed": 1, "epoch": 54, "loss": 0.02236561950498311, "valid_hits100": 0.9295154185022027, "test_hits100": 0.8593406593406593, "epoch_sec": 1.442751047667116}
{"variant": "B3", "dataset": "citeseer", "seed": 1, "epoch": 55, "loss": 0.02093964171636782, "valid_hits100": 0.933920704845815, "test_hits100": 0.8703296703296703, "epoch_sec": 1.4804579480551183}
{"variant": "B3", "dataset": "citeseer", "seed": 1, "epoch": 56, "loss": 0.025303101812029685, "valid_hits100": 0.933920704845815, "test_hits100": 0.8615384615384616, "epoch_sec": 1.4385910760611296}
{"variant": "B3", "dataset": "citeseer", "seed": 1, "epoch": 57, "loss": 0.021115998882386418, "valid_hits100": 0.9251101321585903, "test_hits100": 0.8593406593406593, "epoch_sec": 1.484989529941231}
{"variant": "B3", "dataset": "citeseer", "seed": 1, "epoch": 58, "loss": 0.02155034028388348, "valid_hits100": 0.933920704845815, "test_hits100": 0.8505494505494505, "epoch_sec": 1.4410739690065384}
{"variant": "B3", "dataset": "citeseer", "seed": 1, "epoch": 59, "loss": 0.021943495878877565, "valid_hits100": 0.9295154185022027, "test_hits100": 0.8549450549450549, "epoch_sec": 1.4872274589724839}
{"variant": "B3", "dataset": "citeseer", "seed": 1, "epoch": 60, "loss": 0.023743214245972245, "valid_hits100": 0.9427312775330396, "test_hits100": 0.8549450549450549, "epoch_sec": 1.4373409976251423}
{"variant": "B3", "dataset": "citeseer", "seed": 1, "epoch": 61, "loss": 0.02102258898202301, "valid_hits100": 0.9427312775330396, "test_hits100": 0.865934065934066, "epoch_sec": 1.4373584678396583}
{"variant": "B3", "dataset": "citeseer", "seed": 1, "epoch": 62, "loss": 0.020101745368898378, "valid_hits100": 0.9427312775330396, "test_hits100": 0.8615384615384616, "epoch_sec": 1.4381201043725014}
{"variant": "B3", "dataset": "citeseer", "seed": 1, "epoch": 63, "loss": 0.025891129439576343, "valid_hits100": 0.9383259911894273, "test_hits100": 0.8813186813186813, "epoch_sec": 1.505692491773516}
{"variant": "B3", "dataset": "citeseer", "seed": 1, "epoch": 64, "loss": 0.025508277568706245, "valid_hits100": 0.9383259911894273, "test_hits100": 0.8769230769230769, "epoch_sec": 1.4536034110933542}
{"variant": "B3", "dataset": "citeseer", "seed": 1, "epoch": 65, "loss": 0.02119360292710614, "valid_hits100": 0.9251101321585903, "test_hits100": 0.865934065934066, "epoch_sec": 1.4400038998574018}
{"variant": "B3", "dataset": "citeseer", "seed": 1, "epoch": 66, "loss": 0.019102977660005713, "valid_hits100": 0.9162995594713657, "test_hits100": 0.865934065934066, "epoch_sec": 1.4392383550293744}
{"variant": "B3", "dataset": "citeseer", "seed": 1, "epoch": 67, "loss": 0.02838192419257275, "valid_hits100": 0.9295154185022027, "test_hits100": 0.8725274725274725, "epoch_sec": 1.4942508479580283}
{"variant": "B3", "dataset": "citeseer", "seed": 1, "epoch": 68, "loss": 0.02581251393666717, "valid_hits100": 0.9383259911894273, "test_hits100": 0.8703296703296703, "epoch_sec": 1.442652191966772}
{"variant": "B3", "dataset": "citeseer", "seed": 1, "epoch": 69, "loss": 0.025259563244051403, "valid_hits100": 0.9383259911894273, "test_hits100": 0.8725274725274725, "epoch_sec": 1.4627850069664419}
{"variant": "B3", "dataset": "citeseer", "seed": 1, "epoch": 70, "loss": 0.016534681380208995, "valid_hits100": 0.9427312775330396, "test_hits100": 0.8725274725274725, "epoch_sec": 1.4407605789601803}
{"variant": "B3", "dataset": "citeseer", "seed": 1, "epoch": 71, "loss": 0.02425858634945188, "valid_hits100": 0.933920704845815, "test_hits100": 0.8725274725274725, "epoch_sec": 1.5021561407484114}
{"variant": "B3", "dataset": "citeseer", "seed": 1, "epoch": 72, "loss": 0.024676643617123906, "valid_hits100": 0.9383259911894273, "test_hits100": 0.8681318681318682, "epoch_sec": 1.4376828507520258}
{"variant": "B3", "dataset": "citeseer", "seed": 1, "epoch": 73, "loss": 0.020150076594559876, "valid_hits100": 0.9295154185022027, "test_hits100": 0.8703296703296703, "epoch_sec": 1.4399596531875432}
{"variant": "B3", "dataset": "citeseer", "seed": 1, "epoch": 74, "loss": 0.021461760348974887, "valid_hits100": 0.933920704845815, "test_hits100": 0.865934065934066, "epoch_sec": 1.4339864659123123}
{"variant": "B3", "dataset": "citeseer", "seed": 1, "epoch": 75, "loss": 0.02991020813083772, "valid_hits100": 0.9383259911894273, "test_hits100": 0.8615384615384616, "epoch_sec": 1.5041289352811873}
{"variant": "B3", "dataset": "citeseer", "seed": 1, "epoch": 76, "loss": 0.021509292765546986, "valid_hits100": 0.933920704845815, "test_hits100": 0.8571428571428571, "epoch_sec": 1.4418310280889273}
{"variant": "B3", "dataset": "citeseer", "seed": 1, "epoch": 77, "loss": 0.021180017325950148, "valid_hits100": 0.9295154185022027, "test_hits100": 0.8593406593406593, "epoch_sec": 1.432719617150724}
{"variant": "B3", "dataset": "citeseer", "seed": 1, "epoch": 78, "loss": 0.011283936227361362, "valid_hits100": 0.9251101321585903, "test_hits100": 0.8703296703296703, "epoch_sec": 1.4408470587804914}
{"variant": "B3", "dataset": "citeseer", "seed": 1, "epoch": 79, "loss": 0.023707354604928378, "valid_hits100": 0.920704845814978, "test_hits100": 0.8703296703296703, "epoch_sec": 1.4937109448947012}
{"variant": "B3", "dataset": "citeseer", "seed": 1, "epoch": 80, "loss": 0.018445299590819874, "valid_hits100": 0.9295154185022027, "test_hits100": 0.8637362637362638, "epoch_sec": 1.4409548919647932}
{"variant": "B3", "dataset": "citeseer", "seed": 1, "epoch": 81, "loss": 0.02584584540559956, "valid_hits100": 0.9295154185022027, "test_hits100": 0.8549450549450549, "epoch_sec": 1.4567023669369519}
{"variant": "B3", "dataset": "citeseer", "seed": 1, "epoch": 82, "loss": 0.020290104869647236, "valid_hits100": 0.933920704845815, "test_hits100": 0.8615384615384616, "epoch_sec": 1.4398710411041975}
{"variant": "B3", "dataset": "citeseer", "seed": 1, "epoch": 83, "loss": 0.01794301196355228, "valid_hits100": 0.9295154185022027, "test_hits100": 0.8395604395604396, "epoch_sec": 1.4898046320304275}
{"variant": "B3", "dataset": "citeseer", "seed": 1, "epoch": 84, "loss": 0.019350131167199955, "valid_hits100": 0.933920704845815, "test_hits100": 0.8549450549450549, "epoch_sec": 1.4545213771052659}
{"variant": "B3", "dataset": "citeseer", "seed": 1, "epoch": 85, "loss": 0.02101076408373601, "valid_hits100": 0.9295154185022027, "test_hits100": 0.8461538461538461, "epoch_sec": 1.4401274546980858}
{"variant": "B3", "dataset": "citeseer", "seed": 1, "epoch": 86, "loss": 0.02369137060532505, "valid_hits100": 0.920704845814978, "test_hits100": 0.8351648351648352, "epoch_sec": 1.4403071589767933}
{"variant": "B3", "dataset": "citeseer", "seed": 1, "epoch": 87, "loss": 0.027091817586689958, "valid_hits100": 0.9162995594713657, "test_hits100": 0.832967032967033, "epoch_sec": 1.4863522737286985}
{"variant": "B3", "dataset": "citeseer", "seed": 1, "epoch": 88, "loss": 0.026156412120860367, "valid_hits100": 0.9251101321585903, "test_hits100": 0.8505494505494505, "epoch_sec": 1.4419760135933757}
{"variant": "B3", "dataset": "citeseer", "seed": 1, "epoch": 89, "loss": 0.01972808068863643, "valid_hits100": 0.920704845814978, "test_hits100": 0.8637362637362638, "epoch_sec": 1.439469886943698}
{"variant": "B3", "dataset": "citeseer", "seed": 1, "epoch": 90, "loss": 0.020073411480862963, "valid_hits100": 0.9162995594713657, "test_hits100": 0.8571428571428571, "epoch_sec": 1.4345837379805744}
{"variant": "B3", "dataset": "citeseer", "seed": 1, "epoch": 91, "loss": 0.02561593480331183, "valid_hits100": 0.9162995594713657, "test_hits100": 0.8615384615384616, "epoch_sec": 1.4790657660923898}
{"variant": "B3", "dataset": "citeseer", "seed": 1, "epoch": 92, "loss": 0.023616316001044073, "valid_hits100": 0.920704845814978, "test_hits100": 0.865934065934066, "epoch_sec": 1.441302795894444}
{"variant": "B3", "dataset": "citeseer", "seed": 1, "epoch": 93, "loss": 0.022589950433641055, "valid_hits100": 0.9295154185022027, "test_hits100": 0.8703296703296703, "epoch_sec": 1.4616104857996106}
{"variant": "B3", "dataset": "citeseer", "seed": 1, "epoch": 94, "loss": 0.024430768709697157, "valid_hits100": 0.9162995594713657, "test_hits100": 0.8571428571428571, "epoch_sec": 1.4630790101364255}
{"variant": "B3", "dataset": "citeseer", "seed": 1, "epoch": 95, "loss": 0.02092911232676771, "valid_hits100": 0.9251101321585903, "test_hits100": 0.8505494505494505, "epoch_sec": 1.483574421145022}
{"variant": "B3", "dataset": "citeseer", "seed": 1, "epoch": 96, "loss": 0.02325398046571463, "valid_hits100": 0.920704845814978, "test_hits100": 0.8681318681318682, "epoch_sec": 1.4476949968375266}
{"variant": "B3", "dataset": "citeseer", "seed": 1, "epoch": 97, "loss": 0.0236258256078267, "valid_hits100": 0.920704845814978, "test_hits100": 0.8791208791208791, "epoch_sec": 1.4388062339276075}
{"variant": "B3", "dataset": "citeseer", "seed": 1, "epoch": 98, "loss": 0.02365935123609788, "valid_hits100": 0.920704845814978, "test_hits100": 0.8549450549450549, "epoch_sec": 1.438630472868681}
{"variant": "B3", "dataset": "citeseer", "seed": 1, "epoch": 99, "loss": 0.02500250082082796, "valid_hits100": 0.920704845814978, "test_hits100": 0.8615384615384616, "epoch_sec": 1.472686067223549}
{"variant": "B3", "dataset": "citeseer", "seed": 1, "epoch": 100, "loss": 0.025144729780596356, "valid_hits100": 0.9162995594713657, "test_hits100": 0.8571428571428571, "epoch_sec": 1.4694578000344336}
{"completed": "/home/ubuntu/HL-GNN-PDG-V0-exp/results/hlgnn_pdg_v0/citeseer/B3/seed1.json", "best_epoch": 2, "best_metrics": {"Hits@10_valid": 0.8590308370044053, "Hits@10_test": 0.7670329670329671, "Hits@50_valid": 0.9559471365638766, "Hits@50_test": 0.9362637362637363, "Hits@100_valid": 0.9955947136563876, "Hits@100_test": 0.9692307692307692, "Hits@100_train": 1.0}, "total_runtime_sec": 146.62749405112118}
