/home/ubuntu/anaconda3/envs/mei_env/lib/python3.11/site-packages/torch/cuda/__init__.py:63: FutureWarning: The pynvml package is deprecated. Please install nvidia-ml-py instead. If you did not install pynvml directly, please report this to the maintainers of the package that installed pynvml for you.
  import pynvml  # type: ignore[import]
/home/ubuntu/anaconda3/envs/mei_env/lib/python3.11/site-packages/torch_geometric/deprecation.py:26: UserWarning: 'train_test_split_edges' is deprecated, use 'transforms.RandomLinkSplit' instead
  warnings.warn(out)
{"variant": "B3", "dataset": "citeseer", "seed": 0, "epoch": 1, "loss": 1.11505629532713, "valid_hits100": 0.986784140969163, "test_hits100": 0.9736263736263736, "epoch_sec": 1.9036084511317313}
{"variant": "B3", "dataset": "citeseer", "seed": 0, "epoch": 2, "loss": 0.6241962124364937, "valid_hits100": 0.9823788546255506, "test_hits100": 0.9846153846153847, "epoch_sec": 1.494948502164334}
{"variant": "B3", "dataset": "citeseer", "seed": 0, "epoch": 3, "loss": 0.276844158437517, "valid_hits100": 0.9559471365638766, "test_hits100": 0.9406593406593406, "epoch_sec": 1.4582117148675025}
{"variant": "B3", "dataset": "citeseer", "seed": 0, "epoch": 4, "loss": 0.0896125743401451, "valid_hits100": 0.9427312775330396, "test_hits100": 0.9142857142857143, "epoch_sec": 1.4615444201044738}
{"variant": "B3", "dataset": "citeseer", "seed": 0, "epoch": 5, "loss": 0.09480353531064298, "valid_hits100": 0.960352422907489, "test_hits100": 0.8945054945054945, "epoch_sec": 1.4578563729301095}
{"variant": "B3", "dataset": "citeseer", "seed": 0, "epoch": 6, "loss": 0.08944842009023024, "valid_hits100": 0.9515418502202643, "test_hits100": 0.9120879120879121, "epoch_sec": 1.4952759188599885}
{"variant": "B3", "dataset": "citeseer", "seed": 0, "epoch": 7, "loss": 0.04817145686856536, "valid_hits100": 0.960352422907489, "test_hits100": 0.9252747252747253, "epoch_sec": 1.4786967090331018}
{"variant": "B3", "dataset": "citeseer", "seed": 0, "epoch": 8, "loss": 0.05661318323235641, "valid_hits100": 0.947136563876652, "test_hits100": 0.9098901098901099, "epoch_sec": 1.4502934119664133}
{"variant": "B3", "dataset": "citeseer", "seed": 0, "epoch": 9, "loss": 0.05034774308518846, "valid_hits100": 0.9295154185022027, "test_hits100": 0.9076923076923077, "epoch_sec": 1.45159464282915}
{"variant": "B3", "dataset": "citeseer", "seed": 0, "epoch": 10, "loss": 0.03461375038214124, "valid_hits100": 0.9251101321585903, "test_hits100": 0.9010989010989011, "epoch_sec": 1.493514637928456}
{"variant": "B3", "dataset": "citeseer", "seed": 0, "epoch": 11, "loss": 0.04151952738755741, "valid_hits100": 0.9074889867841409, "test_hits100": 0.8967032967032967, "epoch_sec": 1.4694397342391312}
{"variant": "B3", "dataset": "citeseer", "seed": 0, "epoch": 12, "loss": 0.030165835333270927, "valid_hits100": 0.9162995594713657, "test_hits100": 0.8813186813186813, "epoch_sec": 1.45129371015355}
{"variant": "B3", "dataset": "citeseer", "seed": 0, "epoch": 13, "loss": 0.03537830235364363, "valid_hits100": 0.9295154185022027, "test_hits100": 0.8813186813186813, "epoch_sec": 1.4507694458588958}
{"variant": "B3", "dataset": "citeseer", "seed": 0, "epoch": 14, "loss": 0.042194115043225525, "valid_hits100": 0.947136563876652, "test_hits100": 0.8857142857142857, "epoch_sec": 1.4822811810299754}
{"variant": "B3", "dataset": "citeseer", "seed": 0, "epoch": 15, "loss": 0.03173795194300108, "valid_hits100": 0.933920704845815, "test_hits100": 0.8747252747252747, "epoch_sec": 1.4752279501408339}
{"variant": "B3", "dataset": "citeseer", "seed": 0, "epoch": 16, "loss": 0.02566335973611405, "valid_hits100": 0.9295154185022027, "test_hits100": 0.8615384615384616, "epoch_sec": 1.4647442661225796}
{"variant": "B3", "dataset": "citeseer", "seed": 0, "epoch": 17, "loss": 0.0236998344047202, "valid_hits100": 0.9295154185022027, "test_hits100": 0.8769230769230769, "epoch_sec": 1.4899357967078686}
{"variant": "B3", "dataset": "citeseer", "seed": 0, "epoch": 18, "loss": 0.03497742956614926, "valid_hits100": 0.9118942731277533, "test_hits100": 0.8527472527472527, "epoch_sec": 1.5002950867637992}
{"variant": "B3", "dataset": "citeseer", "seed": 0, "epoch": 19, "loss": 0.040247055228789956, "valid_hits100": 0.920704845814978, "test_hits100": 0.8725274725274725, "epoch_sec": 1.4746596980839968}
{"variant": "B3", "dataset": "citeseer", "seed": 0, "epoch": 20, "loss": 0.02933264012022536, "valid_hits100": 0.9295154185022027, "test_hits100": 0.8791208791208791, "epoch_sec": 1.4521387899294496}
{"variant": "B3", "dataset": "citeseer", "seed": 0, "epoch": 21, "loss": 0.04307163717364772, "valid_hits100": 0.9251101321585903, "test_hits100": 0.8637362637362638, "epoch_sec": 1.4471182920970023}
{"variant": "B3", "dataset": "citeseer", "seed": 0, "epoch": 22, "loss": 0.039436012789491534, "valid_hits100": 0.920704845814978, "test_hits100": 0.8593406593406593, "epoch_sec": 1.480161384679377}
{"variant": "B3", "dataset": "citeseer", "seed": 0, "epoch": 23, "loss": 0.032484530497737016, "valid_hits100": 0.9162995594713657, "test_hits100": 0.8637362637362638, "epoch_sec": 1.4861163976602256}
{"variant": "B3", "dataset": "citeseer", "seed": 0, "epoch": 24, "loss": 0.028122568706132337, "valid_hits100": 0.920704845814978, "test_hits100": 0.8681318681318682, "epoch_sec": 1.4518222990445793}
{"variant": "B3", "dataset": "citeseer", "seed": 0, "epoch": 25, "loss": 0.030064576517222618, "valid_hits100": 0.920704845814978, "test_hits100": 0.8813186813186813, "epoch_sec": 1.4528428949415684}
{"variant": "B3", "dataset": "citeseer", "seed": 0, "epoch": 26, "loss": 0.03263745761117886, "valid_hits100": 0.9030837004405287, "test_hits100": 0.8681318681318682, "epoch_sec": 1.491912892088294}
{"variant": "B3", "dataset": "citeseer", "seed": 0, "epoch": 27, "loss": 0.031401997836889066, "valid_hits100": 0.9030837004405287, "test_hits100": 0.8791208791208791, "epoch_sec": 1.4641036470420659}
{"variant": "B3", "dataset": "citeseer", "seed": 0, "epoch": 28, "loss": 0.0276141640376444, "valid_hits100": 0.9074889867841409, "test_hits100": 0.8637362637362638, "epoch_sec": 1.4557134471833706}
{"variant": "B3", "dataset": "citeseer", "seed": 0, "epoch": 29, "loss": 0.032409128882664735, "valid_hits100": 0.8986784140969163, "test_hits100": 0.8593406593406593, "epoch_sec": 1.4790095668286085}
{"variant": "B3", "dataset": "citeseer", "seed": 0, "epoch": 30, "loss": 0.02650899115940243, "valid_hits100": 0.920704845814978, "test_hits100": 0.8725274725274725, "epoch_sec": 1.503832486923784}
{"variant": "B3", "dataset": "citeseer", "seed": 0, "epoch": 31, "loss": 0.026769385704390455, "valid_hits100": 0.9030837004405287, "test_hits100": 0.8637362637362638, "epoch_sec": 1.4576493431814015}
{"variant": "B3", "dataset": "citeseer", "seed": 0, "epoch": 32, "loss": 0.03146471875486294, "valid_hits100": 0.9118942731277533, "test_hits100": 0.8703296703296703, "epoch_sec": 1.4507903377525508}
{"variant": "B3", "dataset": "citeseer", "seed": 0, "epoch": 33, "loss": 0.028447800312547414, "valid_hits100": 0.9030837004405287, "test_hits100": 0.8527472527472527, "epoch_sec": 1.451300472021103}
{"variant": "B3", "dataset": "citeseer", "seed": 0, "epoch": 34, "loss": 0.031170608894538508, "valid_hits100": 0.9118942731277533, "test_hits100": 0.8703296703296703, "epoch_sec": 1.4919571257196367}
{"variant": "B3", "dataset": "citeseer", "seed": 0, "epoch": 35, "loss": 0.021614197434650526, "valid_hits100": 0.9074889867841409, "test_hits100": 0.8593406593406593, "epoch_sec": 1.4699314944446087}
{"variant": "B3", "dataset": "citeseer", "seed": 0, "epoch": 36, "loss": 0.025147005461291134, "valid_hits100": 0.9030837004405287, "test_hits100": 0.8505494505494505, "epoch_sec": 1.4505914193578064}
{"variant": "B3", "dataset": "citeseer", "seed": 0, "epoch": 37, "loss": 0.02981350553590198, "valid_hits100": 0.9118942731277533, "test_hits100": 0.8637362637362638, "epoch_sec": 1.446965523995459}
{"variant": "B3", "dataset": "citeseer", "seed": 0, "epoch": 38, "loss": 0.019540315663360196, "valid_hits100": 0.9162995594713657, "test_hits100": 0.8483516483516483, "epoch_sec": 1.4569815839640796}
{"variant": "B3", "dataset": "citeseer", "seed": 0, "epoch": 39, "loss": 0.027629837821158326, "valid_hits100": 0.920704845814978, "test_hits100": 0.8527472527472527, "epoch_sec": 1.4934486141428351}
{"variant": "B3", "dataset": "citeseer", "seed": 0, "epoch": 40, "loss": 0.02443009171182487, "valid_hits100": 0.920704845814978, "test_hits100": 0.8527472527472527, "epoch_sec": 1.4489782880991697}
{"variant": "B3", "dataset": "citeseer", "seed": 0, "epoch": 41, "loss": 0.019735180828190896, "valid_hits100": 0.920704845814978, "test_hits100": 0.843956043956044, "epoch_sec": 1.4667983250692487}
{"variant": "B3", "dataset": "citeseer", "seed": 0, "epoch": 42, "loss": 0.026392598501202055, "valid_hits100": 0.920704845814978, "test_hits100": 0.8373626373626374, "epoch_sec": 1.4644464761950076}
{"variant": "B3", "dataset": "citeseer", "seed": 0, "epoch": 43, "loss": 0.024858569443341375, "valid_hits100": 0.8986784140969163, "test_hits100": 0.8461538461538461, "epoch_sec": 1.4951147199608386}
{"variant": "B3", "dataset": "citeseer", "seed": 0, "epoch": 44, "loss": 0.022303093971747144, "valid_hits100": 0.8986784140969163, "test_hits100": 0.843956043956044, "epoch_sec": 1.4475867436267436}
{"variant": "B3", "dataset": "citeseer", "seed": 0, "epoch": 45, "loss": 0.02068617921852018, "valid_hits100": 0.8986784140969163, "test_hits100": 0.8527472527472527, "epoch_sec": 1.4468023600056767}
{"variant": "B3", "dataset": "citeseer", "seed": 0, "epoch": 46, "loss": 0.024318874496437166, "valid_hits100": 0.8898678414096917, "test_hits100": 0.8373626373626374, "epoch_sec": 1.4562402460724115}
{"variant": "B3", "dataset": "citeseer", "seed": 0, "epoch": 47, "loss": 0.022866429100703516, "valid_hits100": 0.8898678414096917, "test_hits100": 0.843956043956044, "epoch_sec": 1.5130953290499747}
{"variant": "B3", "dataset": "citeseer", "seed": 0, "epoch": 48, "loss": 0.02590952172721387, "valid_hits100": 0.9074889867841409, "test_hits100": 0.8593406593406593, "epoch_sec": 1.4303566017188132}
{"variant": "B3", "dataset": "citeseer", "seed": 0, "epoch": 49, "loss": 0.026603590521855562, "valid_hits100": 0.9074889867841409, "test_hits100": 0.8527472527472527, "epoch_sec": 1.4519485998898745}
{"variant": "B3", "dataset": "citeseer", "seed": 0, "epoch": 50, "loss": 0.017853593545934566, "valid_hits100": 0.9074889867841409, "test_hits100": 0.8593406593406593, "epoch_sec": 1.454199779778719}
{"variant": "B3", "dataset": "citeseer", "seed": 0, "epoch": 51, "loss": 0.017981869612822853, "valid_hits100": 0.8986784140969163, "test_hits100": 0.8527472527472527, "epoch_sec": 1.5049394448287785}
{"variant": "B3", "dataset": "citeseer", "seed": 0, "epoch": 52, "loss": 0.01805514575340797, "valid_hits100": 0.9118942731277533, "test_hits100": 0.8527472527472527, "epoch_sec": 1.453552302904427}
{"variant": "B3", "dataset": "citeseer", "seed": 0, "epoch": 53, "loss": 0.020345098391242652, "valid_hits100": 0.9162995594713657, "test_hits100": 0.8307692307692308, "epoch_sec": 1.4909318680875003}
{"variant": "B3", "dataset": "citeseer", "seed": 0, "epoch": 54, "loss": 0.024166433570439655, "valid_hits100": 0.9162995594713657, "test_hits100": 0.8483516483516483, "epoch_sec": 1.456577517092228}
{"variant": "B3", "dataset": "citeseer", "seed": 0, "epoch": 55, "loss": 0.022617127511467428, "valid_hits100": 0.9118942731277533, "test_hits100": 0.8549450549450549, "epoch_sec": 1.5000518788583577}
{"variant": "B3", "dataset": "citeseer", "seed": 0, "epoch": 56, "loss": 0.021452659075882393, "valid_hits100": 0.9118942731277533, "test_hits100": 0.8571428571428571, "epoch_sec": 1.4649695339612663}
{"variant": "B3", "dataset": "citeseer", "seed": 0, "epoch": 57, "loss": 0.026079567166608433, "valid_hits100": 0.9118942731277533, "test_hits100": 0.8549450549450549, "epoch_sec": 1.4534105160273612}
{"variant": "B3", "dataset": "citeseer", "seed": 0, "epoch": 58, "loss": 0.027446621425873396, "valid_hits100": 0.9118942731277533, "test_hits100": 0.8549450549450549, "epoch_sec": 1.454771304037422}
{"variant": "B3", "dataset": "citeseer", "seed": 0, "epoch": 59, "loss": 0.021529204307908542, "valid_hits100": 0.9118942731277533, "test_hits100": 0.8351648351648352, "epoch_sec": 1.5227297670207918}
{"variant": "B3", "dataset": "citeseer", "seed": 0, "epoch": 60, "loss": 0.023645879291671806, "valid_hits100": 0.9074889867841409, "test_hits100": 0.8395604395604396, "epoch_sec": 1.4518080428242683}
{"variant": "B3", "dataset": "citeseer", "seed": 0, "epoch": 61, "loss": 0.01914616581100672, "valid_hits100": 0.9162995594713657, "test_hits100": 0.8417582417582418, "epoch_sec": 1.4494922938756645}
{"variant": "B3", "dataset": "citeseer", "seed": 0, "epoch": 62, "loss": 0.025592068796472033, "valid_hits100": 0.9118942731277533, "test_hits100": 0.865934065934066, "epoch_sec": 1.4599416409619153}
{"variant": "B3", "dataset": "citeseer", "seed": 0, "epoch": 63, "loss": 0.027696540666797057, "valid_hits100": 0.8986784140969163, "test_hits100": 0.8527472527472527, "epoch_sec": 1.5000908952206373}
{"variant": "B3", "dataset": "citeseer", "seed": 0, "epoch": 64, "loss": 0.025434627010455735, "valid_hits100": 0.8942731277533039, "test_hits100": 0.8593406593406593, "epoch_sec": 1.4501083460636437}
{"variant": "B3", "dataset": "citeseer", "seed": 0, "epoch": 65, "loss": 0.02278096389689649, "valid_hits100": 0.9030837004405287, "test_hits100": 0.8461538461538461, "epoch_sec": 1.4705127100460231}
{"variant": "B3", "dataset": "citeseer", "seed": 0, "epoch": 66, "loss": 0.020671363454071435, "valid_hits100": 0.920704845814978, "test_hits100": 0.8461538461538461, "epoch_sec": 1.4554860978387296}
{"variant": "B3", "dataset": "citeseer", "seed": 0, "epoch": 67, "loss": 0.030429512285446936, "valid_hits100": 0.933920704845815, "test_hits100": 0.8505494505494505, "epoch_sec": 1.474823275115341}
{"variant": "B3", "dataset": "citeseer", "seed": 0, "epoch": 68, "loss": 0.029081839584873013, "valid_hits100": 0.9251101321585903, "test_hits100": 0.8571428571428571, "epoch_sec": 1.4495013230480254}
{"variant": "B3", "dataset": "citeseer", "seed": 0, "epoch": 69, "loss": 0.021697029159512632, "valid_hits100": 0.933920704845815, "test_hits100": 0.8483516483516483, "epoch_sec": 1.4515065629966557}
{"variant": "B3", "dataset": "citeseer", "seed": 0, "epoch": 70, "loss": 0.02450400491940575, "valid_hits100": 0.9251101321585903, "test_hits100": 0.8417582417582418, "epoch_sec": 1.455565848853439}
{"variant": "B3", "dataset": "citeseer", "seed": 0, "epoch": 71, "loss": 0.034436627677629776, "valid_hits100": 0.920704845814978, "test_hits100": 0.843956043956044, "epoch_sec": 1.5089185489341617}
{"variant": "B3", "dataset": "citeseer", "seed": 0, "epoch": 72, "loss": 0.025274308932131728, "valid_hits100": 0.920704845814978, "test_hits100": 0.8417582417582418, "epoch_sec": 1.4569934685714543}
{"variant": "B3", "dataset": "citeseer", "seed": 0, "epoch": 73, "loss": 0.023764216115346865, "valid_hits100": 0.9118942731277533, "test_hits100": 0.8417582417582418, "epoch_sec": 1.451301438268274}
{"variant": "B3", "dataset": "citeseer", "seed": 0, "epoch": 74, "loss": 0.02297440984644939, "valid_hits100": 0.9118942731277533, "test_hits100": 0.8395604395604396, "epoch_sec": 1.4388402528129518}
{"variant": "B3", "dataset": "citeseer", "seed": 0, "epoch": 75, "loss": 0.021612943488459564, "valid_hits100": 0.8986784140969163, "test_hits100": 0.843956043956044, "epoch_sec": 1.5085254576988518}
{"variant": "B3", "dataset": "citeseer", "seed": 0, "epoch": 76, "loss": 0.017419291790141615, "valid_hits100": 0.9162995594713657, "test_hits100": 0.8461538461538461, "epoch_sec": 1.4528338927775621}
{"variant": "B3", "dataset": "citeseer", "seed": 0, "epoch": 77, "loss": 0.028847923202955136, "valid_hits100": 0.9074889867841409, "test_hits100": 0.8417582417582418, "epoch_sec": 1.4732984509319067}
{"variant": "B3", "dataset": "citeseer", "seed": 0, "epoch": 78, "loss": 0.01788155637267563, "valid_hits100": 0.9295154185022027, "test_hits100": 0.8483516483516483, "epoch_sec": 1.4487951137125492}
{"variant": "B3", "dataset": "citeseer", "seed": 0, "epoch": 79, "loss": 0.024775438409212022, "valid_hits100": 0.9251101321585903, "test_hits100": 0.832967032967033, "epoch_sec": 1.5091934367083013}
{"variant": "B3", "dataset": "citeseer", "seed": 0, "epoch": 80, "loss": 0.02328990513328896, "valid_hits100": 0.9427312775330396, "test_hits100": 0.843956043956044, "epoch_sec": 1.4484854559414089}
{"variant": "B3", "dataset": "citeseer", "seed": 0, "epoch": 81, "loss": 0.02332008236330917, "valid_hits100": 0.947136563876652, "test_hits100": 0.8417582417582418, "epoch_sec": 1.4454461480490863}
{"variant": "B3", "dataset": "citeseer", "seed": 0, "epoch": 82, "loss": 0.023027628080712424, "valid_hits100": 0.947136563876652, "test_hits100": 0.8549450549450549, "epoch_sec": 1.4470054470002651}
{"variant": "B3", "dataset": "citeseer", "seed": 0, "epoch": 83, "loss": 0.014846920625376455, "valid_hits100": 0.9383259911894273, "test_hits100": 0.843956043956044, "epoch_sec": 1.5051689292304218}
{"variant": "B3", "dataset": "citeseer", "seed": 0, "epoch": 84, "loss": 0.02104638901753327, "valid_hits100": 0.9251101321585903, "test_hits100": 0.8461538461538461, "epoch_sec": 1.4540671510621905}
{"variant": "B3", "dataset": "citeseer", "seed": 0, "epoch": 85, "loss": 0.012079327665173114, "valid_hits100": 0.933920704845815, "test_hits100": 0.8461538461538461, "epoch_sec": 1.4498291201889515}
{"variant": "B3", "dataset": "citeseer", "seed": 0, "epoch": 86, "loss": 0.02360543178957562, "valid_hits100": 0.933920704845815, "test_hits100": 0.8483516483516483, "epoch_sec": 1.4511457127518952}
{"variant": "B3", "dataset": "citeseer", "seed": 0, "epoch": 87, "loss": 0.015455972183813421, "valid_hits100": 0.9295154185022027, "test_hits100": 0.8505494505494505, "epoch_sec": 1.4945936989970505}
{"variant": "B3", "dataset": "citeseer", "seed": 0, "epoch": 88, "loss": 0.02318377694901974, "valid_hits100": 0.9295154185022027, "test_hits100": 0.8373626373626374, "epoch_sec": 1.45684302598238}
{"variant": "B3", "dataset": "citeseer", "seed": 0, "epoch": 89, "loss": 0.01941915211443445, "valid_hits100": 0.9295154185022027, "test_hits100": 0.8483516483516483, "epoch_sec": 1.4784972248598933}
{"variant": "B3", "dataset": "citeseer", "seed": 0, "epoch": 90, "loss": 0.0171364588797747, "valid_hits100": 0.9251101321585903, "test_hits100": 0.8549450549450549, "epoch_sec": 1.4597908398136497}
{"variant": "B3", "dataset": "citeseer", "seed": 0, "epoch": 91, "loss": 0.02293359696364526, "valid_hits100": 0.9295154185022027, "test_hits100": 0.8527472527472527, "epoch_sec": 1.5107047790661454}
{"variant": "B3", "dataset": "citeseer", "seed": 0, "epoch": 92, "loss": 0.02332515240350897, "valid_hits100": 0.933920704845815, "test_hits100": 0.8593406593406593, "epoch_sec": 1.454687173012644}
{"variant": "B3", "dataset": "citeseer", "seed": 0, "epoch": 93, "loss": 0.029456551615581954, "valid_hits100": 0.9118942731277533, "test_hits100": 0.8615384615384616, "epoch_sec": 1.4506589132361114}
{"variant": "B3", "dataset": "citeseer", "seed": 0, "epoch": 94, "loss": 0.03260936794624464, "valid_hits100": 0.920704845814978, "test_hits100": 0.865934065934066, "epoch_sec": 1.450712061021477}
{"variant": "B3", "dataset": "citeseer", "seed": 0, "epoch": 95, "loss": 0.014984360422929437, "valid_hits100": 0.920704845814978, "test_hits100": 0.8571428571428571, "epoch_sec": 1.4866038281470537}
{"variant": "B3", "dataset": "citeseer", "seed": 0, "epoch": 96, "loss": 0.020036541828428435, "valid_hits100": 0.9118942731277533, "test_hits100": 0.843956043956044, "epoch_sec": 1.4601339208893478}
{"variant": "B3", "dataset": "citeseer", "seed": 0, "epoch": 97, "loss": 0.021578609773971004, "valid_hits100": 0.9074889867841409, "test_hits100": 0.8395604395604396, "epoch_sec": 1.4514477448537946}
{"variant": "B3", "dataset": "citeseer", "seed": 0, "epoch": 98, "loss": 0.022374612393305283, "valid_hits100": 0.9074889867841409, "test_hits100": 0.8505494505494505, "epoch_sec": 1.4528515981510282}
{"variant": "B3", "dataset": "citeseer", "seed": 0, "epoch": 99, "loss": 0.020774589335781735, "valid_hits100": 0.9074889867841409, "test_hits100": 0.8461538461538461, "epoch_sec": 1.4885232262313366}
{"variant": "B3", "dataset": "citeseer", "seed": 0, "epoch": 100, "loss": 0.019680602068095937, "valid_hits100": 0.9074889867841409, "test_hits100": 0.8483516483516483, "epoch_sec": 1.4535634070634842}
{"completed": "/home/ubuntu/HL-GNN-PDG-V0-exp/results/hlgnn_pdg_v0/citeseer/B3/seed0.json", "best_epoch": 1, "best_metrics": {"Hits@10_valid": 0.7973568281938326, "Hits@10_test": 0.6021978021978022, "Hits@50_valid": 0.9691629955947136, "Hits@50_test": 0.9318681318681319, "Hits@100_valid": 0.986784140969163, "Hits@100_test": 0.9736263736263736, "Hits@100_train": 1.0}, "total_runtime_sec": 147.60603946307674}
