/home/ubuntu/anaconda3/envs/mei_env/lib/python3.11/site-packages/torch/cuda/__init__.py:63: FutureWarning: The pynvml package is deprecated. Please install nvidia-ml-py instead. If you did not install pynvml directly, please report this to the maintainers of the package that installed pynvml for you.
  import pynvml  # type: ignore[import]
/home/ubuntu/anaconda3/envs/mei_env/lib/python3.11/site-packages/torch_geometric/deprecation.py:26: UserWarning: 'train_test_split_edges' is deprecated, use 'transforms.RandomLinkSplit' instead
  warnings.warn(out)
{"variant": "B2", "dataset": "citeseer", "seed": 2, "epoch": 1, "loss": 1.1137277734680078, "valid_hits100": 0.986784140969163, "test_hits100": 0.9714285714285714, "epoch_sec": 1.683178961277008}
{"variant": "B2", "dataset": "citeseer", "seed": 2, "epoch": 2, "loss": 0.6323178618145235, "valid_hits100": 0.9911894273127754, "test_hits100": 0.9758241758241758, "epoch_sec": 1.4356525861658156}
{"variant": "B2", "dataset": "citeseer", "seed": 2, "epoch": 3, "loss": 0.26185670593604254, "valid_hits100": 0.960352422907489, "test_hits100": 0.9582417582417583, "epoch_sec": 1.4872184260748327}
{"variant": "B2", "dataset": "citeseer", "seed": 2, "epoch": 4, "loss": 0.08246801427784509, "valid_hits100": 0.9427312775330396, "test_hits100": 0.9274725274725275, "epoch_sec": 1.471595557872206}
{"variant": "B2", "dataset": "citeseer", "seed": 2, "epoch": 5, "loss": 0.09293273466348032, "valid_hits100": 0.960352422907489, "test_hits100": 0.9274725274725275, "epoch_sec": 1.4853351023048162}
{"variant": "B2", "dataset": "citeseer", "seed": 2, "epoch": 6, "loss": 0.08035714793613406, "valid_hits100": 0.9515418502202643, "test_hits100": 0.9076923076923077, "epoch_sec": 1.4587842533364892}
{"variant": "B2", "dataset": "citeseer", "seed": 2, "epoch": 7, "loss": 0.0655626150430481, "valid_hits100": 0.933920704845815, "test_hits100": 0.9120879120879121, "epoch_sec": 1.4488072809763253}
{"variant": "B2", "dataset": "citeseer", "seed": 2, "epoch": 8, "loss": 0.048562425842811896, "valid_hits100": 0.9515418502202643, "test_hits100": 0.9186813186813186, "epoch_sec": 1.4458634522743523}
{"variant": "B2", "dataset": "citeseer", "seed": 2, "epoch": 9, "loss": 0.043987052251394716, "valid_hits100": 0.9515418502202643, "test_hits100": 0.9296703296703297, "epoch_sec": 1.4624772276729345}
{"variant": "B2", "dataset": "citeseer", "seed": 2, "epoch": 10, "loss": 0.057206966664439945, "valid_hits100": 0.9515418502202643, "test_hits100": 0.9098901098901099, "epoch_sec": 1.4522368661127985}
{"variant": "B2", "dataset": "citeseer", "seed": 2, "epoch": 11, "loss": 0.04330196222362592, "valid_hits100": 0.920704845814978, "test_hits100": 0.8989010989010989, "epoch_sec": 1.463125238660723}
{"variant": "B2", "dataset": "citeseer", "seed": 2, "epoch": 12, "loss": 0.048376438202630025, "valid_hits100": 0.9295154185022027, "test_hits100": 0.9054945054945055, "epoch_sec": 1.451537880115211}
{"variant": "B2", "dataset": "citeseer", "seed": 2, "epoch": 13, "loss": 0.03526243502875785, "valid_hits100": 0.920704845814978, "test_hits100": 0.9076923076923077, "epoch_sec": 1.4706426160410047}
{"variant": "B2", "dataset": "citeseer", "seed": 2, "epoch": 14, "loss": 0.03069256750111124, "valid_hits100": 0.920704845814978, "test_hits100": 0.9098901098901099, "epoch_sec": 1.4495636629872024}
{"variant": "B2", "dataset": "citeseer", "seed": 2, "epoch": 15, "loss": 0.02885887712355732, "valid_hits100": 0.9162995594713657, "test_hits100": 0.8879120879120879, "epoch_sec": 1.4423579680733383}
{"variant": "B2", "dataset": "citeseer", "seed": 2, "epoch": 16, "loss": 0.027304538241190505, "valid_hits100": 0.9074889867841409, "test_hits100": 0.8923076923076924, "epoch_sec": 1.444623401388526}
{"variant": "B2", "dataset": "citeseer", "seed": 2, "epoch": 17, "loss": 0.03555896370659657, "valid_hits100": 0.9162995594713657, "test_hits100": 0.8923076923076924, "epoch_sec": 1.456004842184484}
{"variant": "B2", "dataset": "citeseer", "seed": 2, "epoch": 18, "loss": 0.03628812078049633, "valid_hits100": 0.9118942731277533, "test_hits100": 0.8945054945054945, "epoch_sec": 1.451147723942995}
{"variant": "B2", "dataset": "citeseer", "seed": 2, "epoch": 19, "loss": 0.04221843177650018, "valid_hits100": 0.9162995594713657, "test_hits100": 0.8901098901098901, "epoch_sec": 1.4378794366493821}
{"variant": "B2", "dataset": "citeseer", "seed": 2, "epoch": 20, "loss": 0.033864127842646856, "valid_hits100": 0.9251101321585903, "test_hits100": 0.8923076923076924, "epoch_sec": 1.449234223458916}
{"variant": "B2", "dataset": "citeseer", "seed": 2, "epoch": 21, "loss": 0.027434102471831232, "valid_hits100": 0.9118942731277533, "test_hits100": 0.8945054945054945, "epoch_sec": 1.470964855980128}
{"variant": "B2", "dataset": "citeseer", "seed": 2, "epoch": 22, "loss": 0.03758608377911632, "valid_hits100": 0.9162995594713657, "test_hits100": 0.9032967032967033, "epoch_sec": 1.4470389247871935}
{"variant": "B2", "dataset": "citeseer", "seed": 2, "epoch": 23, "loss": 0.033961819478091654, "valid_hits100": 0.9074889867841409, "test_hits100": 0.8879120879120879, "epoch_sec": 1.4346111021004617}
{"variant": "B2", "dataset": "citeseer", "seed": 2, "epoch": 24, "loss": 0.03291661076305449, "valid_hits100": 0.920704845814978, "test_hits100": 0.8813186813186813, "epoch_sec": 1.4310041251592338}
{"variant": "B2", "dataset": "citeseer", "seed": 2, "epoch": 25, "loss": 0.031974232261302554, "valid_hits100": 0.9251101321585903, "test_hits100": 0.8879120879120879, "epoch_sec": 1.4444089573808014}
{"variant": "B2", "dataset": "citeseer", "seed": 2, "epoch": 26, "loss": 0.03282037624940084, "valid_hits100": 0.920704845814978, "test_hits100": 0.8747252747252747, "epoch_sec": 1.461065731011331}
{"variant": "B2", "dataset": "citeseer", "seed": 2, "epoch": 27, "loss": 0.022957005637676216, "valid_hits100": 0.9118942731277533, "test_hits100": 0.8703296703296703, "epoch_sec": 1.451181698590517}
{"variant": "B2", "dataset": "citeseer", "seed": 2, "epoch": 28, "loss": 0.0252817614807793, "valid_hits100": 0.9251101321585903, "test_hits100": 0.8857142857142857, "epoch_sec": 1.4478162499144673}
{"variant": "B2", "dataset": "citeseer", "seed": 2, "epoch": 29, "loss": 0.026847228789052296, "valid_hits100": 0.9074889867841409, "test_hits100": 0.8791208791208791, "epoch_sec": 1.4451284580864012}
{"variant": "B2", "dataset": "citeseer", "seed": 2, "epoch": 30, "loss": 0.025776506981569358, "valid_hits100": 0.9074889867841409, "test_hits100": 0.8703296703296703, "epoch_sec": 1.444722285028547}
{"variant": "B2", "dataset": "citeseer", "seed": 2, "epoch": 31, "loss": 0.03503111308820796, "valid_hits100": 0.9295154185022027, "test_hits100": 0.8901098901098901, "epoch_sec": 1.4403424779884517}
{"variant": "B2", "dataset": "citeseer", "seed": 2, "epoch": 32, "loss": 0.034331168714689345, "valid_hits100": 0.9295154185022027, "test_hits100": 0.8945054945054945, "epoch_sec": 1.4465756360441446}
{"variant": "B2", "dataset": "citeseer", "seed": 2, "epoch": 33, "loss": 0.027627366563685488, "valid_hits100": 0.933920704845815, "test_hits100": 0.8813186813186813, "epoch_sec": 1.438772817607969}
{"variant": "B2", "dataset": "citeseer", "seed": 2, "epoch": 34, "loss": 0.025134737876265547, "valid_hits100": 0.9295154185022027, "test_hits100": 0.8901098901098901, "epoch_sec": 1.4774192459881306}
{"variant": "B2", "dataset": "citeseer", "seed": 2, "epoch": 35, "loss": 0.024432820605369193, "valid_hits100": 0.9295154185022027, "test_hits100": 0.8725274725274725, "epoch_sec": 1.463118270970881}
{"variant": "B2", "dataset": "citeseer", "seed": 2, "epoch": 36, "loss": 0.02433984883572396, "valid_hits100": 0.9295154185022027, "test_hits100": 0.8901098901098901, "epoch_sec": 1.4438445689156651}
{"variant": "B2", "dataset": "citeseer", "seed": 2, "epoch": 37, "loss": 0.02009177308779893, "valid_hits100": 0.920704845814978, "test_hits100": 0.8857142857142857, "epoch_sec": 1.4458054332062602}
{"variant": "B2", "dataset": "citeseer", "seed": 2, "epoch": 38, "loss": 0.025305246921780804, "valid_hits100": 0.9295154185022027, "test_hits100": 0.8901098901098901, "epoch_sec": 1.4671070030890405}
{"variant": "B2", "dataset": "citeseer", "seed": 2, "epoch": 39, "loss": 0.024125010136139484, "valid_hits100": 0.9295154185022027, "test_hits100": 0.8835164835164835, "epoch_sec": 1.435352424159646}
{"variant": "B2", "dataset": "citeseer", "seed": 2, "epoch": 40, "loss": 0.022225745051175125, "valid_hits100": 0.9383259911894273, "test_hits100": 0.8813186813186813, "epoch_sec": 1.434933628886938}
{"variant": "B2", "dataset": "citeseer", "seed": 2, "epoch": 41, "loss": 0.02573246576604301, "valid_hits100": 0.9162995594713657, "test_hits100": 0.8879120879120879, "epoch_sec": 1.434021608904004}
{"variant": "B2", "dataset": "citeseer", "seed": 2, "epoch": 42, "loss": 0.019899350184302306, "valid_hits100": 0.9162995594713657, "test_hits100": 0.8901098901098901, "epoch_sec": 1.4606202440336347}
{"variant": "B2", "dataset": "citeseer", "seed": 2, "epoch": 43, "loss": 0.024502626098018593, "valid_hits100": 0.9162995594713657, "test_hits100": 0.8923076923076924, "epoch_sec": 1.4375408557243645}
{"variant": "B2", "dataset": "citeseer", "seed": 2, "epoch": 44, "loss": 0.022497941609423908, "valid_hits100": 0.9162995594713657, "test_hits100": 0.8923076923076924, "epoch_sec": 1.4350952189415693}
{"variant": "B2", "dataset": "citeseer", "seed": 2, "epoch": 45, "loss": 0.028734032124357937, "valid_hits100": 0.9074889867841409, "test_hits100": 0.8945054945054945, "epoch_sec": 1.4387764548882842}
{"variant": "B2", "dataset": "citeseer", "seed": 2, "epoch": 46, "loss": 0.027328330671621694, "valid_hits100": 0.9162995594713657, "test_hits100": 0.8967032967032967, "epoch_sec": 1.4673182517290115}
{"variant": "B2", "dataset": "citeseer", "seed": 2, "epoch": 47, "loss": 0.026079896367239244, "valid_hits100": 0.9074889867841409, "test_hits100": 0.8879120879120879, "epoch_sec": 1.4499862287193537}
{"variant": "B2", "dataset": "citeseer", "seed": 2, "epoch": 48, "loss": 0.02430425243938308, "valid_hits100": 0.9162995594713657, "test_hits100": 0.8901098901098901, "epoch_sec": 1.4482920612208545}
{"variant": "B2", "dataset": "citeseer", "seed": 2, "epoch": 49, "loss": 0.025396409299638538, "valid_hits100": 0.9162995594713657, "test_hits100": 0.8835164835164835, "epoch_sec": 1.4606279199942946}
{"variant": "B2", "dataset": "citeseer", "seed": 2, "epoch": 50, "loss": 0.028418572230664026, "valid_hits100": 0.9162995594713657, "test_hits100": 0.8879120879120879, "epoch_sec": 1.466469708364457}
{"variant": "B2", "dataset": "citeseer", "seed": 2, "epoch": 51, "loss": 0.025573431995025903, "valid_hits100": 0.9074889867841409, "test_hits100": 0.8901098901098901, "epoch_sec": 1.445409735199064}
{"variant": "B2", "dataset": "citeseer", "seed": 2, "epoch": 52, "loss": 0.023112305158446003, "valid_hits100": 0.9118942731277533, "test_hits100": 0.8901098901098901, "epoch_sec": 1.4359766989946365}
{"variant": "B2", "dataset": "citeseer", "seed": 2, "epoch": 53, "loss": 0.022738977980099676, "valid_hits100": 0.920704845814978, "test_hits100": 0.9032967032967033, "epoch_sec": 1.4518022020347416}
{"variant": "B2", "dataset": "citeseer", "seed": 2, "epoch": 54, "loss": 0.025778097289708233, "valid_hits100": 0.9118942731277533, "test_hits100": 0.8923076923076924, "epoch_sec": 1.4591676061972976}
{"variant": "B2", "dataset": "citeseer", "seed": 2, "epoch": 55, "loss": 0.027002544573072624, "valid_hits100": 0.9383259911894273, "test_hits100": 0.9010989010989011, "epoch_sec": 1.451084500644356}
{"variant": "B2", "dataset": "citeseer", "seed": 2, "epoch": 56, "loss": 0.023165329487979874, "valid_hits100": 0.933920704845815, "test_hits100": 0.8989010989010989, "epoch_sec": 1.4407302550971508}
{"variant": "B2", "dataset": "citeseer", "seed": 2, "epoch": 57, "loss": 0.02648760754162643, "valid_hits100": 0.9295154185022027, "test_hits100": 0.8813186813186813, "epoch_sec": 1.4414380602538586}
{"variant": "B2", "dataset": "citeseer", "seed": 2, "epoch": 58, "loss": 0.02221215593529918, "valid_hits100": 0.920704845814978, "test_hits100": 0.8901098901098901, "epoch_sec": 1.44700446119532}
{"variant": "B2", "dataset": "citeseer", "seed": 2, "epoch": 59, "loss": 0.02900156589557034, "valid_hits100": 0.920704845814978, "test_hits100": 0.9098901098901099, "epoch_sec": 1.4417749750427902}
{"variant": "B2", "dataset": "citeseer", "seed": 2, "epoch": 60, "loss": 0.028978276913576503, "valid_hits100": 0.9295154185022027, "test_hits100": 0.9032967032967033, "epoch_sec": 1.4463890600018203}
{"variant": "B2", "dataset": "citeseer", "seed": 2, "epoch": 61, "loss": 0.023487576447639047, "valid_hits100": 0.933920704845815, "test_hits100": 0.8813186813186813, "epoch_sec": 1.439563293941319}
{"variant": "B2", "dataset": "citeseer", "seed": 2, "epoch": 62, "loss": 0.019942235348876132, "valid_hits100": 0.9383259911894273, "test_hits100": 0.8901098901098901, "epoch_sec": 1.4467377411201596}
{"variant": "B2", "dataset": "citeseer", "seed": 2, "epoch": 63, "loss": 0.024719087764120226, "valid_hits100": 0.9295154185022027, "test_hits100": 0.8901098901098901, "epoch_sec": 1.4519435670226812}
{"variant": "B2", "dataset": "citeseer", "seed": 2, "epoch": 64, "loss": 0.020948413828777712, "valid_hits100": 0.9295154185022027, "test_hits100": 0.8923076923076924, "epoch_sec": 1.4377651852555573}
{"variant": "B2", "dataset": "citeseer", "seed": 2, "epoch": 65, "loss": 0.015900151404607512, "valid_hits100": 0.9383259911894273, "test_hits100": 0.8857142857142857, "epoch_sec": 1.4348807237111032}
{"variant": "B2", "dataset": "citeseer", "seed": 2, "epoch": 66, "loss": 0.028802976418450206, "valid_hits100": 0.9251101321585903, "test_hits100": 0.8725274725274725, "epoch_sec": 1.442661464214325}
{"variant": "B2", "dataset": "citeseer", "seed": 2, "epoch": 67, "loss": 0.028318591604553144, "valid_hits100": 0.9383259911894273, "test_hits100": 0.8879120879120879, "epoch_sec": 1.445446580182761}
{"variant": "B2", "dataset": "citeseer", "seed": 2, "epoch": 68, "loss": 0.02761239296051575, "valid_hits100": 0.920704845814978, "test_hits100": 0.8725274725274725, "epoch_sec": 1.4397045359946787}
{"variant": "B2", "dataset": "citeseer", "seed": 2, "epoch": 69, "loss": 0.024500927536986596, "valid_hits100": 0.9251101321585903, "test_hits100": 0.8747252747252747, "epoch_sec": 1.4359332821331918}
{"variant": "B2", "dataset": "citeseer", "seed": 2, "epoch": 70, "loss": 0.01812397923070254, "valid_hits100": 0.9383259911894273, "test_hits100": 0.8725274725274725, "epoch_sec": 1.4352964712306857}
{"variant": "B2", "dataset": "citeseer", "seed": 2, "epoch": 71, "loss": 0.02486128506926911, "valid_hits100": 0.9383259911894273, "test_hits100": 0.8725274725274725, "epoch_sec": 1.4665596773847938}
{"variant": "B2", "dataset": "citeseer", "seed": 2, "epoch": 72, "loss": 0.021969351197474996, "valid_hits100": 0.933920704845815, "test_hits100": 0.8813186813186813, "epoch_sec": 1.4390147980302572}
{"variant": "B2", "dataset": "citeseer", "seed": 2, "epoch": 73, "loss": 0.027656616986721984, "valid_hits100": 0.9427312775330396, "test_hits100": 0.8835164835164835, "epoch_sec": 1.428229273762554}
{"variant": "B2", "dataset": "citeseer", "seed": 2, "epoch": 74, "loss": 0.018654723351854995, "valid_hits100": 0.9427312775330396, "test_hits100": 0.8791208791208791, "epoch_sec": 1.4481996563263237}
{"variant": "B2", "dataset": "citeseer", "seed": 2, "epoch": 75, "loss": 0.021047943736154595, "valid_hits100": 0.947136563876652, "test_hits100": 0.8813186813186813, "epoch_sec": 1.4925124188885093}
{"variant": "B2", "dataset": "citeseer", "seed": 2, "epoch": 76, "loss": 0.021812758366011795, "valid_hits100": 0.933920704845815, "test_hits100": 0.8791208791208791, "epoch_sec": 1.4353185999207199}
{"variant": "B2", "dataset": "citeseer", "seed": 2, "epoch": 77, "loss": 0.02042465829278417, "valid_hits100": 0.8942731277533039, "test_hits100": 0.8769230769230769, "epoch_sec": 1.4467323832213879}
{"variant": "B2", "dataset": "citeseer", "seed": 2, "epoch": 78, "loss": 0.015915596016348177, "valid_hits100": 0.933920704845815, "test_hits100": 0.8901098901098901, "epoch_sec": 1.4341515023261309}
{"variant": "B2", "dataset": "citeseer", "seed": 2, "epoch": 79, "loss": 0.025879378659164568, "valid_hits100": 0.8986784140969163, "test_hits100": 0.8615384615384616, "epoch_sec": 1.4623360941186547}
{"variant": "B2", "dataset": "citeseer", "seed": 2, "epoch": 80, "loss": 0.021415925347450782, "valid_hits100": 0.920704845814978, "test_hits100": 0.8791208791208791, "epoch_sec": 1.4442144762724638}
{"variant": "B2", "dataset": "citeseer", "seed": 2, "epoch": 81, "loss": 0.023478410391074435, "valid_hits100": 0.920704845814978, "test_hits100": 0.8681318681318682, "epoch_sec": 1.4433729909360409}
{"variant": "B2", "dataset": "citeseer", "seed": 2, "epoch": 82, "loss": 0.025528744624528157, "valid_hits100": 0.9383259911894273, "test_hits100": 0.8747252747252747, "epoch_sec": 1.449501947965473}
{"variant": "B2", "dataset": "citeseer", "seed": 2, "epoch": 83, "loss": 0.025408912796132478, "valid_hits100": 0.9383259911894273, "test_hits100": 0.8791208791208791, "epoch_sec": 1.454938255250454}
{"variant": "B2", "dataset": "citeseer", "seed": 2, "epoch": 84, "loss": 0.02086346651348033, "valid_hits100": 0.9295154185022027, "test_hits100": 0.8813186813186813, "epoch_sec": 1.4543686462566257}
{"variant": "B2", "dataset": "citeseer", "seed": 2, "epoch": 85, "loss": 0.024010560941673066, "valid_hits100": 0.9383259911894273, "test_hits100": 0.8725274725274725, "epoch_sec": 1.4529392421245575}
{"variant": "B2", "dataset": "citeseer", "seed": 2, "epoch": 86, "loss": 0.01617323475353208, "valid_hits100": 0.9427312775330396, "test_hits100": 0.8681318681318682, "epoch_sec": 1.4593875231221318}
{"variant": "B2", "dataset": "citeseer", "seed": 2, "epoch": 87, "loss": 0.018965831739726918, "valid_hits100": 0.9295154185022027, "test_hits100": 0.8725274725274725, "epoch_sec": 1.4520285921171308}
{"variant": "B2", "dataset": "citeseer", "seed": 2, "epoch": 88, "loss": 0.013833650830983923, "valid_hits100": 0.9251101321585903, "test_hits100": 0.8791208791208791, "epoch_sec": 1.4473886843770742}
{"variant": "B2", "dataset": "citeseer", "seed": 2, "epoch": 89, "loss": 0.01248739113145597, "valid_hits100": 0.9295154185022027, "test_hits100": 0.8769230769230769, "epoch_sec": 1.435243652202189}
{"variant": "B2", "dataset": "citeseer", "seed": 2, "epoch": 90, "loss": 0.022945293023681763, "valid_hits100": 0.933920704845815, "test_hits100": 0.8637362637362638, "epoch_sec": 1.4492195709608495}
{"variant": "B2", "dataset": "citeseer", "seed": 2, "epoch": 91, "loss": 0.015925832023454267, "valid_hits100": 0.947136563876652, "test_hits100": 0.8791208791208791, "epoch_sec": 1.460720619186759}
{"variant": "B2", "dataset": "citeseer", "seed": 2, "epoch": 92, "loss": 0.016978575777291328, "valid_hits100": 0.9295154185022027, "test_hits100": 0.8791208791208791, "epoch_sec": 1.4508005841635168}
{"variant": "B2", "dataset": "citeseer", "seed": 2, "epoch": 93, "loss": 0.013630988728014382, "valid_hits100": 0.9295154185022027, "test_hits100": 0.8813186813186813, "epoch_sec": 1.4361926801502705}
{"variant": "B2", "dataset": "citeseer", "seed": 2, "epoch": 94, "loss": 0.022314732348503067, "valid_hits100": 0.9295154185022027, "test_hits100": 0.8703296703296703, "epoch_sec": 1.4513395261019468}
{"variant": "B2", "dataset": "citeseer", "seed": 2, "epoch": 95, "loss": 0.02291081698529557, "valid_hits100": 0.9295154185022027, "test_hits100": 0.8681318681318682, "epoch_sec": 1.461803245358169}
{"variant": "B2", "dataset": "citeseer", "seed": 2, "epoch": 96, "loss": 0.01845520698400431, "valid_hits100": 0.9295154185022027, "test_hits100": 0.865934065934066, "epoch_sec": 1.4452864499762654}
{"variant": "B2", "dataset": "citeseer", "seed": 2, "epoch": 97, "loss": 0.022837484578387836, "valid_hits100": 0.9251101321585903, "test_hits100": 0.8703296703296703, "epoch_sec": 1.4427469340153039}
{"variant": "B2", "dataset": "citeseer", "seed": 2, "epoch": 98, "loss": 0.024785282688085424, "valid_hits100": 0.9118942731277533, "test_hits100": 0.8747252747252747, "epoch_sec": 1.4368926989845932}
{"variant": "B2", "dataset": "citeseer", "seed": 2, "epoch": 99, "loss": 0.02163139924657283, "valid_hits100": 0.920704845814978, "test_hits100": 0.8835164835164835, "epoch_sec": 1.4514282229356468}
{"variant": "B2", "dataset": "citeseer", "seed": 2, "epoch": 100, "loss": 0.021929419019502572, "valid_hits100": 0.9295154185022027, "test_hits100": 0.8769230769230769, "epoch_sec": 1.4564597979187965}
{"completed": "/home/ubuntu/HL-GNN-PDG-V0-exp/results/hlgnn_pdg_v0/citeseer/B2/seed2.json", "best_epoch": 2, "best_metrics": {"Hits@10_valid": 0.8502202643171806, "Hits@10_test": 0.7802197802197802, "Hits@50_valid": 0.9647577092511013, "Hits@50_test": 0.9428571428571428, "Hits@100_valid": 0.9911894273127754, "Hits@100_test": 0.9758241758241758, "Hits@100_train": 1.0}, "total_runtime_sec": 145.68804384581745}
