/home/ubuntu/anaconda3/envs/mei_env/lib/python3.11/site-packages/torch/cuda/__init__.py:63: FutureWarning: The pynvml package is deprecated. Please install nvidia-ml-py instead. If you did not install pynvml directly, please report this to the maintainers of the package that installed pynvml for you.
  import pynvml  # type: ignore[import]
/home/ubuntu/anaconda3/envs/mei_env/lib/python3.11/site-packages/torch_geometric/deprecation.py:26: UserWarning: 'train_test_split_edges' is deprecated, use 'transforms.RandomLinkSplit' instead
  warnings.warn(out)
{"variant": "B2", "dataset": "citeseer", "seed": 1, "epoch": 1, "loss": 1.1134789014355464, "valid_hits100": 0.986784140969163, "test_hits100": 0.978021978021978, "epoch_sec": 1.7263228381052613}
{"variant": "B2", "dataset": "citeseer", "seed": 1, "epoch": 2, "loss": 0.6265436171099197, "valid_hits100": 0.9911894273127754, "test_hits100": 0.9736263736263736, "epoch_sec": 1.5464205830357969}
{"variant": "B2", "dataset": "citeseer", "seed": 1, "epoch": 3, "loss": 0.2646402117047815, "valid_hits100": 0.9647577092511013, "test_hits100": 0.9384615384615385, "epoch_sec": 1.4837576257996261}
{"variant": "B2", "dataset": "citeseer", "seed": 1, "epoch": 4, "loss": 0.09669349073439605, "valid_hits100": 0.9559471365638766, "test_hits100": 0.9340659340659341, "epoch_sec": 1.5013399673625827}
{"variant": "B2", "dataset": "citeseer", "seed": 1, "epoch": 5, "loss": 0.09262202716304967, "valid_hits100": 0.960352422907489, "test_hits100": 0.9252747252747253, "epoch_sec": 1.4446806409396231}
{"variant": "B2", "dataset": "citeseer", "seed": 1, "epoch": 6, "loss": 0.08584212147142228, "valid_hits100": 0.9427312775330396, "test_hits100": 0.9032967032967033, "epoch_sec": 1.491641417145729}
{"variant": "B2", "dataset": "citeseer", "seed": 1, "epoch": 7, "loss": 0.05573241018548184, "valid_hits100": 0.933920704845815, "test_hits100": 0.9120879120879121, "epoch_sec": 1.458029760979116}
{"variant": "B2", "dataset": "citeseer", "seed": 1, "epoch": 8, "loss": 0.048731445704011646, "valid_hits100": 0.9427312775330396, "test_hits100": 0.9032967032967033, "epoch_sec": 1.4613920957781374}
{"variant": "B2", "dataset": "citeseer", "seed": 1, "epoch": 9, "loss": 0.05826327197773512, "valid_hits100": 0.933920704845815, "test_hits100": 0.9054945054945055, "epoch_sec": 1.539738457184285}
{"variant": "B2", "dataset": "citeseer", "seed": 1, "epoch": 10, "loss": 0.05004642822175679, "valid_hits100": 0.9251101321585903, "test_hits100": 0.9164835164835164, "epoch_sec": 1.5813423320651054}
{"variant": "B2", "dataset": "citeseer", "seed": 1, "epoch": 11, "loss": 0.04017933177778579, "valid_hits100": 0.9383259911894273, "test_hits100": 0.9054945054945055, "epoch_sec": 1.468229304999113}
{"variant": "B2", "dataset": "citeseer", "seed": 1, "epoch": 12, "loss": 0.04359015697079111, "valid_hits100": 0.9295154185022027, "test_hits100": 0.8835164835164835, "epoch_sec": 1.4598058089613914}
{"variant": "B2", "dataset": "citeseer", "seed": 1, "epoch": 13, "loss": 0.02812924529654419, "valid_hits100": 0.920704845814978, "test_hits100": 0.8945054945054945, "epoch_sec": 1.4596744840964675}
{"variant": "B2", "dataset": "citeseer", "seed": 1, "epoch": 14, "loss": 0.0363912599512619, "valid_hits100": 0.933920704845815, "test_hits100": 0.9054945054945055, "epoch_sec": 1.5526337651535869}
{"variant": "B2", "dataset": "citeseer", "seed": 1, "epoch": 15, "loss": 0.03882292884495831, "valid_hits100": 0.9295154185022027, "test_hits100": 0.8901098901098901, "epoch_sec": 1.500803920906037}
{"variant": "B2", "dataset": "citeseer", "seed": 1, "epoch": 16, "loss": 0.03216956808912816, "valid_hits100": 0.9251101321585903, "test_hits100": 0.8769230769230769, "epoch_sec": 1.4539976520463824}
{"variant": "B2", "dataset": "citeseer", "seed": 1, "epoch": 17, "loss": 0.03852730699518854, "valid_hits100": 0.9295154185022027, "test_hits100": 0.865934065934066, "epoch_sec": 1.4564850712195039}
{"variant": "B2", "dataset": "citeseer", "seed": 1, "epoch": 18, "loss": 0.03236256895023723, "valid_hits100": 0.9383259911894273, "test_hits100": 0.8747252747252747, "epoch_sec": 1.5273903091438115}
{"variant": "B2", "dataset": "citeseer", "seed": 1, "epoch": 19, "loss": 0.028532014697674635, "valid_hits100": 0.9118942731277533, "test_hits100": 0.8483516483516483, "epoch_sec": 1.457931871060282}
{"variant": "B2", "dataset": "citeseer", "seed": 1, "epoch": 20, "loss": 0.032613922391828025, "valid_hits100": 0.9427312775330396, "test_hits100": 0.8813186813186813, "epoch_sec": 1.4547022399492562}
{"variant": "B2", "dataset": "citeseer", "seed": 1, "epoch": 21, "loss": 0.029837956841678892, "valid_hits100": 0.9162995594713657, "test_hits100": 0.8791208791208791, "epoch_sec": 1.4570830520242453}
{"variant": "B2", "dataset": "citeseer", "seed": 1, "epoch": 22, "loss": 0.027336027586798952, "valid_hits100": 0.9251101321585903, "test_hits100": 0.8703296703296703, "epoch_sec": 1.5159289692528546}
{"variant": "B2", "dataset": "citeseer", "seed": 1, "epoch": 23, "loss": 0.027156006798956744, "valid_hits100": 0.9030837004405287, "test_hits100": 0.8483516483516483, "epoch_sec": 1.4401767659001052}
{"variant": "B2", "dataset": "citeseer", "seed": 1, "epoch": 24, "loss": 0.03364495536846708, "valid_hits100": 0.8986784140969163, "test_hits100": 0.865934065934066, "epoch_sec": 1.4412271860055625}
{"variant": "B2", "dataset": "citeseer", "seed": 1, "epoch": 25, "loss": 0.03326438400576743, "valid_hits100": 0.8986784140969163, "test_hits100": 0.865934065934066, "epoch_sec": 1.437418528366834}
{"variant": "B2", "dataset": "citeseer", "seed": 1, "epoch": 26, "loss": 0.030086782000458365, "valid_hits100": 0.9074889867841409, "test_hits100": 0.8725274725274725, "epoch_sec": 1.5136490319855511}
{"variant": "B2", "dataset": "citeseer", "seed": 1, "epoch": 27, "loss": 0.021853373025469386, "valid_hits100": 0.9251101321585903, "test_hits100": 0.8791208791208791, "epoch_sec": 1.4519705092534423}
{"variant": "B2", "dataset": "citeseer", "seed": 1, "epoch": 28, "loss": 0.029750939663643984, "valid_hits100": 0.9118942731277533, "test_hits100": 0.8549450549450549, "epoch_sec": 1.4354208735749125}
{"variant": "B2", "dataset": "citeseer", "seed": 1, "epoch": 29, "loss": 0.03282661832657279, "valid_hits100": 0.9162995594713657, "test_hits100": 0.8703296703296703, "epoch_sec": 1.4519691220484674}
{"variant": "B2", "dataset": "citeseer", "seed": 1, "epoch": 30, "loss": 0.028552743775206942, "valid_hits100": 0.933920704845815, "test_hits100": 0.8835164835164835, "epoch_sec": 1.4840437537059188}
{"variant": "B2", "dataset": "citeseer", "seed": 1, "epoch": 31, "loss": 0.03267200019316464, "valid_hits100": 0.9162995594713657, "test_hits100": 0.8681318681318682, "epoch_sec": 1.4799760831519961}
{"variant": "B2", "dataset": "citeseer", "seed": 1, "epoch": 32, "loss": 0.024216708340694122, "valid_hits100": 0.920704845814978, "test_hits100": 0.8835164835164835, "epoch_sec": 1.4454477708786726}
{"variant": "B2", "dataset": "citeseer", "seed": 1, "epoch": 33, "loss": 0.02402133346277768, "valid_hits100": 0.9162995594713657, "test_hits100": 0.8725274725274725, "epoch_sec": 1.4476354797370732}
{"variant": "B2", "dataset": "citeseer", "seed": 1, "epoch": 34, "loss": 0.026803383197471768, "valid_hits100": 0.8986784140969163, "test_hits100": 0.8725274725274725, "epoch_sec": 1.4826723136939108}
{"variant": "B2", "dataset": "citeseer", "seed": 1, "epoch": 35, "loss": 0.02497885473342059, "valid_hits100": 0.9251101321585903, "test_hits100": 0.8879120879120879, "epoch_sec": 1.4652398540638387}
{"variant": "B2", "dataset": "citeseer", "seed": 1, "epoch": 36, "loss": 0.02241181098791056, "valid_hits100": 0.9251101321585903, "test_hits100": 0.8769230769230769, "epoch_sec": 1.4402961037121713}
{"variant": "B2", "dataset": "citeseer", "seed": 1, "epoch": 37, "loss": 0.023464474028087094, "valid_hits100": 0.9295154185022027, "test_hits100": 0.8791208791208791, "epoch_sec": 1.4441814883612096}
{"variant": "B2", "dataset": "citeseer", "seed": 1, "epoch": 38, "loss": 0.03083404200079367, "valid_hits100": 0.9295154185022027, "test_hits100": 0.8835164835164835, "epoch_sec": 1.480082327965647}
{"variant": "B2", "dataset": "citeseer", "seed": 1, "epoch": 39, "loss": 0.025511264724016807, "valid_hits100": 0.9251101321585903, "test_hits100": 0.8923076923076924, "epoch_sec": 1.4844662831164896}
{"variant": "B2", "dataset": "citeseer", "seed": 1, "epoch": 40, "loss": 0.03409087741867824, "valid_hits100": 0.920704845814978, "test_hits100": 0.8791208791208791, "epoch_sec": 1.4551643216982484}
{"variant": "B2", "dataset": "citeseer", "seed": 1, "epoch": 41, "loss": 0.02294743162331963, "valid_hits100": 0.9162995594713657, "test_hits100": 0.8835164835164835, "epoch_sec": 1.445748457685113}
{"variant": "B2", "dataset": "citeseer", "seed": 1, "epoch": 42, "loss": 0.023264110211562123, "valid_hits100": 0.9118942731277533, "test_hits100": 0.8813186813186813, "epoch_sec": 1.4688888159580529}
{"variant": "B2", "dataset": "citeseer", "seed": 1, "epoch": 43, "loss": 0.025401446075980053, "valid_hits100": 0.8986784140969163, "test_hits100": 0.8813186813186813, "epoch_sec": 1.4960820977576077}
{"variant": "B2", "dataset": "citeseer", "seed": 1, "epoch": 44, "loss": 0.019988424230838624, "valid_hits100": 0.8942731277533039, "test_hits100": 0.8989010989010989, "epoch_sec": 1.456596595235169}
{"variant": "B2", "dataset": "citeseer", "seed": 1, "epoch": 45, "loss": 0.020382743433733936, "valid_hits100": 0.8942731277533039, "test_hits100": 0.8747252747252747, "epoch_sec": 1.5018641068600118}
{"variant": "B2", "dataset": "citeseer", "seed": 1, "epoch": 46, "loss": 0.02434341411758455, "valid_hits100": 0.9030837004405287, "test_hits100": 0.8725274725274725, "epoch_sec": 1.4600610891357064}
{"variant": "B2", "dataset": "citeseer", "seed": 1, "epoch": 47, "loss": 0.025410262397093365, "valid_hits100": 0.8942731277533039, "test_hits100": 0.8637362637362638, "epoch_sec": 1.486015735194087}
{"variant": "B2", "dataset": "citeseer", "seed": 1, "epoch": 48, "loss": 0.019834032873274128, "valid_hits100": 0.8986784140969163, "test_hits100": 0.8725274725274725, "epoch_sec": 1.449485084041953}
{"variant": "B2", "dataset": "citeseer", "seed": 1, "epoch": 49, "loss": 0.02191572630782768, "valid_hits100": 0.8986784140969163, "test_hits100": 0.8769230769230769, "epoch_sec": 1.4449497293680906}
{"variant": "B2", "dataset": "citeseer", "seed": 1, "epoch": 50, "loss": 0.021843332418021614, "valid_hits100": 0.8942731277533039, "test_hits100": 0.8835164835164835, "epoch_sec": 1.4607727248221636}
{"variant": "B2", "dataset": "citeseer", "seed": 1, "epoch": 51, "loss": 0.025608692949671462, "valid_hits100": 0.8898678414096917, "test_hits100": 0.8835164835164835, "epoch_sec": 1.491396005731076}
{"variant": "B2", "dataset": "citeseer", "seed": 1, "epoch": 52, "loss": 0.03016872241785052, "valid_hits100": 0.9074889867841409, "test_hits100": 0.8901098901098901, "epoch_sec": 1.440328782889992}
{"variant": "B2", "dataset": "citeseer", "seed": 1, "epoch": 53, "loss": 0.023348267610336457, "valid_hits100": 0.8854625550660793, "test_hits100": 0.8725274725274725, "epoch_sec": 1.4555466268211603}
{"variant": "B2", "dataset": "citeseer", "seed": 1, "epoch": 54, "loss": 0.02192248516121653, "valid_hits100": 0.8854625550660793, "test_hits100": 0.8769230769230769, "epoch_sec": 1.4615600449033082}
{"variant": "B2", "dataset": "citeseer", "seed": 1, "epoch": 55, "loss": 0.020706683123912613, "valid_hits100": 0.8766519823788547, "test_hits100": 0.8615384615384616, "epoch_sec": 1.4753739601001143}
{"variant": "B2", "dataset": "citeseer", "seed": 1, "epoch": 56, "loss": 0.025696598078083315, "valid_hits100": 0.8766519823788547, "test_hits100": 0.8637362637362638, "epoch_sec": 1.456507031340152}
{"variant": "B2", "dataset": "citeseer", "seed": 1, "epoch": 57, "loss": 0.02426141620606415, "valid_hits100": 0.8854625550660793, "test_hits100": 0.8571428571428571, "epoch_sec": 1.4743306799791753}
{"variant": "B2", "dataset": "citeseer", "seed": 1, "epoch": 58, "loss": 0.024324210705259666, "valid_hits100": 0.8898678414096917, "test_hits100": 0.8571428571428571, "epoch_sec": 1.4672769261524081}
{"variant": "B2", "dataset": "citeseer", "seed": 1, "epoch": 59, "loss": 0.0246254409574338, "valid_hits100": 0.8898678414096917, "test_hits100": 0.8615384615384616, "epoch_sec": 1.4666462880559266}
{"variant": "B2", "dataset": "citeseer", "seed": 1, "epoch": 60, "loss": 0.0260712084863383, "valid_hits100": 0.8898678414096917, "test_hits100": 0.8637362637362638, "epoch_sec": 1.4395786356180906}
{"variant": "B2", "dataset": "citeseer", "seed": 1, "epoch": 61, "loss": 0.024649188394155305, "valid_hits100": 0.9074889867841409, "test_hits100": 0.8637362637362638, "epoch_sec": 1.445069834124297}
{"variant": "B2", "dataset": "citeseer", "seed": 1, "epoch": 62, "loss": 0.02284475740054935, "valid_hits100": 0.8986784140969163, "test_hits100": 0.8615384615384616, "epoch_sec": 1.4625558857806027}
{"variant": "B2", "dataset": "citeseer", "seed": 1, "epoch": 63, "loss": 0.025990855851684737, "valid_hits100": 0.9074889867841409, "test_hits100": 0.8725274725274725, "epoch_sec": 1.4974023811519146}
{"variant": "B2", "dataset": "citeseer", "seed": 1, "epoch": 64, "loss": 0.025309102203533322, "valid_hits100": 0.9030837004405287, "test_hits100": 0.865934065934066, "epoch_sec": 1.444284181110561}
{"variant": "B2", "dataset": "citeseer", "seed": 1, "epoch": 65, "loss": 0.017349318166573844, "valid_hits100": 0.8810572687224669, "test_hits100": 0.865934065934066, "epoch_sec": 1.4419128289446235}
{"variant": "B2", "dataset": "citeseer", "seed": 1, "epoch": 66, "loss": 0.020233250629801774, "valid_hits100": 0.8898678414096917, "test_hits100": 0.8637362637362638, "epoch_sec": 1.4460352938622236}
{"variant": "B2", "dataset": "citeseer", "seed": 1, "epoch": 67, "loss": 0.021723147106263066, "valid_hits100": 0.8854625550660793, "test_hits100": 0.8637362637362638, "epoch_sec": 1.5135423075407743}
{"variant": "B2", "dataset": "citeseer", "seed": 1, "epoch": 68, "loss": 0.021992147822674238, "valid_hits100": 0.9030837004405287, "test_hits100": 0.8681318681318682, "epoch_sec": 1.4459168137982488}
{"variant": "B2", "dataset": "citeseer", "seed": 1, "epoch": 69, "loss": 0.020133357171633448, "valid_hits100": 0.9074889867841409, "test_hits100": 0.8747252747252747, "epoch_sec": 1.4666169197298586}
{"variant": "B2", "dataset": "citeseer", "seed": 1, "epoch": 70, "loss": 0.017693332300668232, "valid_hits100": 0.9118942731277533, "test_hits100": 0.8813186813186813, "epoch_sec": 1.4553551543504}
{"variant": "B2", "dataset": "citeseer", "seed": 1, "epoch": 71, "loss": 0.03154616412882349, "valid_hits100": 0.8854625550660793, "test_hits100": 0.8637362637362638, "epoch_sec": 1.5010148221626878}
{"variant": "B2", "dataset": "citeseer", "seed": 1, "epoch": 72, "loss": 0.02365548613238165, "valid_hits100": 0.920704845814978, "test_hits100": 0.8725274725274725, "epoch_sec": 1.4396775430068374}
{"variant": "B2", "dataset": "citeseer", "seed": 1, "epoch": 73, "loss": 0.023286426750322182, "valid_hits100": 0.9118942731277533, "test_hits100": 0.8703296703296703, "epoch_sec": 1.4481762712821364}
{"variant": "B2", "dataset": "citeseer", "seed": 1, "epoch": 74, "loss": 0.020685050711613293, "valid_hits100": 0.9030837004405287, "test_hits100": 0.8703296703296703, "epoch_sec": 1.435229284223169}
{"variant": "B2", "dataset": "citeseer", "seed": 1, "epoch": 75, "loss": 0.022141616589339205, "valid_hits100": 0.9030837004405287, "test_hits100": 0.8725274725274725, "epoch_sec": 1.5200004950165749}
{"variant": "B2", "dataset": "citeseer", "seed": 1, "epoch": 76, "loss": 0.022016668716296362, "valid_hits100": 0.9030837004405287, "test_hits100": 0.8571428571428571, "epoch_sec": 1.4448678609915078}
{"variant": "B2", "dataset": "citeseer", "seed": 1, "epoch": 77, "loss": 0.020073324795667976, "valid_hits100": 0.9251101321585903, "test_hits100": 0.8593406593406593, "epoch_sec": 1.4451267924159765}
{"variant": "B2", "dataset": "citeseer", "seed": 1, "epoch": 78, "loss": 0.018256142758583838, "valid_hits100": 0.920704845814978, "test_hits100": 0.865934065934066, "epoch_sec": 1.4440880077891052}
{"variant": "B2", "dataset": "citeseer", "seed": 1, "epoch": 79, "loss": 0.023683881493001328, "valid_hits100": 0.9074889867841409, "test_hits100": 0.8637362637362638, "epoch_sec": 1.505354390013963}
{"variant": "B2", "dataset": "citeseer", "seed": 1, "epoch": 80, "loss": 0.018550606051734253, "valid_hits100": 0.920704845814978, "test_hits100": 0.8637362637362638, "epoch_sec": 1.4697339767590165}
{"variant": "B2", "dataset": "citeseer", "seed": 1, "epoch": 81, "loss": 0.024225949762673032, "valid_hits100": 0.9030837004405287, "test_hits100": 0.8681318681318682, "epoch_sec": 1.4945957488380373}
{"variant": "B2", "dataset": "citeseer", "seed": 1, "epoch": 82, "loss": 0.021643178007091354, "valid_hits100": 0.9118942731277533, "test_hits100": 0.8791208791208791, "epoch_sec": 1.4669272019527853}
{"variant": "B2", "dataset": "citeseer", "seed": 1, "epoch": 83, "loss": 0.01739664568014693, "valid_hits100": 0.9074889867841409, "test_hits100": 0.8615384615384616, "epoch_sec": 1.5221202499233186}
{"variant": "B2", "dataset": "citeseer", "seed": 1, "epoch": 84, "loss": 0.019044151033926995, "valid_hits100": 0.9251101321585903, "test_hits100": 0.8681318681318682, "epoch_sec": 1.4858036856167018}
{"variant": "B2", "dataset": "citeseer", "seed": 1, "epoch": 85, "loss": 0.018234343065829703, "valid_hits100": 0.920704845814978, "test_hits100": 0.865934065934066, "epoch_sec": 1.4687053938396275}
{"variant": "B2", "dataset": "citeseer", "seed": 1, "epoch": 86, "loss": 0.02138717789251059, "valid_hits100": 0.920704845814978, "test_hits100": 0.8703296703296703, "epoch_sec": 1.4676083396188915}
{"variant": "B2", "dataset": "citeseer", "seed": 1, "epoch": 87, "loss": 0.022475197100747156, "valid_hits100": 0.9074889867841409, "test_hits100": 0.865934065934066, "epoch_sec": 1.5039730919525027}
{"variant": "B2", "dataset": "citeseer", "seed": 1, "epoch": 88, "loss": 0.02513787071449196, "valid_hits100": 0.9118942731277533, "test_hits100": 0.8615384615384616, "epoch_sec": 1.475189473014325}
{"variant": "B2", "dataset": "citeseer", "seed": 1, "epoch": 89, "loss": 0.019887272233879844, "valid_hits100": 0.9162995594713657, "test_hits100": 0.8505494505494505, "epoch_sec": 1.4600808238610625}
{"variant": "B2", "dataset": "citeseer", "seed": 1, "epoch": 90, "loss": 0.01968884963243815, "valid_hits100": 0.9162995594713657, "test_hits100": 0.8593406593406593, "epoch_sec": 1.4569089659489691}
{"variant": "B2", "dataset": "citeseer", "seed": 1, "epoch": 91, "loss": 0.031687231073083806, "valid_hits100": 0.9295154185022027, "test_hits100": 0.8703296703296703, "epoch_sec": 1.5129031669348478}
{"variant": "B2", "dataset": "citeseer", "seed": 1, "epoch": 92, "loss": 0.02186591388123442, "valid_hits100": 0.933920704845815, "test_hits100": 0.8725274725274725, "epoch_sec": 1.4418412172235548}
{"variant": "B2", "dataset": "citeseer", "seed": 1, "epoch": 93, "loss": 0.02024999775921382, "valid_hits100": 0.9251101321585903, "test_hits100": 0.8703296703296703, "epoch_sec": 1.4721448146738112}
{"variant": "B2", "dataset": "citeseer", "seed": 1, "epoch": 94, "loss": 0.02125600067085228, "valid_hits100": 0.933920704845815, "test_hits100": 0.8593406593406593, "epoch_sec": 1.460180388763547}
{"variant": "B2", "dataset": "citeseer", "seed": 1, "epoch": 95, "loss": 0.0200604373054911, "valid_hits100": 0.920704845814978, "test_hits100": 0.8549450549450549, "epoch_sec": 1.5054425350390375}
{"variant": "B2", "dataset": "citeseer", "seed": 1, "epoch": 96, "loss": 0.024072324882143534, "valid_hits100": 0.9162995594713657, "test_hits100": 0.8527472527472527, "epoch_sec": 1.4418785101734102}
{"variant": "B2", "dataset": "citeseer", "seed": 1, "epoch": 97, "loss": 0.024121701266395183, "valid_hits100": 0.9251101321585903, "test_hits100": 0.8615384615384616, "epoch_sec": 1.442812875378877}
{"variant": "B2", "dataset": "citeseer", "seed": 1, "epoch": 98, "loss": 0.02127174525990967, "valid_hits100": 0.9162995594713657, "test_hits100": 0.8593406593406593, "epoch_sec": 1.4502601600252092}
{"variant": "B2", "dataset": "citeseer", "seed": 1, "epoch": 99, "loss": 0.02154371572396109, "valid_hits100": 0.9295154185022027, "test_hits100": 0.8571428571428571, "epoch_sec": 1.5241173538379371}
{"variant": "B2", "dataset": "citeseer", "seed": 1, "epoch": 100, "loss": 0.02237678893507297, "valid_hits100": 0.9118942731277533, "test_hits100": 0.8483516483516483, "epoch_sec": 1.4439525050111115}
{"completed": "/home/ubuntu/HL-GNN-PDG-V0-exp/results/hlgnn_pdg_v0/citeseer/B2/seed1.json", "best_epoch": 2, "best_metrics": {"Hits@10_valid": 0.8546255506607929, "Hits@10_test": 0.7912087912087912, "Hits@50_valid": 0.9647577092511013, "Hits@50_test": 0.9406593406593406, "Hits@100_valid": 0.9911894273127754, "Hits@100_test": 0.9736263736263736, "Hits@100_train": 1.0}, "total_runtime_sec": 147.9631443778053}
