/home/ubuntu/anaconda3/envs/mei_env/lib/python3.11/site-packages/torch/cuda/__init__.py:63: FutureWarning: The pynvml package is deprecated. Please install nvidia-ml-py instead. If you did not install pynvml directly, please report this to the maintainers of the package that installed pynvml for you.
  import pynvml  # type: ignore[import]
/home/ubuntu/anaconda3/envs/mei_env/lib/python3.11/site-packages/torch_geometric/deprecation.py:26: UserWarning: 'train_test_split_edges' is deprecated, use 'transforms.RandomLinkSplit' instead
  warnings.warn(out)
{"variant": "B1", "dataset": "citeseer", "seed": 0, "epoch": 1, "loss": 1.1059181259584057, "valid_hits100": 0.973568281938326, "test_hits100": 0.9736263736263736, "epoch_sec": 1.8328197812661529}
{"variant": "B1", "dataset": "citeseer", "seed": 0, "epoch": 2, "loss": 0.45849274943657314, "valid_hits100": 0.947136563876652, "test_hits100": 0.9406593406593406, "epoch_sec": 1.3778934539295733}
{"variant": "B1", "dataset": "citeseer", "seed": 0, "epoch": 3, "loss": 0.14265243186584123, "valid_hits100": 0.9515418502202643, "test_hits100": 0.9230769230769231, "epoch_sec": 1.4313121507875621}
{"variant": "B1", "dataset": "citeseer", "seed": 0, "epoch": 4, "loss": 0.1044189028191628, "valid_hits100": 0.9515418502202643, "test_hits100": 0.8967032967032967, "epoch_sec": 1.3817583578638732}
{"variant": "B1", "dataset": "citeseer", "seed": 0, "epoch": 5, "loss": 0.10214557810193192, "valid_hits100": 0.9515418502202643, "test_hits100": 0.9032967032967033, "epoch_sec": 1.4070789483375847}
{"variant": "B1", "dataset": "citeseer", "seed": 0, "epoch": 6, "loss": 0.08552954600358656, "valid_hits100": 0.947136563876652, "test_hits100": 0.9274725274725275, "epoch_sec": 1.3843575906939805}
{"variant": "B1", "dataset": "citeseer", "seed": 0, "epoch": 7, "loss": 0.05954598965801934, "valid_hits100": 0.9427312775330396, "test_hits100": 0.9296703296703297, "epoch_sec": 1.442632301710546}
{"variant": "B1", "dataset": "citeseer", "seed": 0, "epoch": 8, "loss": 0.06028289359053284, "valid_hits100": 0.9383259911894273, "test_hits100": 0.9164835164835164, "epoch_sec": 1.4040407440625131}
{"variant": "B1", "dataset": "citeseer", "seed": 0, "epoch": 9, "loss": 0.056631058637408936, "valid_hits100": 0.920704845814978, "test_hits100": 0.8945054945054945, "epoch_sec": 1.3828199747949839}
{"variant": "B1", "dataset": "citeseer", "seed": 0, "epoch": 10, "loss": 0.03705299340900833, "valid_hits100": 0.9251101321585903, "test_hits100": 0.8989010989010989, "epoch_sec": 1.3854675707407296}
{"variant": "B1", "dataset": "citeseer", "seed": 0, "epoch": 11, "loss": 0.044396254676334, "valid_hits100": 0.9118942731277533, "test_hits100": 0.8967032967032967, "epoch_sec": 1.4080429822206497}
{"variant": "B1", "dataset": "citeseer", "seed": 0, "epoch": 12, "loss": 0.03341066818636209, "valid_hits100": 0.920704845814978, "test_hits100": 0.8835164835164835, "epoch_sec": 1.4290840439498425}
{"variant": "B1", "dataset": "citeseer", "seed": 0, "epoch": 13, "loss": 0.037846063545276955, "valid_hits100": 0.9251101321585903, "test_hits100": 0.8901098901098901, "epoch_sec": 1.3800026387907565}
{"variant": "B1", "dataset": "citeseer", "seed": 0, "epoch": 14, "loss": 0.0418415764640314, "valid_hits100": 0.920704845814978, "test_hits100": 0.8835164835164835, "epoch_sec": 1.3787974123843014}
{"variant": "B1", "dataset": "citeseer", "seed": 0, "epoch": 15, "loss": 0.030184724690147147, "valid_hits100": 0.9251101321585903, "test_hits100": 0.8813186813186813, "epoch_sec": 1.3791610389016569}
{"variant": "B1", "dataset": "citeseer", "seed": 0, "epoch": 16, "loss": 0.025557792976075057, "valid_hits100": 0.9251101321585903, "test_hits100": 0.8593406593406593, "epoch_sec": 1.4583216193132102}
{"variant": "B1", "dataset": "citeseer", "seed": 0, "epoch": 17, "loss": 0.026653528787214935, "valid_hits100": 0.920704845814978, "test_hits100": 0.8571428571428571, "epoch_sec": 1.3984894300810993}
{"variant": "B1", "dataset": "citeseer", "seed": 0, "epoch": 18, "loss": 0.03680387477965626, "valid_hits100": 0.9162995594713657, "test_hits100": 0.8461538461538461, "epoch_sec": 1.4483921509236097}
{"variant": "B1", "dataset": "citeseer", "seed": 0, "epoch": 19, "loss": 0.04154947165313155, "valid_hits100": 0.9295154185022027, "test_hits100": 0.865934065934066, "epoch_sec": 1.3898821170441806}
{"variant": "B1", "dataset": "citeseer", "seed": 0, "epoch": 20, "loss": 0.03238477574454413, "valid_hits100": 0.9295154185022027, "test_hits100": 0.8637362637362638, "epoch_sec": 1.4414357249625027}
{"variant": "B1", "dataset": "citeseer", "seed": 0, "epoch": 21, "loss": 0.045710065878099865, "valid_hits100": 0.9295154185022027, "test_hits100": 0.8461538461538461, "epoch_sec": 1.3825452323071659}
{"variant": "B1", "dataset": "citeseer", "seed": 0, "epoch": 22, "loss": 0.03922711443300395, "valid_hits100": 0.933920704845815, "test_hits100": 0.8571428571428571, "epoch_sec": 1.396403375081718}
{"variant": "B1", "dataset": "citeseer", "seed": 0, "epoch": 23, "loss": 0.03263238735054198, "valid_hits100": 0.9030837004405287, "test_hits100": 0.8483516483516483, "epoch_sec": 1.3968372731469572}
{"variant": "B1", "dataset": "citeseer", "seed": 0, "epoch": 24, "loss": 0.02655694486635908, "valid_hits100": 0.920704845814978, "test_hits100": 0.865934065934066, "epoch_sec": 1.4669037288986146}
{"variant": "B1", "dataset": "citeseer", "seed": 0, "epoch": 25, "loss": 0.03010323706975818, "valid_hits100": 0.9295154185022027, "test_hits100": 0.8505494505494505, "epoch_sec": 1.3870767601765692}
{"variant": "B1", "dataset": "citeseer", "seed": 0, "epoch": 26, "loss": 0.03120208879504401, "valid_hits100": 0.9251101321585903, "test_hits100": 0.8461538461538461, "epoch_sec": 1.3924664449878037}
{"variant": "B1", "dataset": "citeseer", "seed": 0, "epoch": 27, "loss": 0.033103788479950845, "valid_hits100": 0.9295154185022027, "test_hits100": 0.8461538461538461, "epoch_sec": 1.384207553230226}
{"variant": "B1", "dataset": "citeseer", "seed": 0, "epoch": 28, "loss": 0.030444381227211433, "valid_hits100": 0.9295154185022027, "test_hits100": 0.8483516483516483, "epoch_sec": 1.4460621820762753}
{"variant": "B1", "dataset": "citeseer", "seed": 0, "epoch": 29, "loss": 0.030253468280614808, "valid_hits100": 0.9074889867841409, "test_hits100": 0.8483516483516483, "epoch_sec": 1.3980980194173753}
{"variant": "B1", "dataset": "citeseer", "seed": 0, "epoch": 30, "loss": 0.026595159621009223, "valid_hits100": 0.9251101321585903, "test_hits100": 0.8593406593406593, "epoch_sec": 1.4127398002892733}
{"variant": "B1", "dataset": "citeseer", "seed": 0, "epoch": 31, "loss": 0.026029092162963032, "valid_hits100": 0.9162995594713657, "test_hits100": 0.8527472527472527, "epoch_sec": 1.3870986280962825}
{"variant": "B1", "dataset": "citeseer", "seed": 0, "epoch": 32, "loss": 0.029529485591622287, "valid_hits100": 0.9074889867841409, "test_hits100": 0.8571428571428571, "epoch_sec": 1.4151885439641774}
{"variant": "B1", "dataset": "citeseer", "seed": 0, "epoch": 33, "loss": 0.0288646538070468, "valid_hits100": 0.9118942731277533, "test_hits100": 0.8417582417582418, "epoch_sec": 1.4038510657846928}
{"variant": "B1", "dataset": "citeseer", "seed": 0, "epoch": 34, "loss": 0.029165367094814314, "valid_hits100": 0.920704845814978, "test_hits100": 0.8395604395604396, "epoch_sec": 1.3881244035437703}
{"variant": "B1", "dataset": "citeseer", "seed": 0, "epoch": 35, "loss": 0.025650603576378, "valid_hits100": 0.9162995594713657, "test_hits100": 0.8395604395604396, "epoch_sec": 1.3826574892736971}
{"variant": "B1", "dataset": "citeseer", "seed": 0, "epoch": 36, "loss": 0.02417375817317371, "valid_hits100": 0.9118942731277533, "test_hits100": 0.843956043956044, "epoch_sec": 1.390781310852617}
{"variant": "B1", "dataset": "citeseer", "seed": 0, "epoch": 37, "loss": 0.027221045914546462, "valid_hits100": 0.9162995594713657, "test_hits100": 0.832967032967033, "epoch_sec": 1.4536320390179753}
{"variant": "B1", "dataset": "citeseer", "seed": 0, "epoch": 38, "loss": 0.020039155558521742, "valid_hits100": 0.9295154185022027, "test_hits100": 0.8549450549450549, "epoch_sec": 1.3848191951401532}
{"variant": "B1", "dataset": "citeseer", "seed": 0, "epoch": 39, "loss": 0.023777716487492086, "valid_hits100": 0.920704845814978, "test_hits100": 0.8483516483516483, "epoch_sec": 1.4019344970583916}
{"variant": "B1", "dataset": "citeseer", "seed": 0, "epoch": 40, "loss": 0.024532203147192642, "valid_hits100": 0.9162995594713657, "test_hits100": 0.8505494505494505, "epoch_sec": 1.3850833238102496}
{"variant": "B1", "dataset": "citeseer", "seed": 0, "epoch": 41, "loss": 0.01990096891149686, "valid_hits100": 0.920704845814978, "test_hits100": 0.8395604395604396, "epoch_sec": 1.4366297931410372}
{"variant": "B1", "dataset": "citeseer", "seed": 0, "epoch": 42, "loss": 0.024722213386642225, "valid_hits100": 0.9030837004405287, "test_hits100": 0.8241758241758241, "epoch_sec": 1.3809442119672894}
{"variant": "B1", "dataset": "citeseer", "seed": 0, "epoch": 43, "loss": 0.02236793850733867, "valid_hits100": 0.9074889867841409, "test_hits100": 0.8417582417582418, "epoch_sec": 1.4247161131352186}
{"variant": "B1", "dataset": "citeseer", "seed": 0, "epoch": 44, "loss": 0.02050666140695644, "valid_hits100": 0.9074889867841409, "test_hits100": 0.832967032967033, "epoch_sec": 1.382682928815484}
{"variant": "B1", "dataset": "citeseer", "seed": 0, "epoch": 45, "loss": 0.019357916828273803, "valid_hits100": 0.9074889867841409, "test_hits100": 0.8263736263736263, "epoch_sec": 1.4178043762221932}
{"variant": "B1", "dataset": "citeseer", "seed": 0, "epoch": 46, "loss": 0.022447596215077456, "valid_hits100": 0.9030837004405287, "test_hits100": 0.8219780219780219, "epoch_sec": 1.402714320924133}
{"variant": "B1", "dataset": "citeseer", "seed": 0, "epoch": 47, "loss": 0.02150753116480602, "valid_hits100": 0.9074889867841409, "test_hits100": 0.832967032967033, "epoch_sec": 1.3880585082806647}
{"variant": "B1", "dataset": "citeseer", "seed": 0, "epoch": 48, "loss": 0.022636568482763082, "valid_hits100": 0.8986784140969163, "test_hits100": 0.8373626373626374, "epoch_sec": 1.3814900759607553}
{"variant": "B1", "dataset": "citeseer", "seed": 0, "epoch": 49, "loss": 0.02509703010282159, "valid_hits100": 0.8986784140969163, "test_hits100": 0.8395604395604396, "epoch_sec": 1.4024138427339494}
{"variant": "B1", "dataset": "citeseer", "seed": 0, "epoch": 50, "loss": 0.015438014635628508, "valid_hits100": 0.9074889867841409, "test_hits100": 0.8351648351648352, "epoch_sec": 1.4307909049093723}
{"variant": "B1", "dataset": "citeseer", "seed": 0, "epoch": 51, "loss": 0.016393404463618918, "valid_hits100": 0.9251101321585903, "test_hits100": 0.8483516483516483, "epoch_sec": 1.3798525389283895}
{"variant": "B1", "dataset": "citeseer", "seed": 0, "epoch": 52, "loss": 0.01894883816671926, "valid_hits100": 0.920704845814978, "test_hits100": 0.8219780219780219, "epoch_sec": 1.3824830208905041}
{"variant": "B1", "dataset": "citeseer", "seed": 0, "epoch": 53, "loss": 0.019823232774913928, "valid_hits100": 0.9074889867841409, "test_hits100": 0.8373626373626374, "epoch_sec": 1.3814400197006762}
{"variant": "B1", "dataset": "citeseer", "seed": 0, "epoch": 54, "loss": 0.02037419847065934, "valid_hits100": 0.9074889867841409, "test_hits100": 0.8373626373626374, "epoch_sec": 1.4452469139359891}
{"variant": "B1", "dataset": "citeseer", "seed": 0, "epoch": 55, "loss": 0.019208413662836533, "valid_hits100": 0.9074889867841409, "test_hits100": 0.843956043956044, "epoch_sec": 1.4018635037355125}
{"variant": "B1", "dataset": "citeseer", "seed": 0, "epoch": 56, "loss": 0.017615962436648917, "valid_hits100": 0.8986784140969163, "test_hits100": 0.832967032967033, "epoch_sec": 1.424424379132688}
{"variant": "B1", "dataset": "citeseer", "seed": 0, "epoch": 57, "loss": 0.02182745757568098, "valid_hits100": 0.8942731277533039, "test_hits100": 0.8263736263736263, "epoch_sec": 1.3842768669128418}
{"variant": "B1", "dataset": "citeseer", "seed": 0, "epoch": 58, "loss": 0.02298058176495, "valid_hits100": 0.9030837004405287, "test_hits100": 0.8263736263736263, "epoch_sec": 1.4684971868991852}
{"variant": "B1", "dataset": "citeseer", "seed": 0, "epoch": 59, "loss": 0.021997452769861665, "valid_hits100": 0.9074889867841409, "test_hits100": 0.832967032967033, "epoch_sec": 1.3846006272360682}
{"variant": "B1", "dataset": "citeseer", "seed": 0, "epoch": 60, "loss": 0.020031728377945972, "valid_hits100": 0.9118942731277533, "test_hits100": 0.8417582417582418, "epoch_sec": 1.3830456458963454}
{"variant": "B1", "dataset": "citeseer", "seed": 0, "epoch": 61, "loss": 0.015678965992436237, "valid_hits100": 0.9030837004405287, "test_hits100": 0.8417582417582418, "epoch_sec": 1.382272760849446}
{"variant": "B1", "dataset": "citeseer", "seed": 0, "epoch": 62, "loss": 0.019725887354184183, "valid_hits100": 0.8942731277533039, "test_hits100": 0.8307692307692308, "epoch_sec": 1.4601571126841009}
{"variant": "B1", "dataset": "citeseer", "seed": 0, "epoch": 63, "loss": 0.023979109521830112, "valid_hits100": 0.920704845814978, "test_hits100": 0.8351648351648352, "epoch_sec": 1.3913896130397916}
{"variant": "B1", "dataset": "citeseer", "seed": 0, "epoch": 64, "loss": 0.02151459529322093, "valid_hits100": 0.920704845814978, "test_hits100": 0.8285714285714286, "epoch_sec": 1.3815996227785945}
{"variant": "B1", "dataset": "citeseer", "seed": 0, "epoch": 65, "loss": 0.01848800617922338, "valid_hits100": 0.920704845814978, "test_hits100": 0.843956043956044, "epoch_sec": 1.3819794761948287}
{"variant": "B1", "dataset": "citeseer", "seed": 0, "epoch": 66, "loss": 0.01648977757251078, "valid_hits100": 0.9030837004405287, "test_hits100": 0.8153846153846154, "epoch_sec": 1.4280311609618366}
{"variant": "B1", "dataset": "citeseer", "seed": 0, "epoch": 67, "loss": 0.02184283621127907, "valid_hits100": 0.8942731277533039, "test_hits100": 0.8175824175824176, "epoch_sec": 1.3773158369585872}
{"variant": "B1", "dataset": "citeseer", "seed": 0, "epoch": 68, "loss": 0.021449373679798704, "valid_hits100": 0.9118942731277533, "test_hits100": 0.8307692307692308, "epoch_sec": 1.4064304628409445}
{"variant": "B1", "dataset": "citeseer", "seed": 0, "epoch": 69, "loss": 0.018527894904620427, "valid_hits100": 0.8942731277533039, "test_hits100": 0.8307692307692308, "epoch_sec": 1.3792966441251338}
{"variant": "B1", "dataset": "citeseer", "seed": 0, "epoch": 70, "loss": 0.016397529838544145, "valid_hits100": 0.8898678414096917, "test_hits100": 0.8153846153846154, "epoch_sec": 1.4124423172324896}
{"variant": "B1", "dataset": "citeseer", "seed": 0, "epoch": 71, "loss": 0.02251879844034827, "valid_hits100": 0.8986784140969163, "test_hits100": 0.8043956043956044, "epoch_sec": 1.396269011311233}
{"variant": "B1", "dataset": "citeseer", "seed": 0, "epoch": 72, "loss": 0.021984233140935807, "valid_hits100": 0.8810572687224669, "test_hits100": 0.810989010989011, "epoch_sec": 1.3743032729253173}
{"variant": "B1", "dataset": "citeseer", "seed": 0, "epoch": 73, "loss": 0.020237509784040833, "valid_hits100": 0.8810572687224669, "test_hits100": 0.8087912087912088, "epoch_sec": 1.3882007668726146}
{"variant": "B1", "dataset": "citeseer", "seed": 0, "epoch": 74, "loss": 0.018698946103569147, "valid_hits100": 0.8942731277533039, "test_hits100": 0.8065934065934066, "epoch_sec": 1.377160644158721}
{"variant": "B1", "dataset": "citeseer", "seed": 0, "epoch": 75, "loss": 0.01974896966871981, "valid_hits100": 0.8854625550660793, "test_hits100": 0.8131868131868132, "epoch_sec": 1.4043298522010446}
{"variant": "B1", "dataset": "citeseer", "seed": 0, "epoch": 76, "loss": 0.013992491009276967, "valid_hits100": 0.8854625550660793, "test_hits100": 0.8219780219780219, "epoch_sec": 1.3884080811403692}
{"variant": "B1", "dataset": "citeseer", "seed": 0, "epoch": 77, "loss": 0.025002062934852694, "valid_hits100": 0.8810572687224669, "test_hits100": 0.8065934065934066, "epoch_sec": 1.3766616922803223}
{"variant": "B1", "dataset": "citeseer", "seed": 0, "epoch": 78, "loss": 0.015923309951385325, "valid_hits100": 0.8766519823788547, "test_hits100": 0.8175824175824176, "epoch_sec": 1.3733094381168485}
{"variant": "B1", "dataset": "citeseer", "seed": 0, "epoch": 79, "loss": 0.018680678862471913, "valid_hits100": 0.8722466960352423, "test_hits100": 0.8087912087912088, "epoch_sec": 1.4398465417325497}
{"variant": "B1", "dataset": "citeseer", "seed": 0, "epoch": 80, "loss": 0.018460891137828506, "valid_hits100": 0.8810572687224669, "test_hits100": 0.8219780219780219, "epoch_sec": 1.3774831122718751}
{"variant": "B1", "dataset": "citeseer", "seed": 0, "epoch": 81, "loss": 0.017229153233212093, "valid_hits100": 0.8722466960352423, "test_hits100": 0.8131868131868132, "epoch_sec": 1.3928549252450466}
{"variant": "B1", "dataset": "citeseer", "seed": 0, "epoch": 82, "loss": 0.017946546199401836, "valid_hits100": 0.8854625550660793, "test_hits100": 0.8043956043956044, "epoch_sec": 1.3724475279450417}
{"variant": "B1", "dataset": "citeseer", "seed": 0, "epoch": 83, "loss": 0.011364683887658962, "valid_hits100": 0.8810572687224669, "test_hits100": 0.8087912087912088, "epoch_sec": 1.431707362178713}
{"variant": "B1", "dataset": "citeseer", "seed": 0, "epoch": 84, "loss": 0.01680413810897243, "valid_hits100": 0.8722466960352423, "test_hits100": 0.8043956043956044, "epoch_sec": 1.3752250871621072}
{"variant": "B1", "dataset": "citeseer", "seed": 0, "epoch": 85, "loss": 0.011521496151114311, "valid_hits100": 0.8854625550660793, "test_hits100": 0.8175824175824176, "epoch_sec": 1.3788120541721582}
{"variant": "B1", "dataset": "citeseer", "seed": 0, "epoch": 86, "loss": 0.01694929545278389, "valid_hits100": 0.8634361233480177, "test_hits100": 0.8065934065934066, "epoch_sec": 1.3746854453347623}
{"variant": "B1", "dataset": "citeseer", "seed": 0, "epoch": 87, "loss": 0.013632028416107176, "valid_hits100": 0.8678414096916299, "test_hits100": 0.8285714285714286, "epoch_sec": 1.4172536320984364}
{"variant": "B1", "dataset": "citeseer", "seed": 0, "epoch": 88, "loss": 0.017764282083615315, "valid_hits100": 0.8722466960352423, "test_hits100": 0.8219780219780219, "epoch_sec": 1.3969038692303002}
{"variant": "B1", "dataset": "citeseer", "seed": 0, "epoch": 89, "loss": 0.013568871649275763, "valid_hits100": 0.8634361233480177, "test_hits100": 0.8065934065934066, "epoch_sec": 1.3770478046499193}
{"variant": "B1", "dataset": "citeseer", "seed": 0, "epoch": 90, "loss": 0.015267695748374752, "valid_hits100": 0.8678414096916299, "test_hits100": 0.8175824175824176, "epoch_sec": 1.375055112875998}
{"variant": "B1", "dataset": "citeseer", "seed": 0, "epoch": 91, "loss": 0.015527361630430826, "valid_hits100": 0.8590308370044053, "test_hits100": 0.8197802197802198, "epoch_sec": 1.3808003510348499}
{"variant": "B1", "dataset": "citeseer", "seed": 0, "epoch": 92, "loss": 0.014404133116244038, "valid_hits100": 0.8678414096916299, "test_hits100": 0.8351648351648352, "epoch_sec": 1.427644057199359}
{"variant": "B1", "dataset": "citeseer", "seed": 0, "epoch": 93, "loss": 0.01786810892323653, "valid_hits100": 0.8678414096916299, "test_hits100": 0.8241758241758241, "epoch_sec": 1.3766364809125662}
{"variant": "B1", "dataset": "citeseer", "seed": 0, "epoch": 94, "loss": 0.020073708672394126, "valid_hits100": 0.8722466960352423, "test_hits100": 0.832967032967033, "epoch_sec": 1.4336842340417206}
{"variant": "B1", "dataset": "citeseer", "seed": 0, "epoch": 95, "loss": 0.009228164796026794, "valid_hits100": 0.8678414096916299, "test_hits100": 0.8307692307692308, "epoch_sec": 1.374117136001587}
{"variant": "B1", "dataset": "citeseer", "seed": 0, "epoch": 96, "loss": 0.016277221850184508, "valid_hits100": 0.8766519823788547, "test_hits100": 0.832967032967033, "epoch_sec": 1.4425648511387408}
{"variant": "B1", "dataset": "citeseer", "seed": 0, "epoch": 97, "loss": 0.015019503772951836, "valid_hits100": 0.8766519823788547, "test_hits100": 0.8285714285714286, "epoch_sec": 1.4023777171969414}
{"variant": "B1", "dataset": "citeseer", "seed": 0, "epoch": 98, "loss": 0.018797481951402448, "valid_hits100": 0.8546255506607929, "test_hits100": 0.8241758241758241, "epoch_sec": 1.3750543761998415}
{"variant": "B1", "dataset": "citeseer", "seed": 0, "epoch": 99, "loss": 0.01049988604793253, "valid_hits100": 0.8546255506607929, "test_hits100": 0.8153846153846154, "epoch_sec": 1.385204060934484}
{"variant": "B1", "dataset": "citeseer", "seed": 0, "epoch": 100, "loss": 0.012070069558802963, "valid_hits100": 0.8590308370044053, "test_hits100": 0.8197802197802198, "epoch_sec": 1.4527462292462587}
{"completed": "/home/ubuntu/HL-GNN-PDG-V0-exp/results/hlgnn_pdg_v0/citeseer/B1/seed0.json", "best_epoch": 1, "best_metrics": {"Hits@10_valid": 0.7709251101321586, "Hits@10_test": 0.6, "Hits@50_valid": 0.9559471365638766, "Hits@50_test": 0.9164835164835164, "Hits@100_valid": 0.973568281938326, "Hits@100_test": 0.9736263736263736, "Hits@100_train": 1.0}, "total_runtime_sec": 141.02893224963918}
