/home/ubuntu/anaconda3/envs/mei_env/lib/python3.11/site-packages/torch/cuda/__init__.py:63: FutureWarning: The pynvml package is deprecated. Please install nvidia-ml-py instead. If you did not install pynvml directly, please report this to the maintainers of the package that installed pynvml for you.
  import pynvml  # type: ignore[import]
/home/ubuntu/anaconda3/envs/mei_env/lib/python3.11/site-packages/torch_geometric/deprecation.py:26: UserWarning: 'train_test_split_edges' is deprecated, use 'transforms.RandomLinkSplit' instead
  warnings.warn(out)
{"variant": "B0", "dataset": "citeseer", "seed": 1, "epoch": 1, "loss": 1.1150347419487414, "valid_hits100": 0.9911894273127754, "test_hits100": 0.978021978021978, "epoch_sec": 1.84100022027269}
{"variant": "B0", "dataset": "citeseer", "seed": 1, "epoch": 2, "loss": 0.6271567401805898, "valid_hits100": 0.9955947136563876, "test_hits100": 0.967032967032967, "epoch_sec": 1.3811534880660474}
{"variant": "B0", "dataset": "citeseer", "seed": 1, "epoch": 3, "loss": 0.26598126311095804, "valid_hits100": 0.9647577092511013, "test_hits100": 0.9406593406593406, "epoch_sec": 1.4426573081873357}
{"variant": "B0", "dataset": "citeseer", "seed": 1, "epoch": 4, "loss": 0.09778869959119062, "valid_hits100": 0.9559471365638766, "test_hits100": 0.9318681318681319, "epoch_sec": 1.3722301069647074}
{"variant": "B0", "dataset": "citeseer", "seed": 1, "epoch": 5, "loss": 0.08674501062248104, "valid_hits100": 0.9559471365638766, "test_hits100": 0.9120879120879121, "epoch_sec": 1.3758034789934754}
{"variant": "B0", "dataset": "citeseer", "seed": 1, "epoch": 6, "loss": 0.07518639493858784, "valid_hits100": 0.9691629955947136, "test_hits100": 0.9120879120879121, "epoch_sec": 1.4283196567557752}
{"variant": "B0", "dataset": "citeseer", "seed": 1, "epoch": 7, "loss": 0.06556668198770947, "valid_hits100": 0.9691629955947136, "test_hits100": 0.9142857142857143, "epoch_sec": 1.4469873560592532}
{"variant": "B0", "dataset": "citeseer", "seed": 1, "epoch": 8, "loss": 0.04756536598122397, "valid_hits100": 0.947136563876652, "test_hits100": 0.9076923076923077, "epoch_sec": 1.3721588058397174}
{"variant": "B0", "dataset": "citeseer", "seed": 1, "epoch": 9, "loss": 0.051433318610801255, "valid_hits100": 0.9559471365638766, "test_hits100": 0.9054945054945055, "epoch_sec": 1.3796241478994489}
{"variant": "B0", "dataset": "citeseer", "seed": 1, "epoch": 10, "loss": 0.04983206607536136, "valid_hits100": 0.9559471365638766, "test_hits100": 0.8923076923076924, "epoch_sec": 1.3778823418542743}
{"variant": "B0", "dataset": "citeseer", "seed": 1, "epoch": 11, "loss": 0.04473429017481262, "valid_hits100": 0.9559471365638766, "test_hits100": 0.9054945054945055, "epoch_sec": 1.433278133161366}
{"variant": "B0", "dataset": "citeseer", "seed": 1, "epoch": 12, "loss": 0.04212748045222088, "valid_hits100": 0.9647577092511013, "test_hits100": 0.8901098901098901, "epoch_sec": 1.4009644729085267}
{"variant": "B0", "dataset": "citeseer", "seed": 1, "epoch": 13, "loss": 0.03260705998547626, "valid_hits100": 0.947136563876652, "test_hits100": 0.8901098901098901, "epoch_sec": 1.3727238150313497}
{"variant": "B0", "dataset": "citeseer", "seed": 1, "epoch": 14, "loss": 0.03214815791301641, "valid_hits100": 0.9427312775330396, "test_hits100": 0.8945054945054945, "epoch_sec": 1.3848272440955043}
{"variant": "B0", "dataset": "citeseer", "seed": 1, "epoch": 15, "loss": 0.03301296765490096, "valid_hits100": 0.9383259911894273, "test_hits100": 0.865934065934066, "epoch_sec": 1.411735231988132}
{"variant": "B0", "dataset": "citeseer", "seed": 1, "epoch": 16, "loss": 0.031740934618818516, "valid_hits100": 0.9427312775330396, "test_hits100": 0.8681318681318682, "epoch_sec": 1.4035152597352862}
{"variant": "B0", "dataset": "citeseer", "seed": 1, "epoch": 17, "loss": 0.041301284936432384, "valid_hits100": 0.9427312775330396, "test_hits100": 0.8593406593406593, "epoch_sec": 1.3708913857117295}
{"variant": "B0", "dataset": "citeseer", "seed": 1, "epoch": 18, "loss": 0.03064879832803741, "valid_hits100": 0.933920704845815, "test_hits100": 0.8593406593406593, "epoch_sec": 1.3832058450207114}
{"variant": "B0", "dataset": "citeseer", "seed": 1, "epoch": 19, "loss": 0.030362796471562495, "valid_hits100": 0.9383259911894273, "test_hits100": 0.8637362637362638, "epoch_sec": 1.4140556557103992}
{"variant": "B0", "dataset": "citeseer", "seed": 1, "epoch": 20, "loss": 0.036774311848081054, "valid_hits100": 0.947136563876652, "test_hits100": 0.8945054945054945, "epoch_sec": 1.4091423000209033}
{"variant": "B0", "dataset": "citeseer", "seed": 1, "epoch": 21, "loss": 0.027167658421189286, "valid_hits100": 0.9427312775330396, "test_hits100": 0.8945054945054945, "epoch_sec": 1.3764337277971208}
{"variant": "B0", "dataset": "citeseer", "seed": 1, "epoch": 22, "loss": 0.03360142858376491, "valid_hits100": 0.933920704845815, "test_hits100": 0.9098901098901099, "epoch_sec": 1.3863037158735096}
{"variant": "B0", "dataset": "citeseer", "seed": 1, "epoch": 23, "loss": 0.030946868800531678, "valid_hits100": 0.920704845814978, "test_hits100": 0.8835164835164835, "epoch_sec": 1.3838493758812547}
{"variant": "B0", "dataset": "citeseer", "seed": 1, "epoch": 24, "loss": 0.029451491439219286, "valid_hits100": 0.9251101321585903, "test_hits100": 0.8923076923076924, "epoch_sec": 1.4364995630457997}
{"variant": "B0", "dataset": "citeseer", "seed": 1, "epoch": 25, "loss": 0.03426442615187291, "valid_hits100": 0.920704845814978, "test_hits100": 0.8791208791208791, "epoch_sec": 1.400757591240108}
{"variant": "B0", "dataset": "citeseer", "seed": 1, "epoch": 26, "loss": 0.02871748460721446, "valid_hits100": 0.933920704845815, "test_hits100": 0.8769230769230769, "epoch_sec": 1.3754834113642573}
{"variant": "B0", "dataset": "citeseer", "seed": 1, "epoch": 27, "loss": 0.02350655340659372, "valid_hits100": 0.920704845814978, "test_hits100": 0.8791208791208791, "epoch_sec": 1.3892256673425436}
{"variant": "B0", "dataset": "citeseer", "seed": 1, "epoch": 28, "loss": 0.029696311965315227, "valid_hits100": 0.9118942731277533, "test_hits100": 0.865934065934066, "epoch_sec": 1.4367418908514082}
{"variant": "B0", "dataset": "citeseer", "seed": 1, "epoch": 29, "loss": 0.03158281936818007, "valid_hits100": 0.9383259911894273, "test_hits100": 0.8813186813186813, "epoch_sec": 1.3705223738215864}
{"variant": "B0", "dataset": "citeseer", "seed": 1, "epoch": 30, "loss": 0.03112491173838152, "valid_hits100": 0.9383259911894273, "test_hits100": 0.8835164835164835, "epoch_sec": 1.373523443005979}
{"variant": "B0", "dataset": "citeseer", "seed": 1, "epoch": 31, "loss": 0.0302082689291285, "valid_hits100": 0.9162995594713657, "test_hits100": 0.8681318681318682, "epoch_sec": 1.3891789633780718}
{"variant": "B0", "dataset": "citeseer", "seed": 1, "epoch": 32, "loss": 0.026289924830968373, "valid_hits100": 0.9074889867841409, "test_hits100": 0.8747252747252747, "epoch_sec": 1.4469458032399416}
{"variant": "B0", "dataset": "citeseer", "seed": 1, "epoch": 33, "loss": 0.024548111734695212, "valid_hits100": 0.9162995594713657, "test_hits100": 0.8769230769230769, "epoch_sec": 1.3760772971436381}
{"variant": "B0", "dataset": "citeseer", "seed": 1, "epoch": 34, "loss": 0.03078108951449394, "valid_hits100": 0.920704845814978, "test_hits100": 0.8725274725274725, "epoch_sec": 1.3700853721238673}
{"variant": "B0", "dataset": "citeseer", "seed": 1, "epoch": 35, "loss": 0.02293136924004678, "valid_hits100": 0.9074889867841409, "test_hits100": 0.8725274725274725, "epoch_sec": 1.3716376209631562}
{"variant": "B0", "dataset": "citeseer", "seed": 1, "epoch": 36, "loss": 0.0213043581492217, "valid_hits100": 0.9118942731277533, "test_hits100": 0.8637362637362638, "epoch_sec": 1.4135488993488252}
{"variant": "B0", "dataset": "citeseer", "seed": 1, "epoch": 37, "loss": 0.029489557212098318, "valid_hits100": 0.9118942731277533, "test_hits100": 0.8769230769230769, "epoch_sec": 1.3826167536899447}
{"variant": "B0", "dataset": "citeseer", "seed": 1, "epoch": 38, "loss": 0.024634697361432922, "valid_hits100": 0.9295154185022027, "test_hits100": 0.8681318681318682, "epoch_sec": 1.4228345528244972}
{"variant": "B0", "dataset": "citeseer", "seed": 1, "epoch": 39, "loss": 0.031495670061702875, "valid_hits100": 0.9118942731277533, "test_hits100": 0.8703296703296703, "epoch_sec": 1.3798982449807227}
{"variant": "B0", "dataset": "citeseer", "seed": 1, "epoch": 40, "loss": 0.02849981052950217, "valid_hits100": 0.9162995594713657, "test_hits100": 0.8791208791208791, "epoch_sec": 1.394643000792712}
{"variant": "B0", "dataset": "citeseer", "seed": 1, "epoch": 41, "loss": 0.02593075367369393, "valid_hits100": 0.9162995594713657, "test_hits100": 0.8835164835164835, "epoch_sec": 1.3979368298314512}
{"variant": "B0", "dataset": "citeseer", "seed": 1, "epoch": 42, "loss": 0.02459416691483376, "valid_hits100": 0.9118942731277533, "test_hits100": 0.8769230769230769, "epoch_sec": 1.380544759798795}
{"variant": "B0", "dataset": "citeseer", "seed": 1, "epoch": 43, "loss": 0.02649097255014788, "valid_hits100": 0.9074889867841409, "test_hits100": 0.8879120879120879, "epoch_sec": 1.3713377532549202}
{"variant": "B0", "dataset": "citeseer", "seed": 1, "epoch": 44, "loss": 0.016638255055791647, "valid_hits100": 0.9074889867841409, "test_hits100": 0.8703296703296703, "epoch_sec": 1.4348002937622368}
{"variant": "B0", "dataset": "citeseer", "seed": 1, "epoch": 45, "loss": 0.02260820637589431, "valid_hits100": 0.8986784140969163, "test_hits100": 0.8637362637362638, "epoch_sec": 1.4159128400497139}
{"variant": "B0", "dataset": "citeseer", "seed": 1, "epoch": 46, "loss": 0.0206664816979367, "valid_hits100": 0.9074889867841409, "test_hits100": 0.8857142857142857, "epoch_sec": 1.372301655355841}
{"variant": "B0", "dataset": "citeseer", "seed": 1, "epoch": 47, "loss": 0.02610450919419142, "valid_hits100": 0.9030837004405287, "test_hits100": 0.8681318681318682, "epoch_sec": 1.371245201677084}
{"variant": "B0", "dataset": "citeseer", "seed": 1, "epoch": 48, "loss": 0.02092669687260337, "valid_hits100": 0.9118942731277533, "test_hits100": 0.8769230769230769, "epoch_sec": 1.3708736463449895}
{"variant": "B0", "dataset": "citeseer", "seed": 1, "epoch": 49, "loss": 0.02336922672213818, "valid_hits100": 0.8986784140969163, "test_hits100": 0.8791208791208791, "epoch_sec": 1.4343086131848395}
{"variant": "B0", "dataset": "citeseer", "seed": 1, "epoch": 50, "loss": 0.026191291958093645, "valid_hits100": 0.9162995594713657, "test_hits100": 0.8857142857142857, "epoch_sec": 1.3836802011355758}
{"variant": "B0", "dataset": "citeseer", "seed": 1, "epoch": 51, "loss": 0.022140444865214423, "valid_hits100": 0.9162995594713657, "test_hits100": 0.8835164835164835, "epoch_sec": 1.3854175573214889}
{"variant": "B0", "dataset": "citeseer", "seed": 1, "epoch": 52, "loss": 0.03247659130440664, "valid_hits100": 0.9162995594713657, "test_hits100": 0.8989010989010989, "epoch_sec": 1.3731546341441572}
{"variant": "B0", "dataset": "citeseer", "seed": 1, "epoch": 53, "loss": 0.025380675396484923, "valid_hits100": 0.9074889867841409, "test_hits100": 0.8879120879120879, "epoch_sec": 1.4263257049024105}
{"variant": "B0", "dataset": "citeseer", "seed": 1, "epoch": 54, "loss": 0.02266368681916279, "valid_hits100": 0.9162995594713657, "test_hits100": 0.8813186813186813, "epoch_sec": 1.390754277817905}
{"variant": "B0", "dataset": "citeseer", "seed": 1, "epoch": 55, "loss": 0.02177945460922034, "valid_hits100": 0.9251101321585903, "test_hits100": 0.8879120879120879, "epoch_sec": 1.3717373381368816}
{"variant": "B0", "dataset": "citeseer", "seed": 1, "epoch": 56, "loss": 0.025942775322177307, "valid_hits100": 0.9251101321585903, "test_hits100": 0.8725274725274725, "epoch_sec": 1.3734356183558702}
{"variant": "B0", "dataset": "citeseer", "seed": 1, "epoch": 57, "loss": 0.022884147826976863, "valid_hits100": 0.9162995594713657, "test_hits100": 0.8791208791208791, "epoch_sec": 1.4091201173141599}
{"variant": "B0", "dataset": "citeseer", "seed": 1, "epoch": 58, "loss": 0.019738969743944876, "valid_hits100": 0.9162995594713657, "test_hits100": 0.8725274725274725, "epoch_sec": 1.4055989100597799}
{"variant": "B0", "dataset": "citeseer", "seed": 1, "epoch": 59, "loss": 0.023660432458770985, "valid_hits100": 0.9118942731277533, "test_hits100": 0.8703296703296703, "epoch_sec": 1.3697665059007704}
{"variant": "B0", "dataset": "citeseer", "seed": 1, "epoch": 60, "loss": 0.0255191388224716, "valid_hits100": 0.9251101321585903, "test_hits100": 0.8681318681318682, "epoch_sec": 1.3682539309374988}
{"variant": "B0", "dataset": "citeseer", "seed": 1, "epoch": 61, "loss": 0.02440522745713707, "valid_hits100": 0.9251101321585903, "test_hits100": 0.8747252747252747, "epoch_sec": 1.3771188748069108}
{"variant": "B0", "dataset": "citeseer", "seed": 1, "epoch": 62, "loss": 0.02215933482468282, "valid_hits100": 0.9383259911894273, "test_hits100": 0.8835164835164835, "epoch_sec": 1.4358034250326455}
{"variant": "B0", "dataset": "citeseer", "seed": 1, "epoch": 63, "loss": 0.030207270765027334, "valid_hits100": 0.920704845814978, "test_hits100": 0.8791208791208791, "epoch_sec": 1.3874339289031923}
{"variant": "B0", "dataset": "citeseer", "seed": 1, "epoch": 64, "loss": 0.02633230493955064, "valid_hits100": 0.920704845814978, "test_hits100": 0.8769230769230769, "epoch_sec": 1.3838697373867035}
{"variant": "B0", "dataset": "citeseer", "seed": 1, "epoch": 65, "loss": 0.019153239272140177, "valid_hits100": 0.9118942731277533, "test_hits100": 0.8747252747252747, "epoch_sec": 1.3721863706596196}
{"variant": "B0", "dataset": "citeseer", "seed": 1, "epoch": 66, "loss": 0.020133837212348786, "valid_hits100": 0.920704845814978, "test_hits100": 0.8703296703296703, "epoch_sec": 1.4335674629546702}
{"variant": "B0", "dataset": "citeseer", "seed": 1, "epoch": 67, "loss": 0.027643993570052993, "valid_hits100": 0.920704845814978, "test_hits100": 0.8703296703296703, "epoch_sec": 1.3783736629411578}
{"variant": "B0", "dataset": "citeseer", "seed": 1, "epoch": 68, "loss": 0.025477217093533632, "valid_hits100": 0.9295154185022027, "test_hits100": 0.8747252747252747, "epoch_sec": 1.3708925037644804}
{"variant": "B0", "dataset": "citeseer", "seed": 1, "epoch": 69, "loss": 0.024303285914259055, "valid_hits100": 0.9383259911894273, "test_hits100": 0.865934065934066, "epoch_sec": 1.3703341507352889}
{"variant": "B0", "dataset": "citeseer", "seed": 1, "epoch": 70, "loss": 0.0160988373366649, "valid_hits100": 0.9427312775330396, "test_hits100": 0.8615384615384616, "epoch_sec": 1.432792279869318}
{"variant": "B0", "dataset": "citeseer", "seed": 1, "epoch": 71, "loss": 0.026433128367830308, "valid_hits100": 0.9295154185022027, "test_hits100": 0.8593406593406593, "epoch_sec": 1.3701349520124495}
{"variant": "B0", "dataset": "citeseer", "seed": 1, "epoch": 72, "loss": 0.02614914284566615, "valid_hits100": 0.920704845814978, "test_hits100": 0.8637362637362638, "epoch_sec": 1.3717999700456858}
{"variant": "B0", "dataset": "citeseer", "seed": 1, "epoch": 73, "loss": 0.019027906454599026, "valid_hits100": 0.9162995594713657, "test_hits100": 0.8615384615384616, "epoch_sec": 1.3754876549355686}
{"variant": "B0", "dataset": "citeseer", "seed": 1, "epoch": 74, "loss": 0.018176564984793656, "valid_hits100": 0.9251101321585903, "test_hits100": 0.8747252747252747, "epoch_sec": 1.3981828787364066}
{"variant": "B0", "dataset": "citeseer", "seed": 1, "epoch": 75, "loss": 0.029235781070797943, "valid_hits100": 0.9251101321585903, "test_hits100": 0.865934065934066, "epoch_sec": 1.4170786840841174}
{"variant": "B0", "dataset": "citeseer", "seed": 1, "epoch": 76, "loss": 0.02203189517799717, "valid_hits100": 0.9162995594713657, "test_hits100": 0.8725274725274725, "epoch_sec": 1.4175251042470336}
{"variant": "B0", "dataset": "citeseer", "seed": 1, "epoch": 77, "loss": 0.02114014475190054, "valid_hits100": 0.9162995594713657, "test_hits100": 0.865934065934066, "epoch_sec": 1.3686301987618208}
{"variant": "B0", "dataset": "citeseer", "seed": 1, "epoch": 78, "loss": 0.011332785579296508, "valid_hits100": 0.9295154185022027, "test_hits100": 0.8703296703296703, "epoch_sec": 1.3868800438940525}
{"variant": "B0", "dataset": "citeseer", "seed": 1, "epoch": 79, "loss": 0.024931846161009574, "valid_hits100": 0.9383259911894273, "test_hits100": 0.8637362637362638, "epoch_sec": 1.4164489307440817}
{"variant": "B0", "dataset": "citeseer", "seed": 1, "epoch": 80, "loss": 0.01746615237635813, "valid_hits100": 0.9251101321585903, "test_hits100": 0.8637362637362638, "epoch_sec": 1.3792761988006532}
{"variant": "B0", "dataset": "citeseer", "seed": 1, "epoch": 81, "loss": 0.026765028473942777, "valid_hits100": 0.933920704845815, "test_hits100": 0.8703296703296703, "epoch_sec": 1.3724990650080144}
{"variant": "B0", "dataset": "citeseer", "seed": 1, "epoch": 82, "loss": 0.016446706528464954, "valid_hits100": 0.9251101321585903, "test_hits100": 0.865934065934066, "epoch_sec": 1.3908738680183887}
{"variant": "B0", "dataset": "citeseer", "seed": 1, "epoch": 83, "loss": 0.01664892781227442, "valid_hits100": 0.9162995594713657, "test_hits100": 0.8527472527472527, "epoch_sec": 1.4254185729660094}
{"variant": "B0", "dataset": "citeseer", "seed": 1, "epoch": 84, "loss": 0.018974856910047914, "valid_hits100": 0.9295154185022027, "test_hits100": 0.843956043956044, "epoch_sec": 1.372985424939543}
{"variant": "B0", "dataset": "citeseer", "seed": 1, "epoch": 85, "loss": 0.019994667299496113, "valid_hits100": 0.9295154185022027, "test_hits100": 0.8637362637362638, "epoch_sec": 1.371691484004259}
{"variant": "B0", "dataset": "citeseer", "seed": 1, "epoch": 86, "loss": 0.020760345019313484, "valid_hits100": 0.9251101321585903, "test_hits100": 0.8527472527472527, "epoch_sec": 1.371429828926921}
{"variant": "B0", "dataset": "citeseer", "seed": 1, "epoch": 87, "loss": 0.026122060957189063, "valid_hits100": 0.920704845814978, "test_hits100": 0.8593406593406593, "epoch_sec": 1.4437275058589876}
{"variant": "B0", "dataset": "citeseer", "seed": 1, "epoch": 88, "loss": 0.026768150055439283, "valid_hits100": 0.9162995594713657, "test_hits100": 0.8791208791208791, "epoch_sec": 1.3702841522172093}
{"variant": "B0", "dataset": "citeseer", "seed": 1, "epoch": 89, "loss": 0.01925521132124718, "valid_hits100": 0.9162995594713657, "test_hits100": 0.8791208791208791, "epoch_sec": 1.413727970328182}
{"variant": "B0", "dataset": "citeseer", "seed": 1, "epoch": 90, "loss": 0.018582653246569696, "valid_hits100": 0.9118942731277533, "test_hits100": 0.8681318681318682, "epoch_sec": 1.3728066151961684}
{"variant": "B0", "dataset": "citeseer", "seed": 1, "epoch": 91, "loss": 0.025081107968546314, "valid_hits100": 0.8986784140969163, "test_hits100": 0.8615384615384616, "epoch_sec": 1.4221241571940482}
{"variant": "B0", "dataset": "citeseer", "seed": 1, "epoch": 92, "loss": 0.02350496787683754, "valid_hits100": 0.9030837004405287, "test_hits100": 0.8615384615384616, "epoch_sec": 1.3792903940193355}
{"variant": "B0", "dataset": "citeseer", "seed": 1, "epoch": 93, "loss": 0.02095841570620158, "valid_hits100": 0.9074889867841409, "test_hits100": 0.8483516483516483, "epoch_sec": 1.3700025798752904}
{"variant": "B0", "dataset": "citeseer", "seed": 1, "epoch": 94, "loss": 0.022999914363989227, "valid_hits100": 0.9074889867841409, "test_hits100": 0.8571428571428571, "epoch_sec": 1.3690719059668481}
{"variant": "B0", "dataset": "citeseer", "seed": 1, "epoch": 95, "loss": 0.020907037903480134, "valid_hits100": 0.9118942731277533, "test_hits100": 0.8857142857142857, "epoch_sec": 1.3805495626293123}
{"variant": "B0", "dataset": "citeseer", "seed": 1, "epoch": 96, "loss": 0.024477949983967368, "valid_hits100": 0.9162995594713657, "test_hits100": 0.8747252747252747, "epoch_sec": 1.4349136846140027}
{"variant": "B0", "dataset": "citeseer", "seed": 1, "epoch": 97, "loss": 0.021347452728535006, "valid_hits100": 0.9118942731277533, "test_hits100": 0.8593406593406593, "epoch_sec": 1.3661994230933487}
{"variant": "B0", "dataset": "citeseer", "seed": 1, "epoch": 98, "loss": 0.023546099321055166, "valid_hits100": 0.9118942731277533, "test_hits100": 0.8747252747252747, "epoch_sec": 1.3693013112060726}
{"variant": "B0", "dataset": "citeseer", "seed": 1, "epoch": 99, "loss": 0.02559399831972689, "valid_hits100": 0.9074889867841409, "test_hits100": 0.8637362637362638, "epoch_sec": 1.3687424031086266}
{"variant": "B0", "dataset": "citeseer", "seed": 1, "epoch": 100, "loss": 0.025447574816162888, "valid_hits100": 0.9251101321585903, "test_hits100": 0.8769230769230769, "epoch_sec": 1.431571839377284}
{"completed": "/home/ubuntu/HL-GNN-PDG-V0-exp/results/hlgnn_pdg_v0/citeseer/B0/seed1.json", "best_epoch": 2, "best_metrics": {"Hits@10_valid": 0.8634361233480177, "Hits@10_test": 0.7736263736263737, "Hits@50_valid": 0.960352422907489, "Hits@50_test": 0.9362637362637363, "Hits@100_valid": 0.9955947136563876, "Hits@100_test": 0.967032967032967, "Hits@100_train": 1.0}, "total_runtime_sec": 140.37667854409665}
