/home/ubuntu/anaconda3/envs/mei_env/lib/python3.11/site-packages/torch/cuda/__init__.py:63: FutureWarning: The pynvml package is deprecated. Please install nvidia-ml-py instead. If you did not install pynvml directly, please report this to the maintainers of the package that installed pynvml for you.
  import pynvml  # type: ignore[import]
/home/ubuntu/anaconda3/envs/mei_env/lib/python3.11/site-packages/torch_geometric/deprecation.py:26: UserWarning: 'train_test_split_edges' is deprecated, use 'transforms.RandomLinkSplit' instead
  warnings.warn(out)
{"variant": "B0", "dataset": "citeseer", "seed": 0, "epoch": 1, "loss": 1.115888314191685, "valid_hits100": 0.986784140969163, "test_hits100": 0.9736263736263736, "epoch_sec": 1.8201673543080688}
{"variant": "B0", "dataset": "citeseer", "seed": 0, "epoch": 2, "loss": 0.62739709800528, "valid_hits100": 0.9779735682819384, "test_hits100": 0.978021978021978, "epoch_sec": 1.3868480622768402}
{"variant": "B0", "dataset": "citeseer", "seed": 0, "epoch": 3, "loss": 0.2812915293591275, "valid_hits100": 0.9515418502202643, "test_hits100": 0.9428571428571428, "epoch_sec": 1.4609592431224883}
{"variant": "B0", "dataset": "citeseer", "seed": 0, "epoch": 4, "loss": 0.08943912718801228, "valid_hits100": 0.9427312775330396, "test_hits100": 0.9098901098901099, "epoch_sec": 1.38927943399176}
{"variant": "B0", "dataset": "citeseer", "seed": 0, "epoch": 5, "loss": 0.0963504286314474, "valid_hits100": 0.9515418502202643, "test_hits100": 0.8967032967032967, "epoch_sec": 1.390554810874164}
{"variant": "B0", "dataset": "citeseer", "seed": 0, "epoch": 6, "loss": 0.09490956526047499, "valid_hits100": 0.9515418502202643, "test_hits100": 0.9208791208791208, "epoch_sec": 1.3879621368832886}
{"variant": "B0", "dataset": "citeseer", "seed": 0, "epoch": 7, "loss": 0.05166817957424686, "valid_hits100": 0.9515418502202643, "test_hits100": 0.9230769230769231, "epoch_sec": 1.4497932577505708}
{"variant": "B0", "dataset": "citeseer", "seed": 0, "epoch": 8, "loss": 0.056666335338384916, "valid_hits100": 0.9427312775330396, "test_hits100": 0.9164835164835164, "epoch_sec": 1.394125132355839}
{"variant": "B0", "dataset": "citeseer", "seed": 0, "epoch": 9, "loss": 0.050157670978966916, "valid_hits100": 0.9251101321585903, "test_hits100": 0.9054945054945055, "epoch_sec": 1.3874717289581895}
{"variant": "B0", "dataset": "citeseer", "seed": 0, "epoch": 10, "loss": 0.03628145728924478, "valid_hits100": 0.9295154185022027, "test_hits100": 0.9010989010989011, "epoch_sec": 1.4048051787540317}
{"variant": "B0", "dataset": "citeseer", "seed": 0, "epoch": 11, "loss": 0.042285555331589945, "valid_hits100": 0.9074889867841409, "test_hits100": 0.9098901098901099, "epoch_sec": 1.4027800760231912}
{"variant": "B0", "dataset": "citeseer", "seed": 0, "epoch": 12, "loss": 0.03074165284056072, "valid_hits100": 0.9118942731277533, "test_hits100": 0.8835164835164835, "epoch_sec": 1.417767302133143}
{"variant": "B0", "dataset": "citeseer", "seed": 0, "epoch": 13, "loss": 0.03312319502311468, "valid_hits100": 0.920704845814978, "test_hits100": 0.8923076923076924, "epoch_sec": 1.3904106398113072}
{"variant": "B0", "dataset": "citeseer", "seed": 0, "epoch": 14, "loss": 0.04204249930897733, "valid_hits100": 0.9383259911894273, "test_hits100": 0.8791208791208791, "epoch_sec": 1.38561877515167}
{"variant": "B0", "dataset": "citeseer", "seed": 0, "epoch": 15, "loss": 0.030210213775166552, "valid_hits100": 0.9295154185022027, "test_hits100": 0.8725274725274725, "epoch_sec": 1.3880716422572732}
{"variant": "B0", "dataset": "citeseer", "seed": 0, "epoch": 16, "loss": 0.025988999164593466, "valid_hits100": 0.920704845814978, "test_hits100": 0.8791208791208791, "epoch_sec": 1.4493181467987597}
{"variant": "B0", "dataset": "citeseer", "seed": 0, "epoch": 17, "loss": 0.023734906317728743, "valid_hits100": 0.9251101321585903, "test_hits100": 0.8857142857142857, "epoch_sec": 1.3985359580256045}
{"variant": "B0", "dataset": "citeseer", "seed": 0, "epoch": 18, "loss": 0.03785912432257827, "valid_hits100": 0.9030837004405287, "test_hits100": 0.8483516483516483, "epoch_sec": 1.3833177983760834}
{"variant": "B0", "dataset": "citeseer", "seed": 0, "epoch": 19, "loss": 0.04015059194669551, "valid_hits100": 0.9162995594713657, "test_hits100": 0.8791208791208791, "epoch_sec": 1.381602049805224}
{"variant": "B0", "dataset": "citeseer", "seed": 0, "epoch": 20, "loss": 0.02875375338380035, "valid_hits100": 0.9251101321585903, "test_hits100": 0.8835164835164835, "epoch_sec": 1.4388940818607807}
{"variant": "B0", "dataset": "citeseer", "seed": 0, "epoch": 21, "loss": 0.04350290837136966, "valid_hits100": 0.920704845814978, "test_hits100": 0.8527472527472527, "epoch_sec": 1.3857775572687387}
{"variant": "B0", "dataset": "citeseer", "seed": 0, "epoch": 22, "loss": 0.040036029370564205, "valid_hits100": 0.920704845814978, "test_hits100": 0.8615384615384616, "epoch_sec": 1.3953712447546422}
{"variant": "B0", "dataset": "citeseer", "seed": 0, "epoch": 23, "loss": 0.03205430532495181, "valid_hits100": 0.9162995594713657, "test_hits100": 0.8637362637362638, "epoch_sec": 1.4104268462397158}
{"variant": "B0", "dataset": "citeseer", "seed": 0, "epoch": 24, "loss": 0.02798241711382872, "valid_hits100": 0.933920704845815, "test_hits100": 0.8747252747252747, "epoch_sec": 1.411267165094614}
{"variant": "B0", "dataset": "citeseer", "seed": 0, "epoch": 25, "loss": 0.02933004097459544, "valid_hits100": 0.9162995594713657, "test_hits100": 0.8703296703296703, "epoch_sec": 1.4194462252780795}
{"variant": "B0", "dataset": "citeseer", "seed": 0, "epoch": 26, "loss": 0.02881085285363425, "valid_hits100": 0.9162995594713657, "test_hits100": 0.865934065934066, "epoch_sec": 1.3809413071721792}
{"variant": "B0", "dataset": "citeseer", "seed": 0, "epoch": 27, "loss": 0.031033178303843167, "valid_hits100": 0.9074889867841409, "test_hits100": 0.8725274725274725, "epoch_sec": 1.3849051780998707}
{"variant": "B0", "dataset": "citeseer", "seed": 0, "epoch": 28, "loss": 0.028783331372479137, "valid_hits100": 0.9251101321585903, "test_hits100": 0.8681318681318682, "epoch_sec": 1.391190694179386}
{"variant": "B0", "dataset": "citeseer", "seed": 0, "epoch": 29, "loss": 0.02960377071601476, "valid_hits100": 0.9030837004405287, "test_hits100": 0.865934065934066, "epoch_sec": 1.4476043470203876}
{"variant": "B0", "dataset": "citeseer", "seed": 0, "epoch": 30, "loss": 0.025197428290657603, "valid_hits100": 0.920704845814978, "test_hits100": 0.8791208791208791, "epoch_sec": 1.39089316688478}
{"variant": "B0", "dataset": "citeseer", "seed": 0, "epoch": 31, "loss": 0.025087750346931684, "valid_hits100": 0.9074889867841409, "test_hits100": 0.8747252747252747, "epoch_sec": 1.3896506261080503}
{"variant": "B0", "dataset": "citeseer", "seed": 0, "epoch": 32, "loss": 0.03276640416847335, "valid_hits100": 0.920704845814978, "test_hits100": 0.8681318681318682, "epoch_sec": 1.3901255335658789}
{"variant": "B0", "dataset": "citeseer", "seed": 0, "epoch": 33, "loss": 0.028503345509447178, "valid_hits100": 0.9030837004405287, "test_hits100": 0.8571428571428571, "epoch_sec": 1.451316217891872}
{"variant": "B0", "dataset": "citeseer", "seed": 0, "epoch": 34, "loss": 0.03072704332820513, "valid_hits100": 0.9251101321585903, "test_hits100": 0.8571428571428571, "epoch_sec": 1.4026301396079361}
{"variant": "B0", "dataset": "citeseer", "seed": 0, "epoch": 35, "loss": 0.022115988046585437, "valid_hits100": 0.9162995594713657, "test_hits100": 0.8571428571428571, "epoch_sec": 1.4467254518531263}
{"variant": "B0", "dataset": "citeseer", "seed": 0, "epoch": 36, "loss": 0.02622150155963516, "valid_hits100": 0.9162995594713657, "test_hits100": 0.8395604395604396, "epoch_sec": 1.3818963789381087}
{"variant": "B0", "dataset": "citeseer", "seed": 0, "epoch": 37, "loss": 0.02727323829049596, "valid_hits100": 0.9162995594713657, "test_hits100": 0.8527472527472527, "epoch_sec": 1.4543712507002056}
{"variant": "B0", "dataset": "citeseer", "seed": 0, "epoch": 38, "loss": 0.02057989740055969, "valid_hits100": 0.920704845814978, "test_hits100": 0.8571428571428571, "epoch_sec": 1.3902020300738513}
{"variant": "B0", "dataset": "citeseer", "seed": 0, "epoch": 39, "loss": 0.03224558613097021, "valid_hits100": 0.9162995594713657, "test_hits100": 0.8417582417582418, "epoch_sec": 1.3835384692065418}
{"variant": "B0", "dataset": "citeseer", "seed": 0, "epoch": 40, "loss": 0.02727374541705585, "valid_hits100": 0.9162995594713657, "test_hits100": 0.8483516483516483, "epoch_sec": 1.3894814252853394}
{"variant": "B0", "dataset": "citeseer", "seed": 0, "epoch": 41, "loss": 0.01875215511701674, "valid_hits100": 0.9074889867841409, "test_hits100": 0.8549450549450549, "epoch_sec": 1.4606219208799303}
{"variant": "B0", "dataset": "citeseer", "seed": 0, "epoch": 42, "loss": 0.025558121282924978, "valid_hits100": 0.9118942731277533, "test_hits100": 0.8461538461538461, "epoch_sec": 1.4092716528102756}
{"variant": "B0", "dataset": "citeseer", "seed": 0, "epoch": 43, "loss": 0.02589369678691761, "valid_hits100": 0.9074889867841409, "test_hits100": 0.8571428571428571, "epoch_sec": 1.3836811790242791}
{"variant": "B0", "dataset": "citeseer", "seed": 0, "epoch": 44, "loss": 0.020974229138046117, "valid_hits100": 0.9118942731277533, "test_hits100": 0.8571428571428571, "epoch_sec": 1.3834331687539816}
{"variant": "B0", "dataset": "citeseer", "seed": 0, "epoch": 45, "loss": 0.02075650596110396, "valid_hits100": 0.9030837004405287, "test_hits100": 0.8527472527472527, "epoch_sec": 1.4194113351404667}
{"variant": "B0", "dataset": "citeseer", "seed": 0, "epoch": 46, "loss": 0.02742093985260149, "valid_hits100": 0.8854625550660793, "test_hits100": 0.8461538461538461, "epoch_sec": 1.4004753371700644}
{"variant": "B0", "dataset": "citeseer", "seed": 0, "epoch": 47, "loss": 0.021901323126499044, "valid_hits100": 0.8766519823788547, "test_hits100": 0.8549450549450549, "epoch_sec": 1.4009148119948804}
{"variant": "B0", "dataset": "citeseer", "seed": 0, "epoch": 48, "loss": 0.024840233303625763, "valid_hits100": 0.8986784140969163, "test_hits100": 0.8593406593406593, "epoch_sec": 1.4035540828481317}
{"variant": "B0", "dataset": "citeseer", "seed": 0, "epoch": 49, "loss": 0.02748063252685298, "valid_hits100": 0.8942731277533039, "test_hits100": 0.8549450549450549, "epoch_sec": 1.396395041141659}
{"variant": "B0", "dataset": "citeseer", "seed": 0, "epoch": 50, "loss": 0.01770366777085942, "valid_hits100": 0.8898678414096917, "test_hits100": 0.8417582417582418, "epoch_sec": 1.4238749761134386}
{"variant": "B0", "dataset": "citeseer", "seed": 0, "epoch": 51, "loss": 0.017587797482827683, "valid_hits100": 0.8942731277533039, "test_hits100": 0.8461538461538461, "epoch_sec": 1.3879167842678726}
{"variant": "B0", "dataset": "citeseer", "seed": 0, "epoch": 52, "loss": 0.0198396245840677, "valid_hits100": 0.8942731277533039, "test_hits100": 0.8307692307692308, "epoch_sec": 1.3882850701920688}
{"variant": "B0", "dataset": "citeseer", "seed": 0, "epoch": 53, "loss": 0.020819750173590133, "valid_hits100": 0.8942731277533039, "test_hits100": 0.8307692307692308, "epoch_sec": 1.385282658971846}
{"variant": "B0", "dataset": "citeseer", "seed": 0, "epoch": 54, "loss": 0.022507120050894197, "valid_hits100": 0.8766519823788547, "test_hits100": 0.8417582417582418, "epoch_sec": 1.4600786450318992}
{"variant": "B0", "dataset": "citeseer", "seed": 0, "epoch": 55, "loss": 0.021834099072318053, "valid_hits100": 0.8766519823788547, "test_hits100": 0.8571428571428571, "epoch_sec": 1.385154563933611}
{"variant": "B0", "dataset": "citeseer", "seed": 0, "epoch": 56, "loss": 0.021387386110247875, "valid_hits100": 0.8766519823788547, "test_hits100": 0.8461538461538461, "epoch_sec": 1.3835511938668787}
{"variant": "B0", "dataset": "citeseer", "seed": 0, "epoch": 57, "loss": 0.02606619134911117, "valid_hits100": 0.8942731277533039, "test_hits100": 0.843956043956044, "epoch_sec": 1.3840857581235468}
{"variant": "B0", "dataset": "citeseer", "seed": 0, "epoch": 58, "loss": 0.027723566059610332, "valid_hits100": 0.8898678414096917, "test_hits100": 0.8417582417582418, "epoch_sec": 1.4274661228992045}
{"variant": "B0", "dataset": "citeseer", "seed": 0, "epoch": 59, "loss": 0.02161307621949403, "valid_hits100": 0.9030837004405287, "test_hits100": 0.8417582417582418, "epoch_sec": 1.4168554237112403}
{"variant": "B0", "dataset": "citeseer", "seed": 0, "epoch": 60, "loss": 0.02541729478256955, "valid_hits100": 0.8986784140969163, "test_hits100": 0.8505494505494505, "epoch_sec": 1.3930831449106336}
{"variant": "B0", "dataset": "citeseer", "seed": 0, "epoch": 61, "loss": 0.019491384367071072, "valid_hits100": 0.8986784140969163, "test_hits100": 0.8593406593406593, "epoch_sec": 1.4075226946733892}
{"variant": "B0", "dataset": "citeseer", "seed": 0, "epoch": 62, "loss": 0.02413669013314777, "valid_hits100": 0.8898678414096917, "test_hits100": 0.8615384615384616, "epoch_sec": 1.4033064167015254}
{"variant": "B0", "dataset": "citeseer", "seed": 0, "epoch": 63, "loss": 0.029061908788921297, "valid_hits100": 0.8942731277533039, "test_hits100": 0.8483516483516483, "epoch_sec": 1.4167809830978513}
{"variant": "B0", "dataset": "citeseer", "seed": 0, "epoch": 64, "loss": 0.028498648407385332, "valid_hits100": 0.9030837004405287, "test_hits100": 0.8461538461538461, "epoch_sec": 1.3901985022239387}
{"variant": "B0", "dataset": "citeseer", "seed": 0, "epoch": 65, "loss": 0.021884921548324963, "valid_hits100": 0.8986784140969163, "test_hits100": 0.8373626373626374, "epoch_sec": 1.3887826846912503}
{"variant": "B0", "dataset": "citeseer", "seed": 0, "epoch": 66, "loss": 0.02267133239319774, "valid_hits100": 0.8986784140969163, "test_hits100": 0.832967032967033, "epoch_sec": 1.3959726742468774}
{"variant": "B0", "dataset": "citeseer", "seed": 0, "epoch": 67, "loss": 0.03237036834699547, "valid_hits100": 0.8986784140969163, "test_hits100": 0.8395604395604396, "epoch_sec": 1.4472347390837967}
{"variant": "B0", "dataset": "citeseer", "seed": 0, "epoch": 68, "loss": 0.027654808048322526, "valid_hits100": 0.9118942731277533, "test_hits100": 0.8527472527472527, "epoch_sec": 1.4050099230371416}
{"variant": "B0", "dataset": "citeseer", "seed": 0, "epoch": 69, "loss": 0.021728946409580473, "valid_hits100": 0.9162995594713657, "test_hits100": 0.843956043956044, "epoch_sec": 1.3897003261372447}
{"variant": "B0", "dataset": "citeseer", "seed": 0, "epoch": 70, "loss": 0.023499079069810937, "valid_hits100": 0.920704845814978, "test_hits100": 0.8417582417582418, "epoch_sec": 1.3833526447415352}
{"variant": "B0", "dataset": "citeseer", "seed": 0, "epoch": 71, "loss": 0.03205025364916762, "valid_hits100": 0.9118942731277533, "test_hits100": 0.8263736263736263, "epoch_sec": 1.4488371233455837}
{"variant": "B0", "dataset": "citeseer", "seed": 0, "epoch": 72, "loss": 0.025975500870476783, "valid_hits100": 0.9030837004405287, "test_hits100": 0.832967032967033, "epoch_sec": 1.3840049258433282}
{"variant": "B0", "dataset": "citeseer", "seed": 0, "epoch": 73, "loss": 0.022071153122825832, "valid_hits100": 0.9162995594713657, "test_hits100": 0.8285714285714286, "epoch_sec": 1.4388306280598044}
{"variant": "B0", "dataset": "citeseer", "seed": 0, "epoch": 74, "loss": 0.02387026837167814, "valid_hits100": 0.9251101321585903, "test_hits100": 0.8175824175824176, "epoch_sec": 1.3882859190925956}
{"variant": "B0", "dataset": "citeseer", "seed": 0, "epoch": 75, "loss": 0.022707911694388672, "valid_hits100": 0.9295154185022027, "test_hits100": 0.8351648351648352, "epoch_sec": 1.450697422027588}
{"variant": "B0", "dataset": "citeseer", "seed": 0, "epoch": 76, "loss": 0.017358950237702647, "valid_hits100": 0.920704845814978, "test_hits100": 0.8483516483516483, "epoch_sec": 1.3856543907895684}
{"variant": "B0", "dataset": "citeseer", "seed": 0, "epoch": 77, "loss": 0.030364721052791414, "valid_hits100": 0.9295154185022027, "test_hits100": 0.8483516483516483, "epoch_sec": 1.3907391419634223}
{"variant": "B0", "dataset": "citeseer", "seed": 0, "epoch": 78, "loss": 0.021081767532040753, "valid_hits100": 0.9295154185022027, "test_hits100": 0.8307692307692308, "epoch_sec": 1.3874842850491405}
{"variant": "B0", "dataset": "citeseer", "seed": 0, "epoch": 79, "loss": 0.022872139900460723, "valid_hits100": 0.9162995594713657, "test_hits100": 0.832967032967033, "epoch_sec": 1.4467265191487968}
{"variant": "B0", "dataset": "citeseer", "seed": 0, "epoch": 80, "loss": 0.021958094561900895, "valid_hits100": 0.9251101321585903, "test_hits100": 0.843956043956044, "epoch_sec": 1.4045867058448493}
{"variant": "B0", "dataset": "citeseer", "seed": 0, "epoch": 81, "loss": 0.021679885941497425, "valid_hits100": 0.9030837004405287, "test_hits100": 0.8483516483516483, "epoch_sec": 1.3882280332036316}
{"variant": "B0", "dataset": "citeseer", "seed": 0, "epoch": 82, "loss": 0.02349363248554619, "valid_hits100": 0.9118942731277533, "test_hits100": 0.8571428571428571, "epoch_sec": 1.3861797880381346}
{"variant": "B0", "dataset": "citeseer", "seed": 0, "epoch": 83, "loss": 0.016518301443131857, "valid_hits100": 0.9251101321585903, "test_hits100": 0.8373626373626374, "epoch_sec": 1.4114314918406308}
{"variant": "B0", "dataset": "citeseer", "seed": 0, "epoch": 84, "loss": 0.020084445534673465, "valid_hits100": 0.920704845814978, "test_hits100": 0.8307692307692308, "epoch_sec": 1.4276214209385216}
{"variant": "B0", "dataset": "citeseer", "seed": 0, "epoch": 85, "loss": 0.01480350853822336, "valid_hits100": 0.9118942731277533, "test_hits100": 0.8417582417582418, "epoch_sec": 1.3849696014076471}
{"variant": "B0", "dataset": "citeseer", "seed": 0, "epoch": 86, "loss": 0.023294332407857714, "valid_hits100": 0.8986784140969163, "test_hits100": 0.8351648351648352, "epoch_sec": 1.4529112530872226}
{"variant": "B0", "dataset": "citeseer", "seed": 0, "epoch": 87, "loss": 0.015135783595766977, "valid_hits100": 0.9074889867841409, "test_hits100": 0.8373626373626374, "epoch_sec": 1.397302363999188}
{"variant": "B0", "dataset": "citeseer", "seed": 0, "epoch": 88, "loss": 0.025102751525191144, "valid_hits100": 0.9118942731277533, "test_hits100": 0.8307692307692308, "epoch_sec": 1.4320955299772322}
{"variant": "B0", "dataset": "citeseer", "seed": 0, "epoch": 89, "loss": 0.01813871861370497, "valid_hits100": 0.9118942731277533, "test_hits100": 0.8351648351648352, "epoch_sec": 1.387812064960599}
{"variant": "B0", "dataset": "citeseer", "seed": 0, "epoch": 90, "loss": 0.020827523737337237, "valid_hits100": 0.9074889867841409, "test_hits100": 0.832967032967033, "epoch_sec": 1.3831258723512292}
{"variant": "B0", "dataset": "citeseer", "seed": 0, "epoch": 91, "loss": 0.019572569502551273, "valid_hits100": 0.9074889867841409, "test_hits100": 0.8395604395604396, "epoch_sec": 1.4000725629739463}
{"variant": "B0", "dataset": "citeseer", "seed": 0, "epoch": 92, "loss": 0.021435374987025285, "valid_hits100": 0.8986784140969163, "test_hits100": 0.8395604395604396, "epoch_sec": 1.4646777659654617}
{"variant": "B0", "dataset": "citeseer", "seed": 0, "epoch": 93, "loss": 0.02700707381085832, "valid_hits100": 0.9074889867841409, "test_hits100": 0.8527472527472527, "epoch_sec": 1.40113515406847}
{"variant": "B0", "dataset": "citeseer", "seed": 0, "epoch": 94, "loss": 0.03313281843751592, "valid_hits100": 0.9162995594713657, "test_hits100": 0.8483516483516483, "epoch_sec": 1.385953223798424}
{"variant": "B0", "dataset": "citeseer", "seed": 0, "epoch": 95, "loss": 0.015306908844245804, "valid_hits100": 0.9162995594713657, "test_hits100": 0.843956043956044, "epoch_sec": 1.386360317002982}
{"variant": "B0", "dataset": "citeseer", "seed": 0, "epoch": 96, "loss": 0.02288873291812664, "valid_hits100": 0.9030837004405287, "test_hits100": 0.8417582417582418, "epoch_sec": 1.450475474819541}
{"variant": "B0", "dataset": "citeseer", "seed": 0, "epoch": 97, "loss": 0.021955471195145786, "valid_hits100": 0.8986784140969163, "test_hits100": 0.8417582417582418, "epoch_sec": 1.3874545861035585}
{"variant": "B0", "dataset": "citeseer", "seed": 0, "epoch": 98, "loss": 0.023247305738910533, "valid_hits100": 0.8986784140969163, "test_hits100": 0.843956043956044, "epoch_sec": 1.3870562999509275}
{"variant": "B0", "dataset": "citeseer", "seed": 0, "epoch": 99, "loss": 0.01674379607210133, "valid_hits100": 0.8898678414096917, "test_hits100": 0.8505494505494505, "epoch_sec": 1.4211835679598153}
{"variant": "B0", "dataset": "citeseer", "seed": 0, "epoch": 100, "loss": 0.01932807153918677, "valid_hits100": 0.8810572687224669, "test_hits100": 0.8527472527472527, "epoch_sec": 1.448389507830143}
{"completed": "/home/ubuntu/HL-GNN-PDG-V0-exp/results/hlgnn_pdg_v0/citeseer/B0/seed0.json", "best_epoch": 1, "best_metrics": {"Hits@10_valid": 0.801762114537445, "Hits@10_test": 0.6021978021978022, "Hits@50_valid": 0.9691629955947136, "Hits@50_test": 0.9208791208791208, "Hits@100_valid": 0.986784140969163, "Hits@100_test": 0.9736263736263736, "Hits@100_train": 1.0}, "total_runtime_sec": 141.54188050189987}
