/home/ubuntu/anaconda3/envs/mei_env/lib/python3.11/site-packages/torch/cuda/__init__.py:63: FutureWarning: The pynvml package is deprecated. Please install nvidia-ml-py instead. If you did not install pynvml directly, please report this to the maintainers of the package that installed pynvml for you.
  import pynvml  # type: ignore[import]
/home/ubuntu/anaconda3/envs/mei_env/lib/python3.11/site-packages/torch_geometric/deprecation.py:26: UserWarning: 'train_test_split_edges' is deprecated, use 'transforms.RandomLinkSplit' instead
  warnings.warn(out)
{"variant": "B1", "dataset": "citeseer", "seed": 1, "epoch": 1, "loss": 1.1019887430107256, "valid_hits100": 0.9823788546255506, "test_hits100": 0.9714285714285714, "epoch_sec": 1.8610787778161466}
{"variant": "B1", "dataset": "citeseer", "seed": 1, "epoch": 2, "loss": 0.4549376450767813, "valid_hits100": 0.9515418502202643, "test_hits100": 0.9362637362637363, "epoch_sec": 1.3885576571337879}
{"variant": "B1", "dataset": "citeseer", "seed": 1, "epoch": 3, "loss": 0.1386572206128167, "valid_hits100": 0.9515418502202643, "test_hits100": 0.9230769230769231, "epoch_sec": 1.443096905015409}
{"variant": "B1", "dataset": "citeseer", "seed": 1, "epoch": 4, "loss": 0.10790674648697678, "valid_hits100": 0.9427312775330396, "test_hits100": 0.9230769230769231, "epoch_sec": 1.3888722988776863}
{"variant": "B1", "dataset": "citeseer", "seed": 1, "epoch": 5, "loss": 0.08912924784368015, "valid_hits100": 0.9515418502202643, "test_hits100": 0.9164835164835164, "epoch_sec": 1.384444281924516}
{"variant": "B1", "dataset": "citeseer", "seed": 1, "epoch": 6, "loss": 0.07040858114720623, "valid_hits100": 0.9559471365638766, "test_hits100": 0.9164835164835164, "epoch_sec": 1.3862162586301565}
{"variant": "B1", "dataset": "citeseer", "seed": 1, "epoch": 7, "loss": 0.06554873547004175, "valid_hits100": 0.960352422907489, "test_hits100": 0.9032967032967033, "epoch_sec": 1.4533269950188696}
{"variant": "B1", "dataset": "citeseer", "seed": 1, "epoch": 8, "loss": 0.04910827042674525, "valid_hits100": 0.9515418502202643, "test_hits100": 0.9032967032967033, "epoch_sec": 1.398891304153949}
{"variant": "B1", "dataset": "citeseer", "seed": 1, "epoch": 9, "loss": 0.0557894059276396, "valid_hits100": 0.9383259911894273, "test_hits100": 0.8989010989010989, "epoch_sec": 1.3858535918407142}
{"variant": "B1", "dataset": "citeseer", "seed": 1, "epoch": 10, "loss": 0.05613167771843361, "valid_hits100": 0.947136563876652, "test_hits100": 0.8857142857142857, "epoch_sec": 1.383627450093627}
{"variant": "B1", "dataset": "citeseer", "seed": 1, "epoch": 11, "loss": 0.04376377529471882, "valid_hits100": 0.9383259911894273, "test_hits100": 0.9010989010989011, "epoch_sec": 1.382383800111711}
{"variant": "B1", "dataset": "citeseer", "seed": 1, "epoch": 12, "loss": 0.04507729950762843, "valid_hits100": 0.9074889867841409, "test_hits100": 0.8791208791208791, "epoch_sec": 1.4476094986312091}
{"variant": "B1", "dataset": "citeseer", "seed": 1, "epoch": 13, "loss": 0.032584677299710825, "valid_hits100": 0.9118942731277533, "test_hits100": 0.8791208791208791, "epoch_sec": 1.3823783728294075}
{"variant": "B1", "dataset": "citeseer", "seed": 1, "epoch": 14, "loss": 0.036577481870811425, "valid_hits100": 0.9118942731277533, "test_hits100": 0.8923076923076924, "epoch_sec": 1.4023708933964372}
{"variant": "B1", "dataset": "citeseer", "seed": 1, "epoch": 15, "loss": 0.037498681301140355, "valid_hits100": 0.920704845814978, "test_hits100": 0.8901098901098901, "epoch_sec": 1.3784989472478628}
{"variant": "B1", "dataset": "citeseer", "seed": 1, "epoch": 16, "loss": 0.0379251845537153, "valid_hits100": 0.9295154185022027, "test_hits100": 0.8835164835164835, "epoch_sec": 1.444326221011579}
{"variant": "B1", "dataset": "citeseer", "seed": 1, "epoch": 17, "loss": 0.04406494971470623, "valid_hits100": 0.9030837004405287, "test_hits100": 0.8637362637362638, "epoch_sec": 1.3809096538461745}
{"variant": "B1", "dataset": "citeseer", "seed": 1, "epoch": 18, "loss": 0.031032113112913547, "valid_hits100": 0.9162995594713657, "test_hits100": 0.8747252747252747, "epoch_sec": 1.3797058197669685}
{"variant": "B1", "dataset": "citeseer", "seed": 1, "epoch": 19, "loss": 0.03540878155742813, "valid_hits100": 0.9030837004405287, "test_hits100": 0.8593406593406593, "epoch_sec": 1.3831307161599398}
{"variant": "B1", "dataset": "citeseer", "seed": 1, "epoch": 20, "loss": 0.03767199231557144, "valid_hits100": 0.9118942731277533, "test_hits100": 0.8835164835164835, "epoch_sec": 1.4521953971125185}
{"variant": "B1", "dataset": "citeseer", "seed": 1, "epoch": 21, "loss": 0.027821306703318612, "valid_hits100": 0.9118942731277533, "test_hits100": 0.8813186813186813, "epoch_sec": 1.3862695880234241}
{"variant": "B1", "dataset": "citeseer", "seed": 1, "epoch": 22, "loss": 0.03253964466796057, "valid_hits100": 0.9118942731277533, "test_hits100": 0.8813186813186813, "epoch_sec": 1.3904692069627345}
{"variant": "B1", "dataset": "citeseer", "seed": 1, "epoch": 23, "loss": 0.03125997986596376, "valid_hits100": 0.9251101321585903, "test_hits100": 0.8747252747252747, "epoch_sec": 1.381238937843591}
{"variant": "B1", "dataset": "citeseer", "seed": 1, "epoch": 24, "loss": 0.0299611306121183, "valid_hits100": 0.9162995594713657, "test_hits100": 0.8725274725274725, "epoch_sec": 1.4176906128413975}
{"variant": "B1", "dataset": "citeseer", "seed": 1, "epoch": 25, "loss": 0.03157506050681575, "valid_hits100": 0.8986784140969163, "test_hits100": 0.865934065934066, "epoch_sec": 1.3935643611475825}
{"variant": "B1", "dataset": "citeseer", "seed": 1, "epoch": 26, "loss": 0.029774132093717886, "valid_hits100": 0.9162995594713657, "test_hits100": 0.8747252747252747, "epoch_sec": 1.3875864311121404}
{"variant": "B1", "dataset": "citeseer", "seed": 1, "epoch": 27, "loss": 0.026417308899475314, "valid_hits100": 0.9074889867841409, "test_hits100": 0.8791208791208791, "epoch_sec": 1.4275025902315974}
{"variant": "B1", "dataset": "citeseer", "seed": 1, "epoch": 28, "loss": 0.03024239188555907, "valid_hits100": 0.8942731277533039, "test_hits100": 0.8615384615384616, "epoch_sec": 1.400739033240825}
{"variant": "B1", "dataset": "citeseer", "seed": 1, "epoch": 29, "loss": 0.0312357373391242, "valid_hits100": 0.9295154185022027, "test_hits100": 0.8725274725274725, "epoch_sec": 1.4182005510665476}
{"variant": "B1", "dataset": "citeseer", "seed": 1, "epoch": 30, "loss": 0.02881139795216479, "valid_hits100": 0.9295154185022027, "test_hits100": 0.8681318681318682, "epoch_sec": 1.384091452229768}
{"variant": "B1", "dataset": "citeseer", "seed": 1, "epoch": 31, "loss": 0.02808034453897205, "valid_hits100": 0.9295154185022027, "test_hits100": 0.8681318681318682, "epoch_sec": 1.383092787116766}
{"variant": "B1", "dataset": "citeseer", "seed": 1, "epoch": 32, "loss": 0.021880164563424828, "valid_hits100": 0.9074889867841409, "test_hits100": 0.8681318681318682, "epoch_sec": 1.3868679567240179}
{"variant": "B1", "dataset": "citeseer", "seed": 1, "epoch": 33, "loss": 0.022352642495214015, "valid_hits100": 0.8942731277533039, "test_hits100": 0.8417582417582418, "epoch_sec": 1.4575576027855277}
{"variant": "B1", "dataset": "citeseer", "seed": 1, "epoch": 34, "loss": 0.027007610221857863, "valid_hits100": 0.8898678414096917, "test_hits100": 0.8505494505494505, "epoch_sec": 1.3832121319137514}
{"variant": "B1", "dataset": "citeseer", "seed": 1, "epoch": 35, "loss": 0.026015039822158886, "valid_hits100": 0.9162995594713657, "test_hits100": 0.8483516483516483, "epoch_sec": 1.3835929548367858}
{"variant": "B1", "dataset": "citeseer", "seed": 1, "epoch": 36, "loss": 0.02409567845653194, "valid_hits100": 0.920704845814978, "test_hits100": 0.8571428571428571, "epoch_sec": 1.381724035833031}
{"variant": "B1", "dataset": "citeseer", "seed": 1, "epoch": 37, "loss": 0.023095839768070583, "valid_hits100": 0.9295154185022027, "test_hits100": 0.8505494505494505, "epoch_sec": 1.44407322909683}
{"variant": "B1", "dataset": "citeseer", "seed": 1, "epoch": 38, "loss": 0.023422406888169836, "valid_hits100": 0.9118942731277533, "test_hits100": 0.8505494505494505, "epoch_sec": 1.3814756548963487}
{"variant": "B1", "dataset": "citeseer", "seed": 1, "epoch": 39, "loss": 0.027055022293745085, "valid_hits100": 0.9162995594713657, "test_hits100": 0.8395604395604396, "epoch_sec": 1.3975990298204124}
{"variant": "B1", "dataset": "citeseer", "seed": 1, "epoch": 40, "loss": 0.02619882802014511, "valid_hits100": 0.9030837004405287, "test_hits100": 0.8373626373626374, "epoch_sec": 1.3964055771939456}
{"variant": "B1", "dataset": "citeseer", "seed": 1, "epoch": 41, "loss": 0.02402113368806913, "valid_hits100": 0.9030837004405287, "test_hits100": 0.8593406593406593, "epoch_sec": 1.4443233702331781}
{"variant": "B1", "dataset": "citeseer", "seed": 1, "epoch": 42, "loss": 0.02166670104175883, "valid_hits100": 0.9030837004405287, "test_hits100": 0.8571428571428571, "epoch_sec": 1.384641274344176}
{"variant": "B1", "dataset": "citeseer", "seed": 1, "epoch": 43, "loss": 0.026330462484127175, "valid_hits100": 0.9074889867841409, "test_hits100": 0.8483516483516483, "epoch_sec": 1.3986397120170295}
{"variant": "B1", "dataset": "citeseer", "seed": 1, "epoch": 44, "loss": 0.016759379237928747, "valid_hits100": 0.9074889867841409, "test_hits100": 0.843956043956044, "epoch_sec": 1.3854151419363916}
{"variant": "B1", "dataset": "citeseer", "seed": 1, "epoch": 45, "loss": 0.022558043364830103, "valid_hits100": 0.9030837004405287, "test_hits100": 0.8197802197802198, "epoch_sec": 1.4461424192413688}
{"variant": "B1", "dataset": "citeseer", "seed": 1, "epoch": 46, "loss": 0.017491718334475537, "valid_hits100": 0.9162995594713657, "test_hits100": 0.8527472527472527, "epoch_sec": 1.409129373729229}
{"variant": "B1", "dataset": "citeseer", "seed": 1, "epoch": 47, "loss": 0.026826778438317683, "valid_hits100": 0.9162995594713657, "test_hits100": 0.843956043956044, "epoch_sec": 1.388545854948461}
{"variant": "B1", "dataset": "citeseer", "seed": 1, "epoch": 48, "loss": 0.01858173084447704, "valid_hits100": 0.920704845814978, "test_hits100": 0.8549450549450549, "epoch_sec": 1.399836374912411}
{"variant": "B1", "dataset": "citeseer", "seed": 1, "epoch": 49, "loss": 0.021791985297926943, "valid_hits100": 0.9118942731277533, "test_hits100": 0.843956043956044, "epoch_sec": 1.3935887408442795}
{"variant": "B1", "dataset": "citeseer", "seed": 1, "epoch": 50, "loss": 0.024232301764787013, "valid_hits100": 0.9074889867841409, "test_hits100": 0.843956043956044, "epoch_sec": 1.4554044618271291}
{"variant": "B1", "dataset": "citeseer", "seed": 1, "epoch": 51, "loss": 0.019913395968788047, "valid_hits100": 0.8986784140969163, "test_hits100": 0.8351648351648352, "epoch_sec": 1.394935964141041}
{"variant": "B1", "dataset": "citeseer", "seed": 1, "epoch": 52, "loss": 0.02925047143735473, "valid_hits100": 0.8898678414096917, "test_hits100": 0.8395604395604396, "epoch_sec": 1.4229901321232319}
{"variant": "B1", "dataset": "citeseer", "seed": 1, "epoch": 53, "loss": 0.018984650577916654, "valid_hits100": 0.8986784140969163, "test_hits100": 0.843956043956044, "epoch_sec": 1.3955472619272768}
{"variant": "B1", "dataset": "citeseer", "seed": 1, "epoch": 54, "loss": 0.02041146645673794, "valid_hits100": 0.8898678414096917, "test_hits100": 0.8197802197802198, "epoch_sec": 1.4682440301403403}
{"variant": "B1", "dataset": "citeseer", "seed": 1, "epoch": 55, "loss": 0.019004078080410797, "valid_hits100": 0.8986784140969163, "test_hits100": 0.8571428571428571, "epoch_sec": 1.3965077907778323}
{"variant": "B1", "dataset": "citeseer", "seed": 1, "epoch": 56, "loss": 0.021224125054994603, "valid_hits100": 0.8942731277533039, "test_hits100": 0.8219780219780219, "epoch_sec": 1.3946457947604358}
{"variant": "B1", "dataset": "citeseer", "seed": 1, "epoch": 57, "loss": 0.019647908841262184, "valid_hits100": 0.9030837004405287, "test_hits100": 0.8241758241758241, "epoch_sec": 1.3883510688319802}
{"variant": "B1", "dataset": "citeseer", "seed": 1, "epoch": 58, "loss": 0.016009604669048497, "valid_hits100": 0.8986784140969163, "test_hits100": 0.8285714285714286, "epoch_sec": 1.4557558530941606}
{"variant": "B1", "dataset": "citeseer", "seed": 1, "epoch": 59, "loss": 0.01848815231456467, "valid_hits100": 0.8766519823788547, "test_hits100": 0.832967032967033, "epoch_sec": 1.4007269190624356}
{"variant": "B1", "dataset": "citeseer", "seed": 1, "epoch": 60, "loss": 0.020604004264262912, "valid_hits100": 0.8810572687224669, "test_hits100": 0.8351648351648352, "epoch_sec": 1.3921082839369774}
{"variant": "B1", "dataset": "citeseer", "seed": 1, "epoch": 61, "loss": 0.018561796702502308, "valid_hits100": 0.8854625550660793, "test_hits100": 0.8219780219780219, "epoch_sec": 1.391838647890836}
{"variant": "B1", "dataset": "citeseer", "seed": 1, "epoch": 62, "loss": 0.016826674214128683, "valid_hits100": 0.8898678414096917, "test_hits100": 0.8219780219780219, "epoch_sec": 1.4452361520379782}
{"variant": "B1", "dataset": "citeseer", "seed": 1, "epoch": 63, "loss": 0.01965025124893324, "valid_hits100": 0.8986784140969163, "test_hits100": 0.8307692307692308, "epoch_sec": 1.4071428594179451}
{"variant": "B1", "dataset": "citeseer", "seed": 1, "epoch": 64, "loss": 0.019669951344972587, "valid_hits100": 0.8942731277533039, "test_hits100": 0.832967032967033, "epoch_sec": 1.411017818376422}
{"variant": "B1", "dataset": "citeseer", "seed": 1, "epoch": 65, "loss": 0.013977811253420258, "valid_hits100": 0.8986784140969163, "test_hits100": 0.832967032967033, "epoch_sec": 1.4315685066394508}
{"variant": "B1", "dataset": "citeseer", "seed": 1, "epoch": 66, "loss": 0.01802425592853772, "valid_hits100": 0.8766519823788547, "test_hits100": 0.8065934065934066, "epoch_sec": 1.4205478047952056}
{"variant": "B1", "dataset": "citeseer", "seed": 1, "epoch": 67, "loss": 0.02080719786135417, "valid_hits100": 0.8942731277533039, "test_hits100": 0.8351648351648352, "epoch_sec": 1.413691048976034}
{"variant": "B1", "dataset": "citeseer", "seed": 1, "epoch": 68, "loss": 0.021103588220222975, "valid_hits100": 0.8854625550660793, "test_hits100": 0.8483516483516483, "epoch_sec": 1.3911156398244202}
{"variant": "B1", "dataset": "citeseer", "seed": 1, "epoch": 69, "loss": 0.01756252951207703, "valid_hits100": 0.8898678414096917, "test_hits100": 0.832967032967033, "epoch_sec": 1.391346535179764}
{"variant": "B1", "dataset": "citeseer", "seed": 1, "epoch": 70, "loss": 0.013012924157949381, "valid_hits100": 0.8810572687224669, "test_hits100": 0.8417582417582418, "epoch_sec": 1.396905932109803}
{"variant": "B1", "dataset": "citeseer", "seed": 1, "epoch": 71, "loss": 0.019613289114001186, "valid_hits100": 0.8898678414096917, "test_hits100": 0.8505494505494505, "epoch_sec": 1.4563039187341928}
{"variant": "B1", "dataset": "citeseer", "seed": 1, "epoch": 72, "loss": 0.018399127472663725, "valid_hits100": 0.9074889867841409, "test_hits100": 0.8527472527472527, "epoch_sec": 1.396107274107635}
{"variant": "B1", "dataset": "citeseer", "seed": 1, "epoch": 73, "loss": 0.01313599343832765, "valid_hits100": 0.9030837004405287, "test_hits100": 0.8417582417582418, "epoch_sec": 1.4043123861774802}
{"variant": "B1", "dataset": "citeseer", "seed": 1, "epoch": 74, "loss": 0.015313035591435679, "valid_hits100": 0.8854625550660793, "test_hits100": 0.8219780219780219, "epoch_sec": 1.3921955563127995}
{"variant": "B1", "dataset": "citeseer", "seed": 1, "epoch": 75, "loss": 0.02072786640674261, "valid_hits100": 0.8722466960352423, "test_hits100": 0.8153846153846154, "epoch_sec": 1.4517896980978549}
{"variant": "B1", "dataset": "citeseer", "seed": 1, "epoch": 76, "loss": 0.016788496820073218, "valid_hits100": 0.8766519823788547, "test_hits100": 0.8351648351648352, "epoch_sec": 1.393283713143319}
{"variant": "B1", "dataset": "citeseer", "seed": 1, "epoch": 77, "loss": 0.016586190662094095, "valid_hits100": 0.8722466960352423, "test_hits100": 0.8021978021978022, "epoch_sec": 1.4312709430232644}
{"variant": "B1", "dataset": "citeseer", "seed": 1, "epoch": 78, "loss": 0.009672126220659539, "valid_hits100": 0.8810572687224669, "test_hits100": 0.8219780219780219, "epoch_sec": 1.3906058901920915}
{"variant": "B1", "dataset": "citeseer", "seed": 1, "epoch": 79, "loss": 0.015614842738503788, "valid_hits100": 0.8810572687224669, "test_hits100": 0.8219780219780219, "epoch_sec": 1.4619426890276372}
{"variant": "B1", "dataset": "citeseer", "seed": 1, "epoch": 80, "loss": 0.012633508378856404, "valid_hits100": 0.8766519823788547, "test_hits100": 0.8285714285714286, "epoch_sec": 1.3913002801127732}
{"variant": "B1", "dataset": "citeseer", "seed": 1, "epoch": 81, "loss": 0.01738598227924463, "valid_hits100": 0.8678414096916299, "test_hits100": 0.8241758241758241, "epoch_sec": 1.3890932421199977}
{"variant": "B1", "dataset": "citeseer", "seed": 1, "epoch": 82, "loss": 0.010735356940548548, "valid_hits100": 0.8810572687224669, "test_hits100": 0.8351648351648352, "epoch_sec": 1.3936158739961684}
{"variant": "B1", "dataset": "citeseer", "seed": 1, "epoch": 83, "loss": 0.011561899902708155, "valid_hits100": 0.8898678414096917, "test_hits100": 0.8175824175824176, "epoch_sec": 1.45638434169814}
{"variant": "B1", "dataset": "citeseer", "seed": 1, "epoch": 84, "loss": 0.01287856633926547, "valid_hits100": 0.8898678414096917, "test_hits100": 0.810989010989011, "epoch_sec": 1.4024369781836867}
{"variant": "B1", "dataset": "citeseer", "seed": 1, "epoch": 85, "loss": 0.014242793013671418, "valid_hits100": 0.8898678414096917, "test_hits100": 0.8065934065934066, "epoch_sec": 1.3958994415588677}
{"variant": "B1", "dataset": "citeseer", "seed": 1, "epoch": 86, "loss": 0.012189011254109615, "valid_hits100": 0.8810572687224669, "test_hits100": 0.7868131868131868, "epoch_sec": 1.3917280589230359}
{"variant": "B1", "dataset": "citeseer", "seed": 1, "epoch": 87, "loss": 0.016765936503538175, "valid_hits100": 0.8898678414096917, "test_hits100": 0.8021978021978022, "epoch_sec": 1.4095457890070975}
{"variant": "B1", "dataset": "citeseer", "seed": 1, "epoch": 88, "loss": 0.020161538645240073, "valid_hits100": 0.8986784140969163, "test_hits100": 0.8065934065934066, "epoch_sec": 1.4275019578635693}
{"variant": "B1", "dataset": "citeseer", "seed": 1, "epoch": 89, "loss": 0.012673800894918368, "valid_hits100": 0.9074889867841409, "test_hits100": 0.8263736263736263, "epoch_sec": 1.397629369981587}
{"variant": "B1", "dataset": "citeseer", "seed": 1, "epoch": 90, "loss": 0.015121815081214103, "valid_hits100": 0.8898678414096917, "test_hits100": 0.8153846153846154, "epoch_sec": 1.4123911680653691}
{"variant": "B1", "dataset": "citeseer", "seed": 1, "epoch": 91, "loss": 0.01827052772545691, "valid_hits100": 0.8810572687224669, "test_hits100": 0.810989010989011, "epoch_sec": 1.3991754068993032}
{"variant": "B1", "dataset": "citeseer", "seed": 1, "epoch": 92, "loss": 0.01567945001353281, "valid_hits100": 0.8810572687224669, "test_hits100": 0.8175824175824176, "epoch_sec": 1.4666182990185916}
{"variant": "B1", "dataset": "citeseer", "seed": 1, "epoch": 93, "loss": 0.01797633903168469, "valid_hits100": 0.8722466960352423, "test_hits100": 0.8175824175824176, "epoch_sec": 1.3915977030992508}
{"variant": "B1", "dataset": "citeseer", "seed": 1, "epoch": 94, "loss": 0.01689550877868821, "valid_hits100": 0.8502202643171806, "test_hits100": 0.8065934065934066, "epoch_sec": 1.3961821268312633}
{"variant": "B1", "dataset": "citeseer", "seed": 1, "epoch": 95, "loss": 0.016996937385671207, "valid_hits100": 0.8458149779735683, "test_hits100": 0.8065934065934066, "epoch_sec": 1.393291583750397}
{"variant": "B1", "dataset": "citeseer", "seed": 1, "epoch": 96, "loss": 0.01634131342904204, "valid_hits100": 0.8590308370044053, "test_hits100": 0.8153846153846154, "epoch_sec": 1.4816456828266382}
{"variant": "B1", "dataset": "citeseer", "seed": 1, "epoch": 97, "loss": 0.01292789433228492, "valid_hits100": 0.8546255506607929, "test_hits100": 0.8, "epoch_sec": 1.394594524987042}
{"variant": "B1", "dataset": "citeseer", "seed": 1, "epoch": 98, "loss": 0.014779977933852632, "valid_hits100": 0.8502202643171806, "test_hits100": 0.7978021978021979, "epoch_sec": 1.3970685680396855}
{"variant": "B1", "dataset": "citeseer", "seed": 1, "epoch": 99, "loss": 0.02171096924754962, "valid_hits100": 0.8634361233480177, "test_hits100": 0.810989010989011, "epoch_sec": 1.3966729207895696}
{"variant": "B1", "dataset": "citeseer", "seed": 1, "epoch": 100, "loss": 0.017515641588534803, "valid_hits100": 0.8722466960352423, "test_hits100": 0.8087912087912088, "epoch_sec": 1.466347394976765}
{"completed": "/home/ubuntu/HL-GNN-PDG-V0-exp/results/hlgnn_pdg_v0/citeseer/B1/seed1.json", "best_epoch": 1, "best_metrics": {"Hits@10_valid": 0.8061674008810573, "Hits@10_test": 0.6395604395604395, "Hits@50_valid": 0.960352422907489, "Hits@50_test": 0.9054945054945055, "Hits@100_valid": 0.9823788546255506, "Hits@100_test": 0.9714285714285714, "Hits@100_train": 1.0}, "total_runtime_sec": 141.74199849925935}
