/home/ubuntu/anaconda3/envs/mei_env/lib/python3.11/site-packages/torch/cuda/__init__.py:63: FutureWarning: The pynvml package is deprecated. Please install nvidia-ml-py instead. If you did not install pynvml directly, please report this to the maintainers of the package that installed pynvml for you.
  import pynvml  # type: ignore[import]
/home/ubuntu/anaconda3/envs/mei_env/lib/python3.11/site-packages/torch_geometric/deprecation.py:26: UserWarning: 'train_test_split_edges' is deprecated, use 'transforms.RandomLinkSplit' instead
  warnings.warn(out)
{"variant": "B0", "dataset": "citeseer", "seed": 2, "epoch": 1, "loss": 1.1130877120242255, "valid_hits100": 0.986784140969163, "test_hits100": 0.978021978021978, "epoch_sec": 1.8270071167498827}
{"variant": "B0", "dataset": "citeseer", "seed": 2, "epoch": 2, "loss": 0.6328915812402425, "valid_hits100": 0.986784140969163, "test_hits100": 0.978021978021978, "epoch_sec": 1.3829367873258889}
{"variant": "B0", "dataset": "citeseer", "seed": 2, "epoch": 3, "loss": 0.27713092507009973, "valid_hits100": 0.960352422907489, "test_hits100": 0.9560439560439561, "epoch_sec": 1.4509177329018712}
{"variant": "B0", "dataset": "citeseer", "seed": 2, "epoch": 4, "loss": 0.08148429422068966, "valid_hits100": 0.947136563876652, "test_hits100": 0.9274725274725275, "epoch_sec": 1.3875474138185382}
{"variant": "B0", "dataset": "citeseer", "seed": 2, "epoch": 5, "loss": 0.10229751907423794, "valid_hits100": 0.9427312775330396, "test_hits100": 0.9164835164835164, "epoch_sec": 1.3886904972605407}
{"variant": "B0", "dataset": "citeseer", "seed": 2, "epoch": 6, "loss": 0.09320563431010997, "valid_hits100": 0.9383259911894273, "test_hits100": 0.9010989010989011, "epoch_sec": 1.3905697781592607}
{"variant": "B0", "dataset": "citeseer", "seed": 2, "epoch": 7, "loss": 0.06935608958012066, "valid_hits100": 0.9559471365638766, "test_hits100": 0.8989010989010989, "epoch_sec": 1.4485616041347384}
{"variant": "B0", "dataset": "citeseer", "seed": 2, "epoch": 8, "loss": 0.04520526647721766, "valid_hits100": 0.9427312775330396, "test_hits100": 0.8901098901098901, "epoch_sec": 1.4001438179984689}
{"variant": "B0", "dataset": "citeseer", "seed": 2, "epoch": 9, "loss": 0.04557781964540482, "valid_hits100": 0.9427312775330396, "test_hits100": 0.9076923076923077, "epoch_sec": 1.4486828693188727}
{"variant": "B0", "dataset": "citeseer", "seed": 2, "epoch": 10, "loss": 0.04861182542349325, "valid_hits100": 0.947136563876652, "test_hits100": 0.9010989010989011, "epoch_sec": 1.393278429750353}
{"variant": "B0", "dataset": "citeseer", "seed": 2, "epoch": 11, "loss": 0.04551627781887079, "valid_hits100": 0.933920704845815, "test_hits100": 0.8835164835164835, "epoch_sec": 1.4155653831548989}
{"variant": "B0", "dataset": "citeseer", "seed": 2, "epoch": 12, "loss": 0.044040246551389536, "valid_hits100": 0.9383259911894273, "test_hits100": 0.8967032967032967, "epoch_sec": 1.4107759781181812}
{"variant": "B0", "dataset": "citeseer", "seed": 2, "epoch": 13, "loss": 0.036934476412197416, "valid_hits100": 0.920704845814978, "test_hits100": 0.8791208791208791, "epoch_sec": 1.386387350037694}
{"variant": "B0", "dataset": "citeseer", "seed": 2, "epoch": 14, "loss": 0.029692060621671897, "valid_hits100": 0.947136563876652, "test_hits100": 0.9010989010989011, "epoch_sec": 1.393037439789623}
{"variant": "B0", "dataset": "citeseer", "seed": 2, "epoch": 15, "loss": 0.034738511091593934, "valid_hits100": 0.9383259911894273, "test_hits100": 0.8857142857142857, "epoch_sec": 1.4149484778754413}
{"variant": "B0", "dataset": "citeseer", "seed": 2, "epoch": 16, "loss": 0.02854833072604905, "valid_hits100": 0.9295154185022027, "test_hits100": 0.8813186813186813, "epoch_sec": 1.432130005210638}
{"variant": "B0", "dataset": "citeseer", "seed": 2, "epoch": 17, "loss": 0.03219310072821009, "valid_hits100": 0.9295154185022027, "test_hits100": 0.8791208791208791, "epoch_sec": 1.388243241701275}
{"variant": "B0", "dataset": "citeseer", "seed": 2, "epoch": 18, "loss": 0.03649055277808384, "valid_hits100": 0.9427312775330396, "test_hits100": 0.8879120879120879, "epoch_sec": 1.3912400780245662}
{"variant": "B0", "dataset": "citeseer", "seed": 2, "epoch": 19, "loss": 0.034885743880302716, "valid_hits100": 0.9383259911894273, "test_hits100": 0.9032967032967033, "epoch_sec": 1.4056380889378488}
{"variant": "B0", "dataset": "citeseer", "seed": 2, "epoch": 20, "loss": 0.03616881086767798, "valid_hits100": 0.9383259911894273, "test_hits100": 0.9054945054945055, "epoch_sec": 1.4582913178019226}
{"variant": "B0", "dataset": "citeseer", "seed": 2, "epoch": 21, "loss": 0.029491912953805863, "valid_hits100": 0.933920704845815, "test_hits100": 0.8945054945054945, "epoch_sec": 1.3891752869822085}
{"variant": "B0", "dataset": "citeseer", "seed": 2, "epoch": 22, "loss": 0.03669425872291705, "valid_hits100": 0.9427312775330396, "test_hits100": 0.8857142857142857, "epoch_sec": 1.412680664099753}
{"variant": "B0", "dataset": "citeseer", "seed": 2, "epoch": 23, "loss": 0.030660248022208843, "valid_hits100": 0.9427312775330396, "test_hits100": 0.8813186813186813, "epoch_sec": 1.3823831514455378}
{"variant": "B0", "dataset": "citeseer", "seed": 2, "epoch": 24, "loss": 0.031535973197730015, "valid_hits100": 0.933920704845815, "test_hits100": 0.8769230769230769, "epoch_sec": 1.4545911438763142}
{"variant": "B0", "dataset": "citeseer", "seed": 2, "epoch": 25, "loss": 0.032695845550152376, "valid_hits100": 0.933920704845815, "test_hits100": 0.8703296703296703, "epoch_sec": 1.3876052689738572}
{"variant": "B0", "dataset": "citeseer", "seed": 2, "epoch": 26, "loss": 0.0295051956438587, "valid_hits100": 0.9251101321585903, "test_hits100": 0.8835164835164835, "epoch_sec": 1.3855493511073291}
{"variant": "B0", "dataset": "citeseer", "seed": 2, "epoch": 27, "loss": 0.02581227626603395, "valid_hits100": 0.9251101321585903, "test_hits100": 0.8791208791208791, "epoch_sec": 1.383941140025854}
{"variant": "B0", "dataset": "citeseer", "seed": 2, "epoch": 28, "loss": 0.025954333672574326, "valid_hits100": 0.9383259911894273, "test_hits100": 0.8791208791208791, "epoch_sec": 1.4182826247997582}
{"variant": "B0", "dataset": "citeseer", "seed": 2, "epoch": 29, "loss": 0.03047593243285359, "valid_hits100": 0.947136563876652, "test_hits100": 0.8945054945054945, "epoch_sec": 1.4247775841504335}
{"variant": "B0", "dataset": "citeseer", "seed": 2, "epoch": 30, "loss": 0.027883062950631445, "valid_hits100": 0.9383259911894273, "test_hits100": 0.8901098901098901, "epoch_sec": 1.3932896428741515}
{"variant": "B0", "dataset": "citeseer", "seed": 2, "epoch": 31, "loss": 0.027065341945650967, "valid_hits100": 0.9383259911894273, "test_hits100": 0.9142857142857143, "epoch_sec": 1.3970237863250077}
{"variant": "B0", "dataset": "citeseer", "seed": 2, "epoch": 32, "loss": 0.03355384408676809, "valid_hits100": 0.9251101321585903, "test_hits100": 0.8989010989010989, "epoch_sec": 1.3874568822793663}
{"variant": "B0", "dataset": "citeseer", "seed": 2, "epoch": 33, "loss": 0.02874152554290547, "valid_hits100": 0.933920704845815, "test_hits100": 0.8835164835164835, "epoch_sec": 1.4432702250778675}
{"variant": "B0", "dataset": "citeseer", "seed": 2, "epoch": 34, "loss": 0.025531405623453532, "valid_hits100": 0.933920704845815, "test_hits100": 0.8923076923076924, "epoch_sec": 1.3985120286233723}
{"variant": "B0", "dataset": "citeseer", "seed": 2, "epoch": 35, "loss": 0.027566508132030643, "valid_hits100": 0.9427312775330396, "test_hits100": 0.8879120879120879, "epoch_sec": 1.4005951303988695}
{"variant": "B0", "dataset": "citeseer", "seed": 2, "epoch": 36, "loss": 0.022725861170148666, "valid_hits100": 0.9427312775330396, "test_hits100": 0.9076923076923077, "epoch_sec": 1.3872406180016696}
{"variant": "B0", "dataset": "citeseer", "seed": 2, "epoch": 37, "loss": 0.02056446651367408, "valid_hits100": 0.9295154185022027, "test_hits100": 0.9076923076923077, "epoch_sec": 1.4545125309377909}
{"variant": "B0", "dataset": "citeseer", "seed": 2, "epoch": 38, "loss": 0.028084108318161286, "valid_hits100": 0.9295154185022027, "test_hits100": 0.9032967032967033, "epoch_sec": 1.3895626049488783}
{"variant": "B0", "dataset": "citeseer", "seed": 2, "epoch": 39, "loss": 0.0226083867251873, "valid_hits100": 0.933920704845815, "test_hits100": 0.8879120879120879, "epoch_sec": 1.38142104819417}
{"variant": "B0", "dataset": "citeseer", "seed": 2, "epoch": 40, "loss": 0.022330684005944613, "valid_hits100": 0.947136563876652, "test_hits100": 0.8813186813186813, "epoch_sec": 1.3922313400544226}
{"variant": "B0", "dataset": "citeseer", "seed": 2, "epoch": 41, "loss": 0.02937671381989807, "valid_hits100": 0.947136563876652, "test_hits100": 0.8791208791208791, "epoch_sec": 1.4535605097189546}
{"variant": "B0", "dataset": "citeseer", "seed": 2, "epoch": 42, "loss": 0.020043086815018988, "valid_hits100": 0.947136563876652, "test_hits100": 0.8857142857142857, "epoch_sec": 1.4064172431826591}
{"variant": "B0", "dataset": "citeseer", "seed": 2, "epoch": 43, "loss": 0.02928136480967358, "valid_hits100": 0.9427312775330396, "test_hits100": 0.8835164835164835, "epoch_sec": 1.3880341723561287}
{"variant": "B0", "dataset": "citeseer", "seed": 2, "epoch": 44, "loss": 0.022581089376556163, "valid_hits100": 0.933920704845815, "test_hits100": 0.8901098901098901, "epoch_sec": 1.3909947918727994}
{"variant": "B0", "dataset": "citeseer", "seed": 2, "epoch": 45, "loss": 0.027040931326397323, "valid_hits100": 0.9383259911894273, "test_hits100": 0.8747252747252747, "epoch_sec": 1.4312763116322458}
{"variant": "B0", "dataset": "citeseer", "seed": 2, "epoch": 46, "loss": 0.02315618297715674, "valid_hits100": 0.947136563876652, "test_hits100": 0.8813186813186813, "epoch_sec": 1.401712720748037}
{"variant": "B0", "dataset": "citeseer", "seed": 2, "epoch": 47, "loss": 0.02344249835002022, "valid_hits100": 0.947136563876652, "test_hits100": 0.8901098901098901, "epoch_sec": 1.4434890011325479}
{"variant": "B0", "dataset": "citeseer", "seed": 2, "epoch": 48, "loss": 0.024431619506319672, "valid_hits100": 0.9383259911894273, "test_hits100": 0.8857142857142857, "epoch_sec": 1.405734014697373}
{"variant": "B0", "dataset": "citeseer", "seed": 2, "epoch": 49, "loss": 0.02610297876696562, "valid_hits100": 0.9383259911894273, "test_hits100": 0.8703296703296703, "epoch_sec": 1.4165973728522658}
{"variant": "B0", "dataset": "citeseer", "seed": 2, "epoch": 50, "loss": 0.027070420473159437, "valid_hits100": 0.933920704845815, "test_hits100": 0.8593406593406593, "epoch_sec": 1.415440903045237}
{"variant": "B0", "dataset": "citeseer", "seed": 2, "epoch": 51, "loss": 0.024074407841153538, "valid_hits100": 0.9427312775330396, "test_hits100": 0.8769230769230769, "epoch_sec": 1.3894989611580968}
{"variant": "B0", "dataset": "citeseer", "seed": 2, "epoch": 52, "loss": 0.01867058949078161, "valid_hits100": 0.9383259911894273, "test_hits100": 0.8791208791208791, "epoch_sec": 1.383806522935629}
{"variant": "B0", "dataset": "citeseer", "seed": 2, "epoch": 53, "loss": 0.017584552872656468, "valid_hits100": 0.9427312775330396, "test_hits100": 0.8791208791208791, "epoch_sec": 1.4280793331563473}
{"variant": "B0", "dataset": "citeseer", "seed": 2, "epoch": 54, "loss": 0.03019481254910006, "valid_hits100": 0.9515418502202643, "test_hits100": 0.8747252747252747, "epoch_sec": 1.4198649381287396}
{"variant": "B0", "dataset": "citeseer", "seed": 2, "epoch": 55, "loss": 0.02283299490616919, "valid_hits100": 0.960352422907489, "test_hits100": 0.8747252747252747, "epoch_sec": 1.3933502440340817}
{"variant": "B0", "dataset": "citeseer", "seed": 2, "epoch": 56, "loss": 0.021959271343564495, "valid_hits100": 0.9427312775330396, "test_hits100": 0.8725274725274725, "epoch_sec": 1.3907871120609343}
{"variant": "B0", "dataset": "citeseer", "seed": 2, "epoch": 57, "loss": 0.026508235876046563, "valid_hits100": 0.9427312775330396, "test_hits100": 0.8703296703296703, "epoch_sec": 1.3932147426530719}
{"variant": "B0", "dataset": "citeseer", "seed": 2, "epoch": 58, "loss": 0.0208411724106902, "valid_hits100": 0.9383259911894273, "test_hits100": 0.8681318681318682, "epoch_sec": 1.4468584870919585}
{"variant": "B0", "dataset": "citeseer", "seed": 2, "epoch": 59, "loss": 0.0312096395512961, "valid_hits100": 0.9559471365638766, "test_hits100": 0.8747252747252747, "epoch_sec": 1.388153274077922}
{"variant": "B0", "dataset": "citeseer", "seed": 2, "epoch": 60, "loss": 0.022656597500758425, "valid_hits100": 0.947136563876652, "test_hits100": 0.8835164835164835, "epoch_sec": 1.412871338892728}
{"variant": "B0", "dataset": "citeseer", "seed": 2, "epoch": 61, "loss": 0.02266031051829496, "valid_hits100": 0.9559471365638766, "test_hits100": 0.8791208791208791, "epoch_sec": 1.3999036229215562}
{"variant": "B0", "dataset": "citeseer", "seed": 2, "epoch": 62, "loss": 0.023109944801999002, "valid_hits100": 0.9559471365638766, "test_hits100": 0.8813186813186813, "epoch_sec": 1.456672703847289}
{"variant": "B0", "dataset": "citeseer", "seed": 2, "epoch": 63, "loss": 0.023136855116070703, "valid_hits100": 0.9427312775330396, "test_hits100": 0.8835164835164835, "epoch_sec": 1.3914013667963445}
{"variant": "B0", "dataset": "citeseer", "seed": 2, "epoch": 64, "loss": 0.023600998434216477, "valid_hits100": 0.933920704845815, "test_hits100": 0.8813186813186813, "epoch_sec": 1.386434298940003}
{"variant": "B0", "dataset": "citeseer", "seed": 2, "epoch": 65, "loss": 0.01781603505579846, "valid_hits100": 0.9427312775330396, "test_hits100": 0.8901098901098901, "epoch_sec": 1.3830633768811822}
{"variant": "B0", "dataset": "citeseer", "seed": 2, "epoch": 66, "loss": 0.03013977059078925, "valid_hits100": 0.9427312775330396, "test_hits100": 0.8791208791208791, "epoch_sec": 1.4298741170205176}
{"variant": "B0", "dataset": "citeseer", "seed": 2, "epoch": 67, "loss": 0.02944306757792022, "valid_hits100": 0.9383259911894273, "test_hits100": 0.8901098901098901, "epoch_sec": 1.4112770319916308}
{"variant": "B0", "dataset": "citeseer", "seed": 2, "epoch": 68, "loss": 0.02810625886539772, "valid_hits100": 0.947136563876652, "test_hits100": 0.8857142857142857, "epoch_sec": 1.3850381756201386}
{"variant": "B0", "dataset": "citeseer", "seed": 2, "epoch": 69, "loss": 0.022490490326123644, "valid_hits100": 0.9383259911894273, "test_hits100": 0.8835164835164835, "epoch_sec": 1.3892574710771441}
{"variant": "B0", "dataset": "citeseer", "seed": 2, "epoch": 70, "loss": 0.021779616720955193, "valid_hits100": 0.9559471365638766, "test_hits100": 0.8725274725274725, "epoch_sec": 1.396217614877969}
{"variant": "B0", "dataset": "citeseer", "seed": 2, "epoch": 71, "loss": 0.025648838802161372, "valid_hits100": 0.9559471365638766, "test_hits100": 0.8769230769230769, "epoch_sec": 1.4360372014343739}
{"variant": "B0", "dataset": "citeseer", "seed": 2, "epoch": 72, "loss": 0.023201150422102412, "valid_hits100": 0.9559471365638766, "test_hits100": 0.8747252747252747, "epoch_sec": 1.4062211690470576}
{"variant": "B0", "dataset": "citeseer", "seed": 2, "epoch": 73, "loss": 0.03429898908819031, "valid_hits100": 0.9691629955947136, "test_hits100": 0.8879120879120879, "epoch_sec": 1.3958327071741223}
{"variant": "B0", "dataset": "citeseer", "seed": 2, "epoch": 74, "loss": 0.021910602905491527, "valid_hits100": 0.9559471365638766, "test_hits100": 0.8835164835164835, "epoch_sec": 1.3919025310315192}
{"variant": "B0", "dataset": "citeseer", "seed": 2, "epoch": 75, "loss": 0.018155952787522505, "valid_hits100": 0.9559471365638766, "test_hits100": 0.8967032967032967, "epoch_sec": 1.4491955530829728}
{"variant": "B0", "dataset": "citeseer", "seed": 2, "epoch": 76, "loss": 0.022507107314155544, "valid_hits100": 0.960352422907489, "test_hits100": 0.8835164835164835, "epoch_sec": 1.3822175157256424}
{"variant": "B0", "dataset": "citeseer", "seed": 2, "epoch": 77, "loss": 0.02227560732350023, "valid_hits100": 0.9691629955947136, "test_hits100": 0.8923076923076924, "epoch_sec": 1.4024300430901349}
{"variant": "B0", "dataset": "citeseer", "seed": 2, "epoch": 78, "loss": 0.01581555240515629, "valid_hits100": 0.9647577092511013, "test_hits100": 0.8791208791208791, "epoch_sec": 1.3954985509626567}
{"variant": "B0", "dataset": "citeseer", "seed": 2, "epoch": 79, "loss": 0.02836666419255025, "valid_hits100": 0.9559471365638766, "test_hits100": 0.8769230769230769, "epoch_sec": 1.4608282996341586}
{"variant": "B0", "dataset": "citeseer", "seed": 2, "epoch": 80, "loss": 0.02098201787055925, "valid_hits100": 0.960352422907489, "test_hits100": 0.8835164835164835, "epoch_sec": 1.3892880561761558}
{"variant": "B0", "dataset": "citeseer", "seed": 2, "epoch": 81, "loss": 0.023627618660798985, "valid_hits100": 0.947136563876652, "test_hits100": 0.8813186813186813, "epoch_sec": 1.3868857766501606}
{"variant": "B0", "dataset": "citeseer", "seed": 2, "epoch": 82, "loss": 0.018584327998953733, "valid_hits100": 0.9295154185022027, "test_hits100": 0.8835164835164835, "epoch_sec": 1.3825931027531624}
{"variant": "B0", "dataset": "citeseer", "seed": 2, "epoch": 83, "loss": 0.026082655849074824, "valid_hits100": 0.933920704845815, "test_hits100": 0.8769230769230769, "epoch_sec": 1.4408927452750504}
{"variant": "B0", "dataset": "citeseer", "seed": 2, "epoch": 84, "loss": 0.023067648015743077, "valid_hits100": 0.9427312775330396, "test_hits100": 0.8769230769230769, "epoch_sec": 1.3932027528062463}
{"variant": "B0", "dataset": "citeseer", "seed": 2, "epoch": 85, "loss": 0.025676297230852976, "valid_hits100": 0.947136563876652, "test_hits100": 0.8879120879120879, "epoch_sec": 1.4560580593533814}
{"variant": "B0", "dataset": "citeseer", "seed": 2, "epoch": 86, "loss": 0.01844210310403537, "valid_hits100": 0.9515418502202643, "test_hits100": 0.8879120879120879, "epoch_sec": 1.38876740494743}
{"variant": "B0", "dataset": "citeseer", "seed": 2, "epoch": 87, "loss": 0.022367506310613273, "valid_hits100": 0.947136563876652, "test_hits100": 0.865934065934066, "epoch_sec": 1.4322427092120051}
{"variant": "B0", "dataset": "citeseer", "seed": 2, "epoch": 88, "loss": 0.016912008858543343, "valid_hits100": 0.9515418502202643, "test_hits100": 0.8791208791208791, "epoch_sec": 1.4020627671852708}
{"variant": "B0", "dataset": "citeseer", "seed": 2, "epoch": 89, "loss": 0.01997471412870003, "valid_hits100": 0.9427312775330396, "test_hits100": 0.8703296703296703, "epoch_sec": 1.393589970190078}
{"variant": "B0", "dataset": "citeseer", "seed": 2, "epoch": 90, "loss": 0.021696411643071383, "valid_hits100": 0.9427312775330396, "test_hits100": 0.8769230769230769, "epoch_sec": 1.3953273762017488}
{"variant": "B0", "dataset": "citeseer", "seed": 2, "epoch": 91, "loss": 0.015715885506966933, "valid_hits100": 0.920704845814978, "test_hits100": 0.8681318681318682, "epoch_sec": 1.445256831124425}
{"variant": "B0", "dataset": "citeseer", "seed": 2, "epoch": 92, "loss": 0.020939575083125432, "valid_hits100": 0.9162995594713657, "test_hits100": 0.8681318681318682, "epoch_sec": 1.406362297013402}
{"variant": "B0", "dataset": "citeseer", "seed": 2, "epoch": 93, "loss": 0.012875324731225808, "valid_hits100": 0.9118942731277533, "test_hits100": 0.8615384615384616, "epoch_sec": 1.3796212277375162}
{"variant": "B0", "dataset": "citeseer", "seed": 2, "epoch": 94, "loss": 0.02139677518174938, "valid_hits100": 0.920704845814978, "test_hits100": 0.865934065934066, "epoch_sec": 1.3814690769650042}
{"variant": "B0", "dataset": "citeseer", "seed": 2, "epoch": 95, "loss": 0.021610656678580344, "valid_hits100": 0.9295154185022027, "test_hits100": 0.8747252747252747, "epoch_sec": 1.3897054600529373}
{"variant": "B0", "dataset": "citeseer", "seed": 2, "epoch": 96, "loss": 0.017864669218312864, "valid_hits100": 0.9074889867841409, "test_hits100": 0.865934065934066, "epoch_sec": 1.437425415031612}
{"variant": "B0", "dataset": "citeseer", "seed": 2, "epoch": 97, "loss": 0.026594745994422787, "valid_hits100": 0.9074889867841409, "test_hits100": 0.8571428571428571, "epoch_sec": 1.4143238067626953}
{"variant": "B0", "dataset": "citeseer", "seed": 2, "epoch": 98, "loss": 0.024757103420774758, "valid_hits100": 0.9074889867841409, "test_hits100": 0.8879120879120879, "epoch_sec": 1.4117923807352781}
{"variant": "B0", "dataset": "citeseer", "seed": 2, "epoch": 99, "loss": 0.020914563937088623, "valid_hits100": 0.9074889867841409, "test_hits100": 0.8923076923076924, "epoch_sec": 1.3907138952054083}
{"variant": "B0", "dataset": "citeseer", "seed": 2, "epoch": 100, "loss": 0.025233136450520475, "valid_hits100": 0.9030837004405287, "test_hits100": 0.8967032967032967, "epoch_sec": 1.4465115517377853}
{"completed": "/home/ubuntu/HL-GNN-PDG-V0-exp/results/hlgnn_pdg_v0/citeseer/B0/seed2.json", "best_epoch": 1, "best_metrics": {"Hits@10_valid": 0.8149779735682819, "Hits@10_test": 0.5868131868131868, "Hits@50_valid": 0.973568281938326, "Hits@50_test": 0.9252747252747253, "Hits@100_valid": 0.986784140969163, "Hits@100_test": 0.978021978021978, "Hits@100_train": 1.0}, "total_runtime_sec": 141.69488307926804}
