/home/ubuntu/anaconda3/envs/mei_env/lib/python3.11/site-packages/torch/cuda/__init__.py:63: FutureWarning: The pynvml package is deprecated. Please install nvidia-ml-py instead. If you did not install pynvml directly, please report this to the maintainers of the package that installed pynvml for you.
  import pynvml  # type: ignore[import]
/home/ubuntu/anaconda3/envs/mei_env/lib/python3.11/site-packages/torch_geometric/deprecation.py:26: UserWarning: 'train_test_split_edges' is deprecated, use 'transforms.RandomLinkSplit' instead
  warnings.warn(out)
{"variant": "B1", "dataset": "citeseer", "seed": 2, "epoch": 1, "loss": 1.1023687771124433, "valid_hits100": 0.9823788546255506, "test_hits100": 0.9758241758241758, "epoch_sec": 1.8302557971328497}
{"variant": "B1", "dataset": "citeseer", "seed": 2, "epoch": 2, "loss": 0.4610876102010101, "valid_hits100": 0.9515418502202643, "test_hits100": 0.9428571428571428, "epoch_sec": 1.3706702310591936}
{"variant": "B1", "dataset": "citeseer", "seed": 2, "epoch": 3, "loss": 0.1334491707480847, "valid_hits100": 0.960352422907489, "test_hits100": 0.9252747252747253, "epoch_sec": 1.4487012471072376}
{"variant": "B1", "dataset": "citeseer", "seed": 2, "epoch": 4, "loss": 0.09744474388062184, "valid_hits100": 0.9383259911894273, "test_hits100": 0.9252747252747253, "epoch_sec": 1.368666925933212}
{"variant": "B1", "dataset": "citeseer", "seed": 2, "epoch": 5, "loss": 0.11131960704191095, "valid_hits100": 0.9515418502202643, "test_hits100": 0.9164835164835164, "epoch_sec": 1.3729644087143242}
{"variant": "B1", "dataset": "citeseer", "seed": 2, "epoch": 6, "loss": 0.09128789291440362, "valid_hits100": 0.9427312775330396, "test_hits100": 0.9076923076923077, "epoch_sec": 1.3738781246356666}
{"variant": "B1", "dataset": "citeseer", "seed": 2, "epoch": 7, "loss": 0.0659318809900481, "valid_hits100": 0.9427312775330396, "test_hits100": 0.9120879120879121, "epoch_sec": 1.428628538735211}
{"variant": "B1", "dataset": "citeseer", "seed": 2, "epoch": 8, "loss": 0.04540583326527006, "valid_hits100": 0.9427312775330396, "test_hits100": 0.8989010989010989, "epoch_sec": 1.3786693438887596}
{"variant": "B1", "dataset": "citeseer", "seed": 2, "epoch": 9, "loss": 0.04438797307299397, "valid_hits100": 0.9427312775330396, "test_hits100": 0.8923076923076924, "epoch_sec": 1.3699207101017237}
{"variant": "B1", "dataset": "citeseer", "seed": 2, "epoch": 10, "loss": 0.04854371596599426, "valid_hits100": 0.9383259911894273, "test_hits100": 0.8835164835164835, "epoch_sec": 1.4022032306529582}
{"variant": "B1", "dataset": "citeseer", "seed": 2, "epoch": 11, "loss": 0.041580803923366605, "valid_hits100": 0.9383259911894273, "test_hits100": 0.8747252747252747, "epoch_sec": 1.3885028450749815}
{"variant": "B1", "dataset": "citeseer", "seed": 2, "epoch": 12, "loss": 0.0405313496287787, "valid_hits100": 0.9383259911894273, "test_hits100": 0.8879120879120879, "epoch_sec": 1.4068283741362393}
{"variant": "B1", "dataset": "citeseer", "seed": 2, "epoch": 13, "loss": 0.039668814681990204, "valid_hits100": 0.9251101321585903, "test_hits100": 0.8681318681318682, "epoch_sec": 1.3778766519390047}
{"variant": "B1", "dataset": "citeseer", "seed": 2, "epoch": 14, "loss": 0.02980160166627369, "valid_hits100": 0.9383259911894273, "test_hits100": 0.8857142857142857, "epoch_sec": 1.3780094892717898}
{"variant": "B1", "dataset": "citeseer", "seed": 2, "epoch": 15, "loss": 0.0353125945561462, "valid_hits100": 0.920704845814978, "test_hits100": 0.8615384615384616, "epoch_sec": 1.3853301219642162}
{"variant": "B1", "dataset": "citeseer", "seed": 2, "epoch": 16, "loss": 0.03112311431950377, "valid_hits100": 0.920704845814978, "test_hits100": 0.8791208791208791, "epoch_sec": 1.4608328761532903}
{"variant": "B1", "dataset": "citeseer", "seed": 2, "epoch": 17, "loss": 0.03485952065704097, "valid_hits100": 0.9251101321585903, "test_hits100": 0.8681318681318682, "epoch_sec": 1.3818762409500778}
{"variant": "B1", "dataset": "citeseer", "seed": 2, "epoch": 18, "loss": 0.03821234795089224, "valid_hits100": 0.9295154185022027, "test_hits100": 0.8901098901098901, "epoch_sec": 1.3827406270429492}
{"variant": "B1", "dataset": "citeseer", "seed": 2, "epoch": 19, "loss": 0.03516211944803095, "valid_hits100": 0.9251101321585903, "test_hits100": 0.8835164835164835, "epoch_sec": 1.3763421522453427}
{"variant": "B1", "dataset": "citeseer", "seed": 2, "epoch": 20, "loss": 0.0351928458715132, "valid_hits100": 0.9295154185022027, "test_hits100": 0.8835164835164835, "epoch_sec": 1.4249727367423475}
{"variant": "B1", "dataset": "citeseer", "seed": 2, "epoch": 21, "loss": 0.02871890643308329, "valid_hits100": 0.9251101321585903, "test_hits100": 0.8945054945054945, "epoch_sec": 1.380450019147247}
{"variant": "B1", "dataset": "citeseer", "seed": 2, "epoch": 22, "loss": 0.03703235539894079, "valid_hits100": 0.9251101321585903, "test_hits100": 0.8769230769230769, "epoch_sec": 1.3830986097455025}
{"variant": "B1", "dataset": "citeseer", "seed": 2, "epoch": 23, "loss": 0.03104428587534323, "valid_hits100": 0.9251101321585903, "test_hits100": 0.8725274725274725, "epoch_sec": 1.3895002179779112}
{"variant": "B1", "dataset": "citeseer", "seed": 2, "epoch": 24, "loss": 0.033863578301683565, "valid_hits100": 0.9074889867841409, "test_hits100": 0.8791208791208791, "epoch_sec": 1.3966960180550814}
{"variant": "B1", "dataset": "citeseer", "seed": 2, "epoch": 25, "loss": 0.03500887957384728, "valid_hits100": 0.9162995594713657, "test_hits100": 0.8725274725274725, "epoch_sec": 1.4200230683200061}
{"variant": "B1", "dataset": "citeseer", "seed": 2, "epoch": 26, "loss": 0.028330018625471944, "valid_hits100": 0.9162995594713657, "test_hits100": 0.8857142857142857, "epoch_sec": 1.3816592968069017}
{"variant": "B1", "dataset": "citeseer", "seed": 2, "epoch": 27, "loss": 0.02458040496137099, "valid_hits100": 0.9162995594713657, "test_hits100": 0.865934065934066, "epoch_sec": 1.3818954047746956}
{"variant": "B1", "dataset": "citeseer", "seed": 2, "epoch": 28, "loss": 0.026606065876185123, "valid_hits100": 0.920704845814978, "test_hits100": 0.8615384615384616, "epoch_sec": 1.3793127201497555}
{"variant": "B1", "dataset": "citeseer", "seed": 2, "epoch": 29, "loss": 0.026021275663560675, "valid_hits100": 0.9251101321585903, "test_hits100": 0.8857142857142857, "epoch_sec": 1.4478764510713518}
{"variant": "B1", "dataset": "citeseer", "seed": 2, "epoch": 30, "loss": 0.025213768031900553, "valid_hits100": 0.920704845814978, "test_hits100": 0.8725274725274725, "epoch_sec": 1.3933960879221559}
{"variant": "B1", "dataset": "citeseer", "seed": 2, "epoch": 31, "loss": 0.025139740668718512, "valid_hits100": 0.9427312775330396, "test_hits100": 0.8857142857142857, "epoch_sec": 1.3728215978480875}
{"variant": "B1", "dataset": "citeseer", "seed": 2, "epoch": 32, "loss": 0.033092323149667535, "valid_hits100": 0.9162995594713657, "test_hits100": 0.865934065934066, "epoch_sec": 1.3779150149784982}
{"variant": "B1", "dataset": "citeseer", "seed": 2, "epoch": 33, "loss": 0.02822171703597064, "valid_hits100": 0.9162995594713657, "test_hits100": 0.8703296703296703, "epoch_sec": 1.4378559533506632}
{"variant": "B1", "dataset": "citeseer", "seed": 2, "epoch": 34, "loss": 0.024136706231311155, "valid_hits100": 0.9295154185022027, "test_hits100": 0.8945054945054945, "epoch_sec": 1.3759617982432246}
{"variant": "B1", "dataset": "citeseer", "seed": 2, "epoch": 35, "loss": 0.022564276931590813, "valid_hits100": 0.9162995594713657, "test_hits100": 0.8791208791208791, "epoch_sec": 1.4221997177228332}
{"variant": "B1", "dataset": "citeseer", "seed": 2, "epoch": 36, "loss": 0.02197601066406537, "valid_hits100": 0.9295154185022027, "test_hits100": 0.8813186813186813, "epoch_sec": 1.3803417631424963}
{"variant": "B1", "dataset": "citeseer", "seed": 2, "epoch": 37, "loss": 0.01993758118006302, "valid_hits100": 0.9162995594713657, "test_hits100": 0.8593406593406593, "epoch_sec": 1.4328013267368078}
{"variant": "B1", "dataset": "citeseer", "seed": 2, "epoch": 38, "loss": 0.02779423795852242, "valid_hits100": 0.9118942731277533, "test_hits100": 0.8637362637362638, "epoch_sec": 1.3767159739509225}
{"variant": "B1", "dataset": "citeseer", "seed": 2, "epoch": 39, "loss": 0.019416354498428892, "valid_hits100": 0.9118942731277533, "test_hits100": 0.8615384615384616, "epoch_sec": 1.377160974778235}
{"variant": "B1", "dataset": "citeseer", "seed": 2, "epoch": 40, "loss": 0.021229708022425957, "valid_hits100": 0.9118942731277533, "test_hits100": 0.8615384615384616, "epoch_sec": 1.3801169130019844}
{"variant": "B1", "dataset": "citeseer", "seed": 2, "epoch": 41, "loss": 0.02136794833673371, "valid_hits100": 0.9162995594713657, "test_hits100": 0.8483516483516483, "epoch_sec": 1.4090463370084763}
{"variant": "B1", "dataset": "citeseer", "seed": 2, "epoch": 42, "loss": 0.01885442111824064, "valid_hits100": 0.920704845814978, "test_hits100": 0.8637362637362638, "epoch_sec": 1.409369708970189}
{"variant": "B1", "dataset": "citeseer", "seed": 2, "epoch": 43, "loss": 0.025861135602613446, "valid_hits100": 0.9074889867841409, "test_hits100": 0.8395604395604396, "epoch_sec": 1.3794944128021598}
{"variant": "B1", "dataset": "citeseer", "seed": 2, "epoch": 44, "loss": 0.01891803628637501, "valid_hits100": 0.9118942731277533, "test_hits100": 0.8527472527472527, "epoch_sec": 1.3714923849329352}
{"variant": "B1", "dataset": "citeseer", "seed": 2, "epoch": 45, "loss": 0.026591003444575215, "valid_hits100": 0.920704845814978, "test_hits100": 0.8681318681318682, "epoch_sec": 1.3851581877097487}
{"variant": "B1", "dataset": "citeseer", "seed": 2, "epoch": 46, "loss": 0.023362671882299183, "valid_hits100": 0.9118942731277533, "test_hits100": 0.865934065934066, "epoch_sec": 1.4249679381027818}
{"variant": "B1", "dataset": "citeseer", "seed": 2, "epoch": 47, "loss": 0.02152358710823595, "valid_hits100": 0.9118942731277533, "test_hits100": 0.8527472527472527, "epoch_sec": 1.3756673401221633}
{"variant": "B1", "dataset": "citeseer", "seed": 2, "epoch": 48, "loss": 0.021527131159792268, "valid_hits100": 0.9118942731277533, "test_hits100": 0.8461538461538461, "epoch_sec": 1.40085804508999}
{"variant": "B1", "dataset": "citeseer", "seed": 2, "epoch": 49, "loss": 0.023864498834585343, "valid_hits100": 0.9118942731277533, "test_hits100": 0.8483516483516483, "epoch_sec": 1.3701681164093316}
{"variant": "B1", "dataset": "citeseer", "seed": 2, "epoch": 50, "loss": 0.023732703434211955, "valid_hits100": 0.9118942731277533, "test_hits100": 0.8593406593406593, "epoch_sec": 1.438245473895222}
{"variant": "B1", "dataset": "citeseer", "seed": 2, "epoch": 51, "loss": 0.019002667718232447, "valid_hits100": 0.9074889867841409, "test_hits100": 0.8637362637362638, "epoch_sec": 1.373629760928452}
{"variant": "B1", "dataset": "citeseer", "seed": 2, "epoch": 52, "loss": 0.01568087278420072, "valid_hits100": 0.9074889867841409, "test_hits100": 0.8549450549450549, "epoch_sec": 1.3784089130349457}
{"variant": "B1", "dataset": "citeseer", "seed": 2, "epoch": 53, "loss": 0.015243825025842055, "valid_hits100": 0.9030837004405287, "test_hits100": 0.8373626373626374, "epoch_sec": 1.3827203656546772}
{"variant": "B1", "dataset": "citeseer", "seed": 2, "epoch": 54, "loss": 0.023005616268292263, "valid_hits100": 0.8898678414096917, "test_hits100": 0.8285714285714286, "epoch_sec": 1.442980240099132}
{"variant": "B1", "dataset": "citeseer", "seed": 2, "epoch": 55, "loss": 0.02201003942937044, "valid_hits100": 0.920704845814978, "test_hits100": 0.8527472527472527, "epoch_sec": 1.3884746236726642}
{"variant": "B1", "dataset": "citeseer", "seed": 2, "epoch": 56, "loss": 0.02152349665876507, "valid_hits100": 0.9162995594713657, "test_hits100": 0.8637362637362638, "epoch_sec": 1.3794239298440516}
{"variant": "B1", "dataset": "citeseer", "seed": 2, "epoch": 57, "loss": 0.022791652693304906, "valid_hits100": 0.9162995594713657, "test_hits100": 0.8615384615384616, "epoch_sec": 1.3753259517252445}
{"variant": "B1", "dataset": "citeseer", "seed": 2, "epoch": 58, "loss": 0.018100693531199634, "valid_hits100": 0.920704845814978, "test_hits100": 0.8769230769230769, "epoch_sec": 1.395251695998013}
{"variant": "B1", "dataset": "citeseer", "seed": 2, "epoch": 59, "loss": 0.02994819215862249, "valid_hits100": 0.9118942731277533, "test_hits100": 0.8637362637362638, "epoch_sec": 1.4163090689107776}
{"variant": "B1", "dataset": "citeseer", "seed": 2, "epoch": 60, "loss": 0.018251463931621817, "valid_hits100": 0.920704845814978, "test_hits100": 0.8593406593406593, "epoch_sec": 1.3844043710269034}
{"variant": "B1", "dataset": "citeseer", "seed": 2, "epoch": 61, "loss": 0.020353334032249388, "valid_hits100": 0.920704845814978, "test_hits100": 0.8571428571428571, "epoch_sec": 1.409089591819793}
{"variant": "B1", "dataset": "citeseer", "seed": 2, "epoch": 62, "loss": 0.01983865508159926, "valid_hits100": 0.8986784140969163, "test_hits100": 0.8483516483516483, "epoch_sec": 1.3959800251759589}
{"variant": "B1", "dataset": "citeseer", "seed": 2, "epoch": 63, "loss": 0.016046734971478002, "valid_hits100": 0.8854625550660793, "test_hits100": 0.8527472527472527, "epoch_sec": 1.4437085120007396}
{"variant": "B1", "dataset": "citeseer", "seed": 2, "epoch": 64, "loss": 0.018875716597765914, "valid_hits100": 0.8766519823788547, "test_hits100": 0.8593406593406593, "epoch_sec": 1.3735423050820827}
{"variant": "B1", "dataset": "citeseer", "seed": 2, "epoch": 65, "loss": 0.013732130766800516, "valid_hits100": 0.8766519823788547, "test_hits100": 0.843956043956044, "epoch_sec": 1.3727029566653073}
{"variant": "B1", "dataset": "citeseer", "seed": 2, "epoch": 66, "loss": 0.02458981047757451, "valid_hits100": 0.8898678414096917, "test_hits100": 0.8571428571428571, "epoch_sec": 1.3733785348013043}
{"variant": "B1", "dataset": "citeseer", "seed": 2, "epoch": 67, "loss": 0.019353660725499926, "valid_hits100": 0.8854625550660793, "test_hits100": 0.8505494505494505, "epoch_sec": 1.4643412409350276}
{"variant": "B1", "dataset": "citeseer", "seed": 2, "epoch": 68, "loss": 0.022458650162611976, "valid_hits100": 0.8722466960352423, "test_hits100": 0.8527472527472527, "epoch_sec": 1.385946473106742}
{"variant": "B1", "dataset": "citeseer", "seed": 2, "epoch": 69, "loss": 0.017345800211301762, "valid_hits100": 0.8634361233480177, "test_hits100": 0.8395604395604396, "epoch_sec": 1.385015327949077}
{"variant": "B1", "dataset": "citeseer", "seed": 2, "epoch": 70, "loss": 0.019843091806083995, "valid_hits100": 0.8810572687224669, "test_hits100": 0.8417582417582418, "epoch_sec": 1.3884164737537503}
{"variant": "B1", "dataset": "citeseer", "seed": 2, "epoch": 71, "loss": 0.019560935303511082, "valid_hits100": 0.8854625550660793, "test_hits100": 0.843956043956044, "epoch_sec": 1.4398098322562873}
{"variant": "B1", "dataset": "citeseer", "seed": 2, "epoch": 72, "loss": 0.021151689938642564, "valid_hits100": 0.8942731277533039, "test_hits100": 0.8505494505494505, "epoch_sec": 1.3785623866133392}
{"variant": "B1", "dataset": "citeseer", "seed": 2, "epoch": 73, "loss": 0.024339283228844634, "valid_hits100": 0.8898678414096917, "test_hits100": 0.8395604395604396, "epoch_sec": 1.4013627185486257}
{"variant": "B1", "dataset": "citeseer", "seed": 2, "epoch": 74, "loss": 0.01640111801890748, "valid_hits100": 0.8898678414096917, "test_hits100": 0.8373626373626374, "epoch_sec": 1.4101162562146783}
{"variant": "B1", "dataset": "citeseer", "seed": 2, "epoch": 75, "loss": 0.015838214560611612, "valid_hits100": 0.8898678414096917, "test_hits100": 0.8373626373626374, "epoch_sec": 1.425275614950806}
{"variant": "B1", "dataset": "citeseer", "seed": 2, "epoch": 76, "loss": 0.01842300383499234, "valid_hits100": 0.8986784140969163, "test_hits100": 0.843956043956044, "epoch_sec": 1.4009720729663968}
{"variant": "B1", "dataset": "citeseer", "seed": 2, "epoch": 77, "loss": 0.017454702804197173, "valid_hits100": 0.8898678414096917, "test_hits100": 0.8483516483516483, "epoch_sec": 1.3850321690551937}
{"variant": "B1", "dataset": "citeseer", "seed": 2, "epoch": 78, "loss": 0.014910047867597689, "valid_hits100": 0.8854625550660793, "test_hits100": 0.843956043956044, "epoch_sec": 1.3856798829510808}
{"variant": "B1", "dataset": "citeseer", "seed": 2, "epoch": 79, "loss": 0.019019728013403348, "valid_hits100": 0.8854625550660793, "test_hits100": 0.8197802197802198, "epoch_sec": 1.4027515719644725}
{"variant": "B1", "dataset": "citeseer", "seed": 2, "epoch": 80, "loss": 0.017392219875479547, "valid_hits100": 0.8898678414096917, "test_hits100": 0.8505494505494505, "epoch_sec": 1.4388288990594447}
{"variant": "B1", "dataset": "citeseer", "seed": 2, "epoch": 81, "loss": 0.015506502438230724, "valid_hits100": 0.8810572687224669, "test_hits100": 0.8153846153846154, "epoch_sec": 1.3899663002230227}
{"variant": "B1", "dataset": "citeseer", "seed": 2, "epoch": 82, "loss": 0.015916327219119522, "valid_hits100": 0.8810572687224669, "test_hits100": 0.8373626373626374, "epoch_sec": 1.385042338166386}
{"variant": "B1", "dataset": "citeseer", "seed": 2, "epoch": 83, "loss": 0.016456494468820186, "valid_hits100": 0.8810572687224669, "test_hits100": 0.8241758241758241, "epoch_sec": 1.3842971818521619}
{"variant": "B1", "dataset": "citeseer", "seed": 2, "epoch": 84, "loss": 0.015482325717152244, "valid_hits100": 0.8854625550660793, "test_hits100": 0.8263736263736263, "epoch_sec": 1.4388799099251628}
{"variant": "B1", "dataset": "citeseer", "seed": 2, "epoch": 85, "loss": 0.018994329156455145, "valid_hits100": 0.8854625550660793, "test_hits100": 0.8285714285714286, "epoch_sec": 1.3815413322299719}
{"variant": "B1", "dataset": "citeseer", "seed": 2, "epoch": 86, "loss": 0.012449970279245106, "valid_hits100": 0.8898678414096917, "test_hits100": 0.8351648351648352, "epoch_sec": 1.4284437270835042}
{"variant": "B1", "dataset": "citeseer", "seed": 2, "epoch": 87, "loss": 0.018100478502053007, "valid_hits100": 0.8766519823788547, "test_hits100": 0.8263736263736263, "epoch_sec": 1.3861913881264627}
{"variant": "B1", "dataset": "citeseer", "seed": 2, "epoch": 88, "loss": 0.00979030242788988, "valid_hits100": 0.8898678414096917, "test_hits100": 0.8263736263736263, "epoch_sec": 1.4499361766502261}
{"variant": "B1", "dataset": "citeseer", "seed": 2, "epoch": 89, "loss": 0.01081095316690376, "valid_hits100": 0.8766519823788547, "test_hits100": 0.8131868131868132, "epoch_sec": 1.3836087100207806}
{"variant": "B1", "dataset": "citeseer", "seed": 2, "epoch": 90, "loss": 0.013157371509560319, "valid_hits100": 0.8854625550660793, "test_hits100": 0.8351648351648352, "epoch_sec": 1.3889008788391948}
{"variant": "B1", "dataset": "citeseer", "seed": 2, "epoch": 91, "loss": 0.009235980139819073, "valid_hits100": 0.8810572687224669, "test_hits100": 0.8395604395604396, "epoch_sec": 1.3793182172812521}
{"variant": "B1", "dataset": "citeseer", "seed": 2, "epoch": 92, "loss": 0.015617993529837877, "valid_hits100": 0.8722466960352423, "test_hits100": 0.8263736263736263, "epoch_sec": 1.4596435991115868}
{"variant": "B1", "dataset": "citeseer", "seed": 2, "epoch": 93, "loss": 0.013041427201117348, "valid_hits100": 0.8634361233480177, "test_hits100": 0.8241758241758241, "epoch_sec": 1.3980142949149013}
{"variant": "B1", "dataset": "citeseer", "seed": 2, "epoch": 94, "loss": 0.01740205197544523, "valid_hits100": 0.8766519823788547, "test_hits100": 0.8153846153846154, "epoch_sec": 1.3853625166229904}
{"variant": "B1", "dataset": "citeseer", "seed": 2, "epoch": 95, "loss": 0.016928815141859288, "valid_hits100": 0.8766519823788547, "test_hits100": 0.8219780219780219, "epoch_sec": 1.383587165735662}
{"variant": "B1", "dataset": "citeseer", "seed": 2, "epoch": 96, "loss": 0.01239892968604731, "valid_hits100": 0.8854625550660793, "test_hits100": 0.8197802197802198, "epoch_sec": 1.4012179872952402}
{"variant": "B1", "dataset": "citeseer", "seed": 2, "epoch": 97, "loss": 0.020840786590941192, "valid_hits100": 0.8634361233480177, "test_hits100": 0.7978021978021979, "epoch_sec": 1.4416124830022454}
{"variant": "B1", "dataset": "citeseer", "seed": 2, "epoch": 98, "loss": 0.01698747953683985, "valid_hits100": 0.8942731277533039, "test_hits100": 0.8307692307692308, "epoch_sec": 1.3898506336845458}
{"variant": "B1", "dataset": "citeseer", "seed": 2, "epoch": 99, "loss": 0.014528306761819109, "valid_hits100": 0.8942731277533039, "test_hits100": 0.8263736263736263, "epoch_sec": 1.40572276012972}
{"variant": "B1", "dataset": "citeseer", "seed": 2, "epoch": 100, "loss": 0.014823944739593092, "valid_hits100": 0.8942731277533039, "test_hits100": 0.8461538461538461, "epoch_sec": 1.3885393906384706}
{"completed": "/home/ubuntu/HL-GNN-PDG-V0-exp/results/hlgnn_pdg_v0/citeseer/B1/seed2.json", "best_epoch": 1, "best_metrics": {"Hits@10_valid": 0.8061674008810573, "Hits@10_test": 0.6065934065934065, "Hits@50_valid": 0.960352422907489, "Hits@50_test": 0.9186813186813186, "Hits@100_valid": 0.9823788546255506, "Hits@100_test": 0.9758241758241758, "Hits@100_train": 1.0}, "total_runtime_sec": 140.73135082423687}
