/home/ubuntu/anaconda3/envs/mei_env/lib/python3.11/site-packages/torch/cuda/__init__.py:63: FutureWarning: The pynvml package is deprecated. Please install nvidia-ml-py instead. If you did not install pynvml directly, please report this to the maintainers of the package that installed pynvml for you.
  import pynvml  # type: ignore[import]
/home/ubuntu/anaconda3/envs/mei_env/lib/python3.11/site-packages/torch_geometric/deprecation.py:26: UserWarning: 'train_test_split_edges' is deprecated, use 'transforms.RandomLinkSplit' instead
  warnings.warn(out)
{"variant": "B3", "dataset": "cora", "seed": 1, "epoch": 1, "loss": 1.031706784285751, "valid_hits100": 0.9961977186311787, "test_hits100": 0.9506641366223909, "epoch_sec": 1.7558348360471427}
{"variant": "B3", "dataset": "cora", "seed": 1, "epoch": 2, "loss": 0.2334881890000719, "valid_hits100": 0.9923954372623575, "test_hits100": 0.9506641366223909, "epoch_sec": 1.3073371527716517}
{"variant": "B3", "dataset": "cora", "seed": 1, "epoch": 3, "loss": 0.15269220207358, "valid_hits100": 0.9885931558935361, "test_hits100": 0.9544592030360531, "epoch_sec": 1.29698371514678}
{"variant": "B3", "dataset": "cora", "seed": 1, "epoch": 4, "loss": 0.11149496122955639, "valid_hits100": 0.9847908745247148, "test_hits100": 0.9620493358633776, "epoch_sec": 1.3280576593242586}
{"variant": "B3", "dataset": "cora", "seed": 1, "epoch": 5, "loss": 0.08655371178280223, "valid_hits100": 0.973384030418251, "test_hits100": 0.9411764705882353, "epoch_sec": 1.3013443676754832}
{"variant": "B3", "dataset": "cora", "seed": 1, "epoch": 6, "loss": 0.08002292174918979, "valid_hits100": 0.9657794676806084, "test_hits100": 0.9354838709677419, "epoch_sec": 1.320948459673673}
{"variant": "B3", "dataset": "cora", "seed": 1, "epoch": 7, "loss": 0.0736281141745003, "valid_hits100": 0.9619771863117871, "test_hits100": 0.937381404174573, "epoch_sec": 1.3100318550132215}
{"variant": "B3", "dataset": "cora", "seed": 1, "epoch": 8, "loss": 0.07298950137779675, "valid_hits100": 0.9467680608365019, "test_hits100": 0.937381404174573, "epoch_sec": 1.3044910919852555}
{"variant": "B3", "dataset": "cora", "seed": 1, "epoch": 9, "loss": 0.06056457605219567, "valid_hits100": 0.9467680608365019, "test_hits100": 0.9316888045540797, "epoch_sec": 1.3055831771343946}
{"variant": "B3", "dataset": "cora", "seed": 1, "epoch": 10, "loss": 0.06915251408668763, "valid_hits100": 0.935361216730038, "test_hits100": 0.9278937381404174, "epoch_sec": 1.3092744778841734}
{"variant": "B3", "dataset": "cora", "seed": 1, "epoch": 11, "loss": 0.06555272882502135, "valid_hits100": 0.9391634980988594, "test_hits100": 0.9222011385199241, "epoch_sec": 1.307321147993207}
{"variant": "B3", "dataset": "cora", "seed": 1, "epoch": 12, "loss": 0.05416895991021937, "valid_hits100": 0.935361216730038, "test_hits100": 0.9240986717267552, "epoch_sec": 1.3026231667026877}
{"variant": "B3", "dataset": "cora", "seed": 1, "epoch": 13, "loss": 0.05673120886007732, "valid_hits100": 0.9391634980988594, "test_hits100": 0.9165085388994307, "epoch_sec": 1.3058286649174988}
{"variant": "B3", "dataset": "cora", "seed": 1, "epoch": 14, "loss": 0.047646178500378195, "valid_hits100": 0.9429657794676806, "test_hits100": 0.9127134724857685, "epoch_sec": 1.305963071063161}
{"variant": "B3", "dataset": "cora", "seed": 1, "epoch": 15, "loss": 0.0487482822674481, "valid_hits100": 0.9201520912547528, "test_hits100": 0.9089184060721063, "epoch_sec": 1.3121901052072644}
{"variant": "B3", "dataset": "cora", "seed": 1, "epoch": 16, "loss": 0.0607181319472199, "valid_hits100": 0.9163498098859315, "test_hits100": 0.920303605313093, "epoch_sec": 1.3020719210617244}
{"variant": "B3", "dataset": "cora", "seed": 1, "epoch": 17, "loss": 0.04312678982973524, "valid_hits100": 0.9505703422053232, "test_hits100": 0.9240986717267552, "epoch_sec": 1.2997048408724368}
{"variant": "B3", "dataset": "cora", "seed": 1, "epoch": 18, "loss": 0.05265721142185775, "valid_hits100": 0.9429657794676806, "test_hits100": 0.9259962049335864, "epoch_sec": 1.3000586028210819}
{"variant": "B3", "dataset": "cora", "seed": 1, "epoch": 19, "loss": 0.04839483467918454, "valid_hits100": 0.935361216730038, "test_hits100": 0.9184060721062619, "epoch_sec": 1.3071342068724334}
{"variant": "B3", "dataset": "cora", "seed": 1, "epoch": 20, "loss": 0.046878954996612196, "valid_hits100": 0.9391634980988594, "test_hits100": 0.9184060721062619, "epoch_sec": 1.3147804290056229}
{"variant": "B3", "dataset": "cora", "seed": 1, "epoch": 21, "loss": 0.04442109876111442, "valid_hits100": 0.908745247148289, "test_hits100": 0.9278937381404174, "epoch_sec": 1.3037631171755493}
{"variant": "B3", "dataset": "cora", "seed": 1, "epoch": 22, "loss": 0.04979008918299394, "valid_hits100": 0.9125475285171103, "test_hits100": 0.9335863377609108, "epoch_sec": 1.3005882571451366}
{"variant": "B3", "dataset": "cora", "seed": 1, "epoch": 23, "loss": 0.05015280983558525, "valid_hits100": 0.9201520912547528, "test_hits100": 0.9297912713472486, "epoch_sec": 1.294734250754118}
{"variant": "B3", "dataset": "cora", "seed": 1, "epoch": 24, "loss": 0.04775357081051816, "valid_hits100": 0.9239543726235742, "test_hits100": 0.9222011385199241, "epoch_sec": 1.315841531381011}
{"variant": "B3", "dataset": "cora", "seed": 1, "epoch": 25, "loss": 0.04256130151995151, "valid_hits100": 0.9125475285171103, "test_hits100": 0.9184060721062619, "epoch_sec": 1.30582256289199}
{"variant": "B3", "dataset": "cora", "seed": 1, "epoch": 26, "loss": 0.04644178487559691, "valid_hits100": 0.9201520912547528, "test_hits100": 0.9184060721062619, "epoch_sec": 1.3091276893392205}
{"variant": "B3", "dataset": "cora", "seed": 1, "epoch": 27, "loss": 0.04672841155327152, "valid_hits100": 0.9277566539923955, "test_hits100": 0.9165085388994307, "epoch_sec": 1.3032502518035471}
{"variant": "B3", "dataset": "cora", "seed": 1, "epoch": 28, "loss": 0.03879934840183207, "valid_hits100": 0.9467680608365019, "test_hits100": 0.9089184060721063, "epoch_sec": 1.3035655729472637}
{"variant": "B3", "dataset": "cora", "seed": 1, "epoch": 29, "loss": 0.04266360457886986, "valid_hits100": 0.9239543726235742, "test_hits100": 0.9259962049335864, "epoch_sec": 1.3188026905991137}
{"variant": "B3", "dataset": "cora", "seed": 1, "epoch": 30, "loss": 0.04470086855392193, "valid_hits100": 0.9315589353612167, "test_hits100": 0.9146110056925996, "epoch_sec": 1.300136111676693}
{"variant": "B3", "dataset": "cora", "seed": 1, "epoch": 31, "loss": 0.04033698895929544, "valid_hits100": 0.9277566539923955, "test_hits100": 0.9070208728652751, "epoch_sec": 1.3181117661297321}
{"variant": "B3", "dataset": "cora", "seed": 1, "epoch": 32, "loss": 0.03448259111314534, "valid_hits100": 0.935361216730038, "test_hits100": 0.9146110056925996, "epoch_sec": 1.305970042012632}
{"variant": "B3", "dataset": "cora", "seed": 1, "epoch": 33, "loss": 0.039991121187992064, "valid_hits100": 0.9315589353612167, "test_hits100": 0.920303605313093, "epoch_sec": 1.3192545059137046}
{"variant": "B3", "dataset": "cora", "seed": 1, "epoch": 34, "loss": 0.04011522809212858, "valid_hits100": 0.935361216730038, "test_hits100": 0.9259962049335864, "epoch_sec": 1.3130579041317105}
{"variant": "B3", "dataset": "cora", "seed": 1, "epoch": 35, "loss": 0.04076283798949816, "valid_hits100": 0.9315589353612167, "test_hits100": 0.9165085388994307, "epoch_sec": 1.2984070139937103}
{"variant": "B3", "dataset": "cora", "seed": 1, "epoch": 36, "loss": 0.03740034891880132, "valid_hits100": 0.9163498098859315, "test_hits100": 0.9127134724857685, "epoch_sec": 1.304307539947331}
{"variant": "B3", "dataset": "cora", "seed": 1, "epoch": 37, "loss": 0.03924221232028781, "valid_hits100": 0.9201520912547528, "test_hits100": 0.9146110056925996, "epoch_sec": 1.3039421360008419}
{"variant": "B3", "dataset": "cora", "seed": 1, "epoch": 38, "loss": 0.0330859020239476, "valid_hits100": 0.9125475285171103, "test_hits100": 0.9089184060721063, "epoch_sec": 1.3298458498902619}
{"variant": "B3", "dataset": "cora", "seed": 1, "epoch": 39, "loss": 0.03313164330633779, "valid_hits100": 0.908745247148289, "test_hits100": 0.9108159392789373, "epoch_sec": 1.3026411109603941}
{"variant": "B3", "dataset": "cora", "seed": 1, "epoch": 40, "loss": 0.03382869313824623, "valid_hits100": 0.908745247148289, "test_hits100": 0.9070208728652751, "epoch_sec": 1.2951045306399465}
{"variant": "B3", "dataset": "cora", "seed": 1, "epoch": 41, "loss": 0.03228193609817568, "valid_hits100": 0.9163498098859315, "test_hits100": 0.9127134724857685, "epoch_sec": 1.2997143282555044}
{"variant": "B3", "dataset": "cora", "seed": 1, "epoch": 42, "loss": 0.0305274365048145, "valid_hits100": 0.9201520912547528, "test_hits100": 0.9146110056925996, "epoch_sec": 1.3119547390379012}
{"variant": "B3", "dataset": "cora", "seed": 1, "epoch": 43, "loss": 0.0404257117081666, "valid_hits100": 0.9125475285171103, "test_hits100": 0.9165085388994307, "epoch_sec": 1.3057977501302958}
{"variant": "B3", "dataset": "cora", "seed": 1, "epoch": 44, "loss": 0.042325551975219644, "valid_hits100": 0.908745247148289, "test_hits100": 0.9089184060721063, "epoch_sec": 1.3009121967479587}
{"variant": "B3", "dataset": "cora", "seed": 1, "epoch": 45, "loss": 0.042484555240727154, "valid_hits100": 0.9239543726235742, "test_hits100": 0.9108159392789373, "epoch_sec": 1.3139822948724031}
{"variant": "B3", "dataset": "cora", "seed": 1, "epoch": 46, "loss": 0.03195535861048682, "valid_hits100": 0.9239543726235742, "test_hits100": 0.8937381404174574, "epoch_sec": 1.3011573650874197}
{"variant": "B3", "dataset": "cora", "seed": 1, "epoch": 47, "loss": 0.03873902373347903, "valid_hits100": 0.9125475285171103, "test_hits100": 0.8994307400379506, "epoch_sec": 1.3283623978495598}
{"variant": "B3", "dataset": "cora", "seed": 1, "epoch": 48, "loss": 0.03546059777737726, "valid_hits100": 0.908745247148289, "test_hits100": 0.9070208728652751, "epoch_sec": 1.2991072619333863}
{"variant": "B3", "dataset": "cora", "seed": 1, "epoch": 49, "loss": 0.031402197254758575, "valid_hits100": 0.908745247148289, "test_hits100": 0.9108159392789373, "epoch_sec": 1.2984686777926981}
{"variant": "B3", "dataset": "cora", "seed": 1, "epoch": 50, "loss": 0.03439426064863137, "valid_hits100": 0.8973384030418251, "test_hits100": 0.9127134724857685, "epoch_sec": 1.295209236908704}
{"variant": "B3", "dataset": "cora", "seed": 1, "epoch": 51, "loss": 0.04226317066108267, "valid_hits100": 0.8973384030418251, "test_hits100": 0.9184060721062619, "epoch_sec": 1.3158374698832631}
{"variant": "B3", "dataset": "cora", "seed": 1, "epoch": 52, "loss": 0.03598513028546238, "valid_hits100": 0.908745247148289, "test_hits100": 0.9108159392789373, "epoch_sec": 1.3084928798489273}
{"variant": "B3", "dataset": "cora", "seed": 1, "epoch": 53, "loss": 0.03274417049027382, "valid_hits100": 0.9125475285171103, "test_hits100": 0.9127134724857685, "epoch_sec": 1.300818013958633}
{"variant": "B3", "dataset": "cora", "seed": 1, "epoch": 54, "loss": 0.03515451982511131, "valid_hits100": 0.9163498098859315, "test_hits100": 0.9146110056925996, "epoch_sec": 1.2957367417402565}
{"variant": "B3", "dataset": "cora", "seed": 1, "epoch": 55, "loss": 0.026768493152318155, "valid_hits100": 0.9011406844106464, "test_hits100": 0.9070208728652751, "epoch_sec": 1.298099435865879}
{"variant": "B3", "dataset": "cora", "seed": 1, "epoch": 56, "loss": 0.03798732753185665, "valid_hits100": 0.9049429657794676, "test_hits100": 0.9032258064516129, "epoch_sec": 1.313049094285816}
{"variant": "B3", "dataset": "cora", "seed": 1, "epoch": 57, "loss": 0.03571646934152712, "valid_hits100": 0.9049429657794676, "test_hits100": 0.9032258064516129, "epoch_sec": 1.3013790789991617}
{"variant": "B3", "dataset": "cora", "seed": 1, "epoch": 58, "loss": 0.028498173397492596, "valid_hits100": 0.8973384030418251, "test_hits100": 0.9127134724857685, "epoch_sec": 1.300091435201466}
{"variant": "B3", "dataset": "cora", "seed": 1, "epoch": 59, "loss": 0.02338461527756935, "valid_hits100": 0.8859315589353612, "test_hits100": 0.9127134724857685, "epoch_sec": 1.2998408419080079}
{"variant": "B3", "dataset": "cora", "seed": 1, "epoch": 60, "loss": 0.032768201079624644, "valid_hits100": 0.908745247148289, "test_hits100": 0.9108159392789373, "epoch_sec": 1.3085308726876974}
{"variant": "B3", "dataset": "cora", "seed": 1, "epoch": 61, "loss": 0.041027063095473985, "valid_hits100": 0.908745247148289, "test_hits100": 0.9013282732447818, "epoch_sec": 1.314645647071302}
{"variant": "B3", "dataset": "cora", "seed": 1, "epoch": 62, "loss": 0.028669538391412046, "valid_hits100": 0.9163498098859315, "test_hits100": 0.8956356736242884, "epoch_sec": 1.3002701620571315}
{"variant": "B3", "dataset": "cora", "seed": 1, "epoch": 63, "loss": 0.032341491347992274, "valid_hits100": 0.9011406844106464, "test_hits100": 0.9108159392789373, "epoch_sec": 1.3017184287309647}
{"variant": "B3", "dataset": "cora", "seed": 1, "epoch": 64, "loss": 0.02839701924200789, "valid_hits100": 0.9049429657794676, "test_hits100": 0.9089184060721063, "epoch_sec": 1.2971933977678418}
{"variant": "B3", "dataset": "cora", "seed": 1, "epoch": 65, "loss": 0.03261418718306776, "valid_hits100": 0.9011406844106464, "test_hits100": 0.9032258064516129, "epoch_sec": 1.3234404670074582}
{"variant": "B3", "dataset": "cora", "seed": 1, "epoch": 66, "loss": 0.0342466697667903, "valid_hits100": 0.8973384030418251, "test_hits100": 0.9089184060721063, "epoch_sec": 1.3009735639207065}
{"variant": "B3", "dataset": "cora", "seed": 1, "epoch": 67, "loss": 0.0265707717893011, "valid_hits100": 0.8973384030418251, "test_hits100": 0.8975332068311196, "epoch_sec": 1.2999519729055464}
{"variant": "B3", "dataset": "cora", "seed": 1, "epoch": 68, "loss": 0.034684890944265, "valid_hits100": 0.8859315589353612, "test_hits100": 0.9127134724857685, "epoch_sec": 1.2960268850438297}
{"variant": "B3", "dataset": "cora", "seed": 1, "epoch": 69, "loss": 0.03388443253867979, "valid_hits100": 0.8935361216730038, "test_hits100": 0.905123339658444, "epoch_sec": 1.3033061078749597}
{"variant": "B3", "dataset": "cora", "seed": 1, "epoch": 70, "loss": 0.03437730850595416, "valid_hits100": 0.9049429657794676, "test_hits100": 0.905123339658444, "epoch_sec": 1.3299315650947392}
{"variant": "B3", "dataset": "cora", "seed": 1, "epoch": 71, "loss": 0.02347604996971321, "valid_hits100": 0.9125475285171103, "test_hits100": 0.8994307400379506, "epoch_sec": 1.2980928355827928}
{"variant": "B3", "dataset": "cora", "seed": 1, "epoch": 72, "loss": 0.03190780117603122, "valid_hits100": 0.908745247148289, "test_hits100": 0.9032258064516129, "epoch_sec": 1.299273520708084}
{"variant": "B3", "dataset": "cora", "seed": 1, "epoch": 73, "loss": 0.03911828840692626, "valid_hits100": 0.9125475285171103, "test_hits100": 0.9089184060721063, "epoch_sec": 1.3050030027516186}
{"variant": "B3", "dataset": "cora", "seed": 1, "epoch": 74, "loss": 0.027265479833007176, "valid_hits100": 0.908745247148289, "test_hits100": 0.9165085388994307, "epoch_sec": 1.3074459438212216}
{"variant": "B3", "dataset": "cora", "seed": 1, "epoch": 75, "loss": 0.033553115113799374, "valid_hits100": 0.9163498098859315, "test_hits100": 0.9127134724857685, "epoch_sec": 1.3161600562743843}
{"variant": "B3", "dataset": "cora", "seed": 1, "epoch": 76, "loss": 0.031147263137334808, "valid_hits100": 0.9125475285171103, "test_hits100": 0.9222011385199241, "epoch_sec": 1.2972701769322157}
{"variant": "B3", "dataset": "cora", "seed": 1, "epoch": 77, "loss": 0.03245170302224244, "valid_hits100": 0.908745247148289, "test_hits100": 0.9089184060721063, "epoch_sec": 1.3032141239382327}
{"variant": "B3", "dataset": "cora", "seed": 1, "epoch": 78, "loss": 0.033326562494039536, "valid_hits100": 0.908745247148289, "test_hits100": 0.9108159392789373, "epoch_sec": 1.2975769280456007}
{"variant": "B3", "dataset": "cora", "seed": 1, "epoch": 79, "loss": 0.028469238314053805, "valid_hits100": 0.9125475285171103, "test_hits100": 0.9089184060721063, "epoch_sec": 1.327535695862025}
{"variant": "B3", "dataset": "cora", "seed": 1, "epoch": 80, "loss": 0.03028821227026177, "valid_hits100": 0.9125475285171103, "test_hits100": 0.9070208728652751, "epoch_sec": 1.2995659257285297}
{"variant": "B3", "dataset": "cora", "seed": 1, "epoch": 81, "loss": 0.02948281645057673, "valid_hits100": 0.9011406844106464, "test_hits100": 0.905123339658444, "epoch_sec": 1.2982934112660587}
{"variant": "B3", "dataset": "cora", "seed": 1, "epoch": 82, "loss": 0.03900255645341414, "valid_hits100": 0.9011406844106464, "test_hits100": 0.9127134724857685, "epoch_sec": 1.2978296461515129}
{"variant": "B3", "dataset": "cora", "seed": 1, "epoch": 83, "loss": 0.027753941575314273, "valid_hits100": 0.9125475285171103, "test_hits100": 0.905123339658444, "epoch_sec": 1.3081278847530484}
{"variant": "B3", "dataset": "cora", "seed": 1, "epoch": 84, "loss": 0.030486954827651833, "valid_hits100": 0.9125475285171103, "test_hits100": 0.9032258064516129, "epoch_sec": 1.3057203753851354}
{"variant": "B3", "dataset": "cora", "seed": 1, "epoch": 85, "loss": 0.027948871799437544, "valid_hits100": 0.9163498098859315, "test_hits100": 0.9089184060721063, "epoch_sec": 1.300321222282946}
{"variant": "B3", "dataset": "cora", "seed": 1, "epoch": 86, "loss": 0.03136810941917161, "valid_hits100": 0.908745247148289, "test_hits100": 0.9146110056925996, "epoch_sec": 1.3174009243957698}
{"variant": "B3", "dataset": "cora", "seed": 1, "epoch": 87, "loss": 0.0310591556224806, "valid_hits100": 0.908745247148289, "test_hits100": 0.9127134724857685, "epoch_sec": 1.2971786549314857}
{"variant": "B3", "dataset": "cora", "seed": 1, "epoch": 88, "loss": 0.028045054013822592, "valid_hits100": 0.9201520912547528, "test_hits100": 0.8918406072106262, "epoch_sec": 1.3189440458081663}
{"variant": "B3", "dataset": "cora", "seed": 1, "epoch": 89, "loss": 0.029633951484625776, "valid_hits100": 0.9277566539923955, "test_hits100": 0.8937381404174574, "epoch_sec": 1.2980863531120121}
{"variant": "B3", "dataset": "cora", "seed": 1, "epoch": 90, "loss": 0.03116498045198314, "valid_hits100": 0.9163498098859315, "test_hits100": 0.889943074003795, "epoch_sec": 1.2974871597252786}
{"variant": "B3", "dataset": "cora", "seed": 1, "epoch": 91, "loss": 0.02878889281953454, "valid_hits100": 0.9163498098859315, "test_hits100": 0.889943074003795, "epoch_sec": 1.2995580681599677}
{"variant": "B3", "dataset": "cora", "seed": 1, "epoch": 92, "loss": 0.02789374705862234, "valid_hits100": 0.9277566539923955, "test_hits100": 0.889943074003795, "epoch_sec": 1.3169062328524888}
{"variant": "B3", "dataset": "cora", "seed": 1, "epoch": 93, "loss": 0.023422566489872662, "valid_hits100": 0.9277566539923955, "test_hits100": 0.8994307400379506, "epoch_sec": 1.3188462173566222}
{"variant": "B3", "dataset": "cora", "seed": 1, "epoch": 94, "loss": 0.0342012446327218, "valid_hits100": 0.9239543726235742, "test_hits100": 0.905123339658444, "epoch_sec": 1.2991302767768502}
{"variant": "B3", "dataset": "cora", "seed": 1, "epoch": 95, "loss": 0.026228850843540912, "valid_hits100": 0.9163498098859315, "test_hits100": 0.9013282732447818, "epoch_sec": 1.2967035216279328}
{"variant": "B3", "dataset": "cora", "seed": 1, "epoch": 96, "loss": 0.026084152307633623, "valid_hits100": 0.9201520912547528, "test_hits100": 0.9089184060721063, "epoch_sec": 1.2969618029892445}
{"variant": "B3", "dataset": "cora", "seed": 1, "epoch": 97, "loss": 0.03804745736287877, "valid_hits100": 0.908745247148289, "test_hits100": 0.9013282732447818, "epoch_sec": 1.315720648970455}
{"variant": "B3", "dataset": "cora", "seed": 1, "epoch": 98, "loss": 0.02578924885003059, "valid_hits100": 0.9125475285171103, "test_hits100": 0.9070208728652751, "epoch_sec": 1.3002303908579051}
{"variant": "B3", "dataset": "cora", "seed": 1, "epoch": 99, "loss": 0.023941606455839468, "valid_hits100": 0.9163498098859315, "test_hits100": 0.9089184060721063, "epoch_sec": 1.302211691159755}
{"variant": "B3", "dataset": "cora", "seed": 1, "epoch": 100, "loss": 0.03624936506656827, "valid_hits100": 0.9163498098859315, "test_hits100": 0.905123339658444, "epoch_sec": 1.2975034872069955}
{"completed": "/home/ubuntu/HL-GNN-PDG-V0-exp/results/hlgnn_pdg_v0/cora/B3/seed1.json", "best_epoch": 1, "best_metrics": {"Hits@10_valid": 0.8136882129277566, "Hits@10_test": 0.6015180265654649, "Hits@50_valid": 0.9885931558935361, "Hits@50_test": 0.8956356736242884, "Hits@100_valid": 0.9961977186311787, "Hits@100_test": 0.9506641366223909, "Hits@100_train": 1.0}, "total_runtime_sec": 131.63671024423093}
