/home/ubuntu/anaconda3/envs/mei_env/lib/python3.11/site-packages/torch/cuda/__init__.py:63: FutureWarning: The pynvml package is deprecated. Please install nvidia-ml-py instead. If you did not install pynvml directly, please report this to the maintainers of the package that installed pynvml for you.
  import pynvml  # type: ignore[import]
/home/ubuntu/anaconda3/envs/mei_env/lib/python3.11/site-packages/torch_geometric/deprecation.py:26: UserWarning: 'train_test_split_edges' is deprecated, use 'transforms.RandomLinkSplit' instead
  warnings.warn(out)
{"variant": "B1", "dataset": "cora", "seed": 2, "epoch": 1, "loss": 1.2941795162551117, "valid_hits100": 0.9885931558935361, "test_hits100": 0.8937381404174574, "epoch_sec": 1.7040352066978812}
{"variant": "B1", "dataset": "cora", "seed": 2, "epoch": 2, "loss": 0.3855725354158092, "valid_hits100": 0.9961977186311787, "test_hits100": 0.9449715370018975, "epoch_sec": 1.2267066929489374}
{"variant": "B1", "dataset": "cora", "seed": 2, "epoch": 3, "loss": 0.17492200992005394, "valid_hits100": 0.9619771863117871, "test_hits100": 0.9240986717267552, "epoch_sec": 1.261735960841179}
{"variant": "B1", "dataset": "cora", "seed": 2, "epoch": 4, "loss": 0.1251432754351706, "valid_hits100": 0.9695817490494296, "test_hits100": 0.9278937381404174, "epoch_sec": 1.228055945597589}
{"variant": "B1", "dataset": "cora", "seed": 2, "epoch": 5, "loss": 0.08752922025806338, "valid_hits100": 0.9391634980988594, "test_hits100": 0.8975332068311196, "epoch_sec": 1.237206974066794}
{"variant": "B1", "dataset": "cora", "seed": 2, "epoch": 6, "loss": 0.06270234199131236, "valid_hits100": 0.9239543726235742, "test_hits100": 0.9089184060721063, "epoch_sec": 1.2307658037170768}
{"variant": "B1", "dataset": "cora", "seed": 2, "epoch": 7, "loss": 0.06379103089505125, "valid_hits100": 0.9011406844106464, "test_hits100": 0.8823529411764706, "epoch_sec": 1.2327546109445393}
{"variant": "B1", "dataset": "cora", "seed": 2, "epoch": 8, "loss": 0.059737722078959145, "valid_hits100": 0.8783269961977186, "test_hits100": 0.8918406072106262, "epoch_sec": 1.265970051754266}
{"variant": "B1", "dataset": "cora", "seed": 2, "epoch": 9, "loss": 0.052237575226289065, "valid_hits100": 0.8935361216730038, "test_hits100": 0.8766603415559773, "epoch_sec": 1.2312149140052497}
{"variant": "B1", "dataset": "cora", "seed": 2, "epoch": 10, "loss": 0.0517959445050906, "valid_hits100": 0.8745247148288974, "test_hits100": 0.8804554079696395, "epoch_sec": 1.2280022790655494}
{"variant": "B1", "dataset": "cora", "seed": 2, "epoch": 11, "loss": 0.05052439852513094, "valid_hits100": 0.8783269961977186, "test_hits100": 0.8937381404174574, "epoch_sec": 1.231165730394423}
{"variant": "B1", "dataset": "cora", "seed": 2, "epoch": 12, "loss": 0.04201088398163756, "valid_hits100": 0.8821292775665399, "test_hits100": 0.8747628083491461, "epoch_sec": 1.224216012749821}
{"variant": "B1", "dataset": "cora", "seed": 2, "epoch": 13, "loss": 0.04188869697657711, "valid_hits100": 0.8783269961977186, "test_hits100": 0.8709677419354839, "epoch_sec": 1.2601352739147842}
{"variant": "B1", "dataset": "cora", "seed": 2, "epoch": 14, "loss": 0.04400728900589832, "valid_hits100": 0.8783269961977186, "test_hits100": 0.8671726755218216, "epoch_sec": 1.2339352210983634}
{"variant": "B1", "dataset": "cora", "seed": 2, "epoch": 15, "loss": 0.04429237752382555, "valid_hits100": 0.870722433460076, "test_hits100": 0.8766603415559773, "epoch_sec": 1.2333689318038523}
{"variant": "B1", "dataset": "cora", "seed": 2, "epoch": 16, "loss": 0.04592371547392133, "valid_hits100": 0.8631178707224335, "test_hits100": 0.8652751423149905, "epoch_sec": 1.2336576688103378}
{"variant": "B1", "dataset": "cora", "seed": 2, "epoch": 17, "loss": 0.03864190080692849, "valid_hits100": 0.870722433460076, "test_hits100": 0.8690702087286527, "epoch_sec": 1.2467848733067513}
{"variant": "B1", "dataset": "cora", "seed": 2, "epoch": 18, "loss": 0.03141546503718737, "valid_hits100": 0.8669201520912547, "test_hits100": 0.857685009487666, "epoch_sec": 1.2491227719001472}
{"variant": "B1", "dataset": "cora", "seed": 2, "epoch": 19, "loss": 0.037325128893004385, "valid_hits100": 0.8745247148288974, "test_hits100": 0.8519924098671727, "epoch_sec": 1.2284368742257357}
{"variant": "B1", "dataset": "cora", "seed": 2, "epoch": 20, "loss": 0.04127937639646777, "valid_hits100": 0.8517110266159695, "test_hits100": 0.8614800759013282, "epoch_sec": 1.2274196608923376}
{"variant": "B1", "dataset": "cora", "seed": 2, "epoch": 21, "loss": 0.03669433961099482, "valid_hits100": 0.8669201520912547, "test_hits100": 0.8671726755218216, "epoch_sec": 1.2322302451357245}
{"variant": "B1", "dataset": "cora", "seed": 2, "epoch": 22, "loss": 0.03874194142599582, "valid_hits100": 0.8555133079847909, "test_hits100": 0.8671726755218216, "epoch_sec": 1.25328363571316}
{"variant": "B1", "dataset": "cora", "seed": 2, "epoch": 23, "loss": 0.033880355789487164, "valid_hits100": 0.8593155893536122, "test_hits100": 0.8671726755218216, "epoch_sec": 1.2457576328888535}
{"variant": "B1", "dataset": "cora", "seed": 2, "epoch": 24, "loss": 0.03372520105431849, "valid_hits100": 0.870722433460076, "test_hits100": 0.8614800759013282, "epoch_sec": 1.2272192700766027}
{"variant": "B1", "dataset": "cora", "seed": 2, "epoch": 25, "loss": 0.03433789779994896, "valid_hits100": 0.8631178707224335, "test_hits100": 0.8633776091081594, "epoch_sec": 1.227229243144393}
{"variant": "B1", "dataset": "cora", "seed": 2, "epoch": 26, "loss": 0.03160943845934409, "valid_hits100": 0.8821292775665399, "test_hits100": 0.8709677419354839, "epoch_sec": 1.2306478428654373}
{"variant": "B1", "dataset": "cora", "seed": 2, "epoch": 27, "loss": 0.027872823962340806, "valid_hits100": 0.8745247148288974, "test_hits100": 0.8652751423149905, "epoch_sec": 1.2513150479644537}
{"variant": "B1", "dataset": "cora", "seed": 2, "epoch": 28, "loss": 0.029016155600149363, "valid_hits100": 0.870722433460076, "test_hits100": 0.8595825426944972, "epoch_sec": 1.2345644482411444}
{"variant": "B1", "dataset": "cora", "seed": 2, "epoch": 29, "loss": 0.028710526817622668, "valid_hits100": 0.8745247148288974, "test_hits100": 0.855787476280835, "epoch_sec": 1.228156571276486}
{"variant": "B1", "dataset": "cora", "seed": 2, "epoch": 30, "loss": 0.02196765186368038, "valid_hits100": 0.8517110266159695, "test_hits100": 0.857685009487666, "epoch_sec": 1.249273152090609}
{"variant": "B1", "dataset": "cora", "seed": 2, "epoch": 31, "loss": 0.03600558591425525, "valid_hits100": 0.8631178707224335, "test_hits100": 0.857685009487666, "epoch_sec": 1.2298676976934075}
{"variant": "B1", "dataset": "cora", "seed": 2, "epoch": 32, "loss": 0.027887902071503608, "valid_hits100": 0.8669201520912547, "test_hits100": 0.8671726755218216, "epoch_sec": 1.2647830699570477}
{"variant": "B1", "dataset": "cora", "seed": 2, "epoch": 33, "loss": 0.027970058654240747, "valid_hits100": 0.8593155893536122, "test_hits100": 0.8519924098671727, "epoch_sec": 1.2259546341374516}
{"variant": "B1", "dataset": "cora", "seed": 2, "epoch": 34, "loss": 0.02828403286728842, "valid_hits100": 0.8669201520912547, "test_hits100": 0.8538899430740038, "epoch_sec": 1.2258021947927773}
{"variant": "B1", "dataset": "cora", "seed": 2, "epoch": 35, "loss": 0.027147859467754602, "valid_hits100": 0.8783269961977186, "test_hits100": 0.857685009487666, "epoch_sec": 1.227632172871381}
{"variant": "B1", "dataset": "cora", "seed": 2, "epoch": 36, "loss": 0.025480690208029618, "valid_hits100": 0.8669201520912547, "test_hits100": 0.8481973434535104, "epoch_sec": 1.233231071382761}
{"variant": "B1", "dataset": "cora", "seed": 2, "epoch": 37, "loss": 0.028114467248347142, "valid_hits100": 0.8555133079847909, "test_hits100": 0.857685009487666, "epoch_sec": 1.2643642029725015}
{"variant": "B1", "dataset": "cora", "seed": 2, "epoch": 38, "loss": 0.02909671214746175, "valid_hits100": 0.8593155893536122, "test_hits100": 0.857685009487666, "epoch_sec": 1.2286792169325054}
{"variant": "B1", "dataset": "cora", "seed": 2, "epoch": 39, "loss": 0.029980357835955797, "valid_hits100": 0.8517110266159695, "test_hits100": 0.8481973434535104, "epoch_sec": 1.2302792249247432}
{"variant": "B1", "dataset": "cora", "seed": 2, "epoch": 40, "loss": 0.025220009292444338, "valid_hits100": 0.8555133079847909, "test_hits100": 0.8481973434535104, "epoch_sec": 1.2276069219224155}
{"variant": "B1", "dataset": "cora", "seed": 2, "epoch": 41, "loss": 0.022608166255070138, "valid_hits100": 0.8517110266159695, "test_hits100": 0.8500948766603416, "epoch_sec": 1.2463891999796033}
{"variant": "B1", "dataset": "cora", "seed": 2, "epoch": 42, "loss": 0.027872454146763273, "valid_hits100": 0.8517110266159695, "test_hits100": 0.8462998102466793, "epoch_sec": 1.2465852587483823}
{"variant": "B1", "dataset": "cora", "seed": 2, "epoch": 43, "loss": 0.028224943906281295, "valid_hits100": 0.8479087452471483, "test_hits100": 0.8406072106261859, "epoch_sec": 1.226340956054628}
{"variant": "B1", "dataset": "cora", "seed": 2, "epoch": 44, "loss": 0.023166275345811657, "valid_hits100": 0.8517110266159695, "test_hits100": 0.8519924098671727, "epoch_sec": 1.251555189024657}
{"variant": "B1", "dataset": "cora", "seed": 2, "epoch": 45, "loss": 0.029650017984357534, "valid_hits100": 0.870722433460076, "test_hits100": 0.8538899430740038, "epoch_sec": 1.2309561828151345}
{"variant": "B1", "dataset": "cora", "seed": 2, "epoch": 46, "loss": 0.030448065011524687, "valid_hits100": 0.8555133079847909, "test_hits100": 0.8481973434535104, "epoch_sec": 1.2578316228464246}
{"variant": "B1", "dataset": "cora", "seed": 2, "epoch": 47, "loss": 0.02520407094170278, "valid_hits100": 0.8669201520912547, "test_hits100": 0.855787476280835, "epoch_sec": 1.240361288189888}
{"variant": "B1", "dataset": "cora", "seed": 2, "epoch": 48, "loss": 0.025912389763483177, "valid_hits100": 0.8517110266159695, "test_hits100": 0.8349146110056926, "epoch_sec": 1.2289714738726616}
{"variant": "B1", "dataset": "cora", "seed": 2, "epoch": 49, "loss": 0.021634581175079957, "valid_hits100": 0.8517110266159695, "test_hits100": 0.8406072106261859, "epoch_sec": 1.2263221652247012}
{"variant": "B1", "dataset": "cora", "seed": 2, "epoch": 50, "loss": 0.0306305222432403, "valid_hits100": 0.8631178707224335, "test_hits100": 0.8500948766603416, "epoch_sec": 1.225549764931202}
{"variant": "B1", "dataset": "cora", "seed": 2, "epoch": 51, "loss": 0.02370502003559879, "valid_hits100": 0.8479087452471483, "test_hits100": 0.8462998102466793, "epoch_sec": 1.2716579460538924}
{"variant": "B1", "dataset": "cora", "seed": 2, "epoch": 52, "loss": 0.027226815152906692, "valid_hits100": 0.8593155893536122, "test_hits100": 0.8425047438330171, "epoch_sec": 1.2433994547463953}
{"variant": "B1", "dataset": "cora", "seed": 2, "epoch": 53, "loss": 0.02376751644526892, "valid_hits100": 0.8403041825095057, "test_hits100": 0.8425047438330171, "epoch_sec": 1.2291667256504297}
{"variant": "B1", "dataset": "cora", "seed": 2, "epoch": 54, "loss": 0.021778165085536698, "valid_hits100": 0.8365019011406845, "test_hits100": 0.8235294117647058, "epoch_sec": 1.220721438061446}
{"variant": "B1", "dataset": "cora", "seed": 2, "epoch": 55, "loss": 0.026313449012085717, "valid_hits100": 0.8517110266159695, "test_hits100": 0.8330170777988615, "epoch_sec": 1.226207691244781}
{"variant": "B1", "dataset": "cora", "seed": 2, "epoch": 56, "loss": 0.024274333258974573, "valid_hits100": 0.8517110266159695, "test_hits100": 0.8425047438330171, "epoch_sec": 1.2628771150484681}
{"variant": "B1", "dataset": "cora", "seed": 2, "epoch": 57, "loss": 0.021153279784369598, "valid_hits100": 0.8669201520912547, "test_hits100": 0.8538899430740038, "epoch_sec": 1.2259615859948099}
{"variant": "B1", "dataset": "cora", "seed": 2, "epoch": 58, "loss": 0.025115211851190967, "valid_hits100": 0.8631178707224335, "test_hits100": 0.8519924098671727, "epoch_sec": 1.2311145970597863}
{"variant": "B1", "dataset": "cora", "seed": 2, "epoch": 59, "loss": 0.02340882507264083, "valid_hits100": 0.870722433460076, "test_hits100": 0.8519924098671727, "epoch_sec": 1.2488718666136265}
{"variant": "B1", "dataset": "cora", "seed": 2, "epoch": 60, "loss": 0.028654255802990494, "valid_hits100": 0.870722433460076, "test_hits100": 0.8519924098671727, "epoch_sec": 1.2487462530843914}
{"variant": "B1", "dataset": "cora", "seed": 2, "epoch": 61, "loss": 0.022402140607396655, "valid_hits100": 0.8479087452471483, "test_hits100": 0.8235294117647058, "epoch_sec": 1.2662614970467985}
{"variant": "B1", "dataset": "cora", "seed": 2, "epoch": 62, "loss": 0.02687735989716389, "valid_hits100": 0.8555133079847909, "test_hits100": 0.8387096774193549, "epoch_sec": 1.2250391920097172}
{"variant": "B1", "dataset": "cora", "seed": 2, "epoch": 63, "loss": 0.02784793860479897, "valid_hits100": 0.8631178707224335, "test_hits100": 0.855787476280835, "epoch_sec": 1.222936971578747}
{"variant": "B1", "dataset": "cora", "seed": 2, "epoch": 64, "loss": 0.025216943941306514, "valid_hits100": 0.8593155893536122, "test_hits100": 0.8595825426944972, "epoch_sec": 1.2251453842036426}
{"variant": "B1", "dataset": "cora", "seed": 2, "epoch": 65, "loss": 0.023128001580476336, "valid_hits100": 0.8479087452471483, "test_hits100": 0.857685009487666, "epoch_sec": 1.2696131668053567}
{"variant": "B1", "dataset": "cora", "seed": 2, "epoch": 66, "loss": 0.019855030103455466, "valid_hits100": 0.8479087452471483, "test_hits100": 0.8425047438330171, "epoch_sec": 1.2607568600215018}
{"variant": "B1", "dataset": "cora", "seed": 2, "epoch": 67, "loss": 0.033434833912925926, "valid_hits100": 0.8555133079847909, "test_hits100": 0.8538899430740038, "epoch_sec": 1.23568543093279}
{"variant": "B1", "dataset": "cora", "seed": 2, "epoch": 68, "loss": 0.02530332422630991, "valid_hits100": 0.8669201520912547, "test_hits100": 0.8614800759013282, "epoch_sec": 1.226854536216706}
{"variant": "B1", "dataset": "cora", "seed": 2, "epoch": 69, "loss": 0.02739112461633223, "valid_hits100": 0.8593155893536122, "test_hits100": 0.8368121442125237, "epoch_sec": 1.2262174231000245}
{"variant": "B1", "dataset": "cora", "seed": 2, "epoch": 70, "loss": 0.027740819193754818, "valid_hits100": 0.8669201520912547, "test_hits100": 0.8519924098671727, "epoch_sec": 1.2492026486434042}
{"variant": "B1", "dataset": "cora", "seed": 2, "epoch": 71, "loss": 0.02445989839214692, "valid_hits100": 0.8669201520912547, "test_hits100": 0.8614800759013282, "epoch_sec": 1.2610500808805227}
{"variant": "B1", "dataset": "cora", "seed": 2, "epoch": 72, "loss": 0.02431900220227539, "valid_hits100": 0.8669201520912547, "test_hits100": 0.8633776091081594, "epoch_sec": 1.231165923178196}
{"variant": "B1", "dataset": "cora", "seed": 2, "epoch": 73, "loss": 0.030230692589452986, "valid_hits100": 0.870722433460076, "test_hits100": 0.8614800759013282, "epoch_sec": 1.2563882819376886}
{"variant": "B1", "dataset": "cora", "seed": 2, "epoch": 74, "loss": 0.018608558574382632, "valid_hits100": 0.870722433460076, "test_hits100": 0.8595825426944972, "epoch_sec": 1.2316301711834967}
{"variant": "B1", "dataset": "cora", "seed": 2, "epoch": 75, "loss": 0.02069665356779906, "valid_hits100": 0.8783269961977186, "test_hits100": 0.857685009487666, "epoch_sec": 1.2786825271323323}
{"variant": "B1", "dataset": "cora", "seed": 2, "epoch": 76, "loss": 0.02333727386346794, "valid_hits100": 0.8821292775665399, "test_hits100": 0.8671726755218216, "epoch_sec": 1.2369346232153475}
{"variant": "B1", "dataset": "cora", "seed": 2, "epoch": 77, "loss": 0.025411664798802656, "valid_hits100": 0.8783269961977186, "test_hits100": 0.8652751423149905, "epoch_sec": 1.242706140037626}
{"variant": "B1", "dataset": "cora", "seed": 2, "epoch": 78, "loss": 0.022871162792179673, "valid_hits100": 0.8783269961977186, "test_hits100": 0.8652751423149905, "epoch_sec": 1.242122609168291}
{"variant": "B1", "dataset": "cora", "seed": 2, "epoch": 79, "loss": 0.025450233652284653, "valid_hits100": 0.870722433460076, "test_hits100": 0.855787476280835, "epoch_sec": 1.2365969382226467}
{"variant": "B1", "dataset": "cora", "seed": 2, "epoch": 80, "loss": 0.02548712426580741, "valid_hits100": 0.8783269961977186, "test_hits100": 0.8462998102466793, "epoch_sec": 1.3017584676854312}
{"variant": "B1", "dataset": "cora", "seed": 2, "epoch": 81, "loss": 0.0234735629084701, "valid_hits100": 0.8669201520912547, "test_hits100": 0.8444022770398482, "epoch_sec": 1.2388988402672112}
{"variant": "B1", "dataset": "cora", "seed": 2, "epoch": 82, "loss": 0.01941764402517023, "valid_hits100": 0.8821292775665399, "test_hits100": 0.8444022770398482, "epoch_sec": 1.236644391901791}
{"variant": "B1", "dataset": "cora", "seed": 2, "epoch": 83, "loss": 0.028609605237124438, "valid_hits100": 0.8631178707224335, "test_hits100": 0.8462998102466793, "epoch_sec": 1.2377949310466647}
{"variant": "B1", "dataset": "cora", "seed": 2, "epoch": 84, "loss": 0.02126421808944135, "valid_hits100": 0.8631178707224335, "test_hits100": 0.8462998102466793, "epoch_sec": 1.2535852077417076}
{"variant": "B1", "dataset": "cora", "seed": 2, "epoch": 85, "loss": 0.023260000767767325, "valid_hits100": 0.8669201520912547, "test_hits100": 0.8462998102466793, "epoch_sec": 1.2551743597723544}
{"variant": "B1", "dataset": "cora", "seed": 2, "epoch": 86, "loss": 0.023155816423967347, "valid_hits100": 0.8669201520912547, "test_hits100": 0.8368121442125237, "epoch_sec": 1.2272662529721856}
{"variant": "B1", "dataset": "cora", "seed": 2, "epoch": 87, "loss": 0.020880062876803777, "valid_hits100": 0.8593155893536122, "test_hits100": 0.8406072106261859, "epoch_sec": 1.2622309559956193}
{"variant": "B1", "dataset": "cora", "seed": 2, "epoch": 88, "loss": 0.01702025701555817, "valid_hits100": 0.8593155893536122, "test_hits100": 0.8349146110056926, "epoch_sec": 1.2286274721845984}
{"variant": "B1", "dataset": "cora", "seed": 2, "epoch": 89, "loss": 0.024289857954743074, "valid_hits100": 0.8593155893536122, "test_hits100": 0.8406072106261859, "epoch_sec": 1.2567822257988155}
{"variant": "B1", "dataset": "cora", "seed": 2, "epoch": 90, "loss": 0.025009010564834677, "valid_hits100": 0.8897338403041825, "test_hits100": 0.8444022770398482, "epoch_sec": 1.2374094841070473}
{"variant": "B1", "dataset": "cora", "seed": 2, "epoch": 91, "loss": 0.025939498989844493, "valid_hits100": 0.8783269961977186, "test_hits100": 0.8538899430740038, "epoch_sec": 1.2264374056831002}
{"variant": "B1", "dataset": "cora", "seed": 2, "epoch": 92, "loss": 0.031167394294006726, "valid_hits100": 0.8593155893536122, "test_hits100": 0.8406072106261859, "epoch_sec": 1.2246437342837453}
{"variant": "B1", "dataset": "cora", "seed": 2, "epoch": 93, "loss": 0.020859378265505806, "valid_hits100": 0.8593155893536122, "test_hits100": 0.8387096774193549, "epoch_sec": 1.228313704021275}
{"variant": "B1", "dataset": "cora", "seed": 2, "epoch": 94, "loss": 0.01981203596036277, "valid_hits100": 0.8555133079847909, "test_hits100": 0.8235294117647058, "epoch_sec": 1.272285566199571}
{"variant": "B1", "dataset": "cora", "seed": 2, "epoch": 95, "loss": 0.02106816391004067, "valid_hits100": 0.8631178707224335, "test_hits100": 0.8462998102466793, "epoch_sec": 1.2350341160781682}
{"variant": "B1", "dataset": "cora", "seed": 2, "epoch": 96, "loss": 0.021428142767233538, "valid_hits100": 0.8555133079847909, "test_hits100": 0.8406072106261859, "epoch_sec": 1.226367182098329}
{"variant": "B1", "dataset": "cora", "seed": 2, "epoch": 97, "loss": 0.024142399164657116, "valid_hits100": 0.8479087452471483, "test_hits100": 0.8368121442125237, "epoch_sec": 1.2304022619500756}
{"variant": "B1", "dataset": "cora", "seed": 2, "epoch": 98, "loss": 0.017838330796642526, "valid_hits100": 0.8479087452471483, "test_hits100": 0.8406072106261859, "epoch_sec": 1.235762964002788}
{"variant": "B1", "dataset": "cora", "seed": 2, "epoch": 99, "loss": 0.020208057341516122, "valid_hits100": 0.8555133079847909, "test_hits100": 0.8462998102466793, "epoch_sec": 1.2669660802930593}
{"variant": "B1", "dataset": "cora", "seed": 2, "epoch": 100, "loss": 0.02805013540275594, "valid_hits100": 0.8517110266159695, "test_hits100": 0.8425047438330171, "epoch_sec": 1.2248169789090753}
{"completed": "/home/ubuntu/HL-GNN-PDG-V0-exp/results/hlgnn_pdg_v0/cora/B1/seed2.json", "best_epoch": 2, "best_metrics": {"Hits@10_valid": 0.8174904942965779, "Hits@10_test": 0.6565464895635673, "Hits@50_valid": 0.9847908745247148, "Hits@50_test": 0.888045540796964, "Hits@100_valid": 0.9961977186311787, "Hits@100_test": 0.9449715370018975, "Hits@100_train": 1.0}, "total_runtime_sec": 125.51824198570102}
