/home/ubuntu/anaconda3/envs/mei_env/lib/python3.11/site-packages/torch/cuda/__init__.py:63: FutureWarning: The pynvml package is deprecated. Please install nvidia-ml-py instead. If you did not install pynvml directly, please report this to the maintainers of the package that installed pynvml for you.
  import pynvml  # type: ignore[import]
/home/ubuntu/anaconda3/envs/mei_env/lib/python3.11/site-packages/torch_geometric/deprecation.py:26: UserWarning: 'train_test_split_edges' is deprecated, use 'transforms.RandomLinkSplit' instead
  warnings.warn(out)
{"variant": "B1", "dataset": "cora", "seed": 1, "epoch": 1, "loss": 1.2927509312536203, "valid_hits100": 0.9809885931558935, "test_hits100": 0.8994307400379506, "epoch_sec": 1.6460886020213366}
{"variant": "B1", "dataset": "cora", "seed": 1, "epoch": 2, "loss": 0.40106618829376983, "valid_hits100": 0.9961977186311787, "test_hits100": 0.9297912713472486, "epoch_sec": 1.234334688168019}
{"variant": "B1", "dataset": "cora", "seed": 1, "epoch": 3, "loss": 0.20997378163690447, "valid_hits100": 0.9961977186311787, "test_hits100": 0.9354838709677419, "epoch_sec": 1.215742499101907}
{"variant": "B1", "dataset": "cora", "seed": 1, "epoch": 4, "loss": 0.11675563223540464, "valid_hits100": 0.9581749049429658, "test_hits100": 0.920303605313093, "epoch_sec": 1.2463629371486604}
{"variant": "B1", "dataset": "cora", "seed": 1, "epoch": 5, "loss": 0.08721017380661718, "valid_hits100": 0.9429657794676806, "test_hits100": 0.9146110056925996, "epoch_sec": 1.2466350877657533}
{"variant": "B1", "dataset": "cora", "seed": 1, "epoch": 6, "loss": 0.06478501161736389, "valid_hits100": 0.9239543726235742, "test_hits100": 0.9089184060721063, "epoch_sec": 1.228007371071726}
{"variant": "B1", "dataset": "cora", "seed": 1, "epoch": 7, "loss": 0.060986569108119414, "valid_hits100": 0.935361216730038, "test_hits100": 0.8975332068311196, "epoch_sec": 1.2473610499873757}
{"variant": "B1", "dataset": "cora", "seed": 1, "epoch": 8, "loss": 0.05714512490891518, "valid_hits100": 0.9315589353612167, "test_hits100": 0.8918406072106262, "epoch_sec": 1.2253682659938931}
{"variant": "B1", "dataset": "cora", "seed": 1, "epoch": 9, "loss": 0.04381670832049613, "valid_hits100": 0.9011406844106464, "test_hits100": 0.8671726755218216, "epoch_sec": 1.253515032120049}
{"variant": "B1", "dataset": "cora", "seed": 1, "epoch": 10, "loss": 0.05365947806633305, "valid_hits100": 0.8973384030418251, "test_hits100": 0.889943074003795, "epoch_sec": 1.224572881590575}
{"variant": "B1", "dataset": "cora", "seed": 1, "epoch": 11, "loss": 0.05033496286514184, "valid_hits100": 0.8859315589353612, "test_hits100": 0.8804554079696395, "epoch_sec": 1.2290512546896935}
{"variant": "B1", "dataset": "cora", "seed": 1, "epoch": 12, "loss": 0.03812238356885426, "valid_hits100": 0.8973384030418251, "test_hits100": 0.8766603415559773, "epoch_sec": 1.2281547440215945}
{"variant": "B1", "dataset": "cora", "seed": 1, "epoch": 13, "loss": 0.04195549782637819, "valid_hits100": 0.9011406844106464, "test_hits100": 0.888045540796964, "epoch_sec": 1.2315859799273312}
{"variant": "B1", "dataset": "cora", "seed": 1, "epoch": 14, "loss": 0.03939211051147464, "valid_hits100": 0.9049429657794676, "test_hits100": 0.8766603415559773, "epoch_sec": 1.265879918821156}
{"variant": "B1", "dataset": "cora", "seed": 1, "epoch": 15, "loss": 0.045751431867241225, "valid_hits100": 0.9125475285171103, "test_hits100": 0.8595825426944972, "epoch_sec": 1.2240867651998997}
{"variant": "B1", "dataset": "cora", "seed": 1, "epoch": 16, "loss": 0.050198385986680444, "valid_hits100": 0.9049429657794676, "test_hits100": 0.8747628083491461, "epoch_sec": 1.224220768082887}
{"variant": "B1", "dataset": "cora", "seed": 1, "epoch": 17, "loss": 0.030059831797970383, "valid_hits100": 0.8935361216730038, "test_hits100": 0.8766603415559773, "epoch_sec": 1.2224978040903807}
{"variant": "B1", "dataset": "cora", "seed": 1, "epoch": 18, "loss": 0.04774710652210921, "valid_hits100": 0.9011406844106464, "test_hits100": 0.8804554079696395, "epoch_sec": 1.2357799080200493}
{"variant": "B1", "dataset": "cora", "seed": 1, "epoch": 19, "loss": 0.04263837860628245, "valid_hits100": 0.8783269961977186, "test_hits100": 0.8633776091081594, "epoch_sec": 1.2494944571517408}
{"variant": "B1", "dataset": "cora", "seed": 1, "epoch": 20, "loss": 0.038378804019003204, "valid_hits100": 0.8821292775665399, "test_hits100": 0.872865275142315, "epoch_sec": 1.2239663018845022}
{"variant": "B1", "dataset": "cora", "seed": 1, "epoch": 21, "loss": 0.027622026861138946, "valid_hits100": 0.8821292775665399, "test_hits100": 0.8519924098671727, "epoch_sec": 1.2524567632935941}
{"variant": "B1", "dataset": "cora", "seed": 1, "epoch": 22, "loss": 0.037103546149165445, "valid_hits100": 0.8821292775665399, "test_hits100": 0.8633776091081594, "epoch_sec": 1.229846599046141}
{"variant": "B1", "dataset": "cora", "seed": 1, "epoch": 23, "loss": 0.04731881089920241, "valid_hits100": 0.8935361216730038, "test_hits100": 0.8690702087286527, "epoch_sec": 1.247379164211452}
{"variant": "B1", "dataset": "cora", "seed": 1, "epoch": 24, "loss": 0.0429942807292237, "valid_hits100": 0.8935361216730038, "test_hits100": 0.8747628083491461, "epoch_sec": 1.238152414560318}
{"variant": "B1", "dataset": "cora", "seed": 1, "epoch": 25, "loss": 0.03295179020195084, "valid_hits100": 0.8821292775665399, "test_hits100": 0.8633776091081594, "epoch_sec": 1.2271608132869005}
{"variant": "B1", "dataset": "cora", "seed": 1, "epoch": 26, "loss": 0.04153220417930906, "valid_hits100": 0.8821292775665399, "test_hits100": 0.872865275142315, "epoch_sec": 1.2228453108109534}
{"variant": "B1", "dataset": "cora", "seed": 1, "epoch": 27, "loss": 0.032241559124247914, "valid_hits100": 0.8783269961977186, "test_hits100": 0.8652751423149905, "epoch_sec": 1.2256550593301654}
{"variant": "B1", "dataset": "cora", "seed": 1, "epoch": 28, "loss": 0.028694644947195966, "valid_hits100": 0.870722433460076, "test_hits100": 0.8709677419354839, "epoch_sec": 1.2647847193293273}
{"variant": "B1", "dataset": "cora", "seed": 1, "epoch": 29, "loss": 0.031934053100871315, "valid_hits100": 0.870722433460076, "test_hits100": 0.872865275142315, "epoch_sec": 1.235123286023736}
{"variant": "B1", "dataset": "cora", "seed": 1, "epoch": 30, "loss": 0.033230778938839994, "valid_hits100": 0.8897338403041825, "test_hits100": 0.8785578747628083, "epoch_sec": 1.2229982167482376}
{"variant": "B1", "dataset": "cora", "seed": 1, "epoch": 31, "loss": 0.03271279995347939, "valid_hits100": 0.870722433460076, "test_hits100": 0.857685009487666, "epoch_sec": 1.2258259733207524}
{"variant": "B1", "dataset": "cora", "seed": 1, "epoch": 32, "loss": 0.027024276860045028, "valid_hits100": 0.8783269961977186, "test_hits100": 0.8709677419354839, "epoch_sec": 1.2235399661585689}
{"variant": "B1", "dataset": "cora", "seed": 1, "epoch": 33, "loss": 0.030097048005849496, "valid_hits100": 0.8859315589353612, "test_hits100": 0.8652751423149905, "epoch_sec": 1.2568250498734415}
{"variant": "B1", "dataset": "cora", "seed": 1, "epoch": 34, "loss": 0.03365607236955255, "valid_hits100": 0.8783269961977186, "test_hits100": 0.8633776091081594, "epoch_sec": 1.2260311120189726}
{"variant": "B1", "dataset": "cora", "seed": 1, "epoch": 35, "loss": 0.030894802780340486, "valid_hits100": 0.8821292775665399, "test_hits100": 0.8747628083491461, "epoch_sec": 1.2283254778012633}
{"variant": "B1", "dataset": "cora", "seed": 1, "epoch": 36, "loss": 0.026673178913971533, "valid_hits100": 0.8631178707224335, "test_hits100": 0.8671726755218216, "epoch_sec": 1.233857560902834}
{"variant": "B1", "dataset": "cora", "seed": 1, "epoch": 37, "loss": 0.033254015732576504, "valid_hits100": 0.870722433460076, "test_hits100": 0.857685009487666, "epoch_sec": 1.2308365791104734}
{"variant": "B1", "dataset": "cora", "seed": 1, "epoch": 38, "loss": 0.024599280527090643, "valid_hits100": 0.8821292775665399, "test_hits100": 0.8633776091081594, "epoch_sec": 1.2644656067714095}
{"variant": "B1", "dataset": "cora", "seed": 1, "epoch": 39, "loss": 0.02866447168450517, "valid_hits100": 0.8745247148288974, "test_hits100": 0.8538899430740038, "epoch_sec": 1.2270947843790054}
{"variant": "B1", "dataset": "cora", "seed": 1, "epoch": 40, "loss": 0.023464112072758073, "valid_hits100": 0.8631178707224335, "test_hits100": 0.855787476280835, "epoch_sec": 1.2272347081452608}
{"variant": "B1", "dataset": "cora", "seed": 1, "epoch": 41, "loss": 0.023427709356056602, "valid_hits100": 0.8783269961977186, "test_hits100": 0.8595825426944972, "epoch_sec": 1.225133670028299}
{"variant": "B1", "dataset": "cora", "seed": 1, "epoch": 42, "loss": 0.022761667021110307, "valid_hits100": 0.8897338403041825, "test_hits100": 0.8614800759013282, "epoch_sec": 1.2322813817299902}
{"variant": "B1", "dataset": "cora", "seed": 1, "epoch": 43, "loss": 0.026528513268194095, "valid_hits100": 0.8555133079847909, "test_hits100": 0.8519924098671727, "epoch_sec": 1.2551496690139174}
{"variant": "B1", "dataset": "cora", "seed": 1, "epoch": 44, "loss": 0.028118069205638984, "valid_hits100": 0.8669201520912547, "test_hits100": 0.857685009487666, "epoch_sec": 1.2243289109319448}
{"variant": "B1", "dataset": "cora", "seed": 1, "epoch": 45, "loss": 0.02340230946354369, "valid_hits100": 0.8631178707224335, "test_hits100": 0.8614800759013282, "epoch_sec": 1.223615420050919}
{"variant": "B1", "dataset": "cora", "seed": 1, "epoch": 46, "loss": 0.019313053584885043, "valid_hits100": 0.8517110266159695, "test_hits100": 0.8406072106261859, "epoch_sec": 1.2234494080767035}
{"variant": "B1", "dataset": "cora", "seed": 1, "epoch": 47, "loss": 0.026084922742158335, "valid_hits100": 0.8593155893536122, "test_hits100": 0.8519924098671727, "epoch_sec": 1.2335130260325968}
{"variant": "B1", "dataset": "cora", "seed": 1, "epoch": 48, "loss": 0.024898522133389472, "valid_hits100": 0.8593155893536122, "test_hits100": 0.8406072106261859, "epoch_sec": 1.2492076349444687}
{"variant": "B1", "dataset": "cora", "seed": 1, "epoch": 49, "loss": 0.030234857908916557, "valid_hits100": 0.8669201520912547, "test_hits100": 0.8519924098671727, "epoch_sec": 1.2227286519482732}
{"variant": "B1", "dataset": "cora", "seed": 1, "epoch": 50, "loss": 0.0290393662471291, "valid_hits100": 0.8745247148288974, "test_hits100": 0.8633776091081594, "epoch_sec": 1.2497047036886215}
{"variant": "B1", "dataset": "cora", "seed": 1, "epoch": 51, "loss": 0.026650227094982184, "valid_hits100": 0.8821292775665399, "test_hits100": 0.8538899430740038, "epoch_sec": 1.227260793093592}
{"variant": "B1", "dataset": "cora", "seed": 1, "epoch": 52, "loss": 0.02581949466291596, "valid_hits100": 0.8821292775665399, "test_hits100": 0.8387096774193549, "epoch_sec": 1.2494796989485621}
{"variant": "B1", "dataset": "cora", "seed": 1, "epoch": 53, "loss": 0.020913777809835797, "valid_hits100": 0.8821292775665399, "test_hits100": 0.8368121442125237, "epoch_sec": 1.2424291870556772}
{"variant": "B1", "dataset": "cora", "seed": 1, "epoch": 54, "loss": 0.02974547626394214, "valid_hits100": 0.8783269961977186, "test_hits100": 0.8462998102466793, "epoch_sec": 1.2315295562148094}
{"variant": "B1", "dataset": "cora", "seed": 1, "epoch": 55, "loss": 0.01909313989062785, "valid_hits100": 0.8669201520912547, "test_hits100": 0.8500948766603416, "epoch_sec": 1.2359029683284461}
{"variant": "B1", "dataset": "cora", "seed": 1, "epoch": 56, "loss": 0.0253087559485818, "valid_hits100": 0.8783269961977186, "test_hits100": 0.8481973434535104, "epoch_sec": 1.2307958011515439}
{"variant": "B1", "dataset": "cora", "seed": 1, "epoch": 57, "loss": 0.026268346663464837, "valid_hits100": 0.8783269961977186, "test_hits100": 0.8519924098671727, "epoch_sec": 1.2762694209814072}
{"variant": "B1", "dataset": "cora", "seed": 1, "epoch": 58, "loss": 0.020605889421268474, "valid_hits100": 0.870722433460076, "test_hits100": 0.8481973434535104, "epoch_sec": 1.2355574169196188}
{"variant": "B1", "dataset": "cora", "seed": 1, "epoch": 59, "loss": 0.021197089795919662, "valid_hits100": 0.870722433460076, "test_hits100": 0.8519924098671727, "epoch_sec": 1.2332754582166672}
{"variant": "B1", "dataset": "cora", "seed": 1, "epoch": 60, "loss": 0.02775892429717828, "valid_hits100": 0.8745247148288974, "test_hits100": 0.8614800759013282, "epoch_sec": 1.2327867741696537}
{"variant": "B1", "dataset": "cora", "seed": 1, "epoch": 61, "loss": 0.03103799376895721, "valid_hits100": 0.8745247148288974, "test_hits100": 0.8595825426944972, "epoch_sec": 1.2354817339219153}
{"variant": "B1", "dataset": "cora", "seed": 1, "epoch": 62, "loss": 0.02129135409672205, "valid_hits100": 0.8631178707224335, "test_hits100": 0.8481973434535104, "epoch_sec": 1.2610586490482092}
{"variant": "B1", "dataset": "cora", "seed": 1, "epoch": 63, "loss": 0.028415864310268837, "valid_hits100": 0.8669201520912547, "test_hits100": 0.8481973434535104, "epoch_sec": 1.2307861261069775}
{"variant": "B1", "dataset": "cora", "seed": 1, "epoch": 64, "loss": 0.01906604109640746, "valid_hits100": 0.8745247148288974, "test_hits100": 0.8387096774193549, "epoch_sec": 1.2576011479832232}
{"variant": "B1", "dataset": "cora", "seed": 1, "epoch": 65, "loss": 0.02521160592237046, "valid_hits100": 0.8745247148288974, "test_hits100": 0.8406072106261859, "epoch_sec": 1.2486382769420743}
{"variant": "B1", "dataset": "cora", "seed": 1, "epoch": 66, "loss": 0.02681616341791476, "valid_hits100": 0.8745247148288974, "test_hits100": 0.8444022770398482, "epoch_sec": 1.2501062140800059}
{"variant": "B1", "dataset": "cora", "seed": 1, "epoch": 67, "loss": 0.02345979932542897, "valid_hits100": 0.8745247148288974, "test_hits100": 0.855787476280835, "epoch_sec": 1.2489999397657812}
{"variant": "B1", "dataset": "cora", "seed": 1, "epoch": 68, "loss": 0.022478032269500157, "valid_hits100": 0.8745247148288974, "test_hits100": 0.855787476280835, "epoch_sec": 1.2304912698455155}
{"variant": "B1", "dataset": "cora", "seed": 1, "epoch": 69, "loss": 0.023630689371397152, "valid_hits100": 0.870722433460076, "test_hits100": 0.857685009487666, "epoch_sec": 1.236535391304642}
{"variant": "B1", "dataset": "cora", "seed": 1, "epoch": 70, "loss": 0.027072780451831972, "valid_hits100": 0.8669201520912547, "test_hits100": 0.8444022770398482, "epoch_sec": 1.231301638763398}
{"variant": "B1", "dataset": "cora", "seed": 1, "epoch": 71, "loss": 0.018732256626248785, "valid_hits100": 0.870722433460076, "test_hits100": 0.857685009487666, "epoch_sec": 1.267973736859858}
{"variant": "B1", "dataset": "cora", "seed": 1, "epoch": 72, "loss": 0.020451774073635194, "valid_hits100": 0.8669201520912547, "test_hits100": 0.8425047438330171, "epoch_sec": 1.2442249162122607}
{"variant": "B1", "dataset": "cora", "seed": 1, "epoch": 73, "loss": 0.0256147624762088, "valid_hits100": 0.8669201520912547, "test_hits100": 0.8500948766603416, "epoch_sec": 1.2332896441221237}
{"variant": "B1", "dataset": "cora", "seed": 1, "epoch": 74, "loss": 0.02857449822752021, "valid_hits100": 0.8745247148288974, "test_hits100": 0.8481973434535104, "epoch_sec": 1.2321519181132317}
{"variant": "B1", "dataset": "cora", "seed": 1, "epoch": 75, "loss": 0.026765683423495334, "valid_hits100": 0.8745247148288974, "test_hits100": 0.8500948766603416, "epoch_sec": 1.233696395996958}
{"variant": "B1", "dataset": "cora", "seed": 1, "epoch": 76, "loss": 0.022523672046030268, "valid_hits100": 0.870722433460076, "test_hits100": 0.8500948766603416, "epoch_sec": 1.2630656249821186}
{"variant": "B1", "dataset": "cora", "seed": 1, "epoch": 77, "loss": 0.025623887246092797, "valid_hits100": 0.870722433460076, "test_hits100": 0.8387096774193549, "epoch_sec": 1.2305500442162156}
{"variant": "B1", "dataset": "cora", "seed": 1, "epoch": 78, "loss": 0.022256584223791454, "valid_hits100": 0.8669201520912547, "test_hits100": 0.8406072106261859, "epoch_sec": 1.2328299237415195}
{"variant": "B1", "dataset": "cora", "seed": 1, "epoch": 79, "loss": 0.01991422033790705, "valid_hits100": 0.8745247148288974, "test_hits100": 0.8481973434535104, "epoch_sec": 1.2486658240668476}
{"variant": "B1", "dataset": "cora", "seed": 1, "epoch": 80, "loss": 0.026271006314884108, "valid_hits100": 0.8745247148288974, "test_hits100": 0.8481973434535104, "epoch_sec": 1.2360410778783262}
{"variant": "B1", "dataset": "cora", "seed": 1, "epoch": 81, "loss": 0.01770847877603748, "valid_hits100": 0.870722433460076, "test_hits100": 0.8387096774193549, "epoch_sec": 1.2588701220229268}
{"variant": "B1", "dataset": "cora", "seed": 1, "epoch": 82, "loss": 0.027971115102742444, "valid_hits100": 0.870722433460076, "test_hits100": 0.8444022770398482, "epoch_sec": 1.231546449009329}
{"variant": "B1", "dataset": "cora", "seed": 1, "epoch": 83, "loss": 0.021423755595443933, "valid_hits100": 0.8783269961977186, "test_hits100": 0.8387096774193549, "epoch_sec": 1.234722234774381}
{"variant": "B1", "dataset": "cora", "seed": 1, "epoch": 84, "loss": 0.018918911074811126, "valid_hits100": 0.8631178707224335, "test_hits100": 0.8406072106261859, "epoch_sec": 1.2354734693653882}
{"variant": "B1", "dataset": "cora", "seed": 1, "epoch": 85, "loss": 0.021033790025614375, "valid_hits100": 0.8669201520912547, "test_hits100": 0.8425047438330171, "epoch_sec": 1.2518106489442289}
{"variant": "B1", "dataset": "cora", "seed": 1, "epoch": 86, "loss": 0.027794430460681252, "valid_hits100": 0.8555133079847909, "test_hits100": 0.8292220113851992, "epoch_sec": 1.257101533934474}
{"variant": "B1", "dataset": "cora", "seed": 1, "epoch": 87, "loss": 0.02572901506448387, "valid_hits100": 0.8555133079847909, "test_hits100": 0.8083491461100569, "epoch_sec": 1.2338177505880594}
{"variant": "B1", "dataset": "cora", "seed": 1, "epoch": 88, "loss": 0.027767344246786122, "valid_hits100": 0.8669201520912547, "test_hits100": 0.825426944971537, "epoch_sec": 1.2350555839948356}
{"variant": "B1", "dataset": "cora", "seed": 1, "epoch": 89, "loss": 0.02432042449287765, "valid_hits100": 0.870722433460076, "test_hits100": 0.8444022770398482, "epoch_sec": 1.2301214411854744}
{"variant": "B1", "dataset": "cora", "seed": 1, "epoch": 90, "loss": 0.026934056624159243, "valid_hits100": 0.8631178707224335, "test_hits100": 0.8311195445920304, "epoch_sec": 1.2360849576070905}
{"variant": "B1", "dataset": "cora", "seed": 1, "epoch": 91, "loss": 0.021565568020796393, "valid_hits100": 0.8631178707224335, "test_hits100": 0.8292220113851992, "epoch_sec": 1.2614909950643778}
{"variant": "B1", "dataset": "cora", "seed": 1, "epoch": 92, "loss": 0.01666597257004702, "valid_hits100": 0.8669201520912547, "test_hits100": 0.8406072106261859, "epoch_sec": 1.230497752316296}
{"variant": "B1", "dataset": "cora", "seed": 1, "epoch": 93, "loss": 0.020755577231500025, "valid_hits100": 0.870722433460076, "test_hits100": 0.8311195445920304, "epoch_sec": 1.2464528428390622}
{"variant": "B1", "dataset": "cora", "seed": 1, "epoch": 94, "loss": 0.02398156221962655, "valid_hits100": 0.8669201520912547, "test_hits100": 0.8273244781783681, "epoch_sec": 1.234254620037973}
{"variant": "B1", "dataset": "cora", "seed": 1, "epoch": 95, "loss": 0.021322573038770977, "valid_hits100": 0.870722433460076, "test_hits100": 0.8425047438330171, "epoch_sec": 1.2544632721692324}
{"variant": "B1", "dataset": "cora", "seed": 1, "epoch": 96, "loss": 0.01941527036116616, "valid_hits100": 0.8669201520912547, "test_hits100": 0.8368121442125237, "epoch_sec": 1.2421709559857845}
{"variant": "B1", "dataset": "cora", "seed": 1, "epoch": 97, "loss": 0.030071628782997795, "valid_hits100": 0.8745247148288974, "test_hits100": 0.8425047438330171, "epoch_sec": 1.230948475189507}
{"variant": "B1", "dataset": "cora", "seed": 1, "epoch": 98, "loss": 0.01936621322759731, "valid_hits100": 0.8593155893536122, "test_hits100": 0.8330170777988615, "epoch_sec": 1.2300722380168736}
{"variant": "B1", "dataset": "cora", "seed": 1, "epoch": 99, "loss": 0.018948397315281598, "valid_hits100": 0.8631178707224335, "test_hits100": 0.825426944971537, "epoch_sec": 1.2273130100220442}
{"variant": "B1", "dataset": "cora", "seed": 1, "epoch": 100, "loss": 0.028024114369549217, "valid_hits100": 0.8593155893536122, "test_hits100": 0.8406072106261859, "epoch_sec": 1.2682729316875339}
{"completed": "/home/ubuntu/HL-GNN-PDG-V0-exp/results/hlgnn_pdg_v0/cora/B1/seed1.json", "best_epoch": 2, "best_metrics": {"Hits@10_valid": 0.7908745247148289, "Hits@10_test": 0.6736242884250474, "Hits@50_valid": 0.9695817490494296, "Hits@50_test": 0.8842504743833017, "Hits@100_valid": 0.9961977186311787, "Hits@100_test": 0.9297912713472486, "Hits@100_train": 1.0}, "total_runtime_sec": 125.20953914476559}
