/home/ubuntu/anaconda3/envs/mei_env/lib/python3.11/site-packages/torch/cuda/__init__.py:63: FutureWarning: The pynvml package is deprecated. Please install nvidia-ml-py instead. If you did not install pynvml directly, please report this to the maintainers of the package that installed pynvml for you.
  import pynvml  # type: ignore[import]
/home/ubuntu/anaconda3/envs/mei_env/lib/python3.11/site-packages/torch_geometric/deprecation.py:26: UserWarning: 'train_test_split_edges' is deprecated, use 'transforms.RandomLinkSplit' instead
  warnings.warn(out)
{"variant": "B0", "dataset": "cora", "seed": 2, "epoch": 1, "loss": 0.9735174642845908, "valid_hits100": 0.9961977186311787, "test_hits100": 0.9487666034155597, "epoch_sec": 1.6480236980132759}
{"variant": "B0", "dataset": "cora", "seed": 2, "epoch": 2, "loss": 0.19887933214718007, "valid_hits100": 0.9961977186311787, "test_hits100": 0.9601518026565465, "epoch_sec": 1.2535025239922106}
{"variant": "B0", "dataset": "cora", "seed": 2, "epoch": 3, "loss": 0.11797846917481346, "valid_hits100": 0.9695817490494296, "test_hits100": 0.937381404174573, "epoch_sec": 1.2217022106051445}
{"variant": "B0", "dataset": "cora", "seed": 2, "epoch": 4, "loss": 0.09798988503355818, "valid_hits100": 0.9581749049429658, "test_hits100": 0.9297912713472486, "epoch_sec": 1.2400149386376143}
{"variant": "B0", "dataset": "cora", "seed": 2, "epoch": 5, "loss": 0.08587637502507517, "valid_hits100": 0.9505703422053232, "test_hits100": 0.9184060721062619, "epoch_sec": 1.22499443218112}
{"variant": "B0", "dataset": "cora", "seed": 2, "epoch": 6, "loss": 0.07090050251673037, "valid_hits100": 0.9467680608365019, "test_hits100": 0.9184060721062619, "epoch_sec": 1.2419772897846997}
{"variant": "B0", "dataset": "cora", "seed": 2, "epoch": 7, "loss": 0.07792191361467256, "valid_hits100": 0.9505703422053232, "test_hits100": 0.9297912713472486, "epoch_sec": 1.2346452600322664}
{"variant": "B0", "dataset": "cora", "seed": 2, "epoch": 8, "loss": 0.07113490510008127, "valid_hits100": 0.9467680608365019, "test_hits100": 0.9089184060721063, "epoch_sec": 1.2264354713261127}
{"variant": "B0", "dataset": "cora", "seed": 2, "epoch": 9, "loss": 0.07290257957104905, "valid_hits100": 0.935361216730038, "test_hits100": 0.9240986717267552, "epoch_sec": 1.2201879094354808}
{"variant": "B0", "dataset": "cora", "seed": 2, "epoch": 10, "loss": 0.07020418396395584, "valid_hits100": 0.9315589353612167, "test_hits100": 0.920303605313093, "epoch_sec": 1.2201397488825023}
{"variant": "B0", "dataset": "cora", "seed": 2, "epoch": 11, "loss": 0.05633982543878377, "valid_hits100": 0.935361216730038, "test_hits100": 0.9146110056925996, "epoch_sec": 1.2531647658906877}
{"variant": "B0", "dataset": "cora", "seed": 2, "epoch": 12, "loss": 0.059123676881167556, "valid_hits100": 0.935361216730038, "test_hits100": 0.9089184060721063, "epoch_sec": 1.2296947250142694}
{"variant": "B0", "dataset": "cora", "seed": 2, "epoch": 13, "loss": 0.05075984588971962, "valid_hits100": 0.935361216730038, "test_hits100": 0.9184060721062619, "epoch_sec": 1.225649569183588}
{"variant": "B0", "dataset": "cora", "seed": 2, "epoch": 14, "loss": 0.061640386023092186, "valid_hits100": 0.9201520912547528, "test_hits100": 0.920303605313093, "epoch_sec": 1.2247156999073923}
{"variant": "B0", "dataset": "cora", "seed": 2, "epoch": 15, "loss": 0.05437800444914908, "valid_hits100": 0.935361216730038, "test_hits100": 0.9127134724857685, "epoch_sec": 1.2272346797399223}
{"variant": "B0", "dataset": "cora", "seed": 2, "epoch": 16, "loss": 0.05411037563640166, "valid_hits100": 0.935361216730038, "test_hits100": 0.9146110056925996, "epoch_sec": 1.2591973673552275}
{"variant": "B0", "dataset": "cora", "seed": 2, "epoch": 17, "loss": 0.04812885607043264, "valid_hits100": 0.9467680608365019, "test_hits100": 0.9127134724857685, "epoch_sec": 1.223906000610441}
{"variant": "B0", "dataset": "cora", "seed": 2, "epoch": 18, "loss": 0.04196100000710411, "valid_hits100": 0.9391634980988594, "test_hits100": 0.9089184060721063, "epoch_sec": 1.2348693879321218}
{"variant": "B0", "dataset": "cora", "seed": 2, "epoch": 19, "loss": 0.04984802903471359, "valid_hits100": 0.9429657794676806, "test_hits100": 0.9127134724857685, "epoch_sec": 1.2385908281430602}
{"variant": "B0", "dataset": "cora", "seed": 2, "epoch": 20, "loss": 0.05258618204218606, "valid_hits100": 0.9505703422053232, "test_hits100": 0.9259962049335864, "epoch_sec": 1.230983052868396}
{"variant": "B0", "dataset": "cora", "seed": 2, "epoch": 21, "loss": 0.05085770647687283, "valid_hits100": 0.9467680608365019, "test_hits100": 0.9259962049335864, "epoch_sec": 1.250788563862443}
{"variant": "B0", "dataset": "cora", "seed": 2, "epoch": 22, "loss": 0.05399744402544171, "valid_hits100": 0.9467680608365019, "test_hits100": 0.9108159392789373, "epoch_sec": 1.2283021230250597}
{"variant": "B0", "dataset": "cora", "seed": 2, "epoch": 23, "loss": 0.04128557150111054, "valid_hits100": 0.9467680608365019, "test_hits100": 0.9070208728652751, "epoch_sec": 1.2277078879997134}
{"variant": "B0", "dataset": "cora", "seed": 2, "epoch": 24, "loss": 0.05070207865639804, "valid_hits100": 0.9429657794676806, "test_hits100": 0.9165085388994307, "epoch_sec": 1.2232428630813956}
{"variant": "B0", "dataset": "cora", "seed": 2, "epoch": 25, "loss": 0.042642019220931644, "valid_hits100": 0.9429657794676806, "test_hits100": 0.9222011385199241, "epoch_sec": 1.2563020372763276}
{"variant": "B0", "dataset": "cora", "seed": 2, "epoch": 26, "loss": 0.040498429315028554, "valid_hits100": 0.9429657794676806, "test_hits100": 0.9165085388994307, "epoch_sec": 1.2429551840759814}
{"variant": "B0", "dataset": "cora", "seed": 2, "epoch": 27, "loss": 0.04067769820624282, "valid_hits100": 0.9391634980988594, "test_hits100": 0.9165085388994307, "epoch_sec": 1.2231256221421063}
{"variant": "B0", "dataset": "cora", "seed": 2, "epoch": 28, "loss": 0.03357764579183065, "valid_hits100": 0.9429657794676806, "test_hits100": 0.9108159392789373, "epoch_sec": 1.22326574428007}
{"variant": "B0", "dataset": "cora", "seed": 2, "epoch": 29, "loss": 0.03767574981598718, "valid_hits100": 0.9239543726235742, "test_hits100": 0.905123339658444, "epoch_sec": 1.22683806437999}
{"variant": "B0", "dataset": "cora", "seed": 2, "epoch": 30, "loss": 0.03774393003254651, "valid_hits100": 0.9315589353612167, "test_hits100": 0.9165085388994307, "epoch_sec": 1.245911552105099}
{"variant": "B0", "dataset": "cora", "seed": 2, "epoch": 31, "loss": 0.04291556984079925, "valid_hits100": 0.9391634980988594, "test_hits100": 0.9089184060721063, "epoch_sec": 1.2417844850569963}
{"variant": "B0", "dataset": "cora", "seed": 2, "epoch": 32, "loss": 0.03927613614183484, "valid_hits100": 0.9315589353612167, "test_hits100": 0.8975332068311196, "epoch_sec": 1.2238050969317555}
{"variant": "B0", "dataset": "cora", "seed": 2, "epoch": 33, "loss": 0.02901965321611062, "valid_hits100": 0.9277566539923955, "test_hits100": 0.9127134724857685, "epoch_sec": 1.243386440910399}
{"variant": "B0", "dataset": "cora", "seed": 2, "epoch": 34, "loss": 0.03432143997540448, "valid_hits100": 0.9201520912547528, "test_hits100": 0.9032258064516129, "epoch_sec": 1.2296095038764179}
{"variant": "B0", "dataset": "cora", "seed": 2, "epoch": 35, "loss": 0.03146562901941425, "valid_hits100": 0.9163498098859315, "test_hits100": 0.9146110056925996, "epoch_sec": 1.2489368938840926}
{"variant": "B0", "dataset": "cora", "seed": 2, "epoch": 36, "loss": 0.03287731237218129, "valid_hits100": 0.9201520912547528, "test_hits100": 0.9127134724857685, "epoch_sec": 1.2277561658993363}
{"variant": "B0", "dataset": "cora", "seed": 2, "epoch": 37, "loss": 0.03928407935721139, "valid_hits100": 0.9201520912547528, "test_hits100": 0.9165085388994307, "epoch_sec": 1.2245140406303108}
{"variant": "B0", "dataset": "cora", "seed": 2, "epoch": 38, "loss": 0.030342792404845435, "valid_hits100": 0.9239543726235742, "test_hits100": 0.9184060721062619, "epoch_sec": 1.2243736973032355}
{"variant": "B0", "dataset": "cora", "seed": 2, "epoch": 39, "loss": 0.039883678576472396, "valid_hits100": 0.9277566539923955, "test_hits100": 0.9108159392789373, "epoch_sec": 1.230390045326203}
{"variant": "B0", "dataset": "cora", "seed": 2, "epoch": 40, "loss": 0.035305041660440156, "valid_hits100": 0.9239543726235742, "test_hits100": 0.9108159392789373, "epoch_sec": 1.2624341193586588}
{"variant": "B0", "dataset": "cora", "seed": 2, "epoch": 41, "loss": 0.032592929534468, "valid_hits100": 0.9163498098859315, "test_hits100": 0.9108159392789373, "epoch_sec": 1.2310420987196267}
{"variant": "B0", "dataset": "cora", "seed": 2, "epoch": 42, "loss": 0.03363020631605875, "valid_hits100": 0.9163498098859315, "test_hits100": 0.9184060721062619, "epoch_sec": 1.2288445038720965}
{"variant": "B0", "dataset": "cora", "seed": 2, "epoch": 43, "loss": 0.03824005098664824, "valid_hits100": 0.908745247148289, "test_hits100": 0.9127134724857685, "epoch_sec": 1.2241428936831653}
{"variant": "B0", "dataset": "cora", "seed": 2, "epoch": 44, "loss": 0.03279718335671433, "valid_hits100": 0.908745247148289, "test_hits100": 0.9108159392789373, "epoch_sec": 1.2292550499550998}
{"variant": "B0", "dataset": "cora", "seed": 2, "epoch": 45, "loss": 0.03713767265373054, "valid_hits100": 0.935361216730038, "test_hits100": 0.9165085388994307, "epoch_sec": 1.2621262529864907}
{"variant": "B0", "dataset": "cora", "seed": 2, "epoch": 46, "loss": 0.0388063910465402, "valid_hits100": 0.9277566539923955, "test_hits100": 0.9259962049335864, "epoch_sec": 1.227257254999131}
{"variant": "B0", "dataset": "cora", "seed": 2, "epoch": 47, "loss": 0.03562880149393371, "valid_hits100": 0.9277566539923955, "test_hits100": 0.920303605313093, "epoch_sec": 1.2367016659118235}
{"variant": "B0", "dataset": "cora", "seed": 2, "epoch": 48, "loss": 0.03387070020225809, "valid_hits100": 0.9201520912547528, "test_hits100": 0.9089184060721063, "epoch_sec": 1.2363570663146675}
{"variant": "B0", "dataset": "cora", "seed": 2, "epoch": 49, "loss": 0.03237691466528889, "valid_hits100": 0.9201520912547528, "test_hits100": 0.8975332068311196, "epoch_sec": 1.2349249576218426}
{"variant": "B0", "dataset": "cora", "seed": 2, "epoch": 50, "loss": 0.036234640275624556, "valid_hits100": 0.9277566539923955, "test_hits100": 0.8994307400379506, "epoch_sec": 1.2472674921154976}
{"variant": "B0", "dataset": "cora", "seed": 2, "epoch": 51, "loss": 0.02800346182164555, "valid_hits100": 0.9277566539923955, "test_hits100": 0.9108159392789373, "epoch_sec": 1.2253377339802682}
{"variant": "B0", "dataset": "cora", "seed": 2, "epoch": 52, "loss": 0.036787311189580514, "valid_hits100": 0.9239543726235742, "test_hits100": 0.9127134724857685, "epoch_sec": 1.2251714239828289}
{"variant": "B0", "dataset": "cora", "seed": 2, "epoch": 53, "loss": 0.031630930256716074, "valid_hits100": 0.9239543726235742, "test_hits100": 0.9032258064516129, "epoch_sec": 1.2277747807092965}
{"variant": "B0", "dataset": "cora", "seed": 2, "epoch": 54, "loss": 0.0383619458917628, "valid_hits100": 0.9201520912547528, "test_hits100": 0.9070208728652751, "epoch_sec": 1.257286794949323}
{"variant": "B0", "dataset": "cora", "seed": 2, "epoch": 55, "loss": 0.03299590479748559, "valid_hits100": 0.9239543726235742, "test_hits100": 0.9165085388994307, "epoch_sec": 1.2418007189407945}
{"variant": "B0", "dataset": "cora", "seed": 2, "epoch": 56, "loss": 0.03389677932608786, "valid_hits100": 0.9391634980988594, "test_hits100": 0.9108159392789373, "epoch_sec": 1.2262243749573827}
{"variant": "B0", "dataset": "cora", "seed": 2, "epoch": 57, "loss": 0.033005065551947356, "valid_hits100": 0.9505703422053232, "test_hits100": 0.9240986717267552, "epoch_sec": 1.2255153087899089}
{"variant": "B0", "dataset": "cora", "seed": 2, "epoch": 58, "loss": 0.034844077778266286, "valid_hits100": 0.935361216730038, "test_hits100": 0.9240986717267552, "epoch_sec": 1.2236673547886312}
{"variant": "B0", "dataset": "cora", "seed": 2, "epoch": 59, "loss": 0.025662159597013085, "valid_hits100": 0.9239543726235742, "test_hits100": 0.9184060721062619, "epoch_sec": 1.2529914607293904}
{"variant": "B0", "dataset": "cora", "seed": 2, "epoch": 60, "loss": 0.03671049904045043, "valid_hits100": 0.9239543726235742, "test_hits100": 0.9070208728652751, "epoch_sec": 1.2249491503462195}
{"variant": "B0", "dataset": "cora", "seed": 2, "epoch": 61, "loss": 0.029337651984444064, "valid_hits100": 0.9391634980988594, "test_hits100": 0.8994307400379506, "epoch_sec": 1.2283551208674908}
{"variant": "B0", "dataset": "cora", "seed": 2, "epoch": 62, "loss": 0.02828547645712175, "valid_hits100": 0.935361216730038, "test_hits100": 0.9032258064516129, "epoch_sec": 1.2585527496412396}
{"variant": "B0", "dataset": "cora", "seed": 2, "epoch": 63, "loss": 0.033443635193475, "valid_hits100": 0.9391634980988594, "test_hits100": 0.9032258064516129, "epoch_sec": 1.2286693500354886}
{"variant": "B0", "dataset": "cora", "seed": 2, "epoch": 64, "loss": 0.0321707551279595, "valid_hits100": 0.9315589353612167, "test_hits100": 0.9108159392789373, "epoch_sec": 1.263091993983835}
{"variant": "B0", "dataset": "cora", "seed": 2, "epoch": 65, "loss": 0.030387875536015116, "valid_hits100": 0.9391634980988594, "test_hits100": 0.8975332068311196, "epoch_sec": 1.2264393116347492}
{"variant": "B0", "dataset": "cora", "seed": 2, "epoch": 66, "loss": 0.02448815765413796, "valid_hits100": 0.9277566539923955, "test_hits100": 0.9032258064516129, "epoch_sec": 1.227551069110632}
{"variant": "B0", "dataset": "cora", "seed": 2, "epoch": 67, "loss": 0.03736615346316348, "valid_hits100": 0.935361216730038, "test_hits100": 0.9070208728652751, "epoch_sec": 1.2249430362135172}
{"variant": "B0", "dataset": "cora", "seed": 2, "epoch": 68, "loss": 0.03205005782399054, "valid_hits100": 0.9201520912547528, "test_hits100": 0.8956356736242884, "epoch_sec": 1.234544004779309}
{"variant": "B0", "dataset": "cora", "seed": 2, "epoch": 69, "loss": 0.03519467296287975, "valid_hits100": 0.9277566539923955, "test_hits100": 0.8975332068311196, "epoch_sec": 1.2594489022158086}
{"variant": "B0", "dataset": "cora", "seed": 2, "epoch": 70, "loss": 0.02779527054020534, "valid_hits100": 0.9277566539923955, "test_hits100": 0.8918406072106262, "epoch_sec": 1.2302254941314459}
{"variant": "B0", "dataset": "cora", "seed": 2, "epoch": 71, "loss": 0.03465299233927021, "valid_hits100": 0.9277566539923955, "test_hits100": 0.8804554079696395, "epoch_sec": 1.2220125999301672}
{"variant": "B0", "dataset": "cora", "seed": 2, "epoch": 72, "loss": 0.036852900436855254, "valid_hits100": 0.9391634980988594, "test_hits100": 0.8975332068311196, "epoch_sec": 1.2214461551047862}
{"variant": "B0", "dataset": "cora", "seed": 2, "epoch": 73, "loss": 0.03568625042410883, "valid_hits100": 0.9315589353612167, "test_hits100": 0.9032258064516129, "epoch_sec": 1.23335523577407}
{"variant": "B0", "dataset": "cora", "seed": 2, "epoch": 74, "loss": 0.020533256279221618, "valid_hits100": 0.9315589353612167, "test_hits100": 0.8956356736242884, "epoch_sec": 1.2402761303819716}
{"variant": "B0", "dataset": "cora", "seed": 2, "epoch": 75, "loss": 0.02718424075905652, "valid_hits100": 0.9239543726235742, "test_hits100": 0.8937381404174574, "epoch_sec": 1.2198269632644951}
{"variant": "B0", "dataset": "cora", "seed": 2, "epoch": 76, "loss": 0.027490054541093142, "valid_hits100": 0.9315589353612167, "test_hits100": 0.888045540796964, "epoch_sec": 1.2396956817246974}
{"variant": "B0", "dataset": "cora", "seed": 2, "epoch": 77, "loss": 0.028070019295774466, "valid_hits100": 0.935361216730038, "test_hits100": 0.8937381404174574, "epoch_sec": 1.2259747087955475}
{"variant": "B0", "dataset": "cora", "seed": 2, "epoch": 78, "loss": 0.030935553442055955, "valid_hits100": 0.9315589353612167, "test_hits100": 0.8861480075901328, "epoch_sec": 1.2529403208754957}
{"variant": "B0", "dataset": "cora", "seed": 2, "epoch": 79, "loss": 0.02660269667718181, "valid_hits100": 0.935361216730038, "test_hits100": 0.8766603415559773, "epoch_sec": 1.2334945918992162}
{"variant": "B0", "dataset": "cora", "seed": 2, "epoch": 80, "loss": 0.030292793092402546, "valid_hits100": 0.9315589353612167, "test_hits100": 0.8785578747628083, "epoch_sec": 1.2260664659552276}
{"variant": "B0", "dataset": "cora", "seed": 2, "epoch": 81, "loss": 0.031237929607882645, "valid_hits100": 0.935361216730038, "test_hits100": 0.8861480075901328, "epoch_sec": 1.2235177149996161}
{"variant": "B0", "dataset": "cora", "seed": 2, "epoch": 82, "loss": 0.023537838629010314, "valid_hits100": 0.9315589353612167, "test_hits100": 0.8842504743833017, "epoch_sec": 1.2234546248801053}
{"variant": "B0", "dataset": "cora", "seed": 2, "epoch": 83, "loss": 0.033316208829907386, "valid_hits100": 0.9277566539923955, "test_hits100": 0.889943074003795, "epoch_sec": 1.2575726839713752}
{"variant": "B0", "dataset": "cora", "seed": 2, "epoch": 84, "loss": 0.025551847575660695, "valid_hits100": 0.9315589353612167, "test_hits100": 0.888045540796964, "epoch_sec": 1.2277257819660008}
{"variant": "B0", "dataset": "cora", "seed": 2, "epoch": 85, "loss": 0.029844545491982698, "valid_hits100": 0.9239543726235742, "test_hits100": 0.8975332068311196, "epoch_sec": 1.2227465072646737}
{"variant": "B0", "dataset": "cora", "seed": 2, "epoch": 86, "loss": 0.02860361699566059, "valid_hits100": 0.9163498098859315, "test_hits100": 0.8975332068311196, "epoch_sec": 1.2234746292233467}
{"variant": "B0", "dataset": "cora", "seed": 2, "epoch": 87, "loss": 0.02785306602862536, "valid_hits100": 0.9201520912547528, "test_hits100": 0.8994307400379506, "epoch_sec": 1.2281453600153327}
{"variant": "B0", "dataset": "cora", "seed": 2, "epoch": 88, "loss": 0.025634311405201435, "valid_hits100": 0.908745247148289, "test_hits100": 0.8861480075901328, "epoch_sec": 1.2565445001237094}
{"variant": "B0", "dataset": "cora", "seed": 2, "epoch": 89, "loss": 0.03360031924995722, "valid_hits100": 0.9277566539923955, "test_hits100": 0.8804554079696395, "epoch_sec": 1.2260096087120473}
{"variant": "B0", "dataset": "cora", "seed": 2, "epoch": 90, "loss": 0.027366818863493448, "valid_hits100": 0.9125475285171103, "test_hits100": 0.888045540796964, "epoch_sec": 1.2299966090358794}
{"variant": "B0", "dataset": "cora", "seed": 2, "epoch": 91, "loss": 0.032541563345946094, "valid_hits100": 0.9239543726235742, "test_hits100": 0.888045540796964, "epoch_sec": 1.236779963131994}
{"variant": "B0", "dataset": "cora", "seed": 2, "epoch": 92, "loss": 0.03295128213477432, "valid_hits100": 0.9277566539923955, "test_hits100": 0.8956356736242884, "epoch_sec": 1.2270351792685688}
{"variant": "B0", "dataset": "cora", "seed": 2, "epoch": 93, "loss": 0.03161756090036263, "valid_hits100": 0.935361216730038, "test_hits100": 0.9013282732447818, "epoch_sec": 1.2591012991033494}
{"variant": "B0", "dataset": "cora", "seed": 2, "epoch": 94, "loss": 0.034320974998083134, "valid_hits100": 0.9391634980988594, "test_hits100": 0.8994307400379506, "epoch_sec": 1.223567743320018}
{"variant": "B0", "dataset": "cora", "seed": 2, "epoch": 95, "loss": 0.03176352922238555, "valid_hits100": 0.9391634980988594, "test_hits100": 0.889943074003795, "epoch_sec": 1.222265284974128}
{"variant": "B0", "dataset": "cora", "seed": 2, "epoch": 96, "loss": 0.027298190191042827, "valid_hits100": 0.935361216730038, "test_hits100": 0.8956356736242884, "epoch_sec": 1.222841746173799}
{"variant": "B0", "dataset": "cora", "seed": 2, "epoch": 97, "loss": 0.029219294195984773, "valid_hits100": 0.9315589353612167, "test_hits100": 0.8918406072106262, "epoch_sec": 1.2344860872253776}
{"variant": "B0", "dataset": "cora", "seed": 2, "epoch": 98, "loss": 0.021278388383208963, "valid_hits100": 0.9277566539923955, "test_hits100": 0.888045540796964, "epoch_sec": 1.2436234238557518}
{"variant": "B0", "dataset": "cora", "seed": 2, "epoch": 99, "loss": 0.02488807943083492, "valid_hits100": 0.9391634980988594, "test_hits100": 0.8842504743833017, "epoch_sec": 1.220863769762218}
{"variant": "B0", "dataset": "cora", "seed": 2, "epoch": 100, "loss": 0.0255636255291694, "valid_hits100": 0.9315589353612167, "test_hits100": 0.8937381404174574, "epoch_sec": 1.2247451208531857}
{"completed": "/home/ubuntu/HL-GNN-PDG-V0-exp/results/hlgnn_pdg_v0/cora/B0/seed2.json", "best_epoch": 1, "best_metrics": {"Hits@10_valid": 0.8098859315589354, "Hits@10_test": 0.6242884250474383, "Hits@50_valid": 0.9885931558935361, "Hits@50_test": 0.8785578747628083, "Hits@100_valid": 0.9961977186311787, "Hits@100_test": 0.9487666034155597, "Hits@100_train": 1.0}, "total_runtime_sec": 124.53403531527147}
