/home/ubuntu/anaconda3/envs/mei_env/lib/python3.11/site-packages/torch/cuda/__init__.py:63: FutureWarning: The pynvml package is deprecated. Please install nvidia-ml-py instead. If you did not install pynvml directly, please report this to the maintainers of the package that installed pynvml for you.
  import pynvml  # type: ignore[import]
/home/ubuntu/anaconda3/envs/mei_env/lib/python3.11/site-packages/torch_geometric/deprecation.py:26: UserWarning: 'train_test_split_edges' is deprecated, use 'transforms.RandomLinkSplit' instead
  warnings.warn(out)
{"variant": "B2", "dataset": "cora", "seed": 1, "epoch": 1, "loss": 1.0376400127874126, "valid_hits100": 0.9961977186311787, "test_hits100": 0.9468690702087287, "epoch_sec": 1.5031466572545469}
{"variant": "B2", "dataset": "cora", "seed": 1, "epoch": 2, "loss": 0.22494252371384285, "valid_hits100": 0.9923954372623575, "test_hits100": 0.952561669829222, "epoch_sec": 1.3137980392202735}
{"variant": "B2", "dataset": "cora", "seed": 1, "epoch": 3, "loss": 0.14187336464722952, "valid_hits100": 0.973384030418251, "test_hits100": 0.9506641366223909, "epoch_sec": 1.3176094209775329}
{"variant": "B2", "dataset": "cora", "seed": 1, "epoch": 4, "loss": 0.10028432196739948, "valid_hits100": 0.9619771863117871, "test_hits100": 0.9411764705882353, "epoch_sec": 1.2942280760034919}
{"variant": "B2", "dataset": "cora", "seed": 1, "epoch": 5, "loss": 0.08980418797482781, "valid_hits100": 0.9581749049429658, "test_hits100": 0.9411764705882353, "epoch_sec": 1.298833523876965}
{"variant": "B2", "dataset": "cora", "seed": 1, "epoch": 6, "loss": 0.0722038771777867, "valid_hits100": 0.9467680608365019, "test_hits100": 0.9354838709677419, "epoch_sec": 1.3004620289430022}
{"variant": "B2", "dataset": "cora", "seed": 1, "epoch": 7, "loss": 0.07238314910368486, "valid_hits100": 0.935361216730038, "test_hits100": 0.9222011385199241, "epoch_sec": 1.3140425509773195}
{"variant": "B2", "dataset": "cora", "seed": 1, "epoch": 8, "loss": 0.07211346726419667, "valid_hits100": 0.9277566539923955, "test_hits100": 0.9278937381404174, "epoch_sec": 1.3038408090360463}
{"variant": "B2", "dataset": "cora", "seed": 1, "epoch": 9, "loss": 0.06765872493067528, "valid_hits100": 0.9277566539923955, "test_hits100": 0.9127134724857685, "epoch_sec": 1.2970244530588388}
{"variant": "B2", "dataset": "cora", "seed": 1, "epoch": 10, "loss": 0.06563846400396071, "valid_hits100": 0.9239543726235742, "test_hits100": 0.920303605313093, "epoch_sec": 1.2959827627055347}
{"variant": "B2", "dataset": "cora", "seed": 1, "epoch": 11, "loss": 0.057406095950573735, "valid_hits100": 0.9201520912547528, "test_hits100": 0.920303605313093, "epoch_sec": 1.2962068151682615}
{"variant": "B2", "dataset": "cora", "seed": 1, "epoch": 12, "loss": 0.05555963906693586, "valid_hits100": 0.9163498098859315, "test_hits100": 0.9089184060721063, "epoch_sec": 1.3186608660034835}
{"variant": "B2", "dataset": "cora", "seed": 1, "epoch": 13, "loss": 0.052076374736752314, "valid_hits100": 0.9239543726235742, "test_hits100": 0.9222011385199241, "epoch_sec": 1.3030508267693222}
{"variant": "B2", "dataset": "cora", "seed": 1, "epoch": 14, "loss": 0.050919951894279045, "valid_hits100": 0.9201520912547528, "test_hits100": 0.9222011385199241, "epoch_sec": 1.3002182208001614}
{"variant": "B2", "dataset": "cora", "seed": 1, "epoch": 15, "loss": 0.053204855006752594, "valid_hits100": 0.9277566539923955, "test_hits100": 0.9184060721062619, "epoch_sec": 1.2967031421139836}
{"variant": "B2", "dataset": "cora", "seed": 1, "epoch": 16, "loss": 0.05467623666114773, "valid_hits100": 0.9277566539923955, "test_hits100": 0.9259962049335864, "epoch_sec": 1.3144738120026886}
{"variant": "B2", "dataset": "cora", "seed": 1, "epoch": 17, "loss": 0.04532958012001187, "valid_hits100": 0.9163498098859315, "test_hits100": 0.9222011385199241, "epoch_sec": 1.3092067525722086}
{"variant": "B2", "dataset": "cora", "seed": 1, "epoch": 18, "loss": 0.05064365968984716, "valid_hits100": 0.9201520912547528, "test_hits100": 0.9184060721062619, "epoch_sec": 1.295950970146805}
{"variant": "B2", "dataset": "cora", "seed": 1, "epoch": 19, "loss": 0.04740596729963221, "valid_hits100": 0.9163498098859315, "test_hits100": 0.9127134724857685, "epoch_sec": 1.295352419372648}
{"variant": "B2", "dataset": "cora", "seed": 1, "epoch": 20, "loss": 0.05248326428380667, "valid_hits100": 0.9239543726235742, "test_hits100": 0.9127134724857685, "epoch_sec": 1.2933388841338456}
{"variant": "B2", "dataset": "cora", "seed": 1, "epoch": 21, "loss": 0.04248671067642868, "valid_hits100": 0.8973384030418251, "test_hits100": 0.9108159392789373, "epoch_sec": 1.3229443379677832}
{"variant": "B2", "dataset": "cora", "seed": 1, "epoch": 22, "loss": 0.043991047630016815, "valid_hits100": 0.908745247148289, "test_hits100": 0.9032258064516129, "epoch_sec": 1.3009371892549098}
{"variant": "B2", "dataset": "cora", "seed": 1, "epoch": 23, "loss": 0.04578505486993654, "valid_hits100": 0.9163498098859315, "test_hits100": 0.920303605313093, "epoch_sec": 1.2976900758221745}
{"variant": "B2", "dataset": "cora", "seed": 1, "epoch": 24, "loss": 0.052901317071627804, "valid_hits100": 0.9163498098859315, "test_hits100": 0.9240986717267552, "epoch_sec": 1.3053605807945132}
{"variant": "B2", "dataset": "cora", "seed": 1, "epoch": 25, "loss": 0.0476709997576932, "valid_hits100": 0.9049429657794676, "test_hits100": 0.920303605313093, "epoch_sec": 1.3097412893548608}
{"variant": "B2", "dataset": "cora", "seed": 1, "epoch": 26, "loss": 0.05410741766293844, "valid_hits100": 0.9049429657794676, "test_hits100": 0.9108159392789373, "epoch_sec": 1.3062711111269891}
{"variant": "B2", "dataset": "cora", "seed": 1, "epoch": 27, "loss": 0.04622224462011069, "valid_hits100": 0.8973384030418251, "test_hits100": 0.9089184060721063, "epoch_sec": 1.295011883135885}
{"variant": "B2", "dataset": "cora", "seed": 1, "epoch": 28, "loss": 0.04363364544356783, "valid_hits100": 0.8897338403041825, "test_hits100": 0.9165085388994307, "epoch_sec": 1.2921191942878067}
{"variant": "B2", "dataset": "cora", "seed": 1, "epoch": 29, "loss": 0.04248821120476765, "valid_hits100": 0.8859315589353612, "test_hits100": 0.9165085388994307, "epoch_sec": 1.299504544120282}
{"variant": "B2", "dataset": "cora", "seed": 1, "epoch": 30, "loss": 0.04463263555909648, "valid_hits100": 0.9011406844106464, "test_hits100": 0.9297912713472486, "epoch_sec": 1.3157000788487494}
{"variant": "B2", "dataset": "cora", "seed": 1, "epoch": 31, "loss": 0.041998568059023265, "valid_hits100": 0.8973384030418251, "test_hits100": 0.9127134724857685, "epoch_sec": 1.2952485047280788}
{"variant": "B2", "dataset": "cora", "seed": 1, "epoch": 32, "loss": 0.03457496577538483, "valid_hits100": 0.9049429657794676, "test_hits100": 0.9089184060721063, "epoch_sec": 1.2958587110042572}
{"variant": "B2", "dataset": "cora", "seed": 1, "epoch": 33, "loss": 0.03892838739775081, "valid_hits100": 0.8973384030418251, "test_hits100": 0.9146110056925996, "epoch_sec": 1.292942218016833}
{"variant": "B2", "dataset": "cora", "seed": 1, "epoch": 34, "loss": 0.0422699991978851, "valid_hits100": 0.908745247148289, "test_hits100": 0.9240986717267552, "epoch_sec": 1.3092141621746123}
{"variant": "B2", "dataset": "cora", "seed": 1, "epoch": 35, "loss": 0.03893094592845588, "valid_hits100": 0.908745247148289, "test_hits100": 0.9222011385199241, "epoch_sec": 1.305067396722734}
{"variant": "B2", "dataset": "cora", "seed": 1, "epoch": 36, "loss": 0.036527782917660186, "valid_hits100": 0.908745247148289, "test_hits100": 0.9146110056925996, "epoch_sec": 1.2990102507174015}
{"variant": "B2", "dataset": "cora", "seed": 1, "epoch": 37, "loss": 0.03680411675768953, "valid_hits100": 0.9049429657794676, "test_hits100": 0.9070208728652751, "epoch_sec": 1.3057022579014301}
{"variant": "B2", "dataset": "cora", "seed": 1, "epoch": 38, "loss": 0.03482904906074206, "valid_hits100": 0.9011406844106464, "test_hits100": 0.9013282732447818, "epoch_sec": 1.2967098830267787}
{"variant": "B2", "dataset": "cora", "seed": 1, "epoch": 39, "loss": 0.035850950847122545, "valid_hits100": 0.9011406844106464, "test_hits100": 0.8956356736242884, "epoch_sec": 1.3218039199709892}
{"variant": "B2", "dataset": "cora", "seed": 1, "epoch": 40, "loss": 0.03352217923404911, "valid_hits100": 0.908745247148289, "test_hits100": 0.9127134724857685, "epoch_sec": 1.2939327917993069}
{"variant": "B2", "dataset": "cora", "seed": 1, "epoch": 41, "loss": 0.03214007847794662, "valid_hits100": 0.908745247148289, "test_hits100": 0.9222011385199241, "epoch_sec": 1.2941326959989965}
{"variant": "B2", "dataset": "cora", "seed": 1, "epoch": 42, "loss": 0.026362604449989537, "valid_hits100": 0.8973384030418251, "test_hits100": 0.9089184060721063, "epoch_sec": 1.2974244779907167}
{"variant": "B2", "dataset": "cora", "seed": 1, "epoch": 43, "loss": 0.03695847647208156, "valid_hits100": 0.8935361216730038, "test_hits100": 0.905123339658444, "epoch_sec": 1.307976108044386}
{"variant": "B2", "dataset": "cora", "seed": 1, "epoch": 44, "loss": 0.0333184451462432, "valid_hits100": 0.9049429657794676, "test_hits100": 0.905123339658444, "epoch_sec": 1.30573307024315}
{"variant": "B2", "dataset": "cora", "seed": 1, "epoch": 45, "loss": 0.036744769078259375, "valid_hits100": 0.8973384030418251, "test_hits100": 0.9184060721062619, "epoch_sec": 1.2962102480232716}
{"variant": "B2", "dataset": "cora", "seed": 1, "epoch": 46, "loss": 0.027605348039225885, "valid_hits100": 0.9011406844106464, "test_hits100": 0.9032258064516129, "epoch_sec": 1.3046435411088169}
{"variant": "B2", "dataset": "cora", "seed": 1, "epoch": 47, "loss": 0.03920098754067684, "valid_hits100": 0.9201520912547528, "test_hits100": 0.8937381404174574, "epoch_sec": 1.294920340180397}
{"variant": "B2", "dataset": "cora", "seed": 1, "epoch": 48, "loss": 0.038037106278559954, "valid_hits100": 0.9163498098859315, "test_hits100": 0.8994307400379506, "epoch_sec": 1.3103163461200893}
{"variant": "B2", "dataset": "cora", "seed": 1, "epoch": 49, "loss": 0.03380877457545828, "valid_hits100": 0.9049429657794676, "test_hits100": 0.9032258064516129, "epoch_sec": 1.2995119257830083}
{"variant": "B2", "dataset": "cora", "seed": 1, "epoch": 50, "loss": 0.030584522521325822, "valid_hits100": 0.9049429657794676, "test_hits100": 0.889943074003795, "epoch_sec": 1.2960593812167645}
{"variant": "B2", "dataset": "cora", "seed": 1, "epoch": 51, "loss": 0.04205960805615852, "valid_hits100": 0.9125475285171103, "test_hits100": 0.8937381404174574, "epoch_sec": 1.297559673897922}
{"variant": "B2", "dataset": "cora", "seed": 1, "epoch": 52, "loss": 0.03659535747904616, "valid_hits100": 0.908745247148289, "test_hits100": 0.8956356736242884, "epoch_sec": 1.298628592863679}
{"variant": "B2", "dataset": "cora", "seed": 1, "epoch": 53, "loss": 0.02758779278798643, "valid_hits100": 0.9239543726235742, "test_hits100": 0.9013282732447818, "epoch_sec": 1.3152898158878088}
{"variant": "B2", "dataset": "cora", "seed": 1, "epoch": 54, "loss": 0.03482890707140194, "valid_hits100": 0.9011406844106464, "test_hits100": 0.8937381404174574, "epoch_sec": 1.2960096336901188}
{"variant": "B2", "dataset": "cora", "seed": 1, "epoch": 55, "loss": 0.02907044054033922, "valid_hits100": 0.8973384030418251, "test_hits100": 0.9070208728652751, "epoch_sec": 1.2987128118984401}
{"variant": "B2", "dataset": "cora", "seed": 1, "epoch": 56, "loss": 0.03612423726023837, "valid_hits100": 0.8897338403041825, "test_hits100": 0.9013282732447818, "epoch_sec": 1.2954108333215117}
{"variant": "B2", "dataset": "cora", "seed": 1, "epoch": 57, "loss": 0.0337584217588638, "valid_hits100": 0.8973384030418251, "test_hits100": 0.9070208728652751, "epoch_sec": 1.3171685803681612}
{"variant": "B2", "dataset": "cora", "seed": 1, "epoch": 58, "loss": 0.028434359745758316, "valid_hits100": 0.8859315589353612, "test_hits100": 0.905123339658444, "epoch_sec": 1.2984690992161632}
{"variant": "B2", "dataset": "cora", "seed": 1, "epoch": 59, "loss": 0.027176582060236345, "valid_hits100": 0.8897338403041825, "test_hits100": 0.9032258064516129, "epoch_sec": 1.298068538773805}
{"variant": "B2", "dataset": "cora", "seed": 1, "epoch": 60, "loss": 0.03222861818291924, "valid_hits100": 0.9011406844106464, "test_hits100": 0.920303605313093, "epoch_sec": 1.2972397119738162}
{"variant": "B2", "dataset": "cora", "seed": 1, "epoch": 61, "loss": 0.03908575063906677, "valid_hits100": 0.9125475285171103, "test_hits100": 0.920303605313093, "epoch_sec": 1.2952297418378294}
{"variant": "B2", "dataset": "cora", "seed": 1, "epoch": 62, "loss": 0.03568349050195247, "valid_hits100": 0.908745247148289, "test_hits100": 0.9184060721062619, "epoch_sec": 1.314448962919414}
{"variant": "B2", "dataset": "cora", "seed": 1, "epoch": 63, "loss": 0.0369446847634307, "valid_hits100": 0.9011406844106464, "test_hits100": 0.9184060721062619, "epoch_sec": 1.2948752702213824}
{"variant": "B2", "dataset": "cora", "seed": 1, "epoch": 64, "loss": 0.031126681004722274, "valid_hits100": 0.9049429657794676, "test_hits100": 0.9184060721062619, "epoch_sec": 1.3047971008345485}
{"variant": "B2", "dataset": "cora", "seed": 1, "epoch": 65, "loss": 0.035972295451822976, "valid_hits100": 0.9125475285171103, "test_hits100": 0.9278937381404174, "epoch_sec": 1.3029044750146568}
{"variant": "B2", "dataset": "cora", "seed": 1, "epoch": 66, "loss": 0.041533430809165064, "valid_hits100": 0.908745247148289, "test_hits100": 0.9165085388994307, "epoch_sec": 1.3060015449300408}
{"variant": "B2", "dataset": "cora", "seed": 1, "epoch": 67, "loss": 0.025799745683842166, "valid_hits100": 0.9011406844106464, "test_hits100": 0.9108159392789373, "epoch_sec": 1.3066524351015687}
{"variant": "B2", "dataset": "cora", "seed": 1, "epoch": 68, "loss": 0.030247032104488362, "valid_hits100": 0.9049429657794676, "test_hits100": 0.9127134724857685, "epoch_sec": 1.303404726088047}
{"variant": "B2", "dataset": "cora", "seed": 1, "epoch": 69, "loss": 0.032702394560271617, "valid_hits100": 0.8821292775665399, "test_hits100": 0.9108159392789373, "epoch_sec": 1.2986140339635313}
{"variant": "B2", "dataset": "cora", "seed": 1, "epoch": 70, "loss": 0.03178426496179877, "valid_hits100": 0.8935361216730038, "test_hits100": 0.9184060721062619, "epoch_sec": 1.2941509750671685}
{"variant": "B2", "dataset": "cora", "seed": 1, "epoch": 71, "loss": 0.026385936500926282, "valid_hits100": 0.9011406844106464, "test_hits100": 0.9108159392789373, "epoch_sec": 1.317134268116206}
{"variant": "B2", "dataset": "cora", "seed": 1, "epoch": 72, "loss": 0.030862129494255663, "valid_hits100": 0.8935361216730038, "test_hits100": 0.9127134724857685, "epoch_sec": 1.2957301870919764}
{"variant": "B2", "dataset": "cora", "seed": 1, "epoch": 73, "loss": 0.03968079300819765, "valid_hits100": 0.9049429657794676, "test_hits100": 0.9089184060721063, "epoch_sec": 1.2973839119076729}
{"variant": "B2", "dataset": "cora", "seed": 1, "epoch": 74, "loss": 0.03151150451850233, "valid_hits100": 0.8973384030418251, "test_hits100": 0.9146110056925996, "epoch_sec": 1.2989331809803843}
{"variant": "B2", "dataset": "cora", "seed": 1, "epoch": 75, "loss": 0.038108554620581304, "valid_hits100": 0.9163498098859315, "test_hits100": 0.9089184060721063, "epoch_sec": 1.3095546970143914}
{"variant": "B2", "dataset": "cora", "seed": 1, "epoch": 76, "loss": 0.03324488174741334, "valid_hits100": 0.9163498098859315, "test_hits100": 0.8975332068311196, "epoch_sec": 1.3061956600286067}
{"variant": "B2", "dataset": "cora", "seed": 1, "epoch": 77, "loss": 0.03692124068484693, "valid_hits100": 0.9125475285171103, "test_hits100": 0.8956356736242884, "epoch_sec": 1.2935449797660112}
{"variant": "B2", "dataset": "cora", "seed": 1, "epoch": 78, "loss": 0.02876881721849535, "valid_hits100": 0.9201520912547528, "test_hits100": 0.889943074003795, "epoch_sec": 1.3122787335887551}
{"variant": "B2", "dataset": "cora", "seed": 1, "epoch": 79, "loss": 0.028595197388035728, "valid_hits100": 0.9239543726235742, "test_hits100": 0.9013282732447818, "epoch_sec": 1.2969509903341532}
{"variant": "B2", "dataset": "cora", "seed": 1, "epoch": 80, "loss": 0.035548587381149147, "valid_hits100": 0.9315589353612167, "test_hits100": 0.9013282732447818, "epoch_sec": 1.320022165775299}
{"variant": "B2", "dataset": "cora", "seed": 1, "epoch": 81, "loss": 0.030478584045567508, "valid_hits100": 0.9277566539923955, "test_hits100": 0.9013282732447818, "epoch_sec": 1.2972271079197526}
{"variant": "B2", "dataset": "cora", "seed": 1, "epoch": 82, "loss": 0.04345988785041207, "valid_hits100": 0.9125475285171103, "test_hits100": 0.9013282732447818, "epoch_sec": 1.2945178509689867}
{"variant": "B2", "dataset": "cora", "seed": 1, "epoch": 83, "loss": 0.02681020117711787, "valid_hits100": 0.9163498098859315, "test_hits100": 0.889943074003795, "epoch_sec": 1.295139034744352}
{"variant": "B2", "dataset": "cora", "seed": 1, "epoch": 84, "loss": 0.028820740653338065, "valid_hits100": 0.9201520912547528, "test_hits100": 0.8861480075901328, "epoch_sec": 1.3104507639072835}
{"variant": "B2", "dataset": "cora", "seed": 1, "epoch": 85, "loss": 0.026745040109132062, "valid_hits100": 0.9391634980988594, "test_hits100": 0.8918406072106262, "epoch_sec": 1.301748190075159}
{"variant": "B2", "dataset": "cora", "seed": 1, "epoch": 86, "loss": 0.03271115689460394, "valid_hits100": 0.9239543726235742, "test_hits100": 0.9108159392789373, "epoch_sec": 1.2945975279435515}
{"variant": "B2", "dataset": "cora", "seed": 1, "epoch": 87, "loss": 0.03200008807149375, "valid_hits100": 0.9277566539923955, "test_hits100": 0.9013282732447818, "epoch_sec": 1.3032465749420226}
{"variant": "B2", "dataset": "cora", "seed": 1, "epoch": 88, "loss": 0.02432088346723567, "valid_hits100": 0.9277566539923955, "test_hits100": 0.9032258064516129, "epoch_sec": 1.2940794499590993}
{"variant": "B2", "dataset": "cora", "seed": 1, "epoch": 89, "loss": 0.02539560145660305, "valid_hits100": 0.9315589353612167, "test_hits100": 0.905123339658444, "epoch_sec": 1.312905116006732}
{"variant": "B2", "dataset": "cora", "seed": 1, "epoch": 90, "loss": 0.0299646845801257, "valid_hits100": 0.9429657794676806, "test_hits100": 0.9013282732447818, "epoch_sec": 1.296810613013804}
{"variant": "B2", "dataset": "cora", "seed": 1, "epoch": 91, "loss": 0.028266246641410014, "valid_hits100": 0.9391634980988594, "test_hits100": 0.8937381404174574, "epoch_sec": 1.2905045370571315}
{"variant": "B2", "dataset": "cora", "seed": 1, "epoch": 92, "loss": 0.027421472092788276, "valid_hits100": 0.935361216730038, "test_hits100": 0.8918406072106262, "epoch_sec": 1.300280443392694}
{"variant": "B2", "dataset": "cora", "seed": 1, "epoch": 93, "loss": 0.02356374926811977, "valid_hits100": 0.9239543726235742, "test_hits100": 0.8975332068311196, "epoch_sec": 1.2965887119062245}
{"variant": "B2", "dataset": "cora", "seed": 1, "epoch": 94, "loss": 0.036784595911143726, "valid_hits100": 0.9201520912547528, "test_hits100": 0.889943074003795, "epoch_sec": 1.3075458742678165}
{"variant": "B2", "dataset": "cora", "seed": 1, "epoch": 95, "loss": 0.02350305794421152, "valid_hits100": 0.9239543726235742, "test_hits100": 0.8956356736242884, "epoch_sec": 1.2964920527301729}
{"variant": "B2", "dataset": "cora", "seed": 1, "epoch": 96, "loss": 0.025247930962452914, "valid_hits100": 0.9315589353612167, "test_hits100": 0.8956356736242884, "epoch_sec": 1.2916410570032895}
{"variant": "B2", "dataset": "cora", "seed": 1, "epoch": 97, "loss": 0.03713881009907433, "valid_hits100": 0.9277566539923955, "test_hits100": 0.8956356736242884, "epoch_sec": 1.2953689801506698}
{"variant": "B2", "dataset": "cora", "seed": 1, "epoch": 98, "loss": 0.026231030536792283, "valid_hits100": 0.9163498098859315, "test_hits100": 0.8975332068311196, "epoch_sec": 1.3075670297257602}
{"variant": "B2", "dataset": "cora", "seed": 1, "epoch": 99, "loss": 0.021524486402564297, "valid_hits100": 0.9201520912547528, "test_hits100": 0.8975332068311196, "epoch_sec": 1.2922981260344386}
{"variant": "B2", "dataset": "cora", "seed": 1, "epoch": 100, "loss": 0.02670877503891892, "valid_hits100": 0.9239543726235742, "test_hits100": 0.8918406072106262, "epoch_sec": 1.2908948808908463}
{"completed": "/home/ubuntu/HL-GNN-PDG-V0-exp/results/hlgnn_pdg_v0/cora/B2/seed1.json", "best_epoch": 1, "best_metrics": {"Hits@10_valid": 0.8174904942965779, "Hits@10_test": 0.603415559772296, "Hits@50_valid": 0.9847908745247148, "Hits@50_test": 0.8785578747628083, "Hits@100_valid": 0.9961977186311787, "Hits@100_test": 0.9468690702087287, "Hits@100_train": 1.0}, "total_runtime_sec": 131.0472340201959}
