/home/ubuntu/anaconda3/envs/mei_env/lib/python3.11/site-packages/torch/cuda/__init__.py:63: FutureWarning: The pynvml package is deprecated. Please install nvidia-ml-py instead. If you did not install pynvml directly, please report this to the maintainers of the package that installed pynvml for you.
  import pynvml  # type: ignore[import]
/home/ubuntu/anaconda3/envs/mei_env/lib/python3.11/site-packages/torch_geometric/deprecation.py:26: UserWarning: 'train_test_split_edges' is deprecated, use 'transforms.RandomLinkSplit' instead
  warnings.warn(out)
{"variant": "B0", "dataset": "cora", "seed": 0, "epoch": 1, "loss": 0.9647625001569058, "valid_hits100": 0.9961977186311787, "test_hits100": 0.9544592030360531, "epoch_sec": 1.6761320331133902}
{"variant": "B0", "dataset": "cora", "seed": 0, "epoch": 2, "loss": 0.21813207689453573, "valid_hits100": 0.9961977186311787, "test_hits100": 0.9449715370018975, "epoch_sec": 1.2247361401095986}
{"variant": "B0", "dataset": "cora", "seed": 0, "epoch": 3, "loss": 0.15866014751839766, "valid_hits100": 0.9809885931558935, "test_hits100": 0.9392789373814042, "epoch_sec": 1.2275722618214786}
{"variant": "B0", "dataset": "cora", "seed": 0, "epoch": 4, "loss": 0.10628671407593338, "valid_hits100": 0.973384030418251, "test_hits100": 0.9430740037950665, "epoch_sec": 1.2291158130392432}
{"variant": "B0", "dataset": "cora", "seed": 0, "epoch": 5, "loss": 0.08848040141895705, "valid_hits100": 0.9619771863117871, "test_hits100": 0.9335863377609108, "epoch_sec": 1.2230134047567844}
{"variant": "B0", "dataset": "cora", "seed": 0, "epoch": 6, "loss": 0.08056894546364718, "valid_hits100": 0.9467680608365019, "test_hits100": 0.9430740037950665, "epoch_sec": 1.253982786089182}
{"variant": "B0", "dataset": "cora", "seed": 0, "epoch": 7, "loss": 0.0790002034867511, "valid_hits100": 0.9467680608365019, "test_hits100": 0.9316888045540797, "epoch_sec": 1.2240121089853346}
{"variant": "B0", "dataset": "cora", "seed": 0, "epoch": 8, "loss": 0.07450276998381351, "valid_hits100": 0.9543726235741445, "test_hits100": 0.9240986717267552, "epoch_sec": 1.2236864720471203}
{"variant": "B0", "dataset": "cora", "seed": 0, "epoch": 9, "loss": 0.06228642336984369, "valid_hits100": 0.9391634980988594, "test_hits100": 0.9297912713472486, "epoch_sec": 1.223839488811791}
{"variant": "B0", "dataset": "cora", "seed": 0, "epoch": 10, "loss": 0.06200237511101041, "valid_hits100": 0.9429657794676806, "test_hits100": 0.9316888045540797, "epoch_sec": 1.240654394030571}
{"variant": "B0", "dataset": "cora", "seed": 0, "epoch": 11, "loss": 0.06759929826977844, "valid_hits100": 0.9467680608365019, "test_hits100": 0.937381404174573, "epoch_sec": 1.2506325328722596}
{"variant": "B0", "dataset": "cora", "seed": 0, "epoch": 12, "loss": 0.054528075809891, "valid_hits100": 0.9467680608365019, "test_hits100": 0.9316888045540797, "epoch_sec": 1.2325140638276935}
{"variant": "B0", "dataset": "cora", "seed": 0, "epoch": 13, "loss": 0.053801351862688966, "valid_hits100": 0.9505703422053232, "test_hits100": 0.9316888045540797, "epoch_sec": 1.2251853430643678}
{"variant": "B0", "dataset": "cora", "seed": 0, "epoch": 14, "loss": 0.05846956968573113, "valid_hits100": 0.9239543726235742, "test_hits100": 0.9297912713472486, "epoch_sec": 1.228340684901923}
{"variant": "B0", "dataset": "cora", "seed": 0, "epoch": 15, "loss": 0.0498193744736028, "valid_hits100": 0.9201520912547528, "test_hits100": 0.9316888045540797, "epoch_sec": 1.2577081620693207}
{"variant": "B0", "dataset": "cora", "seed": 0, "epoch": 16, "loss": 0.05508261682621723, "valid_hits100": 0.9277566539923955, "test_hits100": 0.9259962049335864, "epoch_sec": 1.231243817601353}
{"variant": "B0", "dataset": "cora", "seed": 0, "epoch": 17, "loss": 0.04775430794652558, "valid_hits100": 0.9391634980988594, "test_hits100": 0.9278937381404174, "epoch_sec": 1.228990884963423}
{"variant": "B0", "dataset": "cora", "seed": 0, "epoch": 18, "loss": 0.056071849337342376, "valid_hits100": 0.935361216730038, "test_hits100": 0.9184060721062619, "epoch_sec": 1.2548105088062584}
{"variant": "B0", "dataset": "cora", "seed": 0, "epoch": 19, "loss": 0.054534700172895204, "valid_hits100": 0.9315589353612167, "test_hits100": 0.9165085388994307, "epoch_sec": 1.2253578752279282}
{"variant": "B0", "dataset": "cora", "seed": 0, "epoch": 20, "loss": 0.040193971505458344, "valid_hits100": 0.9315589353612167, "test_hits100": 0.9127134724857685, "epoch_sec": 1.2713741390034556}
{"variant": "B0", "dataset": "cora", "seed": 0, "epoch": 21, "loss": 0.04480043695094114, "valid_hits100": 0.9239543726235742, "test_hits100": 0.9108159392789373, "epoch_sec": 1.2322955732233822}
{"variant": "B0", "dataset": "cora", "seed": 0, "epoch": 22, "loss": 0.049201713672402496, "valid_hits100": 0.9163498098859315, "test_hits100": 0.9184060721062619, "epoch_sec": 1.2291562561877072}
{"variant": "B0", "dataset": "cora", "seed": 0, "epoch": 23, "loss": 0.050584207781974005, "valid_hits100": 0.9201520912547528, "test_hits100": 0.9240986717267552, "epoch_sec": 1.2281579258851707}
{"variant": "B0", "dataset": "cora", "seed": 0, "epoch": 24, "loss": 0.04089985277882234, "valid_hits100": 0.9277566539923955, "test_hits100": 0.9240986717267552, "epoch_sec": 1.2386235590092838}
{"variant": "B0", "dataset": "cora", "seed": 0, "epoch": 25, "loss": 0.03823744747356085, "valid_hits100": 0.9201520912547528, "test_hits100": 0.920303605313093, "epoch_sec": 1.270648174919188}
{"variant": "B0", "dataset": "cora", "seed": 0, "epoch": 26, "loss": 0.049267633799828736, "valid_hits100": 0.9315589353612167, "test_hits100": 0.9316888045540797, "epoch_sec": 1.2402355992235243}
{"variant": "B0", "dataset": "cora", "seed": 0, "epoch": 27, "loss": 0.0367482644165476, "valid_hits100": 0.9239543726235742, "test_hits100": 0.9278937381404174, "epoch_sec": 1.2564946641214192}
{"variant": "B0", "dataset": "cora", "seed": 0, "epoch": 28, "loss": 0.04372862228416504, "valid_hits100": 0.9239543726235742, "test_hits100": 0.9297912713472486, "epoch_sec": 1.2763870959170163}
{"variant": "B0", "dataset": "cora", "seed": 0, "epoch": 29, "loss": 0.04606283061312588, "valid_hits100": 0.9163498098859315, "test_hits100": 0.9222011385199241, "epoch_sec": 1.2756848060525954}
{"variant": "B0", "dataset": "cora", "seed": 0, "epoch": 30, "loss": 0.03525786793752575, "valid_hits100": 0.9315589353612167, "test_hits100": 0.9278937381404174, "epoch_sec": 1.2897970429621637}
{"variant": "B0", "dataset": "cora", "seed": 0, "epoch": 31, "loss": 0.04444119038721032, "valid_hits100": 0.9277566539923955, "test_hits100": 0.9240986717267552, "epoch_sec": 1.2951335893012583}
{"variant": "B0", "dataset": "cora", "seed": 0, "epoch": 32, "loss": 0.041033573528343345, "valid_hits100": 0.9125475285171103, "test_hits100": 0.9240986717267552, "epoch_sec": 1.301630002912134}
{"variant": "B0", "dataset": "cora", "seed": 0, "epoch": 33, "loss": 0.03723904559531526, "valid_hits100": 0.9163498098859315, "test_hits100": 0.9240986717267552, "epoch_sec": 1.2746407887898386}
{"variant": "B0", "dataset": "cora", "seed": 0, "epoch": 34, "loss": 0.03800719409995113, "valid_hits100": 0.9239543726235742, "test_hits100": 0.9184060721062619, "epoch_sec": 1.3237932128831744}
{"variant": "B0", "dataset": "cora", "seed": 0, "epoch": 35, "loss": 0.03656345803071471, "valid_hits100": 0.9125475285171103, "test_hits100": 0.9259962049335864, "epoch_sec": 1.3313483418896794}
{"variant": "B0", "dataset": "cora", "seed": 0, "epoch": 36, "loss": 0.03386850597971051, "valid_hits100": 0.908745247148289, "test_hits100": 0.9222011385199241, "epoch_sec": 1.3196733547374606}
{"variant": "B0", "dataset": "cora", "seed": 0, "epoch": 37, "loss": 0.03759683088238439, "valid_hits100": 0.9049429657794676, "test_hits100": 0.9278937381404174, "epoch_sec": 1.3088463903404772}
{"variant": "B0", "dataset": "cora", "seed": 0, "epoch": 38, "loss": 0.03251045281831142, "valid_hits100": 0.9049429657794676, "test_hits100": 0.9222011385199241, "epoch_sec": 1.3210976468399167}
{"variant": "B0", "dataset": "cora", "seed": 0, "epoch": 39, "loss": 0.04119370953443854, "valid_hits100": 0.9011406844106464, "test_hits100": 0.9240986717267552, "epoch_sec": 1.3312803921289742}
{"variant": "B0", "dataset": "cora", "seed": 0, "epoch": 40, "loss": 0.02934773709897264, "valid_hits100": 0.8973384030418251, "test_hits100": 0.9335863377609108, "epoch_sec": 1.3126778178848326}
{"variant": "B0", "dataset": "cora", "seed": 0, "epoch": 41, "loss": 0.035300998983376804, "valid_hits100": 0.9049429657794676, "test_hits100": 0.937381404174573, "epoch_sec": 1.3133851788006723}
{"variant": "B0", "dataset": "cora", "seed": 0, "epoch": 42, "loss": 0.04141417416659268, "valid_hits100": 0.9011406844106464, "test_hits100": 0.9240986717267552, "epoch_sec": 1.354624885134399}
{"variant": "B0", "dataset": "cora", "seed": 0, "epoch": 43, "loss": 0.0374755032573048, "valid_hits100": 0.9011406844106464, "test_hits100": 0.9184060721062619, "epoch_sec": 1.3543670889921486}
{"variant": "B0", "dataset": "cora", "seed": 0, "epoch": 44, "loss": 0.034899474803936036, "valid_hits100": 0.8935361216730038, "test_hits100": 0.9240986717267552, "epoch_sec": 1.337788806296885}
{"variant": "B0", "dataset": "cora", "seed": 0, "epoch": 45, "loss": 0.032102736549820494, "valid_hits100": 0.9011406844106464, "test_hits100": 0.9127134724857685, "epoch_sec": 1.3202816410921514}
{"variant": "B0", "dataset": "cora", "seed": 0, "epoch": 46, "loss": 0.03799260629477135, "valid_hits100": 0.908745247148289, "test_hits100": 0.9165085388994307, "epoch_sec": 1.3218444338999689}
{"variant": "B0", "dataset": "cora", "seed": 0, "epoch": 47, "loss": 0.030318359751420332, "valid_hits100": 0.9011406844106464, "test_hits100": 0.9222011385199241, "epoch_sec": 1.3341319430619478}
{"variant": "B0", "dataset": "cora", "seed": 0, "epoch": 48, "loss": 0.035407994500296636, "valid_hits100": 0.8973384030418251, "test_hits100": 0.9222011385199241, "epoch_sec": 1.3479093261994421}
{"variant": "B0", "dataset": "cora", "seed": 0, "epoch": 49, "loss": 0.03522770829937037, "valid_hits100": 0.9011406844106464, "test_hits100": 0.9259962049335864, "epoch_sec": 1.3045688169077039}
{"variant": "B0", "dataset": "cora", "seed": 0, "epoch": 50, "loss": 0.031895392698878276, "valid_hits100": 0.8897338403041825, "test_hits100": 0.9259962049335864, "epoch_sec": 1.3005243721418083}
{"variant": "B0", "dataset": "cora", "seed": 0, "epoch": 51, "loss": 0.036925271027281534, "valid_hits100": 0.8973384030418251, "test_hits100": 0.9165085388994307, "epoch_sec": 1.298450537957251}
{"variant": "B0", "dataset": "cora", "seed": 0, "epoch": 52, "loss": 0.03213826039351138, "valid_hits100": 0.8973384030418251, "test_hits100": 0.9240986717267552, "epoch_sec": 1.394719087984413}
{"variant": "B0", "dataset": "cora", "seed": 0, "epoch": 53, "loss": 0.035939992968251996, "valid_hits100": 0.9049429657794676, "test_hits100": 0.9240986717267552, "epoch_sec": 1.319713436998427}
{"variant": "B0", "dataset": "cora", "seed": 0, "epoch": 54, "loss": 0.030897920429972192, "valid_hits100": 0.908745247148289, "test_hits100": 0.9222011385199241, "epoch_sec": 1.300571602769196}
{"variant": "B0", "dataset": "cora", "seed": 0, "epoch": 55, "loss": 0.026709004592502392, "valid_hits100": 0.9049429657794676, "test_hits100": 0.920303605313093, "epoch_sec": 1.2747556436806917}
{"variant": "B0", "dataset": "cora", "seed": 0, "epoch": 56, "loss": 0.03473467626833023, "valid_hits100": 0.908745247148289, "test_hits100": 0.9127134724857685, "epoch_sec": 1.2920411773957312}
{"variant": "B0", "dataset": "cora", "seed": 0, "epoch": 57, "loss": 0.029709175547813986, "valid_hits100": 0.8935361216730038, "test_hits100": 0.9089184060721063, "epoch_sec": 1.3195944856852293}
{"variant": "B0", "dataset": "cora", "seed": 0, "epoch": 58, "loss": 0.031274213012367644, "valid_hits100": 0.9125475285171103, "test_hits100": 0.9089184060721063, "epoch_sec": 1.2853989768773317}
{"variant": "B0", "dataset": "cora", "seed": 0, "epoch": 59, "loss": 0.03036755497389724, "valid_hits100": 0.9163498098859315, "test_hits100": 0.9089184060721063, "epoch_sec": 1.3012629919685423}
{"variant": "B0", "dataset": "cora", "seed": 0, "epoch": 60, "loss": 0.032697434435845905, "valid_hits100": 0.9239543726235742, "test_hits100": 0.9032258064516129, "epoch_sec": 1.2856157962232828}
{"variant": "B0", "dataset": "cora", "seed": 0, "epoch": 61, "loss": 0.035551493944278166, "valid_hits100": 0.9125475285171103, "test_hits100": 0.8937381404174574, "epoch_sec": 1.3025088347494602}
{"variant": "B0", "dataset": "cora", "seed": 0, "epoch": 62, "loss": 0.0359203831131658, "valid_hits100": 0.9049429657794676, "test_hits100": 0.9127134724857685, "epoch_sec": 1.2908620866946876}
{"variant": "B0", "dataset": "cora", "seed": 0, "epoch": 63, "loss": 0.036891770089267625, "valid_hits100": 0.9049429657794676, "test_hits100": 0.905123339658444, "epoch_sec": 1.2707810923457146}
{"variant": "B0", "dataset": "cora", "seed": 0, "epoch": 64, "loss": 0.0298105284651333, "valid_hits100": 0.8935361216730038, "test_hits100": 0.9127134724857685, "epoch_sec": 1.2692513805814087}
{"variant": "B0", "dataset": "cora", "seed": 0, "epoch": 65, "loss": 0.03369925288672753, "valid_hits100": 0.8973384030418251, "test_hits100": 0.9070208728652751, "epoch_sec": 1.299410562030971}
{"variant": "B0", "dataset": "cora", "seed": 0, "epoch": 66, "loss": 0.024784941206322634, "valid_hits100": 0.8859315589353612, "test_hits100": 0.9070208728652751, "epoch_sec": 1.3041547359898686}
{"variant": "B0", "dataset": "cora", "seed": 0, "epoch": 67, "loss": 0.02926911671982942, "valid_hits100": 0.8935361216730038, "test_hits100": 0.9165085388994307, "epoch_sec": 1.2950848089531064}
{"variant": "B0", "dataset": "cora", "seed": 0, "epoch": 68, "loss": 0.024511646735855444, "valid_hits100": 0.8859315589353612, "test_hits100": 0.9127134724857685, "epoch_sec": 1.3073533419519663}
{"variant": "B0", "dataset": "cora", "seed": 0, "epoch": 69, "loss": 0.023812603039431276, "valid_hits100": 0.8897338403041825, "test_hits100": 0.9089184060721063, "epoch_sec": 1.2748565967194736}
{"variant": "B0", "dataset": "cora", "seed": 0, "epoch": 70, "loss": 0.0326329997712464, "valid_hits100": 0.8935361216730038, "test_hits100": 0.9070208728652751, "epoch_sec": 1.2644661660306156}
{"variant": "B0", "dataset": "cora", "seed": 0, "epoch": 71, "loss": 0.03578635224152801, "valid_hits100": 0.8935361216730038, "test_hits100": 0.9165085388994307, "epoch_sec": 1.2718633390031755}
{"variant": "B0", "dataset": "cora", "seed": 0, "epoch": 72, "loss": 0.03601912891163545, "valid_hits100": 0.8859315589353612, "test_hits100": 0.9165085388994307, "epoch_sec": 1.243665318004787}
{"variant": "B0", "dataset": "cora", "seed": 0, "epoch": 73, "loss": 0.02509608245894658, "valid_hits100": 0.8859315589353612, "test_hits100": 0.8975332068311196, "epoch_sec": 1.2763262609951198}
{"variant": "B0", "dataset": "cora", "seed": 0, "epoch": 74, "loss": 0.04215496516190536, "valid_hits100": 0.8859315589353612, "test_hits100": 0.888045540796964, "epoch_sec": 1.2583690783940256}
{"variant": "B0", "dataset": "cora", "seed": 0, "epoch": 75, "loss": 0.03000166473010432, "valid_hits100": 0.8859315589353612, "test_hits100": 0.9013282732447818, "epoch_sec": 1.2685208427719772}
{"variant": "B0", "dataset": "cora", "seed": 0, "epoch": 76, "loss": 0.02964724125523193, "valid_hits100": 0.8859315589353612, "test_hits100": 0.8918406072106262, "epoch_sec": 1.2612715447321534}
{"variant": "B0", "dataset": "cora", "seed": 0, "epoch": 77, "loss": 0.02598570149770395, "valid_hits100": 0.8897338403041825, "test_hits100": 0.9013282732447818, "epoch_sec": 1.2507701208814979}
{"variant": "B0", "dataset": "cora", "seed": 0, "epoch": 78, "loss": 0.021356661543382893, "valid_hits100": 0.8897338403041825, "test_hits100": 0.9127134724857685, "epoch_sec": 1.2407545209862292}
{"variant": "B0", "dataset": "cora", "seed": 0, "epoch": 79, "loss": 0.03050168032580306, "valid_hits100": 0.8897338403041825, "test_hits100": 0.9108159392789373, "epoch_sec": 1.2335042329505086}
{"variant": "B0", "dataset": "cora", "seed": 0, "epoch": 80, "loss": 0.029814486157766638, "valid_hits100": 0.8973384030418251, "test_hits100": 0.9108159392789373, "epoch_sec": 1.2807169477455318}
{"variant": "B0", "dataset": "cora", "seed": 0, "epoch": 81, "loss": 0.03316353432130261, "valid_hits100": 0.8973384030418251, "test_hits100": 0.905123339658444, "epoch_sec": 1.2454306888394058}
{"variant": "B0", "dataset": "cora", "seed": 0, "epoch": 82, "loss": 0.03452788760517052, "valid_hits100": 0.8669201520912547, "test_hits100": 0.9070208728652751, "epoch_sec": 1.3300372259691358}
{"variant": "B0", "dataset": "cora", "seed": 0, "epoch": 83, "loss": 0.030433302492886092, "valid_hits100": 0.8821292775665399, "test_hits100": 0.9184060721062619, "epoch_sec": 1.274653215892613}
{"variant": "B0", "dataset": "cora", "seed": 0, "epoch": 84, "loss": 0.037721451239099264, "valid_hits100": 0.8897338403041825, "test_hits100": 0.9184060721062619, "epoch_sec": 1.238682565279305}
{"variant": "B0", "dataset": "cora", "seed": 0, "epoch": 85, "loss": 0.02960463809164875, "valid_hits100": 0.8859315589353612, "test_hits100": 0.9146110056925996, "epoch_sec": 1.2655847370624542}
{"variant": "B0", "dataset": "cora", "seed": 0, "epoch": 86, "loss": 0.023754307286358984, "valid_hits100": 0.8821292775665399, "test_hits100": 0.9032258064516129, "epoch_sec": 1.236744875088334}
{"variant": "B0", "dataset": "cora", "seed": 0, "epoch": 87, "loss": 0.025133762352580268, "valid_hits100": 0.8783269961977186, "test_hits100": 0.9108159392789373, "epoch_sec": 1.235737842041999}
{"variant": "B0", "dataset": "cora", "seed": 0, "epoch": 88, "loss": 0.02906308592747027, "valid_hits100": 0.8821292775665399, "test_hits100": 0.905123339658444, "epoch_sec": 1.2493189400993288}
{"variant": "B0", "dataset": "cora", "seed": 0, "epoch": 89, "loss": 0.029885412510916087, "valid_hits100": 0.8897338403041825, "test_hits100": 0.8975332068311196, "epoch_sec": 1.2392621929757297}
{"variant": "B0", "dataset": "cora", "seed": 0, "epoch": 90, "loss": 0.02908956086837459, "valid_hits100": 0.8821292775665399, "test_hits100": 0.9089184060721063, "epoch_sec": 1.2675032606348395}
{"variant": "B0", "dataset": "cora", "seed": 0, "epoch": 91, "loss": 0.03443693762741412, "valid_hits100": 0.8897338403041825, "test_hits100": 0.9222011385199241, "epoch_sec": 1.2302546626888216}
{"variant": "B0", "dataset": "cora", "seed": 0, "epoch": 92, "loss": 0.023464355212694396, "valid_hits100": 0.8935361216730038, "test_hits100": 0.9127134724857685, "epoch_sec": 1.2282660249620676}
{"variant": "B0", "dataset": "cora", "seed": 0, "epoch": 93, "loss": 0.03582529602124092, "valid_hits100": 0.8897338403041825, "test_hits100": 0.9165085388994307, "epoch_sec": 1.2389945071190596}
{"variant": "B0", "dataset": "cora", "seed": 0, "epoch": 94, "loss": 0.031520351561686144, "valid_hits100": 0.8935361216730038, "test_hits100": 0.9222011385199241, "epoch_sec": 1.2504426972009242}
{"variant": "B0", "dataset": "cora", "seed": 0, "epoch": 95, "loss": 0.027989353176120023, "valid_hits100": 0.9011406844106464, "test_hits100": 0.9165085388994307, "epoch_sec": 1.2570787323638797}
{"variant": "B0", "dataset": "cora", "seed": 0, "epoch": 96, "loss": 0.02652600950788899, "valid_hits100": 0.8859315589353612, "test_hits100": 0.9184060721062619, "epoch_sec": 1.227271741721779}
{"variant": "B0", "dataset": "cora", "seed": 0, "epoch": 97, "loss": 0.02603216028362247, "valid_hits100": 0.8859315589353612, "test_hits100": 0.9127134724857685, "epoch_sec": 1.2321977680549026}
{"variant": "B0", "dataset": "cora", "seed": 0, "epoch": 98, "loss": 0.027727286538869515, "valid_hits100": 0.8935361216730038, "test_hits100": 0.9070208728652751, "epoch_sec": 1.231961993034929}
{"variant": "B0", "dataset": "cora", "seed": 0, "epoch": 99, "loss": 0.024892177502500182, "valid_hits100": 0.8897338403041825, "test_hits100": 0.9013282732447818, "epoch_sec": 1.254260164219886}
{"variant": "B0", "dataset": "cora", "seed": 0, "epoch": 100, "loss": 0.03175748255163591, "valid_hits100": 0.8859315589353612, "test_hits100": 0.9165085388994307, "epoch_sec": 1.2361104884184897}
{"completed": "/home/ubuntu/HL-GNN-PDG-V0-exp/results/hlgnn_pdg_v0/cora/B0/seed0.json", "best_epoch": 1, "best_metrics": {"Hits@10_valid": 0.8060836501901141, "Hits@10_test": 0.6299810246679317, "Hits@50_valid": 0.9885931558935361, "Hits@50_test": 0.8766603415559773, "Hits@100_valid": 0.9961977186311787, "Hits@100_test": 0.9544592030360531, "Hits@100_train": 1.0}, "total_runtime_sec": 128.33812731597573}
