/home/ubuntu/anaconda3/envs/mei_env/lib/python3.11/site-packages/torch/cuda/__init__.py:63: FutureWarning: The pynvml package is deprecated. Please install nvidia-ml-py instead. If you did not install pynvml directly, please report this to the maintainers of the package that installed pynvml for you.
  import pynvml  # type: ignore[import]
/home/ubuntu/anaconda3/envs/mei_env/lib/python3.11/site-packages/torch_geometric/deprecation.py:26: UserWarning: 'train_test_split_edges' is deprecated, use 'transforms.RandomLinkSplit' instead
  warnings.warn(out)
{"variant": "B2", "dataset": "cora", "seed": 0, "epoch": 1, "loss": 1.026534768189976, "valid_hits100": 0.9961977186311787, "test_hits100": 0.9563567362428842, "epoch_sec": 1.5354896150529385}
{"variant": "B2", "dataset": "cora", "seed": 0, "epoch": 2, "loss": 0.2233006966677154, "valid_hits100": 0.9961977186311787, "test_hits100": 0.9582542694497154, "epoch_sec": 1.3051061918959022}
{"variant": "B2", "dataset": "cora", "seed": 0, "epoch": 3, "loss": 0.16477895279725394, "valid_hits100": 0.9771863117870723, "test_hits100": 0.9487666034155597, "epoch_sec": 1.2918968121521175}
{"variant": "B2", "dataset": "cora", "seed": 0, "epoch": 4, "loss": 0.10340543200200467, "valid_hits100": 0.9771863117870723, "test_hits100": 0.9506641366223909, "epoch_sec": 1.2909856042824686}
{"variant": "B2", "dataset": "cora", "seed": 0, "epoch": 5, "loss": 0.08293758680688719, "valid_hits100": 0.9619771863117871, "test_hits100": 0.9354838709677419, "epoch_sec": 1.2868664283305407}
{"variant": "B2", "dataset": "cora", "seed": 0, "epoch": 6, "loss": 0.06752960705289654, "valid_hits100": 0.9657794676806084, "test_hits100": 0.9297912713472486, "epoch_sec": 1.3151026661507785}
{"variant": "B2", "dataset": "cora", "seed": 0, "epoch": 7, "loss": 0.07516043210890204, "valid_hits100": 0.9619771863117871, "test_hits100": 0.9297912713472486, "epoch_sec": 1.290995575953275}
{"variant": "B2", "dataset": "cora", "seed": 0, "epoch": 8, "loss": 0.06436081065957347, "valid_hits100": 0.9391634980988594, "test_hits100": 0.9240986717267552, "epoch_sec": 1.3018510099500418}
{"variant": "B2", "dataset": "cora", "seed": 0, "epoch": 9, "loss": 0.06248579807114686, "valid_hits100": 0.935361216730038, "test_hits100": 0.9278937381404174, "epoch_sec": 1.308435695245862}
{"variant": "B2", "dataset": "cora", "seed": 0, "epoch": 10, "loss": 0.06027607003529017, "valid_hits100": 0.935361216730038, "test_hits100": 0.9146110056925996, "epoch_sec": 1.3228302453644574}
{"variant": "B2", "dataset": "cora", "seed": 0, "epoch": 11, "loss": 0.06703551035248234, "valid_hits100": 0.935361216730038, "test_hits100": 0.9165085388994307, "epoch_sec": 1.3131785318255424}
{"variant": "B2", "dataset": "cora", "seed": 0, "epoch": 12, "loss": 0.05543804034564159, "valid_hits100": 0.9391634980988594, "test_hits100": 0.9240986717267552, "epoch_sec": 1.289930725004524}
{"variant": "B2", "dataset": "cora", "seed": 0, "epoch": 13, "loss": 0.05622597438500739, "valid_hits100": 0.9429657794676806, "test_hits100": 0.9146110056925996, "epoch_sec": 1.2919923649169505}
{"variant": "B2", "dataset": "cora", "seed": 0, "epoch": 14, "loss": 0.05119728379336695, "valid_hits100": 0.935361216730038, "test_hits100": 0.9240986717267552, "epoch_sec": 1.2958371955901384}
{"variant": "B2", "dataset": "cora", "seed": 0, "epoch": 15, "loss": 0.04694915378263715, "valid_hits100": 0.9391634980988594, "test_hits100": 0.9165085388994307, "epoch_sec": 1.3392516765743494}
{"variant": "B2", "dataset": "cora", "seed": 0, "epoch": 16, "loss": 0.05775882751280824, "valid_hits100": 0.9505703422053232, "test_hits100": 0.9240986717267552, "epoch_sec": 1.2974457270465791}
{"variant": "B2", "dataset": "cora", "seed": 0, "epoch": 17, "loss": 0.056258532439429916, "valid_hits100": 0.9391634980988594, "test_hits100": 0.9146110056925996, "epoch_sec": 1.2900365008972585}
{"variant": "B2", "dataset": "cora", "seed": 0, "epoch": 18, "loss": 0.04338346238442283, "valid_hits100": 0.9429657794676806, "test_hits100": 0.9089184060721063, "epoch_sec": 1.2910361480899155}
{"variant": "B2", "dataset": "cora", "seed": 0, "epoch": 19, "loss": 0.057433941585813615, "valid_hits100": 0.9391634980988594, "test_hits100": 0.9013282732447818, "epoch_sec": 1.3252931842580438}
{"variant": "B2", "dataset": "cora", "seed": 0, "epoch": 20, "loss": 0.047921932596255115, "valid_hits100": 0.9391634980988594, "test_hits100": 0.9127134724857685, "epoch_sec": 1.3115513268858194}
{"variant": "B2", "dataset": "cora", "seed": 0, "epoch": 21, "loss": 0.041124452635938044, "valid_hits100": 0.935361216730038, "test_hits100": 0.905123339658444, "epoch_sec": 1.2908859979361296}
{"variant": "B2", "dataset": "cora", "seed": 0, "epoch": 22, "loss": 0.042848993856426654, "valid_hits100": 0.935361216730038, "test_hits100": 0.9108159392789373, "epoch_sec": 1.3264671438373625}
{"variant": "B2", "dataset": "cora", "seed": 0, "epoch": 23, "loss": 0.05353713621934893, "valid_hits100": 0.9315589353612167, "test_hits100": 0.9032258064516129, "epoch_sec": 1.297440224327147}
{"variant": "B2", "dataset": "cora", "seed": 0, "epoch": 24, "loss": 0.045722948649562827, "valid_hits100": 0.9239543726235742, "test_hits100": 0.9184060721062619, "epoch_sec": 1.3341467059217393}
{"variant": "B2", "dataset": "cora", "seed": 0, "epoch": 25, "loss": 0.03974134087190696, "valid_hits100": 0.9277566539923955, "test_hits100": 0.9165085388994307, "epoch_sec": 1.2917160750366747}
{"variant": "B2", "dataset": "cora", "seed": 0, "epoch": 26, "loss": 0.05314614445157017, "valid_hits100": 0.9239543726235742, "test_hits100": 0.9070208728652751, "epoch_sec": 1.2892422312870622}
{"variant": "B2", "dataset": "cora", "seed": 0, "epoch": 27, "loss": 0.037581048321490194, "valid_hits100": 0.9239543726235742, "test_hits100": 0.8994307400379506, "epoch_sec": 1.291178721934557}
{"variant": "B2", "dataset": "cora", "seed": 0, "epoch": 28, "loss": 0.04533084306646796, "valid_hits100": 0.9315589353612167, "test_hits100": 0.9146110056925996, "epoch_sec": 1.3097643409855664}
{"variant": "B2", "dataset": "cora", "seed": 0, "epoch": 29, "loss": 0.0473765536359181, "valid_hits100": 0.9277566539923955, "test_hits100": 0.8975332068311196, "epoch_sec": 1.321702697314322}
{"variant": "B2", "dataset": "cora", "seed": 0, "epoch": 30, "loss": 0.044188605936878296, "valid_hits100": 0.9125475285171103, "test_hits100": 0.9108159392789373, "epoch_sec": 1.3261200352571905}
{"variant": "B2", "dataset": "cora", "seed": 0, "epoch": 31, "loss": 0.04083096981048584, "valid_hits100": 0.9201520912547528, "test_hits100": 0.905123339658444, "epoch_sec": 1.3207109388895333}
{"variant": "B2", "dataset": "cora", "seed": 0, "epoch": 32, "loss": 0.0408735967335854, "valid_hits100": 0.9201520912547528, "test_hits100": 0.9089184060721063, "epoch_sec": 1.3110381332226098}
{"variant": "B2", "dataset": "cora", "seed": 0, "epoch": 33, "loss": 0.03828481121284227, "valid_hits100": 0.935361216730038, "test_hits100": 0.9089184060721063, "epoch_sec": 1.3461727537214756}
{"variant": "B2", "dataset": "cora", "seed": 0, "epoch": 34, "loss": 0.03621699253957114, "valid_hits100": 0.9315589353612167, "test_hits100": 0.9108159392789373, "epoch_sec": 1.3113087681122124}
{"variant": "B2", "dataset": "cora", "seed": 0, "epoch": 35, "loss": 0.03615069576935866, "valid_hits100": 0.935361216730038, "test_hits100": 0.9089184060721063, "epoch_sec": 1.322662475053221}
{"variant": "B2", "dataset": "cora", "seed": 0, "epoch": 36, "loss": 0.03894367315366519, "valid_hits100": 0.935361216730038, "test_hits100": 0.8956356736242884, "epoch_sec": 1.3188389078713953}
{"variant": "B2", "dataset": "cora", "seed": 0, "epoch": 37, "loss": 0.03919859536642909, "valid_hits100": 0.9315589353612167, "test_hits100": 0.889943074003795, "epoch_sec": 1.3438556562177837}
{"variant": "B2", "dataset": "cora", "seed": 0, "epoch": 38, "loss": 0.035043164956551076, "valid_hits100": 0.9239543726235742, "test_hits100": 0.8937381404174574, "epoch_sec": 1.3137975446879864}
{"variant": "B2", "dataset": "cora", "seed": 0, "epoch": 39, "loss": 0.044918330409522575, "valid_hits100": 0.9277566539923955, "test_hits100": 0.8937381404174574, "epoch_sec": 1.3011926030740142}
{"variant": "B2", "dataset": "cora", "seed": 0, "epoch": 40, "loss": 0.03091975268965949, "valid_hits100": 0.9277566539923955, "test_hits100": 0.8785578747628083, "epoch_sec": 1.30565431015566}
{"variant": "B2", "dataset": "cora", "seed": 0, "epoch": 41, "loss": 0.03520157460435402, "valid_hits100": 0.9277566539923955, "test_hits100": 0.8918406072106262, "epoch_sec": 1.3000744092278183}
{"variant": "B2", "dataset": "cora", "seed": 0, "epoch": 42, "loss": 0.037437839835297824, "valid_hits100": 0.9277566539923955, "test_hits100": 0.8975332068311196, "epoch_sec": 1.3309998740442097}
{"variant": "B2", "dataset": "cora", "seed": 0, "epoch": 43, "loss": 0.038689234949741344, "valid_hits100": 0.9277566539923955, "test_hits100": 0.889943074003795, "epoch_sec": 1.303848410025239}
{"variant": "B2", "dataset": "cora", "seed": 0, "epoch": 44, "loss": 0.03194470610303569, "valid_hits100": 0.9239543726235742, "test_hits100": 0.9032258064516129, "epoch_sec": 1.2964020520448685}
{"variant": "B2", "dataset": "cora", "seed": 0, "epoch": 45, "loss": 0.033754350999353616, "valid_hits100": 0.9277566539923955, "test_hits100": 0.888045540796964, "epoch_sec": 1.303954429924488}
{"variant": "B2", "dataset": "cora", "seed": 0, "epoch": 46, "loss": 0.03785114644390802, "valid_hits100": 0.9315589353612167, "test_hits100": 0.888045540796964, "epoch_sec": 1.2996306531131268}
{"variant": "B2", "dataset": "cora", "seed": 0, "epoch": 47, "loss": 0.03196726401407876, "valid_hits100": 0.9163498098859315, "test_hits100": 0.8937381404174574, "epoch_sec": 1.3203265718184412}
{"variant": "B2", "dataset": "cora", "seed": 0, "epoch": 48, "loss": 0.040882032942325675, "valid_hits100": 0.9201520912547528, "test_hits100": 0.8994307400379506, "epoch_sec": 1.2950196079909801}
{"variant": "B2", "dataset": "cora", "seed": 0, "epoch": 49, "loss": 0.03807383395877539, "valid_hits100": 0.9125475285171103, "test_hits100": 0.8918406072106262, "epoch_sec": 1.3230260801501572}
{"variant": "B2", "dataset": "cora", "seed": 0, "epoch": 50, "loss": 0.0328612797852081, "valid_hits100": 0.9201520912547528, "test_hits100": 0.9013282732447818, "epoch_sec": 1.2999417879618704}
{"variant": "B2", "dataset": "cora", "seed": 0, "epoch": 51, "loss": 0.04260212988484777, "valid_hits100": 0.9201520912547528, "test_hits100": 0.872865275142315, "epoch_sec": 1.3232579519972205}
{"variant": "B2", "dataset": "cora", "seed": 0, "epoch": 52, "loss": 0.03374450220834338, "valid_hits100": 0.9239543726235742, "test_hits100": 0.9013282732447818, "epoch_sec": 1.3026913139037788}
{"variant": "B2", "dataset": "cora", "seed": 0, "epoch": 53, "loss": 0.03731564188014165, "valid_hits100": 0.9277566539923955, "test_hits100": 0.8956356736242884, "epoch_sec": 1.292648473288864}
{"variant": "B2", "dataset": "cora", "seed": 0, "epoch": 54, "loss": 0.030766958453810365, "valid_hits100": 0.935361216730038, "test_hits100": 0.8975332068311196, "epoch_sec": 1.3014169591479003}
{"variant": "B2", "dataset": "cora", "seed": 0, "epoch": 55, "loss": 0.02698303229190449, "valid_hits100": 0.9277566539923955, "test_hits100": 0.8956356736242884, "epoch_sec": 1.3005175008438528}
{"variant": "B2", "dataset": "cora", "seed": 0, "epoch": 56, "loss": 0.037824467236239216, "valid_hits100": 0.9201520912547528, "test_hits100": 0.8975332068311196, "epoch_sec": 1.3291585561819375}
{"variant": "B2", "dataset": "cora", "seed": 0, "epoch": 57, "loss": 0.0363590403620997, "valid_hits100": 0.9277566539923955, "test_hits100": 0.8956356736242884, "epoch_sec": 1.3026120313443244}
{"variant": "B2", "dataset": "cora", "seed": 0, "epoch": 58, "loss": 0.03686653048384423, "valid_hits100": 0.9315589353612167, "test_hits100": 0.8918406072106262, "epoch_sec": 1.2971125487238169}
{"variant": "B2", "dataset": "cora", "seed": 0, "epoch": 59, "loss": 0.03078744736451941, "valid_hits100": 0.9239543726235742, "test_hits100": 0.888045540796964, "epoch_sec": 1.296078144107014}
{"variant": "B2", "dataset": "cora", "seed": 0, "epoch": 60, "loss": 0.032483076819495936, "valid_hits100": 0.9277566539923955, "test_hits100": 0.8804554079696395, "epoch_sec": 1.355232463683933}
{"variant": "B2", "dataset": "cora", "seed": 0, "epoch": 61, "loss": 0.03728389458435317, "valid_hits100": 0.9201520912547528, "test_hits100": 0.8823529411764706, "epoch_sec": 1.31411368586123}
{"variant": "B2", "dataset": "cora", "seed": 0, "epoch": 62, "loss": 0.038093717798670344, "valid_hits100": 0.9239543726235742, "test_hits100": 0.8918406072106262, "epoch_sec": 1.3309957501478493}
{"variant": "B2", "dataset": "cora", "seed": 0, "epoch": 63, "loss": 0.03408280090028802, "valid_hits100": 0.9239543726235742, "test_hits100": 0.8842504743833017, "epoch_sec": 1.3355782609432936}
{"variant": "B2", "dataset": "cora", "seed": 0, "epoch": 64, "loss": 0.03400513900314423, "valid_hits100": 0.9201520912547528, "test_hits100": 0.8956356736242884, "epoch_sec": 1.3323566326871514}
{"variant": "B2", "dataset": "cora", "seed": 0, "epoch": 65, "loss": 0.03178066023212066, "valid_hits100": 0.908745247148289, "test_hits100": 0.889943074003795, "epoch_sec": 1.3298951731994748}
{"variant": "B2", "dataset": "cora", "seed": 0, "epoch": 66, "loss": 0.030755375795823367, "valid_hits100": 0.908745247148289, "test_hits100": 0.888045540796964, "epoch_sec": 1.3153614779002964}
{"variant": "B2", "dataset": "cora", "seed": 0, "epoch": 67, "loss": 0.03337397890533993, "valid_hits100": 0.9125475285171103, "test_hits100": 0.8918406072106262, "epoch_sec": 1.3070641648955643}
{"variant": "B2", "dataset": "cora", "seed": 0, "epoch": 68, "loss": 0.03244958744913924, "valid_hits100": 0.9239543726235742, "test_hits100": 0.8937381404174574, "epoch_sec": 1.3121484192088246}
{"variant": "B2", "dataset": "cora", "seed": 0, "epoch": 69, "loss": 0.03031660094458789, "valid_hits100": 0.908745247148289, "test_hits100": 0.889943074003795, "epoch_sec": 1.347536748740822}
{"variant": "B2", "dataset": "cora", "seed": 0, "epoch": 70, "loss": 0.03852125250779212, "valid_hits100": 0.9163498098859315, "test_hits100": 0.8937381404174574, "epoch_sec": 1.323057274799794}
{"variant": "B2", "dataset": "cora", "seed": 0, "epoch": 71, "loss": 0.036554850405497136, "valid_hits100": 0.9315589353612167, "test_hits100": 0.889943074003795, "epoch_sec": 1.3106429558247328}
{"variant": "B2", "dataset": "cora", "seed": 0, "epoch": 72, "loss": 0.03147991179569945, "valid_hits100": 0.9315589353612167, "test_hits100": 0.9013282732447818, "epoch_sec": 1.30923270015046}
{"variant": "B2", "dataset": "cora", "seed": 0, "epoch": 73, "loss": 0.02721349212362592, "valid_hits100": 0.9277566539923955, "test_hits100": 0.8994307400379506, "epoch_sec": 1.3087230566889048}
{"variant": "B2", "dataset": "cora", "seed": 0, "epoch": 74, "loss": 0.03539793164122338, "valid_hits100": 0.9277566539923955, "test_hits100": 0.8842504743833017, "epoch_sec": 1.3521068491972983}
{"variant": "B2", "dataset": "cora", "seed": 0, "epoch": 75, "loss": 0.03385172901864358, "valid_hits100": 0.935361216730038, "test_hits100": 0.8861480075901328, "epoch_sec": 1.3077306631021202}
{"variant": "B2", "dataset": "cora", "seed": 0, "epoch": 76, "loss": 0.029113637173877042, "valid_hits100": 0.9315589353612167, "test_hits100": 0.889943074003795, "epoch_sec": 1.3270543231628835}
{"variant": "B2", "dataset": "cora", "seed": 0, "epoch": 77, "loss": 0.0295652106218372, "valid_hits100": 0.9277566539923955, "test_hits100": 0.8975332068311196, "epoch_sec": 1.3109226333908737}
{"variant": "B2", "dataset": "cora", "seed": 0, "epoch": 78, "loss": 0.02756851217950198, "valid_hits100": 0.9277566539923955, "test_hits100": 0.9013282732447818, "epoch_sec": 1.35917236097157}
{"variant": "B2", "dataset": "cora", "seed": 0, "epoch": 79, "loss": 0.029049654218987454, "valid_hits100": 0.9201520912547528, "test_hits100": 0.8937381404174574, "epoch_sec": 1.3056193059310317}
{"variant": "B2", "dataset": "cora", "seed": 0, "epoch": 80, "loss": 0.026786247089027083, "valid_hits100": 0.9277566539923955, "test_hits100": 0.889943074003795, "epoch_sec": 1.310085179284215}
{"variant": "B2", "dataset": "cora", "seed": 0, "epoch": 81, "loss": 0.03279272789623648, "valid_hits100": 0.9277566539923955, "test_hits100": 0.889943074003795, "epoch_sec": 1.303701187018305}
{"variant": "B2", "dataset": "cora", "seed": 0, "epoch": 82, "loss": 0.029676218907250865, "valid_hits100": 0.9239543726235742, "test_hits100": 0.8918406072106262, "epoch_sec": 1.334790850058198}
{"variant": "B2", "dataset": "cora", "seed": 0, "epoch": 83, "loss": 0.030367889672305283, "valid_hits100": 0.9163498098859315, "test_hits100": 0.8937381404174574, "epoch_sec": 1.3547314829193056}
{"variant": "B2", "dataset": "cora", "seed": 0, "epoch": 84, "loss": 0.03749949928645357, "valid_hits100": 0.9315589353612167, "test_hits100": 0.8994307400379506, "epoch_sec": 1.3191273910924792}
{"variant": "B2", "dataset": "cora", "seed": 0, "epoch": 85, "loss": 0.031227562354077417, "valid_hits100": 0.935361216730038, "test_hits100": 0.889943074003795, "epoch_sec": 1.3067072238773108}
{"variant": "B2", "dataset": "cora", "seed": 0, "epoch": 86, "loss": 0.02422402726084578, "valid_hits100": 0.935361216730038, "test_hits100": 0.8937381404174574, "epoch_sec": 1.3147194096818566}
{"variant": "B2", "dataset": "cora", "seed": 0, "epoch": 87, "loss": 0.028465685811484773, "valid_hits100": 0.9277566539923955, "test_hits100": 0.8975332068311196, "epoch_sec": 1.3512974469922483}
{"variant": "B2", "dataset": "cora", "seed": 0, "epoch": 88, "loss": 0.03803964898176159, "valid_hits100": 0.9201520912547528, "test_hits100": 0.888045540796964, "epoch_sec": 1.3225916349329054}
{"variant": "B2", "dataset": "cora", "seed": 0, "epoch": 89, "loss": 0.03338694464209458, "valid_hits100": 0.9239543726235742, "test_hits100": 0.8823529411764706, "epoch_sec": 1.3093616059049964}
{"variant": "B2", "dataset": "cora", "seed": 0, "epoch": 90, "loss": 0.029521207253775706, "valid_hits100": 0.9201520912547528, "test_hits100": 0.8823529411764706, "epoch_sec": 1.3296890649944544}
{"variant": "B2", "dataset": "cora", "seed": 0, "epoch": 91, "loss": 0.037201010766513845, "valid_hits100": 0.9239543726235742, "test_hits100": 0.889943074003795, "epoch_sec": 1.3120607137680054}
{"variant": "B2", "dataset": "cora", "seed": 0, "epoch": 92, "loss": 0.028743784874677658, "valid_hits100": 0.9239543726235742, "test_hits100": 0.8823529411764706, "epoch_sec": 1.3303564409725368}
{"variant": "B2", "dataset": "cora", "seed": 0, "epoch": 93, "loss": 0.03801670230247758, "valid_hits100": 0.9277566539923955, "test_hits100": 0.8842504743833017, "epoch_sec": 1.2961929310113192}
{"variant": "B2", "dataset": "cora", "seed": 0, "epoch": 94, "loss": 0.03400164053720586, "valid_hits100": 0.9277566539923955, "test_hits100": 0.8804554079696395, "epoch_sec": 1.2974842321127653}
{"variant": "B2", "dataset": "cora", "seed": 0, "epoch": 95, "loss": 0.02996162959306423, "valid_hits100": 0.9391634980988594, "test_hits100": 0.8842504743833017, "epoch_sec": 1.2975838230922818}
{"variant": "B2", "dataset": "cora", "seed": 0, "epoch": 96, "loss": 0.031991325205925736, "valid_hits100": 0.935361216730038, "test_hits100": 0.8918406072106262, "epoch_sec": 1.329989701975137}
{"variant": "B2", "dataset": "cora", "seed": 0, "epoch": 97, "loss": 0.02866426365260772, "valid_hits100": 0.935361216730038, "test_hits100": 0.8842504743833017, "epoch_sec": 1.3076805379241705}
{"variant": "B2", "dataset": "cora", "seed": 0, "epoch": 98, "loss": 0.02644216615885974, "valid_hits100": 0.9239543726235742, "test_hits100": 0.8804554079696395, "epoch_sec": 1.2946534398943186}
{"variant": "B2", "dataset": "cora", "seed": 0, "epoch": 99, "loss": 0.023486629707835043, "valid_hits100": 0.9315589353612167, "test_hits100": 0.8766603415559773, "epoch_sec": 1.3005775390192866}
{"variant": "B2", "dataset": "cora", "seed": 0, "epoch": 100, "loss": 0.033763709187560755, "valid_hits100": 0.9201520912547528, "test_hits100": 0.8785578747628083, "epoch_sec": 1.3021773700602353}
{"completed": "/home/ubuntu/HL-GNN-PDG-V0-exp/results/hlgnn_pdg_v0/cora/B2/seed0.json", "best_epoch": 1, "best_metrics": {"Hits@10_valid": 0.7832699619771863, "Hits@10_test": 0.6337760910815939, "Hits@50_valid": 0.9847908745247148, "Hits@50_test": 0.8652751423149905, "Hits@100_valid": 0.9961977186311787, "Hits@100_test": 0.9563567362428842, "Hits@100_train": 1.0}, "total_runtime_sec": 132.24161355895922}
