/home/ubuntu/anaconda3/envs/mei_env/lib/python3.11/site-packages/torch/cuda/__init__.py:63: FutureWarning: The pynvml package is deprecated. Please install nvidia-ml-py instead. If you did not install pynvml directly, please report this to the maintainers of the package that installed pynvml for you.
  import pynvml  # type: ignore[import]
/home/ubuntu/anaconda3/envs/mei_env/lib/python3.11/site-packages/torch_geometric/deprecation.py:26: UserWarning: 'train_test_split_edges' is deprecated, use 'transforms.RandomLinkSplit' instead
  warnings.warn(out)
{"variant": "B1", "dataset": "cora", "seed": 0, "epoch": 1, "loss": 1.3023534141972315, "valid_hits100": 0.9809885931558935, "test_hits100": 0.8690702087286527, "epoch_sec": 1.703415882308036}
{"variant": "B1", "dataset": "cora", "seed": 0, "epoch": 2, "loss": 0.400097759809086, "valid_hits100": 0.9923954372623575, "test_hits100": 0.9297912713472486, "epoch_sec": 1.2374313618056476}
{"variant": "B1", "dataset": "cora", "seed": 0, "epoch": 3, "loss": 0.23078850921037575, "valid_hits100": 0.9847908745247148, "test_hits100": 0.9316888045540797, "epoch_sec": 1.2373019037768245}
{"variant": "B1", "dataset": "cora", "seed": 0, "epoch": 4, "loss": 0.11265616512022342, "valid_hits100": 0.9657794676806084, "test_hits100": 0.9222011385199241, "epoch_sec": 1.2348689958453178}
{"variant": "B1", "dataset": "cora", "seed": 0, "epoch": 5, "loss": 0.08289395149219482, "valid_hits100": 0.9467680608365019, "test_hits100": 0.9184060721062619, "epoch_sec": 1.2710316870361567}
{"variant": "B1", "dataset": "cora", "seed": 0, "epoch": 6, "loss": 0.06735544424643491, "valid_hits100": 0.9391634980988594, "test_hits100": 0.9127134724857685, "epoch_sec": 1.2616017940454185}
{"variant": "B1", "dataset": "cora", "seed": 0, "epoch": 7, "loss": 0.06894207521343401, "valid_hits100": 0.935361216730038, "test_hits100": 0.9108159392789373, "epoch_sec": 1.2366395117715}
{"variant": "B1", "dataset": "cora", "seed": 0, "epoch": 8, "loss": 0.05712042417569806, "valid_hits100": 0.9277566539923955, "test_hits100": 0.9070208728652751, "epoch_sec": 1.2414768431335688}
{"variant": "B1", "dataset": "cora", "seed": 0, "epoch": 9, "loss": 0.04432232239003062, "valid_hits100": 0.9163498098859315, "test_hits100": 0.9013282732447818, "epoch_sec": 1.2411197209730744}
{"variant": "B1", "dataset": "cora", "seed": 0, "epoch": 10, "loss": 0.0509302551574248, "valid_hits100": 0.9049429657794676, "test_hits100": 0.8956356736242884, "epoch_sec": 1.2705901581794024}
{"variant": "B1", "dataset": "cora", "seed": 0, "epoch": 11, "loss": 0.051883839920774076, "valid_hits100": 0.9011406844106464, "test_hits100": 0.8956356736242884, "epoch_sec": 1.2426142180338502}
{"variant": "B1", "dataset": "cora", "seed": 0, "epoch": 12, "loss": 0.0398622475790255, "valid_hits100": 0.9163498098859315, "test_hits100": 0.8937381404174574, "epoch_sec": 1.2463952801190317}
{"variant": "B1", "dataset": "cora", "seed": 0, "epoch": 13, "loss": 0.04228015645754104, "valid_hits100": 0.8973384030418251, "test_hits100": 0.8918406072106262, "epoch_sec": 1.2546517876908183}
{"variant": "B1", "dataset": "cora", "seed": 0, "epoch": 14, "loss": 0.040750148143360324, "valid_hits100": 0.8935361216730038, "test_hits100": 0.8785578747628083, "epoch_sec": 1.2414551172405481}
{"variant": "B1", "dataset": "cora", "seed": 0, "epoch": 15, "loss": 0.03510977394892145, "valid_hits100": 0.870722433460076, "test_hits100": 0.8823529411764706, "epoch_sec": 1.2832217239774764}
{"variant": "B1", "dataset": "cora", "seed": 0, "epoch": 16, "loss": 0.04858100958792708, "valid_hits100": 0.8783269961977186, "test_hits100": 0.8614800759013282, "epoch_sec": 1.2367959572002292}
{"variant": "B1", "dataset": "cora", "seed": 0, "epoch": 17, "loss": 0.03833524078635396, "valid_hits100": 0.8859315589353612, "test_hits100": 0.8804554079696395, "epoch_sec": 1.23429115395993}
{"variant": "B1", "dataset": "cora", "seed": 0, "epoch": 18, "loss": 0.04108970711894214, "valid_hits100": 0.8935361216730038, "test_hits100": 0.8823529411764706, "epoch_sec": 1.2317695287056267}
{"variant": "B1", "dataset": "cora", "seed": 0, "epoch": 19, "loss": 0.0432200739874028, "valid_hits100": 0.8821292775665399, "test_hits100": 0.8994307400379506, "epoch_sec": 1.238052111119032}
{"variant": "B1", "dataset": "cora", "seed": 0, "epoch": 20, "loss": 0.03350027182443257, "valid_hits100": 0.8897338403041825, "test_hits100": 0.8918406072106262, "epoch_sec": 1.274122403934598}
{"variant": "B1", "dataset": "cora", "seed": 0, "epoch": 21, "loss": 0.03605259114912912, "valid_hits100": 0.8859315589353612, "test_hits100": 0.8823529411764706, "epoch_sec": 1.2345059239305556}
{"variant": "B1", "dataset": "cora", "seed": 0, "epoch": 22, "loss": 0.041004048139122506, "valid_hits100": 0.8821292775665399, "test_hits100": 0.8804554079696395, "epoch_sec": 1.234209509100765}
{"variant": "B1", "dataset": "cora", "seed": 0, "epoch": 23, "loss": 0.0459382918575337, "valid_hits100": 0.8897338403041825, "test_hits100": 0.8861480075901328, "epoch_sec": 1.233988787047565}
{"variant": "B1", "dataset": "cora", "seed": 0, "epoch": 24, "loss": 0.0333074067425441, "valid_hits100": 0.8783269961977186, "test_hits100": 0.8842504743833017, "epoch_sec": 1.2498256438411772}
{"variant": "B1", "dataset": "cora", "seed": 0, "epoch": 25, "loss": 0.026506113701910045, "valid_hits100": 0.8897338403041825, "test_hits100": 0.8823529411764706, "epoch_sec": 1.255697710905224}
{"variant": "B1", "dataset": "cora", "seed": 0, "epoch": 26, "loss": 0.03996925561318636, "valid_hits100": 0.8859315589353612, "test_hits100": 0.8804554079696395, "epoch_sec": 1.2392533528618515}
{"variant": "B1", "dataset": "cora", "seed": 0, "epoch": 27, "loss": 0.025977764524346792, "valid_hits100": 0.8859315589353612, "test_hits100": 0.8747628083491461, "epoch_sec": 1.2532697208225727}
{"variant": "B1", "dataset": "cora", "seed": 0, "epoch": 28, "loss": 0.03289667508978257, "valid_hits100": 0.8783269961977186, "test_hits100": 0.872865275142315, "epoch_sec": 1.2376725003123283}
{"variant": "B1", "dataset": "cora", "seed": 0, "epoch": 29, "loss": 0.03578704070306504, "valid_hits100": 0.870722433460076, "test_hits100": 0.8652751423149905, "epoch_sec": 1.2585975090041757}
{"variant": "B1", "dataset": "cora", "seed": 0, "epoch": 30, "loss": 0.03477547080679373, "valid_hits100": 0.870722433460076, "test_hits100": 0.8538899430740038, "epoch_sec": 1.2346049267798662}
{"variant": "B1", "dataset": "cora", "seed": 0, "epoch": 31, "loss": 0.035056923594119924, "valid_hits100": 0.8783269961977186, "test_hits100": 0.857685009487666, "epoch_sec": 1.2370083471760154}
{"variant": "B1", "dataset": "cora", "seed": 0, "epoch": 32, "loss": 0.0295971302438441, "valid_hits100": 0.8745247148288974, "test_hits100": 0.8747628083491461, "epoch_sec": 1.2314549321308732}
{"variant": "B1", "dataset": "cora", "seed": 0, "epoch": 33, "loss": 0.02975980542706402, "valid_hits100": 0.8669201520912547, "test_hits100": 0.8766603415559773, "epoch_sec": 1.2304578148759902}
{"variant": "B1", "dataset": "cora", "seed": 0, "epoch": 34, "loss": 0.025399318064518152, "valid_hits100": 0.8593155893536122, "test_hits100": 0.8842504743833017, "epoch_sec": 1.2871303679421544}
{"variant": "B1", "dataset": "cora", "seed": 0, "epoch": 35, "loss": 0.02979934110958627, "valid_hits100": 0.8517110266159695, "test_hits100": 0.8671726755218216, "epoch_sec": 1.2430062619969249}
{"variant": "B1", "dataset": "cora", "seed": 0, "epoch": 36, "loss": 0.025464991376521116, "valid_hits100": 0.8555133079847909, "test_hits100": 0.857685009487666, "epoch_sec": 1.233980611898005}
{"variant": "B1", "dataset": "cora", "seed": 0, "epoch": 37, "loss": 0.025509863009480445, "valid_hits100": 0.8593155893536122, "test_hits100": 0.8690702087286527, "epoch_sec": 1.236787707079202}
{"variant": "B1", "dataset": "cora", "seed": 0, "epoch": 38, "loss": 0.024306188060266236, "valid_hits100": 0.8517110266159695, "test_hits100": 0.8690702087286527, "epoch_sec": 1.2491504098288715}
{"variant": "B1", "dataset": "cora", "seed": 0, "epoch": 39, "loss": 0.029074651917937393, "valid_hits100": 0.8479087452471483, "test_hits100": 0.855787476280835, "epoch_sec": 1.2574752196669579}
{"variant": "B1", "dataset": "cora", "seed": 0, "epoch": 40, "loss": 0.021224114114216094, "valid_hits100": 0.870722433460076, "test_hits100": 0.8671726755218216, "epoch_sec": 1.2280391338281333}
{"variant": "B1", "dataset": "cora", "seed": 0, "epoch": 41, "loss": 0.026199408320447766, "valid_hits100": 0.8669201520912547, "test_hits100": 0.8614800759013282, "epoch_sec": 1.2573187327943742}
{"variant": "B1", "dataset": "cora", "seed": 0, "epoch": 42, "loss": 0.032862103532554844, "valid_hits100": 0.8555133079847909, "test_hits100": 0.8614800759013282, "epoch_sec": 1.2365071470849216}
{"variant": "B1", "dataset": "cora", "seed": 0, "epoch": 43, "loss": 0.0309078801761974, "valid_hits100": 0.8517110266159695, "test_hits100": 0.855787476280835, "epoch_sec": 1.252013798803091}
{"variant": "B1", "dataset": "cora", "seed": 0, "epoch": 44, "loss": 0.02198218115324855, "valid_hits100": 0.8555133079847909, "test_hits100": 0.8538899430740038, "epoch_sec": 1.243843668140471}
{"variant": "B1", "dataset": "cora", "seed": 0, "epoch": 45, "loss": 0.020825795530476036, "valid_hits100": 0.8593155893536122, "test_hits100": 0.855787476280835, "epoch_sec": 1.2333353543654084}
{"variant": "B1", "dataset": "cora", "seed": 0, "epoch": 46, "loss": 0.031392740759726305, "valid_hits100": 0.8593155893536122, "test_hits100": 0.857685009487666, "epoch_sec": 1.2268445850349963}
{"variant": "B1", "dataset": "cora", "seed": 0, "epoch": 47, "loss": 0.026400504436231022, "valid_hits100": 0.8593155893536122, "test_hits100": 0.8462998102466793, "epoch_sec": 1.2326290379278362}
{"variant": "B1", "dataset": "cora", "seed": 0, "epoch": 48, "loss": 0.02442476529887016, "valid_hits100": 0.8555133079847909, "test_hits100": 0.8538899430740038, "epoch_sec": 1.2611793372780085}
{"variant": "B1", "dataset": "cora", "seed": 0, "epoch": 49, "loss": 0.024566338183408115, "valid_hits100": 0.8555133079847909, "test_hits100": 0.8538899430740038, "epoch_sec": 1.234821766614914}
{"variant": "B1", "dataset": "cora", "seed": 0, "epoch": 50, "loss": 0.026838463762652216, "valid_hits100": 0.8555133079847909, "test_hits100": 0.8500948766603416, "epoch_sec": 1.2257436336949468}
{"variant": "B1", "dataset": "cora", "seed": 0, "epoch": 51, "loss": 0.028484841008502956, "valid_hits100": 0.8593155893536122, "test_hits100": 0.8368121442125237, "epoch_sec": 1.2260952070355415}
{"variant": "B1", "dataset": "cora", "seed": 0, "epoch": 52, "loss": 0.030156737143661887, "valid_hits100": 0.8517110266159695, "test_hits100": 0.8519924098671727, "epoch_sec": 1.2266999031417072}
{"variant": "B1", "dataset": "cora", "seed": 0, "epoch": 53, "loss": 0.02799375769275501, "valid_hits100": 0.8517110266159695, "test_hits100": 0.8481973434535104, "epoch_sec": 1.2544004968367517}
{"variant": "B1", "dataset": "cora", "seed": 0, "epoch": 54, "loss": 0.0224810992060445, "valid_hits100": 0.8479087452471483, "test_hits100": 0.8519924098671727, "epoch_sec": 1.2335701258853078}
{"variant": "B1", "dataset": "cora", "seed": 0, "epoch": 55, "loss": 0.02276544751675796, "valid_hits100": 0.8365019011406845, "test_hits100": 0.8387096774193549, "epoch_sec": 1.2303744941018522}
{"variant": "B1", "dataset": "cora", "seed": 0, "epoch": 56, "loss": 0.028462371458556776, "valid_hits100": 0.8593155893536122, "test_hits100": 0.8519924098671727, "epoch_sec": 1.2488339869305491}
{"variant": "B1", "dataset": "cora", "seed": 0, "epoch": 57, "loss": 0.025642005321627845, "valid_hits100": 0.844106463878327, "test_hits100": 0.8538899430740038, "epoch_sec": 1.2344437902793288}
{"variant": "B1", "dataset": "cora", "seed": 0, "epoch": 58, "loss": 0.025097397549506177, "valid_hits100": 0.8517110266159695, "test_hits100": 0.8595825426944972, "epoch_sec": 1.2529030009172857}
{"variant": "B1", "dataset": "cora", "seed": 0, "epoch": 59, "loss": 0.025279803008983266, "valid_hits100": 0.8593155893536122, "test_hits100": 0.8595825426944972, "epoch_sec": 1.2234658431261778}
{"variant": "B1", "dataset": "cora", "seed": 0, "epoch": 60, "loss": 0.02996086027081425, "valid_hits100": 0.8631178707224335, "test_hits100": 0.855787476280835, "epoch_sec": 1.228795322123915}
{"variant": "B1", "dataset": "cora", "seed": 0, "epoch": 61, "loss": 0.027551215991988752, "valid_hits100": 0.8631178707224335, "test_hits100": 0.855787476280835, "epoch_sec": 1.2277207453735173}
{"variant": "B1", "dataset": "cora", "seed": 0, "epoch": 62, "loss": 0.02429104523331511, "valid_hits100": 0.870722433460076, "test_hits100": 0.8538899430740038, "epoch_sec": 1.2409206782467663}
{"variant": "B1", "dataset": "cora", "seed": 0, "epoch": 63, "loss": 0.026679056794540343, "valid_hits100": 0.8631178707224335, "test_hits100": 0.8481973434535104, "epoch_sec": 1.2652873969636858}
{"variant": "B1", "dataset": "cora", "seed": 0, "epoch": 64, "loss": 0.022634116716935247, "valid_hits100": 0.8517110266159695, "test_hits100": 0.8519924098671727, "epoch_sec": 1.2372066820971668}
{"variant": "B1", "dataset": "cora", "seed": 0, "epoch": 65, "loss": 0.02589731355348798, "valid_hits100": 0.8555133079847909, "test_hits100": 0.8519924098671727, "epoch_sec": 1.2287724018096924}
{"variant": "B1", "dataset": "cora", "seed": 0, "epoch": 66, "loss": 0.019640459587761, "valid_hits100": 0.8631178707224335, "test_hits100": 0.8500948766603416, "epoch_sec": 1.229681110009551}
{"variant": "B1", "dataset": "cora", "seed": 0, "epoch": 67, "loss": 0.025089137631330687, "valid_hits100": 0.870722433460076, "test_hits100": 0.8444022770398482, "epoch_sec": 1.2339442307129502}
{"variant": "B1", "dataset": "cora", "seed": 0, "epoch": 68, "loss": 0.020139093266770165, "valid_hits100": 0.8631178707224335, "test_hits100": 0.8462998102466793, "epoch_sec": 1.2537542120553553}
{"variant": "B1", "dataset": "cora", "seed": 0, "epoch": 69, "loss": 0.01975457717576554, "valid_hits100": 0.870722433460076, "test_hits100": 0.8500948766603416, "epoch_sec": 1.2298365477472544}
{"variant": "B1", "dataset": "cora", "seed": 0, "epoch": 70, "loss": 0.02712424584197913, "valid_hits100": 0.8631178707224335, "test_hits100": 0.8406072106261859, "epoch_sec": 1.2494379011914134}
{"variant": "B1", "dataset": "cora", "seed": 0, "epoch": 71, "loss": 0.03504654810284123, "valid_hits100": 0.8631178707224335, "test_hits100": 0.8500948766603416, "epoch_sec": 1.2287744171917439}
{"variant": "B1", "dataset": "cora", "seed": 0, "epoch": 72, "loss": 0.030646948930732706, "valid_hits100": 0.8859315589353612, "test_hits100": 0.8614800759013282, "epoch_sec": 1.241025423631072}
{"variant": "B1", "dataset": "cora", "seed": 0, "epoch": 73, "loss": 0.02154490047212484, "valid_hits100": 0.8631178707224335, "test_hits100": 0.857685009487666, "epoch_sec": 1.2398936692625284}
{"variant": "B1", "dataset": "cora", "seed": 0, "epoch": 74, "loss": 0.02825069697756393, "valid_hits100": 0.8669201520912547, "test_hits100": 0.8425047438330171, "epoch_sec": 1.2282259669154882}
{"variant": "B1", "dataset": "cora", "seed": 0, "epoch": 75, "loss": 0.022348504666232383, "valid_hits100": 0.8555133079847909, "test_hits100": 0.8444022770398482, "epoch_sec": 1.2237734030932188}
{"variant": "B1", "dataset": "cora", "seed": 0, "epoch": 76, "loss": 0.02087705386487133, "valid_hits100": 0.8631178707224335, "test_hits100": 0.8481973434535104, "epoch_sec": 1.2291558822616935}
{"variant": "B1", "dataset": "cora", "seed": 0, "epoch": 77, "loss": 0.018273328336324283, "valid_hits100": 0.8669201520912547, "test_hits100": 0.8406072106261859, "epoch_sec": 1.2545204432681203}
{"variant": "B1", "dataset": "cora", "seed": 0, "epoch": 78, "loss": 0.010739370211029223, "valid_hits100": 0.8593155893536122, "test_hits100": 0.8349146110056926, "epoch_sec": 1.2363853068090975}
{"variant": "B1", "dataset": "cora", "seed": 0, "epoch": 79, "loss": 0.020369119439174466, "valid_hits100": 0.870722433460076, "test_hits100": 0.8425047438330171, "epoch_sec": 1.2280614390037954}
{"variant": "B1", "dataset": "cora", "seed": 0, "epoch": 80, "loss": 0.021990506531282223, "valid_hits100": 0.870722433460076, "test_hits100": 0.8425047438330171, "epoch_sec": 1.227595650125295}
{"variant": "B1", "dataset": "cora", "seed": 0, "epoch": 81, "loss": 0.029072335292045656, "valid_hits100": 0.870722433460076, "test_hits100": 0.8462998102466793, "epoch_sec": 1.2262637368403375}
{"variant": "B1", "dataset": "cora", "seed": 0, "epoch": 82, "loss": 0.02566422475252878, "valid_hits100": 0.8631178707224335, "test_hits100": 0.8519924098671727, "epoch_sec": 1.2552515640854836}
{"variant": "B1", "dataset": "cora", "seed": 0, "epoch": 83, "loss": 0.024586584704551256, "valid_hits100": 0.8593155893536122, "test_hits100": 0.8406072106261859, "epoch_sec": 1.2274262001737952}
{"variant": "B1", "dataset": "cora", "seed": 0, "epoch": 84, "loss": 0.0271646158832811, "valid_hits100": 0.8517110266159695, "test_hits100": 0.8387096774193549, "epoch_sec": 1.2416927986778319}
{"variant": "B1", "dataset": "cora", "seed": 0, "epoch": 85, "loss": 0.022862207247425742, "valid_hits100": 0.8631178707224335, "test_hits100": 0.8444022770398482, "epoch_sec": 1.248614950105548}
{"variant": "B1", "dataset": "cora", "seed": 0, "epoch": 86, "loss": 0.02590028141457554, "valid_hits100": 0.8631178707224335, "test_hits100": 0.8481973434535104, "epoch_sec": 1.237572783138603}
{"variant": "B1", "dataset": "cora", "seed": 0, "epoch": 87, "loss": 0.02469260742598995, "valid_hits100": 0.870722433460076, "test_hits100": 0.855787476280835, "epoch_sec": 1.250397543888539}
{"variant": "B1", "dataset": "cora", "seed": 0, "epoch": 88, "loss": 0.023986848834868846, "valid_hits100": 0.8821292775665399, "test_hits100": 0.8595825426944972, "epoch_sec": 1.2249704566784203}
{"variant": "B1", "dataset": "cora", "seed": 0, "epoch": 89, "loss": 0.021539277719987853, "valid_hits100": 0.870722433460076, "test_hits100": 0.8444022770398482, "epoch_sec": 1.225240875966847}
{"variant": "B1", "dataset": "cora", "seed": 0, "epoch": 90, "loss": 0.02195677178481896, "valid_hits100": 0.8669201520912547, "test_hits100": 0.8425047438330171, "epoch_sec": 1.2273557060398161}
{"variant": "B1", "dataset": "cora", "seed": 0, "epoch": 91, "loss": 0.028156800763332906, "valid_hits100": 0.8631178707224335, "test_hits100": 0.8349146110056926, "epoch_sec": 1.2503725532442331}
{"variant": "B1", "dataset": "cora", "seed": 0, "epoch": 92, "loss": 0.014938774211548017, "valid_hits100": 0.870722433460076, "test_hits100": 0.8330170777988615, "epoch_sec": 1.2481111302040517}
{"variant": "B1", "dataset": "cora", "seed": 0, "epoch": 93, "loss": 0.030746356688718744, "valid_hits100": 0.8593155893536122, "test_hits100": 0.8330170777988615, "epoch_sec": 1.2229010569863021}
{"variant": "B1", "dataset": "cora", "seed": 0, "epoch": 94, "loss": 0.024867654922493, "valid_hits100": 0.8555133079847909, "test_hits100": 0.8444022770398482, "epoch_sec": 1.226702000014484}
{"variant": "B1", "dataset": "cora", "seed": 0, "epoch": 95, "loss": 0.018877316976826035, "valid_hits100": 0.8593155893536122, "test_hits100": 0.8406072106261859, "epoch_sec": 1.2251995392143726}
{"variant": "B1", "dataset": "cora", "seed": 0, "epoch": 96, "loss": 0.01862890996477183, "valid_hits100": 0.8479087452471483, "test_hits100": 0.8387096774193549, "epoch_sec": 1.2578404350206256}
{"variant": "B1", "dataset": "cora", "seed": 0, "epoch": 97, "loss": 0.018790655947039683, "valid_hits100": 0.8479087452471483, "test_hits100": 0.8462998102466793, "epoch_sec": 1.2314471960999072}
{"variant": "B1", "dataset": "cora", "seed": 0, "epoch": 98, "loss": 0.02015165410896036, "valid_hits100": 0.844106463878327, "test_hits100": 0.8425047438330171, "epoch_sec": 1.2270326651632786}
{"variant": "B1", "dataset": "cora", "seed": 0, "epoch": 99, "loss": 0.01975081793618606, "valid_hits100": 0.8517110266159695, "test_hits100": 0.8425047438330171, "epoch_sec": 1.2478858469985425}
{"variant": "B1", "dataset": "cora", "seed": 0, "epoch": 100, "loss": 0.024246404535152057, "valid_hits100": 0.8517110266159695, "test_hits100": 0.8292220113851992, "epoch_sec": 1.2239491138607264}
{"completed": "/home/ubuntu/HL-GNN-PDG-V0-exp/results/hlgnn_pdg_v0/cora/B1/seed0.json", "best_epoch": 2, "best_metrics": {"Hits@10_valid": 0.8060836501901141, "Hits@10_test": 0.650853889943074, "Hits@50_valid": 0.9505703422053232, "Hits@50_test": 0.8785578747628083, "Hits@100_valid": 0.9923954372623575, "Hits@100_test": 0.9297912713472486, "Hits@100_train": 1.0}, "total_runtime_sec": 125.48849247395992}
