/home/ubuntu/anaconda3/envs/mei_env/lib/python3.11/site-packages/torch/cuda/__init__.py:63: FutureWarning: The pynvml package is deprecated. Please install nvidia-ml-py instead. If you did not install pynvml directly, please report this to the maintainers of the package that installed pynvml for you.
  import pynvml  # type: ignore[import]
/home/ubuntu/anaconda3/envs/mei_env/lib/python3.11/site-packages/torch_geometric/deprecation.py:26: UserWarning: 'train_test_split_edges' is deprecated, use 'transforms.RandomLinkSplit' instead
  warnings.warn(out)
{"variant": "B3", "dataset": "cora", "seed": 2, "epoch": 1, "loss": 1.0390045167396837, "valid_hits100": 0.9961977186311787, "test_hits100": 0.9487666034155597, "epoch_sec": 1.8869959120638669}
{"variant": "B3", "dataset": "cora", "seed": 2, "epoch": 2, "loss": 0.2413804827261311, "valid_hits100": 0.9961977186311787, "test_hits100": 0.9544592030360531, "epoch_sec": 1.3015730348415673}
{"variant": "B3", "dataset": "cora", "seed": 2, "epoch": 3, "loss": 0.14805509636108888, "valid_hits100": 0.9695817490494296, "test_hits100": 0.9335863377609108, "epoch_sec": 1.2931573879905045}
{"variant": "B3", "dataset": "cora", "seed": 2, "epoch": 4, "loss": 0.12402404931086695, "valid_hits100": 0.9695817490494296, "test_hits100": 0.9506641366223909, "epoch_sec": 1.290546574164182}
{"variant": "B3", "dataset": "cora", "seed": 2, "epoch": 5, "loss": 0.09412346913109064, "valid_hits100": 0.9581749049429658, "test_hits100": 0.9411764705882353, "epoch_sec": 1.3265434303320944}
{"variant": "B3", "dataset": "cora", "seed": 2, "epoch": 6, "loss": 0.07677918452098832, "valid_hits100": 0.9505703422053232, "test_hits100": 0.9222011385199241, "epoch_sec": 1.293205391149968}
{"variant": "B3", "dataset": "cora", "seed": 2, "epoch": 7, "loss": 0.08280985336252712, "valid_hits100": 0.9619771863117871, "test_hits100": 0.9184060721062619, "epoch_sec": 1.3119917633011937}
{"variant": "B3", "dataset": "cora", "seed": 2, "epoch": 8, "loss": 0.07199716860172796, "valid_hits100": 0.9467680608365019, "test_hits100": 0.9146110056925996, "epoch_sec": 1.3011583518236876}
{"variant": "B3", "dataset": "cora", "seed": 2, "epoch": 9, "loss": 0.07105889565804425, "valid_hits100": 0.935361216730038, "test_hits100": 0.9259962049335864, "epoch_sec": 1.3127176170237362}
{"variant": "B3", "dataset": "cora", "seed": 2, "epoch": 10, "loss": 0.07321450936337419, "valid_hits100": 0.9391634980988594, "test_hits100": 0.9184060721062619, "epoch_sec": 1.304601804818958}
{"variant": "B3", "dataset": "cora", "seed": 2, "epoch": 11, "loss": 0.05865587883773334, "valid_hits100": 0.9315589353612167, "test_hits100": 0.9222011385199241, "epoch_sec": 1.2968670302070677}
{"variant": "B3", "dataset": "cora", "seed": 2, "epoch": 12, "loss": 0.061816100057699254, "valid_hits100": 0.935361216730038, "test_hits100": 0.920303605313093, "epoch_sec": 1.295939950272441}
{"variant": "B3", "dataset": "cora", "seed": 2, "epoch": 13, "loss": 0.05333023361609369, "valid_hits100": 0.9277566539923955, "test_hits100": 0.9108159392789373, "epoch_sec": 1.2946905111894011}
{"variant": "B3", "dataset": "cora", "seed": 2, "epoch": 14, "loss": 0.06573370448355156, "valid_hits100": 0.9391634980988594, "test_hits100": 0.9127134724857685, "epoch_sec": 1.3314227466471493}
{"variant": "B3", "dataset": "cora", "seed": 2, "epoch": 15, "loss": 0.05914814327967995, "valid_hits100": 0.9467680608365019, "test_hits100": 0.9222011385199241, "epoch_sec": 1.2938498789444566}
{"variant": "B3", "dataset": "cora", "seed": 2, "epoch": 16, "loss": 0.0587246159287485, "valid_hits100": 0.9315589353612167, "test_hits100": 0.9184060721062619, "epoch_sec": 1.3024360719136894}
{"variant": "B3", "dataset": "cora", "seed": 2, "epoch": 17, "loss": 0.052500068384377076, "valid_hits100": 0.9239543726235742, "test_hits100": 0.9184060721062619, "epoch_sec": 1.2953876741230488}
{"variant": "B3", "dataset": "cora", "seed": 2, "epoch": 18, "loss": 0.04564886874852971, "valid_hits100": 0.9391634980988594, "test_hits100": 0.9146110056925996, "epoch_sec": 1.3143509551882744}
{"variant": "B3", "dataset": "cora", "seed": 2, "epoch": 19, "loss": 0.05529683771910089, "valid_hits100": 0.935361216730038, "test_hits100": 0.9165085388994307, "epoch_sec": 1.3063147240318358}
{"variant": "B3", "dataset": "cora", "seed": 2, "epoch": 20, "loss": 0.05647737503636117, "valid_hits100": 0.935361216730038, "test_hits100": 0.9259962049335864, "epoch_sec": 1.2906875368207693}
{"variant": "B3", "dataset": "cora", "seed": 2, "epoch": 21, "loss": 0.050870145553201705, "valid_hits100": 0.9391634980988594, "test_hits100": 0.9127134724857685, "epoch_sec": 1.324719354044646}
{"variant": "B3", "dataset": "cora", "seed": 2, "epoch": 22, "loss": 0.05323740173921441, "valid_hits100": 0.9315589353612167, "test_hits100": 0.9335863377609108, "epoch_sec": 1.292216454166919}
{"variant": "B3", "dataset": "cora", "seed": 2, "epoch": 23, "loss": 0.043030202807111534, "valid_hits100": 0.9429657794676806, "test_hits100": 0.9297912713472486, "epoch_sec": 1.3223169781267643}
{"variant": "B3", "dataset": "cora", "seed": 2, "epoch": 24, "loss": 0.050414419488951485, "valid_hits100": 0.9315589353612167, "test_hits100": 0.905123339658444, "epoch_sec": 1.2978399372659624}
{"variant": "B3", "dataset": "cora", "seed": 2, "epoch": 25, "loss": 0.044743601677677, "valid_hits100": 0.9315589353612167, "test_hits100": 0.9070208728652751, "epoch_sec": 1.2938950252719223}
{"variant": "B3", "dataset": "cora", "seed": 2, "epoch": 26, "loss": 0.04352922948764607, "valid_hits100": 0.9391634980988594, "test_hits100": 0.8975332068311196, "epoch_sec": 1.2957242475822568}
{"variant": "B3", "dataset": "cora", "seed": 2, "epoch": 27, "loss": 0.04347444730752717, "valid_hits100": 0.9239543726235742, "test_hits100": 0.905123339658444, "epoch_sec": 1.3177777486853302}
{"variant": "B3", "dataset": "cora", "seed": 2, "epoch": 28, "loss": 0.036747420156862644, "valid_hits100": 0.9391634980988594, "test_hits100": 0.9108159392789373, "epoch_sec": 1.316673411987722}
{"variant": "B3", "dataset": "cora", "seed": 2, "epoch": 29, "loss": 0.03689043495452128, "valid_hits100": 0.935361216730038, "test_hits100": 0.9184060721062619, "epoch_sec": 1.293079050257802}
{"variant": "B3", "dataset": "cora", "seed": 2, "epoch": 30, "loss": 0.03966274599871746, "valid_hits100": 0.9277566539923955, "test_hits100": 0.9127134724857685, "epoch_sec": 1.2945878868922591}
{"variant": "B3", "dataset": "cora", "seed": 2, "epoch": 31, "loss": 0.042870477452847625, "valid_hits100": 0.935361216730038, "test_hits100": 0.9146110056925996, "epoch_sec": 1.293199819047004}
{"variant": "B3", "dataset": "cora", "seed": 2, "epoch": 32, "loss": 0.03977241851190195, "valid_hits100": 0.9315589353612167, "test_hits100": 0.9070208728652751, "epoch_sec": 1.3261347021907568}
{"variant": "B3", "dataset": "cora", "seed": 2, "epoch": 33, "loss": 0.03529649878621314, "valid_hits100": 0.9315589353612167, "test_hits100": 0.9070208728652751, "epoch_sec": 1.2949446709826589}
{"variant": "B3", "dataset": "cora", "seed": 2, "epoch": 34, "loss": 0.04000794437320475, "valid_hits100": 0.9277566539923955, "test_hits100": 0.8994307400379506, "epoch_sec": 1.3036203500814736}
{"variant": "B3", "dataset": "cora", "seed": 2, "epoch": 35, "loss": 0.0376159191968288, "valid_hits100": 0.9239543726235742, "test_hits100": 0.9146110056925996, "epoch_sec": 1.304441920015961}
{"variant": "B3", "dataset": "cora", "seed": 2, "epoch": 36, "loss": 0.03367190547088251, "valid_hits100": 0.935361216730038, "test_hits100": 0.9089184060721063, "epoch_sec": 1.3040396119467914}
{"variant": "B3", "dataset": "cora", "seed": 2, "epoch": 37, "loss": 0.03977060291431379, "valid_hits100": 0.9277566539923955, "test_hits100": 0.9070208728652751, "epoch_sec": 1.3167119272984564}
{"variant": "B3", "dataset": "cora", "seed": 2, "epoch": 38, "loss": 0.029220234552886398, "valid_hits100": 0.9315589353612167, "test_hits100": 0.9108159392789373, "epoch_sec": 1.2948965490795672}
{"variant": "B3", "dataset": "cora", "seed": 2, "epoch": 39, "loss": 0.03762670889921792, "valid_hits100": 0.9239543726235742, "test_hits100": 0.9032258064516129, "epoch_sec": 1.29025842808187}
{"variant": "B3", "dataset": "cora", "seed": 2, "epoch": 40, "loss": 0.0356050060461018, "valid_hits100": 0.9201520912547528, "test_hits100": 0.9032258064516129, "epoch_sec": 1.2917735730297863}
{"variant": "B3", "dataset": "cora", "seed": 2, "epoch": 41, "loss": 0.03516701637118152, "valid_hits100": 0.9239543726235742, "test_hits100": 0.9089184060721063, "epoch_sec": 1.3250391730107367}
{"variant": "B3", "dataset": "cora", "seed": 2, "epoch": 42, "loss": 0.03629526429197049, "valid_hits100": 0.9277566539923955, "test_hits100": 0.9222011385199241, "epoch_sec": 1.298642628826201}
{"variant": "B3", "dataset": "cora", "seed": 2, "epoch": 43, "loss": 0.041668101773330024, "valid_hits100": 0.9315589353612167, "test_hits100": 0.9165085388994307, "epoch_sec": 1.295704455114901}
{"variant": "B3", "dataset": "cora", "seed": 2, "epoch": 44, "loss": 0.034363279786498786, "valid_hits100": 0.9277566539923955, "test_hits100": 0.920303605313093, "epoch_sec": 1.2915467489510775}
{"variant": "B3", "dataset": "cora", "seed": 2, "epoch": 45, "loss": 0.03968914839274743, "valid_hits100": 0.9201520912547528, "test_hits100": 0.9070208728652751, "epoch_sec": 1.2993032317608595}
{"variant": "B3", "dataset": "cora", "seed": 2, "epoch": 46, "loss": 0.03216219498857245, "valid_hits100": 0.9163498098859315, "test_hits100": 0.8994307400379506, "epoch_sec": 1.3275831621140242}
{"variant": "B3", "dataset": "cora", "seed": 2, "epoch": 47, "loss": 0.035527688954125114, "valid_hits100": 0.9201520912547528, "test_hits100": 0.9070208728652751, "epoch_sec": 1.2940871231257915}
{"variant": "B3", "dataset": "cora", "seed": 2, "epoch": 48, "loss": 0.03216604344586638, "valid_hits100": 0.9277566539923955, "test_hits100": 0.9032258064516129, "epoch_sec": 1.3107305727899075}
{"variant": "B3", "dataset": "cora", "seed": 2, "epoch": 49, "loss": 0.029419896569694, "valid_hits100": 0.935361216730038, "test_hits100": 0.9032258064516129, "epoch_sec": 1.2978455377742648}
{"variant": "B3", "dataset": "cora", "seed": 2, "epoch": 50, "loss": 0.03394739163803757, "valid_hits100": 0.9239543726235742, "test_hits100": 0.8975332068311196, "epoch_sec": 1.3217380829155445}
{"variant": "B3", "dataset": "cora", "seed": 2, "epoch": 51, "loss": 0.029195720392964954, "valid_hits100": 0.935361216730038, "test_hits100": 0.9070208728652751, "epoch_sec": 1.2999630221165717}
{"variant": "B3", "dataset": "cora", "seed": 2, "epoch": 52, "loss": 0.032878321686796115, "valid_hits100": 0.9201520912547528, "test_hits100": 0.9032258064516129, "epoch_sec": 1.292702964041382}
{"variant": "B3", "dataset": "cora", "seed": 2, "epoch": 53, "loss": 0.03429020051769713, "valid_hits100": 0.9277566539923955, "test_hits100": 0.8918406072106262, "epoch_sec": 1.2959455009549856}
{"variant": "B3", "dataset": "cora", "seed": 2, "epoch": 54, "loss": 0.034852122041312134, "valid_hits100": 0.9201520912547528, "test_hits100": 0.8956356736242884, "epoch_sec": 1.2964258519932628}
{"variant": "B3", "dataset": "cora", "seed": 2, "epoch": 55, "loss": 0.03132998411429119, "valid_hits100": 0.9201520912547528, "test_hits100": 0.8975332068311196, "epoch_sec": 1.3353545852005482}
{"variant": "B3", "dataset": "cora", "seed": 2, "epoch": 56, "loss": 0.03508578120679354, "valid_hits100": 0.9429657794676806, "test_hits100": 0.9108159392789373, "epoch_sec": 1.2949093491770327}
{"variant": "B3", "dataset": "cora", "seed": 2, "epoch": 57, "loss": 0.03263007816252649, "valid_hits100": 0.9429657794676806, "test_hits100": 0.9089184060721063, "epoch_sec": 1.3008828470483422}
{"variant": "B3", "dataset": "cora", "seed": 2, "epoch": 58, "loss": 0.03021994724524425, "valid_hits100": 0.9429657794676806, "test_hits100": 0.9089184060721063, "epoch_sec": 1.2925334456376731}
{"variant": "B3", "dataset": "cora", "seed": 2, "epoch": 59, "loss": 0.024940811323397087, "valid_hits100": 0.9429657794676806, "test_hits100": 0.9013282732447818, "epoch_sec": 1.320955139119178}
{"variant": "B3", "dataset": "cora", "seed": 2, "epoch": 60, "loss": 0.034253782239110075, "valid_hits100": 0.9391634980988594, "test_hits100": 0.8937381404174574, "epoch_sec": 1.310221509076655}
{"variant": "B3", "dataset": "cora", "seed": 2, "epoch": 61, "loss": 0.03168170744762382, "valid_hits100": 0.9467680608365019, "test_hits100": 0.9070208728652751, "epoch_sec": 1.2942623319104314}
{"variant": "B3", "dataset": "cora", "seed": 2, "epoch": 62, "loss": 0.02772597343214321, "valid_hits100": 0.9505703422053232, "test_hits100": 0.9032258064516129, "epoch_sec": 1.321683719754219}
{"variant": "B3", "dataset": "cora", "seed": 2, "epoch": 63, "loss": 0.034288078327389324, "valid_hits100": 0.935361216730038, "test_hits100": 0.9070208728652751, "epoch_sec": 1.301374273840338}
{"variant": "B3", "dataset": "cora", "seed": 2, "epoch": 64, "loss": 0.03246122707551388, "valid_hits100": 0.9467680608365019, "test_hits100": 0.8956356736242884, "epoch_sec": 1.321481985040009}
{"variant": "B3", "dataset": "cora", "seed": 2, "epoch": 65, "loss": 0.03244024330547574, "valid_hits100": 0.9429657794676806, "test_hits100": 0.8956356736242884, "epoch_sec": 1.2948867250233889}
{"variant": "B3", "dataset": "cora", "seed": 2, "epoch": 66, "loss": 0.026446095742484466, "valid_hits100": 0.9391634980988594, "test_hits100": 0.9013282732447818, "epoch_sec": 1.29689373774454}
{"variant": "B3", "dataset": "cora", "seed": 2, "epoch": 67, "loss": 0.03664800186712899, "valid_hits100": 0.9391634980988594, "test_hits100": 0.8918406072106262, "epoch_sec": 1.2912902017123997}
{"variant": "B3", "dataset": "cora", "seed": 2, "epoch": 68, "loss": 0.029525808946838778, "valid_hits100": 0.9467680608365019, "test_hits100": 0.905123339658444, "epoch_sec": 1.3313371329568326}
{"variant": "B3", "dataset": "cora", "seed": 2, "epoch": 69, "loss": 0.033469495089615095, "valid_hits100": 0.9467680608365019, "test_hits100": 0.8956356736242884, "epoch_sec": 1.301226334180683}
{"variant": "B3", "dataset": "cora", "seed": 2, "epoch": 70, "loss": 0.02587308112777597, "valid_hits100": 0.9543726235741445, "test_hits100": 0.9108159392789373, "epoch_sec": 1.2959722098894417}
{"variant": "B3", "dataset": "cora", "seed": 2, "epoch": 71, "loss": 0.029984564180095777, "valid_hits100": 0.9467680608365019, "test_hits100": 0.8956356736242884, "epoch_sec": 1.2941147559322417}
{"variant": "B3", "dataset": "cora", "seed": 2, "epoch": 72, "loss": 0.037388836217914674, "valid_hits100": 0.9543726235741445, "test_hits100": 0.889943074003795, "epoch_sec": 1.2959111970849335}
{"variant": "B3", "dataset": "cora", "seed": 2, "epoch": 73, "loss": 0.03594268281377998, "valid_hits100": 0.9467680608365019, "test_hits100": 0.9013282732447818, "epoch_sec": 1.3284127828665078}
{"variant": "B3", "dataset": "cora", "seed": 2, "epoch": 74, "loss": 0.022882777453796962, "valid_hits100": 0.9429657794676806, "test_hits100": 0.9032258064516129, "epoch_sec": 1.29666293784976}
{"variant": "B3", "dataset": "cora", "seed": 2, "epoch": 75, "loss": 0.02955343882402209, "valid_hits100": 0.9543726235741445, "test_hits100": 0.9013282732447818, "epoch_sec": 1.303005203139037}
{"variant": "B3", "dataset": "cora", "seed": 2, "epoch": 76, "loss": 0.0253112766818673, "valid_hits100": 0.9467680608365019, "test_hits100": 0.8975332068311196, "epoch_sec": 1.303472421132028}
{"variant": "B3", "dataset": "cora", "seed": 2, "epoch": 77, "loss": 0.025177123287357325, "valid_hits100": 0.9429657794676806, "test_hits100": 0.8994307400379506, "epoch_sec": 1.3166906000114977}
{"variant": "B3", "dataset": "cora", "seed": 2, "epoch": 78, "loss": 0.027831908514633536, "valid_hits100": 0.9429657794676806, "test_hits100": 0.8918406072106262, "epoch_sec": 1.3016979726962745}
{"variant": "B3", "dataset": "cora", "seed": 2, "epoch": 79, "loss": 0.026796302816261157, "valid_hits100": 0.9467680608365019, "test_hits100": 0.8823529411764706, "epoch_sec": 1.2936295373365283}
{"variant": "B3", "dataset": "cora", "seed": 2, "epoch": 80, "loss": 0.02626320992973293, "valid_hits100": 0.9391634980988594, "test_hits100": 0.8937381404174574, "epoch_sec": 1.293930612038821}
{"variant": "B3", "dataset": "cora", "seed": 2, "epoch": 81, "loss": 0.029980005075534184, "valid_hits100": 0.9505703422053232, "test_hits100": 0.9013282732447818, "epoch_sec": 1.2970409630797803}
{"variant": "B3", "dataset": "cora", "seed": 2, "epoch": 82, "loss": 0.02464011323815892, "valid_hits100": 0.9543726235741445, "test_hits100": 0.8994307400379506, "epoch_sec": 1.3260622811503708}
{"variant": "B3", "dataset": "cora", "seed": 2, "epoch": 83, "loss": 0.03464218157338586, "valid_hits100": 0.9467680608365019, "test_hits100": 0.8956356736242884, "epoch_sec": 1.3021929012611508}
{"variant": "B3", "dataset": "cora", "seed": 2, "epoch": 84, "loss": 0.027912050522133417, "valid_hits100": 0.9467680608365019, "test_hits100": 0.8918406072106262, "epoch_sec": 1.298383666202426}
{"variant": "B3", "dataset": "cora", "seed": 2, "epoch": 85, "loss": 0.028469942277712407, "valid_hits100": 0.9391634980988594, "test_hits100": 0.8937381404174574, "epoch_sec": 1.3017706838436425}
{"variant": "B3", "dataset": "cora", "seed": 2, "epoch": 86, "loss": 0.02864982918861078, "valid_hits100": 0.9505703422053232, "test_hits100": 0.9089184060721063, "epoch_sec": 1.292253761086613}
{"variant": "B3", "dataset": "cora", "seed": 2, "epoch": 87, "loss": 0.027080153335888542, "valid_hits100": 0.9505703422053232, "test_hits100": 0.905123339658444, "epoch_sec": 1.3248412027023733}
{"variant": "B3", "dataset": "cora", "seed": 2, "epoch": 88, "loss": 0.024479637178135852, "valid_hits100": 0.9505703422053232, "test_hits100": 0.9089184060721063, "epoch_sec": 1.2993371221236885}
{"variant": "B3", "dataset": "cora", "seed": 2, "epoch": 89, "loss": 0.03751158472582193, "valid_hits100": 0.9429657794676806, "test_hits100": 0.9146110056925996, "epoch_sec": 1.3122172397561371}
{"variant": "B3", "dataset": "cora", "seed": 2, "epoch": 90, "loss": 0.028197619751919187, "valid_hits100": 0.9505703422053232, "test_hits100": 0.9165085388994307, "epoch_sec": 1.2949476232752204}
{"variant": "B3", "dataset": "cora", "seed": 2, "epoch": 91, "loss": 0.03847928975547752, "valid_hits100": 0.9581749049429658, "test_hits100": 0.9146110056925996, "epoch_sec": 1.3174161869101226}
{"variant": "B3", "dataset": "cora", "seed": 2, "epoch": 92, "loss": 0.03245451830247825, "valid_hits100": 0.9429657794676806, "test_hits100": 0.905123339658444, "epoch_sec": 1.3006562548689544}
{"variant": "B3", "dataset": "cora", "seed": 2, "epoch": 93, "loss": 0.032282430100887216, "valid_hits100": 0.9391634980988594, "test_hits100": 0.9070208728652751, "epoch_sec": 1.2986767180263996}
{"variant": "B3", "dataset": "cora", "seed": 2, "epoch": 94, "loss": 0.02908431054649081, "valid_hits100": 0.9429657794676806, "test_hits100": 0.9013282732447818, "epoch_sec": 1.2907514930702746}
{"variant": "B3", "dataset": "cora", "seed": 2, "epoch": 95, "loss": 0.02995350185628987, "valid_hits100": 0.9429657794676806, "test_hits100": 0.8937381404174574, "epoch_sec": 1.2934424211271107}
{"variant": "B3", "dataset": "cora", "seed": 2, "epoch": 96, "loss": 0.027980976601906533, "valid_hits100": 0.9505703422053232, "test_hits100": 0.905123339658444, "epoch_sec": 1.329686535988003}
{"variant": "B3", "dataset": "cora", "seed": 2, "epoch": 97, "loss": 0.030013925118667344, "valid_hits100": 0.9429657794676806, "test_hits100": 0.9032258064516129, "epoch_sec": 1.2962554236873984}
{"variant": "B3", "dataset": "cora", "seed": 2, "epoch": 98, "loss": 0.021684512300101405, "valid_hits100": 0.935361216730038, "test_hits100": 0.9013282732447818, "epoch_sec": 1.2907859832048416}
{"variant": "B3", "dataset": "cora", "seed": 2, "epoch": 99, "loss": 0.025900722964402826, "valid_hits100": 0.935361216730038, "test_hits100": 0.905123339658444, "epoch_sec": 1.2909262040629983}
{"variant": "B3", "dataset": "cora", "seed": 2, "epoch": 100, "loss": 0.024520608950107492, "valid_hits100": 0.9429657794676806, "test_hits100": 0.8994307400379506, "epoch_sec": 1.3146809940226376}
{"completed": "/home/ubuntu/HL-GNN-PDG-V0-exp/results/hlgnn_pdg_v0/cora/B3/seed2.json", "best_epoch": 1, "best_metrics": {"Hits@10_valid": 0.8250950570342205, "Hits@10_test": 0.5920303605313093, "Hits@50_valid": 0.9847908745247148, "Hits@50_test": 0.8766603415559773, "Hits@100_valid": 0.9961977186311787, "Hits@100_test": 0.9487666034155597, "Hits@100_train": 1.0}, "total_runtime_sec": 131.6686453553848}
