/home/ubuntu/anaconda3/envs/mei_env/lib/python3.11/site-packages/torch/cuda/__init__.py:63: FutureWarning: The pynvml package is deprecated. Please install nvidia-ml-py instead. If you did not install pynvml directly, please report this to the maintainers of the package that installed pynvml for you.
  import pynvml  # type: ignore[import]
/home/ubuntu/anaconda3/envs/mei_env/lib/python3.11/site-packages/torch_geometric/deprecation.py:26: UserWarning: 'train_test_split_edges' is deprecated, use 'transforms.RandomLinkSplit' instead
  warnings.warn(out)
{"variant": "B3", "dataset": "cora", "seed": 0, "epoch": 1, "loss": 1.025821515158111, "valid_hits100": 0.9961977186311787, "test_hits100": 0.9582542694497154, "epoch_sec": 1.7585698859766126}
{"variant": "B3", "dataset": "cora", "seed": 0, "epoch": 2, "loss": 0.2287368884379851, "valid_hits100": 0.9923954372623575, "test_hits100": 0.9449715370018975, "epoch_sec": 1.30608305381611}
{"variant": "B3", "dataset": "cora", "seed": 0, "epoch": 3, "loss": 0.18082570301870185, "valid_hits100": 0.973384030418251, "test_hits100": 0.9354838709677419, "epoch_sec": 1.3387050810270011}
{"variant": "B3", "dataset": "cora", "seed": 0, "epoch": 4, "loss": 0.0979585236937817, "valid_hits100": 0.9657794676806084, "test_hits100": 0.9449715370018975, "epoch_sec": 1.2966855270788074}
{"variant": "B3", "dataset": "cora", "seed": 0, "epoch": 5, "loss": 0.0804060444687352, "valid_hits100": 0.9657794676806084, "test_hits100": 0.9297912713472486, "epoch_sec": 1.2911290028132498}
{"variant": "B3", "dataset": "cora", "seed": 0, "epoch": 6, "loss": 0.07548049121510748, "valid_hits100": 0.9505703422053232, "test_hits100": 0.9335863377609108, "epoch_sec": 1.292125099338591}
{"variant": "B3", "dataset": "cora", "seed": 0, "epoch": 7, "loss": 0.0762871727347374, "valid_hits100": 0.9505703422053232, "test_hits100": 0.9240986717267552, "epoch_sec": 1.305310450028628}
{"variant": "B3", "dataset": "cora", "seed": 0, "epoch": 8, "loss": 0.073750929173195, "valid_hits100": 0.9467680608365019, "test_hits100": 0.9278937381404174, "epoch_sec": 1.3451864058151841}
{"variant": "B3", "dataset": "cora", "seed": 0, "epoch": 9, "loss": 0.06535800813353636, "valid_hits100": 0.9429657794676806, "test_hits100": 0.9222011385199241, "epoch_sec": 1.3093640236184}
{"variant": "B3", "dataset": "cora", "seed": 0, "epoch": 10, "loss": 0.05808694786832082, "valid_hits100": 0.935361216730038, "test_hits100": 0.9259962049335864, "epoch_sec": 1.309765838086605}
{"variant": "B3", "dataset": "cora", "seed": 0, "epoch": 11, "loss": 0.06656777081801929, "valid_hits100": 0.9429657794676806, "test_hits100": 0.9259962049335864, "epoch_sec": 1.3083863169886172}
{"variant": "B3", "dataset": "cora", "seed": 0, "epoch": 12, "loss": 0.05482426625734557, "valid_hits100": 0.935361216730038, "test_hits100": 0.920303605313093, "epoch_sec": 1.3370538386516273}
{"variant": "B3", "dataset": "cora", "seed": 0, "epoch": 13, "loss": 0.054048451390814656, "valid_hits100": 0.9429657794676806, "test_hits100": 0.9184060721062619, "epoch_sec": 1.3239929722622037}
{"variant": "B3", "dataset": "cora", "seed": 0, "epoch": 14, "loss": 0.05717714626255732, "valid_hits100": 0.9391634980988594, "test_hits100": 0.9240986717267552, "epoch_sec": 1.3004568708129227}
{"variant": "B3", "dataset": "cora", "seed": 0, "epoch": 15, "loss": 0.0499879105444898, "valid_hits100": 0.935361216730038, "test_hits100": 0.9222011385199241, "epoch_sec": 1.313827347010374}
{"variant": "B3", "dataset": "cora", "seed": 0, "epoch": 16, "loss": 0.05455158733216624, "valid_hits100": 0.9277566539923955, "test_hits100": 0.9222011385199241, "epoch_sec": 1.2943614553660154}
{"variant": "B3", "dataset": "cora", "seed": 0, "epoch": 17, "loss": 0.04703259090901271, "valid_hits100": 0.935361216730038, "test_hits100": 0.9108159392789373, "epoch_sec": 1.321613430045545}
{"variant": "B3", "dataset": "cora", "seed": 0, "epoch": 18, "loss": 0.05179662972608989, "valid_hits100": 0.9391634980988594, "test_hits100": 0.9146110056925996, "epoch_sec": 1.2965099308639765}
{"variant": "B3", "dataset": "cora", "seed": 0, "epoch": 19, "loss": 0.05136463573325339, "valid_hits100": 0.9277566539923955, "test_hits100": 0.9089184060721063, "epoch_sec": 1.2892735907807946}
{"variant": "B3", "dataset": "cora", "seed": 0, "epoch": 20, "loss": 0.04318860711101542, "valid_hits100": 0.9163498098859315, "test_hits100": 0.9146110056925996, "epoch_sec": 1.289492123760283}
{"variant": "B3", "dataset": "cora", "seed": 0, "epoch": 21, "loss": 0.046524848954987826, "valid_hits100": 0.9125475285171103, "test_hits100": 0.9184060721062619, "epoch_sec": 1.3198516936972737}
{"variant": "B3", "dataset": "cora", "seed": 0, "epoch": 22, "loss": 0.045454307912505244, "valid_hits100": 0.9011406844106464, "test_hits100": 0.9165085388994307, "epoch_sec": 1.3256223257631063}
{"variant": "B3", "dataset": "cora", "seed": 0, "epoch": 23, "loss": 0.05022255940870805, "valid_hits100": 0.9163498098859315, "test_hits100": 0.9108159392789373, "epoch_sec": 1.2981223887763917}
{"variant": "B3", "dataset": "cora", "seed": 0, "epoch": 24, "loss": 0.04587937581374471, "valid_hits100": 0.9125475285171103, "test_hits100": 0.9013282732447818, "epoch_sec": 1.2946011391468346}
{"variant": "B3", "dataset": "cora", "seed": 0, "epoch": 25, "loss": 0.03907121573168114, "valid_hits100": 0.9163498098859315, "test_hits100": 0.9089184060721063, "epoch_sec": 1.2913329801522195}
{"variant": "B3", "dataset": "cora", "seed": 0, "epoch": 26, "loss": 0.04663040738639135, "valid_hits100": 0.908745247148289, "test_hits100": 0.9089184060721063, "epoch_sec": 1.3282228750176728}
{"variant": "B3", "dataset": "cora", "seed": 0, "epoch": 27, "loss": 0.03252101036821245, "valid_hits100": 0.9049429657794676, "test_hits100": 0.9127134724857685, "epoch_sec": 1.2966570444405079}
{"variant": "B3", "dataset": "cora", "seed": 0, "epoch": 28, "loss": 0.04687816698814671, "valid_hits100": 0.9125475285171103, "test_hits100": 0.9127134724857685, "epoch_sec": 1.3253346201963723}
{"variant": "B3", "dataset": "cora", "seed": 0, "epoch": 29, "loss": 0.046201999679393736, "valid_hits100": 0.8973384030418251, "test_hits100": 0.905123339658444, "epoch_sec": 1.323258446995169}
{"variant": "B3", "dataset": "cora", "seed": 0, "epoch": 30, "loss": 0.038227479446699276, "valid_hits100": 0.9125475285171103, "test_hits100": 0.9240986717267552, "epoch_sec": 1.3382464610040188}
{"variant": "B3", "dataset": "cora", "seed": 0, "epoch": 31, "loss": 0.042242162839348514, "valid_hits100": 0.8973384030418251, "test_hits100": 0.920303605313093, "epoch_sec": 1.3173230360262096}
{"variant": "B3", "dataset": "cora", "seed": 0, "epoch": 32, "loss": 0.035541901388164085, "valid_hits100": 0.8935361216730038, "test_hits100": 0.9240986717267552, "epoch_sec": 1.3153239507228136}
{"variant": "B3", "dataset": "cora", "seed": 0, "epoch": 33, "loss": 0.03667560802795883, "valid_hits100": 0.9049429657794676, "test_hits100": 0.9259962049335864, "epoch_sec": 1.3149026189930737}
{"variant": "B3", "dataset": "cora", "seed": 0, "epoch": 34, "loss": 0.03574958215874359, "valid_hits100": 0.9011406844106464, "test_hits100": 0.920303605313093, "epoch_sec": 1.3141726590692997}
{"variant": "B3", "dataset": "cora", "seed": 0, "epoch": 35, "loss": 0.03915064537535802, "valid_hits100": 0.8935361216730038, "test_hits100": 0.9108159392789373, "epoch_sec": 1.3415668979287148}
{"variant": "B3", "dataset": "cora", "seed": 0, "epoch": 36, "loss": 0.035393613252835264, "valid_hits100": 0.8897338403041825, "test_hits100": 0.9032258064516129, "epoch_sec": 1.2976466906256974}
{"variant": "B3", "dataset": "cora", "seed": 0, "epoch": 37, "loss": 0.04419485516115731, "valid_hits100": 0.8897338403041825, "test_hits100": 0.9127134724857685, "epoch_sec": 1.2913578730076551}
{"variant": "B3", "dataset": "cora", "seed": 0, "epoch": 38, "loss": 0.03513276658009293, "valid_hits100": 0.8859315589353612, "test_hits100": 0.9070208728652751, "epoch_sec": 1.2993518891744316}
{"variant": "B3", "dataset": "cora", "seed": 0, "epoch": 39, "loss": 0.038827189475085434, "valid_hits100": 0.8897338403041825, "test_hits100": 0.9184060721062619, "epoch_sec": 1.315438985824585}
{"variant": "B3", "dataset": "cora", "seed": 0, "epoch": 40, "loss": 0.02813935687569586, "valid_hits100": 0.8935361216730038, "test_hits100": 0.9165085388994307, "epoch_sec": 1.3147287461906672}
{"variant": "B3", "dataset": "cora", "seed": 0, "epoch": 41, "loss": 0.034993198313443205, "valid_hits100": 0.8821292775665399, "test_hits100": 0.9108159392789373, "epoch_sec": 1.2934315018355846}
{"variant": "B3", "dataset": "cora", "seed": 0, "epoch": 42, "loss": 0.04428733893256774, "valid_hits100": 0.8897338403041825, "test_hits100": 0.905123339658444, "epoch_sec": 1.3042270531877875}
{"variant": "B3", "dataset": "cora", "seed": 0, "epoch": 43, "loss": 0.03863076997153899, "valid_hits100": 0.8935361216730038, "test_hits100": 0.8956356736242884, "epoch_sec": 1.2958792778663337}
{"variant": "B3", "dataset": "cora", "seed": 0, "epoch": 44, "loss": 0.039245019794679155, "valid_hits100": 0.8935361216730038, "test_hits100": 0.9032258064516129, "epoch_sec": 1.3372058980166912}
{"variant": "B3", "dataset": "cora", "seed": 0, "epoch": 45, "loss": 0.03447645359445171, "valid_hits100": 0.9049429657794676, "test_hits100": 0.9070208728652751, "epoch_sec": 1.2941805957816541}
{"variant": "B3", "dataset": "cora", "seed": 0, "epoch": 46, "loss": 0.04198695052541301, "valid_hits100": 0.9011406844106464, "test_hits100": 0.8975332068311196, "epoch_sec": 1.2931012357585132}
{"variant": "B3", "dataset": "cora", "seed": 0, "epoch": 47, "loss": 0.035558459519968104, "valid_hits100": 0.8935361216730038, "test_hits100": 0.9127134724857685, "epoch_sec": 1.2938886708579957}
{"variant": "B3", "dataset": "cora", "seed": 0, "epoch": 48, "loss": 0.03724146255834855, "valid_hits100": 0.8935361216730038, "test_hits100": 0.9032258064516129, "epoch_sec": 1.3114377246238291}
{"variant": "B3", "dataset": "cora", "seed": 0, "epoch": 49, "loss": 0.03602900800964199, "valid_hits100": 0.8973384030418251, "test_hits100": 0.9013282732447818, "epoch_sec": 1.3201263840310276}
{"variant": "B3", "dataset": "cora", "seed": 0, "epoch": 50, "loss": 0.03162784110123886, "valid_hits100": 0.9125475285171103, "test_hits100": 0.9089184060721063, "epoch_sec": 1.2966450587846339}
{"variant": "B3", "dataset": "cora", "seed": 0, "epoch": 51, "loss": 0.03762231957094342, "valid_hits100": 0.908745247148289, "test_hits100": 0.9108159392789373, "epoch_sec": 1.293435987085104}
{"variant": "B3", "dataset": "cora", "seed": 0, "epoch": 52, "loss": 0.033404743401815123, "valid_hits100": 0.9049429657794676, "test_hits100": 0.9240986717267552, "epoch_sec": 1.2940900879912078}
{"variant": "B3", "dataset": "cora", "seed": 0, "epoch": 53, "loss": 0.03868738547923731, "valid_hits100": 0.9049429657794676, "test_hits100": 0.9184060721062619, "epoch_sec": 1.323827913030982}
{"variant": "B3", "dataset": "cora", "seed": 0, "epoch": 54, "loss": 0.030558318271568966, "valid_hits100": 0.8935361216730038, "test_hits100": 0.9165085388994307, "epoch_sec": 1.3022252060472965}
{"variant": "B3", "dataset": "cora", "seed": 0, "epoch": 55, "loss": 0.030193521450281993, "valid_hits100": 0.9011406844106464, "test_hits100": 0.9184060721062619, "epoch_sec": 1.2979018879123032}
{"variant": "B3", "dataset": "cora", "seed": 0, "epoch": 56, "loss": 0.033961962994832194, "valid_hits100": 0.9011406844106464, "test_hits100": 0.920303605313093, "epoch_sec": 1.3055517552420497}
{"variant": "B3", "dataset": "cora", "seed": 0, "epoch": 57, "loss": 0.033195101720764036, "valid_hits100": 0.9049429657794676, "test_hits100": 0.9032258064516129, "epoch_sec": 1.300132499076426}
{"variant": "B3", "dataset": "cora", "seed": 0, "epoch": 58, "loss": 0.03654708118309099, "valid_hits100": 0.8973384030418251, "test_hits100": 0.9108159392789373, "epoch_sec": 1.3229852002114058}
{"variant": "B3", "dataset": "cora", "seed": 0, "epoch": 59, "loss": 0.0300552402149866, "valid_hits100": 0.8973384030418251, "test_hits100": 0.9127134724857685, "epoch_sec": 1.2957316129468381}
{"variant": "B3", "dataset": "cora", "seed": 0, "epoch": 60, "loss": 0.03139792844892186, "valid_hits100": 0.8783269961977186, "test_hits100": 0.905123339658444, "epoch_sec": 1.2971456898376346}
{"variant": "B3", "dataset": "cora", "seed": 0, "epoch": 61, "loss": 0.03238276159805835, "valid_hits100": 0.8821292775665399, "test_hits100": 0.9070208728652751, "epoch_sec": 1.2947509293444455}
{"variant": "B3", "dataset": "cora", "seed": 0, "epoch": 62, "loss": 0.03602569071499634, "valid_hits100": 0.8859315589353612, "test_hits100": 0.9089184060721063, "epoch_sec": 1.3209129758179188}
{"variant": "B3", "dataset": "cora", "seed": 0, "epoch": 63, "loss": 0.03372293424505388, "valid_hits100": 0.8935361216730038, "test_hits100": 0.9108159392789373, "epoch_sec": 1.310373900923878}
{"variant": "B3", "dataset": "cora", "seed": 0, "epoch": 64, "loss": 0.031674529102078096, "valid_hits100": 0.8821292775665399, "test_hits100": 0.9089184060721063, "epoch_sec": 1.2940001972019672}
{"variant": "B3", "dataset": "cora", "seed": 0, "epoch": 65, "loss": 0.03216531886030221, "valid_hits100": 0.8745247148288974, "test_hits100": 0.9165085388994307, "epoch_sec": 1.2926458423025906}
{"variant": "B3", "dataset": "cora", "seed": 0, "epoch": 66, "loss": 0.024088592476040498, "valid_hits100": 0.8783269961977186, "test_hits100": 0.9146110056925996, "epoch_sec": 1.303759072907269}
{"variant": "B3", "dataset": "cora", "seed": 0, "epoch": 67, "loss": 0.03245738940562475, "valid_hits100": 0.8859315589353612, "test_hits100": 0.9089184060721063, "epoch_sec": 1.322394500952214}
{"variant": "B3", "dataset": "cora", "seed": 0, "epoch": 68, "loss": 0.029425131293169742, "valid_hits100": 0.8821292775665399, "test_hits100": 0.9108159392789373, "epoch_sec": 1.2917302516289055}
{"variant": "B3", "dataset": "cora", "seed": 0, "epoch": 69, "loss": 0.02594843642278151, "valid_hits100": 0.8783269961977186, "test_hits100": 0.9222011385199241, "epoch_sec": 1.326454079709947}
{"variant": "B3", "dataset": "cora", "seed": 0, "epoch": 70, "loss": 0.037172507504648705, "valid_hits100": 0.8897338403041825, "test_hits100": 0.9089184060721063, "epoch_sec": 1.299443815369159}
{"variant": "B3", "dataset": "cora", "seed": 0, "epoch": 71, "loss": 0.03874802266026776, "valid_hits100": 0.8783269961977186, "test_hits100": 0.905123339658444, "epoch_sec": 1.3197753089480102}
{"variant": "B3", "dataset": "cora", "seed": 0, "epoch": 72, "loss": 0.0406797607553834, "valid_hits100": 0.8745247148288974, "test_hits100": 0.9013282732447818, "epoch_sec": 1.2995026428252459}
{"variant": "B3", "dataset": "cora", "seed": 0, "epoch": 73, "loss": 0.02994983826569695, "valid_hits100": 0.870722433460076, "test_hits100": 0.8975332068311196, "epoch_sec": 1.2961465469561517}
{"variant": "B3", "dataset": "cora", "seed": 0, "epoch": 74, "loss": 0.042436722387126424, "valid_hits100": 0.8669201520912547, "test_hits100": 0.8994307400379506, "epoch_sec": 1.2977398089133203}
{"variant": "B3", "dataset": "cora", "seed": 0, "epoch": 75, "loss": 0.0313566773465823, "valid_hits100": 0.8745247148288974, "test_hits100": 0.9032258064516129, "epoch_sec": 1.3053709920495749}
{"variant": "B3", "dataset": "cora", "seed": 0, "epoch": 76, "loss": 0.03203534402630546, "valid_hits100": 0.870722433460076, "test_hits100": 0.905123339658444, "epoch_sec": 1.3276866958476603}
{"variant": "B3", "dataset": "cora", "seed": 0, "epoch": 77, "loss": 0.027725470522933254, "valid_hits100": 0.8783269961977186, "test_hits100": 0.9146110056925996, "epoch_sec": 1.296854025684297}
{"variant": "B3", "dataset": "cora", "seed": 0, "epoch": 78, "loss": 0.024156149536530603, "valid_hits100": 0.870722433460076, "test_hits100": 0.9013282732447818, "epoch_sec": 1.2926974408328533}
{"variant": "B3", "dataset": "cora", "seed": 0, "epoch": 79, "loss": 0.029456192682332853, "valid_hits100": 0.8859315589353612, "test_hits100": 0.8994307400379506, "epoch_sec": 1.2935127378441393}
{"variant": "B3", "dataset": "cora", "seed": 0, "epoch": 80, "loss": 0.03021445474960906, "valid_hits100": 0.8859315589353612, "test_hits100": 0.9184060721062619, "epoch_sec": 1.313481004908681}
{"variant": "B3", "dataset": "cora", "seed": 0, "epoch": 81, "loss": 0.032414595740921995, "valid_hits100": 0.8897338403041825, "test_hits100": 0.9146110056925996, "epoch_sec": 1.3062720308080316}
{"variant": "B3", "dataset": "cora", "seed": 0, "epoch": 82, "loss": 0.03239695577419059, "valid_hits100": 0.8859315589353612, "test_hits100": 0.920303605313093, "epoch_sec": 1.292535929940641}
{"variant": "B3", "dataset": "cora", "seed": 0, "epoch": 83, "loss": 0.0301831240090085, "valid_hits100": 0.8935361216730038, "test_hits100": 0.9240986717267552, "epoch_sec": 1.3062458243221045}
{"variant": "B3", "dataset": "cora", "seed": 0, "epoch": 84, "loss": 0.03903993506004466, "valid_hits100": 0.8935361216730038, "test_hits100": 0.9184060721062619, "epoch_sec": 1.292138151358813}
{"variant": "B3", "dataset": "cora", "seed": 0, "epoch": 85, "loss": 0.031616659682250706, "valid_hits100": 0.8897338403041825, "test_hits100": 0.920303605313093, "epoch_sec": 1.3235300690867007}
{"variant": "B3", "dataset": "cora", "seed": 0, "epoch": 86, "loss": 0.02787060414087326, "valid_hits100": 0.8935361216730038, "test_hits100": 0.9222011385199241, "epoch_sec": 1.296159935183823}
{"variant": "B3", "dataset": "cora", "seed": 0, "epoch": 87, "loss": 0.026059847152434992, "valid_hits100": 0.8973384030418251, "test_hits100": 0.9259962049335864, "epoch_sec": 1.2936244867742062}
{"variant": "B3", "dataset": "cora", "seed": 0, "epoch": 88, "loss": 0.02882207183701894, "valid_hits100": 0.9011406844106464, "test_hits100": 0.9222011385199241, "epoch_sec": 1.2922424958087504}
{"variant": "B3", "dataset": "cora", "seed": 0, "epoch": 89, "loss": 0.03067142736173356, "valid_hits100": 0.908745247148289, "test_hits100": 0.9222011385199241, "epoch_sec": 1.3301671179942787}
{"variant": "B3", "dataset": "cora", "seed": 0, "epoch": 90, "loss": 0.02820647855865339, "valid_hits100": 0.8973384030418251, "test_hits100": 0.9222011385199241, "epoch_sec": 1.3149533229880035}
{"variant": "B3", "dataset": "cora", "seed": 0, "epoch": 91, "loss": 0.031536780523531364, "valid_hits100": 0.9011406844106464, "test_hits100": 0.9108159392789373, "epoch_sec": 1.2927033477462828}
{"variant": "B3", "dataset": "cora", "seed": 0, "epoch": 92, "loss": 0.024852940444162187, "valid_hits100": 0.8973384030418251, "test_hits100": 0.9127134724857685, "epoch_sec": 1.2918313792906702}
{"variant": "B3", "dataset": "cora", "seed": 0, "epoch": 93, "loss": 0.03895922824939623, "valid_hits100": 0.9049429657794676, "test_hits100": 0.9222011385199241, "epoch_sec": 1.293984729796648}
{"variant": "B3", "dataset": "cora", "seed": 0, "epoch": 94, "loss": 0.0308772759336095, "valid_hits100": 0.8935361216730038, "test_hits100": 0.9146110056925996, "epoch_sec": 1.3275957591831684}
{"variant": "B3", "dataset": "cora", "seed": 0, "epoch": 95, "loss": 0.02991106022155965, "valid_hits100": 0.8897338403041825, "test_hits100": 0.9127134724857685, "epoch_sec": 1.3007039409130812}
{"variant": "B3", "dataset": "cora", "seed": 0, "epoch": 96, "loss": 0.029282637398670062, "valid_hits100": 0.8897338403041825, "test_hits100": 0.9146110056925996, "epoch_sec": 1.2966409088112414}
{"variant": "B3", "dataset": "cora", "seed": 0, "epoch": 97, "loss": 0.028981413453179884, "valid_hits100": 0.8859315589353612, "test_hits100": 0.9165085388994307, "epoch_sec": 1.309055260848254}
{"variant": "B3", "dataset": "cora", "seed": 0, "epoch": 98, "loss": 0.02994772111216756, "valid_hits100": 0.8973384030418251, "test_hits100": 0.9070208728652751, "epoch_sec": 1.3015714487992227}
{"variant": "B3", "dataset": "cora", "seed": 0, "epoch": 99, "loss": 0.02182508694960897, "valid_hits100": 0.9011406844106464, "test_hits100": 0.9013282732447818, "epoch_sec": 1.3190922969952226}
{"variant": "B3", "dataset": "cora", "seed": 0, "epoch": 100, "loss": 0.03517170690013338, "valid_hits100": 0.8897338403041825, "test_hits100": 0.9070208728652751, "epoch_sec": 1.294791153166443}
{"completed": "/home/ubuntu/HL-GNN-PDG-V0-exp/results/hlgnn_pdg_v0/cora/B3/seed0.json", "best_epoch": 1, "best_metrics": {"Hits@10_valid": 0.7870722433460076, "Hits@10_test": 0.6148007590132827, "Hits@50_valid": 0.9809885931558935, "Hits@50_test": 0.8842504743833017, "Hits@100_valid": 0.9961977186311787, "Hits@100_test": 0.9582542694497154, "Hits@100_train": 1.0}, "total_runtime_sec": 131.8262976729311}
