/home/ubuntu/anaconda3/envs/mei_env/lib/python3.11/site-packages/torch/cuda/__init__.py:63: FutureWarning: The pynvml package is deprecated. Please install nvidia-ml-py instead. If you did not install pynvml directly, please report this to the maintainers of the package that installed pynvml for you.
  import pynvml  # type: ignore[import]
/home/ubuntu/anaconda3/envs/mei_env/lib/python3.11/site-packages/torch_geometric/deprecation.py:26: UserWarning: 'train_test_split_edges' is deprecated, use 'transforms.RandomLinkSplit' instead
  warnings.warn(out)
{"variant": "B2", "dataset": "cora", "seed": 2, "epoch": 1, "loss": 1.021861064561548, "valid_hits100": 0.9961977186311787, "test_hits100": 0.9506641366223909, "epoch_sec": 1.5810870081186295}
{"variant": "B2", "dataset": "cora", "seed": 2, "epoch": 2, "loss": 0.251872916431988, "valid_hits100": 0.9961977186311787, "test_hits100": 0.9601518026565465, "epoch_sec": 1.3009198387153447}
{"variant": "B2", "dataset": "cora", "seed": 2, "epoch": 3, "loss": 0.158362326177365, "valid_hits100": 0.9771863117870723, "test_hits100": 0.952561669829222, "epoch_sec": 1.2906125052832067}
{"variant": "B2", "dataset": "cora", "seed": 2, "epoch": 4, "loss": 0.11810837185372218, "valid_hits100": 0.9847908745247148, "test_hits100": 0.9582542694497154, "epoch_sec": 1.2901030029170215}
{"variant": "B2", "dataset": "cora", "seed": 2, "epoch": 5, "loss": 0.09007680650514928, "valid_hits100": 0.9619771863117871, "test_hits100": 0.9468690702087287, "epoch_sec": 1.3439099709503353}
{"variant": "B2", "dataset": "cora", "seed": 2, "epoch": 6, "loss": 0.06476769039868883, "valid_hits100": 0.9391634980988594, "test_hits100": 0.9487666034155597, "epoch_sec": 1.3031495660543442}
{"variant": "B2", "dataset": "cora", "seed": 2, "epoch": 7, "loss": 0.08307216470519914, "valid_hits100": 0.9277566539923955, "test_hits100": 0.9222011385199241, "epoch_sec": 1.2906283158808947}
{"variant": "B2", "dataset": "cora", "seed": 2, "epoch": 8, "loss": 0.0660977783196219, "valid_hits100": 0.9239543726235742, "test_hits100": 0.9354838709677419, "epoch_sec": 1.2982016173191369}
{"variant": "B2", "dataset": "cora", "seed": 2, "epoch": 9, "loss": 0.0686719555162066, "valid_hits100": 0.935361216730038, "test_hits100": 0.9297912713472486, "epoch_sec": 1.30774930678308}
{"variant": "B2", "dataset": "cora", "seed": 2, "epoch": 10, "loss": 0.07093130587309653, "valid_hits100": 0.9467680608365019, "test_hits100": 0.9278937381404174, "epoch_sec": 1.3161935079842806}
{"variant": "B2", "dataset": "cora", "seed": 2, "epoch": 11, "loss": 0.06471817643645612, "valid_hits100": 0.9429657794676806, "test_hits100": 0.9335863377609108, "epoch_sec": 1.2940407302230597}
{"variant": "B2", "dataset": "cora", "seed": 2, "epoch": 12, "loss": 0.06109689015383814, "valid_hits100": 0.9391634980988594, "test_hits100": 0.9297912713472486, "epoch_sec": 1.331104962155223}
{"variant": "B2", "dataset": "cora", "seed": 2, "epoch": 13, "loss": 0.06047311673561732, "valid_hits100": 0.935361216730038, "test_hits100": 0.9297912713472486, "epoch_sec": 1.2998810252174735}
{"variant": "B2", "dataset": "cora", "seed": 2, "epoch": 14, "loss": 0.052505250840901053, "valid_hits100": 0.9277566539923955, "test_hits100": 0.9222011385199241, "epoch_sec": 1.3296485682949424}
{"variant": "B2", "dataset": "cora", "seed": 2, "epoch": 15, "loss": 0.05667057236301283, "valid_hits100": 0.9239543726235742, "test_hits100": 0.9184060721062619, "epoch_sec": 1.3010786231607199}
{"variant": "B2", "dataset": "cora", "seed": 2, "epoch": 16, "loss": 0.05596774427382916, "valid_hits100": 0.9163498098859315, "test_hits100": 0.905123339658444, "epoch_sec": 1.2957188561558723}
{"variant": "B2", "dataset": "cora", "seed": 2, "epoch": 17, "loss": 0.04702343572588528, "valid_hits100": 0.9163498098859315, "test_hits100": 0.9108159392789373, "epoch_sec": 1.292236709035933}
{"variant": "B2", "dataset": "cora", "seed": 2, "epoch": 18, "loss": 0.049997630550687115, "valid_hits100": 0.9125475285171103, "test_hits100": 0.9032258064516129, "epoch_sec": 1.3145044120028615}
{"variant": "B2", "dataset": "cora", "seed": 2, "epoch": 19, "loss": 0.06111422241557515, "valid_hits100": 0.9163498098859315, "test_hits100": 0.9013282732447818, "epoch_sec": 1.3194963596761227}
{"variant": "B2", "dataset": "cora", "seed": 2, "epoch": 20, "loss": 0.05718072531695034, "valid_hits100": 0.9125475285171103, "test_hits100": 0.9070208728652751, "epoch_sec": 1.2956128460355103}
{"variant": "B2", "dataset": "cora", "seed": 2, "epoch": 21, "loss": 0.0508164673904206, "valid_hits100": 0.9201520912547528, "test_hits100": 0.8975332068311196, "epoch_sec": 1.2955739158205688}
{"variant": "B2", "dataset": "cora", "seed": 2, "epoch": 22, "loss": 0.049875621688875924, "valid_hits100": 0.9125475285171103, "test_hits100": 0.8994307400379506, "epoch_sec": 1.2924029640853405}
{"variant": "B2", "dataset": "cora", "seed": 2, "epoch": 23, "loss": 0.04421420898720117, "valid_hits100": 0.9163498098859315, "test_hits100": 0.8975332068311196, "epoch_sec": 1.3199432897381485}
{"variant": "B2", "dataset": "cora", "seed": 2, "epoch": 24, "loss": 0.050285042640412767, "valid_hits100": 0.9201520912547528, "test_hits100": 0.8937381404174574, "epoch_sec": 1.2946164840832353}
{"variant": "B2", "dataset": "cora", "seed": 2, "epoch": 25, "loss": 0.04039584218446371, "valid_hits100": 0.9201520912547528, "test_hits100": 0.9032258064516129, "epoch_sec": 1.29892415413633}
{"variant": "B2", "dataset": "cora", "seed": 2, "epoch": 26, "loss": 0.04656749917277253, "valid_hits100": 0.9391634980988594, "test_hits100": 0.9013282732447818, "epoch_sec": 1.3160573169589043}
{"variant": "B2", "dataset": "cora", "seed": 2, "epoch": 27, "loss": 0.04385579512213853, "valid_hits100": 0.9277566539923955, "test_hits100": 0.8842504743833017, "epoch_sec": 1.3340430250391364}
{"variant": "B2", "dataset": "cora", "seed": 2, "epoch": 28, "loss": 0.03686556489656741, "valid_hits100": 0.935361216730038, "test_hits100": 0.8937381404174574, "epoch_sec": 1.3347820648923516}
{"variant": "B2", "dataset": "cora", "seed": 2, "epoch": 29, "loss": 0.04470660237997186, "valid_hits100": 0.935361216730038, "test_hits100": 0.8994307400379506, "epoch_sec": 1.2948351702652872}
{"variant": "B2", "dataset": "cora", "seed": 2, "epoch": 30, "loss": 0.039119102764682126, "valid_hits100": 0.9277566539923955, "test_hits100": 0.8975332068311196, "epoch_sec": 1.2944555538706481}
{"variant": "B2", "dataset": "cora", "seed": 2, "epoch": 31, "loss": 0.04016962373187623, "valid_hits100": 0.9315589353612167, "test_hits100": 0.9070208728652751, "epoch_sec": 1.2947162450291216}
{"variant": "B2", "dataset": "cora", "seed": 2, "epoch": 32, "loss": 0.039635115122147, "valid_hits100": 0.935361216730038, "test_hits100": 0.8994307400379506, "epoch_sec": 1.3307923707179725}
{"variant": "B2", "dataset": "cora", "seed": 2, "epoch": 33, "loss": 0.03105045750126269, "valid_hits100": 0.9277566539923955, "test_hits100": 0.8804554079696395, "epoch_sec": 1.3014197899028659}
{"variant": "B2", "dataset": "cora", "seed": 2, "epoch": 34, "loss": 0.0368783909980201, "valid_hits100": 0.9315589353612167, "test_hits100": 0.8918406072106262, "epoch_sec": 1.295785300899297}
{"variant": "B2", "dataset": "cora", "seed": 2, "epoch": 35, "loss": 0.038969861884699364, "valid_hits100": 0.9315589353612167, "test_hits100": 0.9013282732447818, "epoch_sec": 1.2988540627993643}
{"variant": "B2", "dataset": "cora", "seed": 2, "epoch": 36, "loss": 0.038028656878573375, "valid_hits100": 0.935361216730038, "test_hits100": 0.889943074003795, "epoch_sec": 1.2940207957290113}
{"variant": "B2", "dataset": "cora", "seed": 2, "epoch": 37, "loss": 0.04168210265603507, "valid_hits100": 0.9315589353612167, "test_hits100": 0.8918406072106262, "epoch_sec": 1.3266008868813515}
{"variant": "B2", "dataset": "cora", "seed": 2, "epoch": 38, "loss": 0.03169347180813923, "valid_hits100": 0.9239543726235742, "test_hits100": 0.9013282732447818, "epoch_sec": 1.2935178778134286}
{"variant": "B2", "dataset": "cora", "seed": 2, "epoch": 39, "loss": 0.03554162984703951, "valid_hits100": 0.9239543726235742, "test_hits100": 0.8994307400379506, "epoch_sec": 1.312306100036949}
{"variant": "B2", "dataset": "cora", "seed": 2, "epoch": 40, "loss": 0.03334333982697145, "valid_hits100": 0.9239543726235742, "test_hits100": 0.9070208728652751, "epoch_sec": 1.30039405496791}
{"variant": "B2", "dataset": "cora", "seed": 2, "epoch": 41, "loss": 0.03479052299165471, "valid_hits100": 0.9239543726235742, "test_hits100": 0.9089184060721063, "epoch_sec": 1.3133596517145634}
{"variant": "B2", "dataset": "cora", "seed": 2, "epoch": 42, "loss": 0.03614563870769984, "valid_hits100": 0.9277566539923955, "test_hits100": 0.9089184060721063, "epoch_sec": 1.3057671473361552}
{"variant": "B2", "dataset": "cora", "seed": 2, "epoch": 43, "loss": 0.04147153479875515, "valid_hits100": 0.9315589353612167, "test_hits100": 0.9146110056925996, "epoch_sec": 1.2976571670733392}
{"variant": "B2", "dataset": "cora", "seed": 2, "epoch": 44, "loss": 0.03464278669732352, "valid_hits100": 0.9315589353612167, "test_hits100": 0.9013282732447818, "epoch_sec": 1.293764103204012}
{"variant": "B2", "dataset": "cora", "seed": 2, "epoch": 45, "loss": 0.045116533450583085, "valid_hits100": 0.9201520912547528, "test_hits100": 0.9165085388994307, "epoch_sec": 1.30020055687055}
{"variant": "B2", "dataset": "cora", "seed": 2, "epoch": 46, "loss": 0.03871204394601458, "valid_hits100": 0.9277566539923955, "test_hits100": 0.9127134724857685, "epoch_sec": 1.3293479098938406}
{"variant": "B2", "dataset": "cora", "seed": 2, "epoch": 47, "loss": 0.03531478065167307, "valid_hits100": 0.9239543726235742, "test_hits100": 0.9165085388994307, "epoch_sec": 1.2981825401075184}
{"variant": "B2", "dataset": "cora", "seed": 2, "epoch": 48, "loss": 0.035285969455718144, "valid_hits100": 0.9277566539923955, "test_hits100": 0.9108159392789373, "epoch_sec": 1.2939796787686646}
{"variant": "B2", "dataset": "cora", "seed": 2, "epoch": 49, "loss": 0.03727492683445919, "valid_hits100": 0.9315589353612167, "test_hits100": 0.9184060721062619, "epoch_sec": 1.2947887629270554}
{"variant": "B2", "dataset": "cora", "seed": 2, "epoch": 50, "loss": 0.03901390468373018, "valid_hits100": 0.9391634980988594, "test_hits100": 0.9146110056925996, "epoch_sec": 1.320335031952709}
{"variant": "B2", "dataset": "cora", "seed": 2, "epoch": 51, "loss": 0.03362108776329248, "valid_hits100": 0.9277566539923955, "test_hits100": 0.9127134724857685, "epoch_sec": 1.3089192970655859}
{"variant": "B2", "dataset": "cora", "seed": 2, "epoch": 52, "loss": 0.04075272594464016, "valid_hits100": 0.9125475285171103, "test_hits100": 0.9032258064516129, "epoch_sec": 1.2999934642575681}
{"variant": "B2", "dataset": "cora", "seed": 2, "epoch": 53, "loss": 0.031208770093964597, "valid_hits100": 0.9163498098859315, "test_hits100": 0.8918406072106262, "epoch_sec": 1.3251798748970032}
{"variant": "B2", "dataset": "cora", "seed": 2, "epoch": 54, "loss": 0.03693659304775656, "valid_hits100": 0.9239543726235742, "test_hits100": 0.9146110056925996, "epoch_sec": 1.2915714639239013}
{"variant": "B2", "dataset": "cora", "seed": 2, "epoch": 55, "loss": 0.0336800183396979, "valid_hits100": 0.908745247148289, "test_hits100": 0.9165085388994307, "epoch_sec": 1.3244923208840191}
{"variant": "B2", "dataset": "cora", "seed": 2, "epoch": 56, "loss": 0.03268639722742711, "valid_hits100": 0.9163498098859315, "test_hits100": 0.9165085388994307, "epoch_sec": 1.2986827651038766}
{"variant": "B2", "dataset": "cora", "seed": 2, "epoch": 57, "loss": 0.034167342249855216, "valid_hits100": 0.9163498098859315, "test_hits100": 0.9146110056925996, "epoch_sec": 1.2971853530034423}
{"variant": "B2", "dataset": "cora", "seed": 2, "epoch": 58, "loss": 0.03866070937929732, "valid_hits100": 0.9201520912547528, "test_hits100": 0.9165085388994307, "epoch_sec": 1.2994326669722795}
{"variant": "B2", "dataset": "cora", "seed": 2, "epoch": 59, "loss": 0.031128210817428833, "valid_hits100": 0.9239543726235742, "test_hits100": 0.905123339658444, "epoch_sec": 1.317528656218201}
{"variant": "B2", "dataset": "cora", "seed": 2, "epoch": 60, "loss": 0.0376067881118805, "valid_hits100": 0.9163498098859315, "test_hits100": 0.8994307400379506, "epoch_sec": 1.3173499410040677}
{"variant": "B2", "dataset": "cora", "seed": 2, "epoch": 61, "loss": 0.03458941596727851, "valid_hits100": 0.9239543726235742, "test_hits100": 0.888045540796964, "epoch_sec": 1.3019528980366886}
{"variant": "B2", "dataset": "cora", "seed": 2, "epoch": 62, "loss": 0.03297524928794294, "valid_hits100": 0.9201520912547528, "test_hits100": 0.9013282732447818, "epoch_sec": 1.2927744211629033}
{"variant": "B2", "dataset": "cora", "seed": 2, "epoch": 63, "loss": 0.030269429207166885, "valid_hits100": 0.9163498098859315, "test_hits100": 0.8937381404174574, "epoch_sec": 1.292726293206215}
{"variant": "B2", "dataset": "cora", "seed": 2, "epoch": 64, "loss": 0.03183288092653594, "valid_hits100": 0.9201520912547528, "test_hits100": 0.888045540796964, "epoch_sec": 1.3213126929476857}
{"variant": "B2", "dataset": "cora", "seed": 2, "epoch": 65, "loss": 0.030278254087861636, "valid_hits100": 0.9163498098859315, "test_hits100": 0.889943074003795, "epoch_sec": 1.297180075198412}
{"variant": "B2", "dataset": "cora", "seed": 2, "epoch": 66, "loss": 0.025692224316630985, "valid_hits100": 0.9125475285171103, "test_hits100": 0.888045540796964, "epoch_sec": 1.3002132712863386}
{"variant": "B2", "dataset": "cora", "seed": 2, "epoch": 67, "loss": 0.036286927251653237, "valid_hits100": 0.908745247148289, "test_hits100": 0.9013282732447818, "epoch_sec": 1.304053143132478}
{"variant": "B2", "dataset": "cora", "seed": 2, "epoch": 68, "loss": 0.027261128054795632, "valid_hits100": 0.9125475285171103, "test_hits100": 0.8975332068311196, "epoch_sec": 1.307347137015313}
{"variant": "B2", "dataset": "cora", "seed": 2, "epoch": 69, "loss": 0.03118985881381494, "valid_hits100": 0.9049429657794676, "test_hits100": 0.8975332068311196, "epoch_sec": 1.3148836712352931}
{"variant": "B2", "dataset": "cora", "seed": 2, "epoch": 70, "loss": 0.03109138910517548, "valid_hits100": 0.9125475285171103, "test_hits100": 0.9013282732447818, "epoch_sec": 1.2995156249962747}
{"variant": "B2", "dataset": "cora", "seed": 2, "epoch": 71, "loss": 0.030414595283607748, "valid_hits100": 0.9125475285171103, "test_hits100": 0.889943074003795, "epoch_sec": 1.2984302542172372}
{"variant": "B2", "dataset": "cora", "seed": 2, "epoch": 72, "loss": 0.0361297320634286, "valid_hits100": 0.908745247148289, "test_hits100": 0.8994307400379506, "epoch_sec": 1.2955150180496275}
{"variant": "B2", "dataset": "cora", "seed": 2, "epoch": 73, "loss": 0.03468353441400111, "valid_hits100": 0.908745247148289, "test_hits100": 0.8975332068311196, "epoch_sec": 1.3410216863267124}
{"variant": "B2", "dataset": "cora", "seed": 2, "epoch": 74, "loss": 0.022838711615738173, "valid_hits100": 0.9239543726235742, "test_hits100": 0.8975332068311196, "epoch_sec": 1.3069615070708096}
{"variant": "B2", "dataset": "cora", "seed": 2, "epoch": 75, "loss": 0.02438925245175812, "valid_hits100": 0.9201520912547528, "test_hits100": 0.9013282732447818, "epoch_sec": 1.3020713939331472}
{"variant": "B2", "dataset": "cora", "seed": 2, "epoch": 76, "loss": 0.028033551439616344, "valid_hits100": 0.9277566539923955, "test_hits100": 0.8975332068311196, "epoch_sec": 1.2957829399965703}
{"variant": "B2", "dataset": "cora", "seed": 2, "epoch": 77, "loss": 0.029281143670147964, "valid_hits100": 0.9201520912547528, "test_hits100": 0.8956356736242884, "epoch_sec": 1.304733996745199}
{"variant": "B2", "dataset": "cora", "seed": 2, "epoch": 78, "loss": 0.03326193503238619, "valid_hits100": 0.9277566539923955, "test_hits100": 0.8842504743833017, "epoch_sec": 1.3315604929812253}
{"variant": "B2", "dataset": "cora", "seed": 2, "epoch": 79, "loss": 0.028998826243607542, "valid_hits100": 0.9315589353612167, "test_hits100": 0.8994307400379506, "epoch_sec": 1.2948324820026755}
{"variant": "B2", "dataset": "cora", "seed": 2, "epoch": 80, "loss": 0.0300043808983609, "valid_hits100": 0.9315589353612167, "test_hits100": 0.8842504743833017, "epoch_sec": 1.3081977390684187}
{"variant": "B2", "dataset": "cora", "seed": 2, "epoch": 81, "loss": 0.030663159866808995, "valid_hits100": 0.9201520912547528, "test_hits100": 0.9032258064516129, "epoch_sec": 1.2990953479893506}
{"variant": "B2", "dataset": "cora", "seed": 2, "epoch": 82, "loss": 0.02345364518901881, "valid_hits100": 0.9163498098859315, "test_hits100": 0.8918406072106262, "epoch_sec": 1.3214516788721085}
{"variant": "B2", "dataset": "cora", "seed": 2, "epoch": 83, "loss": 0.0339438392450359, "valid_hits100": 0.9163498098859315, "test_hits100": 0.8861480075901328, "epoch_sec": 1.298596846871078}
{"variant": "B2", "dataset": "cora", "seed": 2, "epoch": 84, "loss": 0.030538912533837205, "valid_hits100": 0.9239543726235742, "test_hits100": 0.889943074003795, "epoch_sec": 1.2988946409896016}
{"variant": "B2", "dataset": "cora", "seed": 2, "epoch": 85, "loss": 0.028887062441431476, "valid_hits100": 0.9315589353612167, "test_hits100": 0.9127134724857685, "epoch_sec": 1.2989575797691941}
{"variant": "B2", "dataset": "cora", "seed": 2, "epoch": 86, "loss": 0.0291276390493288, "valid_hits100": 0.935361216730038, "test_hits100": 0.9070208728652751, "epoch_sec": 1.3052502167411149}
{"variant": "B2", "dataset": "cora", "seed": 2, "epoch": 87, "loss": 0.02453407691376626, "valid_hits100": 0.9467680608365019, "test_hits100": 0.9070208728652751, "epoch_sec": 1.3266548169776797}
{"variant": "B2", "dataset": "cora", "seed": 2, "epoch": 88, "loss": 0.02325497425382097, "valid_hits100": 0.9429657794676806, "test_hits100": 0.905123339658444, "epoch_sec": 1.295065546873957}
{"variant": "B2", "dataset": "cora", "seed": 2, "epoch": 89, "loss": 0.03648554738245759, "valid_hits100": 0.9315589353612167, "test_hits100": 0.8994307400379506, "epoch_sec": 1.2972104516811669}
{"variant": "B2", "dataset": "cora", "seed": 2, "epoch": 90, "loss": 0.02534856547646344, "valid_hits100": 0.935361216730038, "test_hits100": 0.9089184060721063, "epoch_sec": 1.2922131610102952}
{"variant": "B2", "dataset": "cora", "seed": 2, "epoch": 91, "loss": 0.03359580705350733, "valid_hits100": 0.9277566539923955, "test_hits100": 0.9070208728652751, "epoch_sec": 1.3324071788229048}
{"variant": "B2", "dataset": "cora", "seed": 2, "epoch": 92, "loss": 0.03057558875723531, "valid_hits100": 0.9239543726235742, "test_hits100": 0.9070208728652751, "epoch_sec": 1.2965971026569605}
{"variant": "B2", "dataset": "cora", "seed": 2, "epoch": 93, "loss": 0.028449424142399787, "valid_hits100": 0.9277566539923955, "test_hits100": 0.9089184060721063, "epoch_sec": 1.303357485216111}
{"variant": "B2", "dataset": "cora", "seed": 2, "epoch": 94, "loss": 0.02489105321188024, "valid_hits100": 0.9277566539923955, "test_hits100": 0.9013282732447818, "epoch_sec": 1.321099421940744}
{"variant": "B2", "dataset": "cora", "seed": 2, "epoch": 95, "loss": 0.02537400257871644, "valid_hits100": 0.9315589353612167, "test_hits100": 0.9070208728652751, "epoch_sec": 1.3028213949874043}
{"variant": "B2", "dataset": "cora", "seed": 2, "epoch": 96, "loss": 0.025019041944872887, "valid_hits100": 0.9277566539923955, "test_hits100": 0.9032258064516129, "epoch_sec": 1.3158154869452119}
{"variant": "B2", "dataset": "cora", "seed": 2, "epoch": 97, "loss": 0.033044765333175234, "valid_hits100": 0.9277566539923955, "test_hits100": 0.889943074003795, "epoch_sec": 1.2962180562317371}
{"variant": "B2", "dataset": "cora", "seed": 2, "epoch": 98, "loss": 0.025154433477132077, "valid_hits100": 0.9239543726235742, "test_hits100": 0.889943074003795, "epoch_sec": 1.2933898512274027}
{"variant": "B2", "dataset": "cora", "seed": 2, "epoch": 99, "loss": 0.02864453335642921, "valid_hits100": 0.9315589353612167, "test_hits100": 0.8861480075901328, "epoch_sec": 1.2936574202030897}
{"variant": "B2", "dataset": "cora", "seed": 2, "epoch": 100, "loss": 0.02497078991642823, "valid_hits100": 0.935361216730038, "test_hits100": 0.888045540796964, "epoch_sec": 1.32258092565462}
{"completed": "/home/ubuntu/HL-GNN-PDG-V0-exp/results/hlgnn_pdg_v0/cora/B2/seed2.json", "best_epoch": 1, "best_metrics": {"Hits@10_valid": 0.8403041825095057, "Hits@10_test": 0.6015180265654649, "Hits@50_valid": 0.9809885931558935, "Hits@50_test": 0.8785578747628083, "Hits@100_valid": 0.9961977186311787, "Hits@100_test": 0.9506641366223909, "Hits@100_train": 1.0}, "total_runtime_sec": 131.55473396508023}
