/home/ubuntu/anaconda3/envs/mei_env/lib/python3.11/site-packages/torch/cuda/__init__.py:63: FutureWarning: The pynvml package is deprecated. Please install nvidia-ml-py instead. If you did not install pynvml directly, please report this to the maintainers of the package that installed pynvml for you.
  import pynvml  # type: ignore[import]
/home/ubuntu/anaconda3/envs/mei_env/lib/python3.11/site-packages/torch_geometric/deprecation.py:26: UserWarning: 'train_test_split_edges' is deprecated, use 'transforms.RandomLinkSplit' instead
  warnings.warn(out)
{"variant": "B0", "dataset": "cora", "seed": 1, "epoch": 1, "loss": 0.9844408630262297, "valid_hits100": 0.9961977186311787, "test_hits100": 0.9449715370018975, "epoch_sec": 1.6767890960909426}
{"variant": "B0", "dataset": "cora", "seed": 1, "epoch": 2, "loss": 0.27745959529264724, "valid_hits100": 0.9961977186311787, "test_hits100": 0.9601518026565465, "epoch_sec": 1.2875744188204408}
{"variant": "B0", "dataset": "cora", "seed": 1, "epoch": 3, "loss": 0.14933624552851693, "valid_hits100": 0.9809885931558935, "test_hits100": 0.9506641366223909, "epoch_sec": 1.2664001029916108}
{"variant": "B0", "dataset": "cora", "seed": 1, "epoch": 4, "loss": 0.11468237072707498, "valid_hits100": 0.9847908745247148, "test_hits100": 0.9544592030360531, "epoch_sec": 1.238504535984248}
{"variant": "B0", "dataset": "cora", "seed": 1, "epoch": 5, "loss": 0.08805374571399467, "valid_hits100": 0.9619771863117871, "test_hits100": 0.9335863377609108, "epoch_sec": 1.2384122461080551}
{"variant": "B0", "dataset": "cora", "seed": 1, "epoch": 6, "loss": 0.08381850669515749, "valid_hits100": 0.9543726235741445, "test_hits100": 0.9335863377609108, "epoch_sec": 1.2376919337548316}
{"variant": "B0", "dataset": "cora", "seed": 1, "epoch": 7, "loss": 0.07255714536775668, "valid_hits100": 0.9505703422053232, "test_hits100": 0.9392789373814042, "epoch_sec": 1.2690216419287026}
{"variant": "B0", "dataset": "cora", "seed": 1, "epoch": 8, "loss": 0.0738473002020263, "valid_hits100": 0.9581749049429658, "test_hits100": 0.9297912713472486, "epoch_sec": 1.254729744978249}
{"variant": "B0", "dataset": "cora", "seed": 1, "epoch": 9, "loss": 0.062151424918795224, "valid_hits100": 0.9505703422053232, "test_hits100": 0.9297912713472486, "epoch_sec": 1.2347395741380751}
{"variant": "B0", "dataset": "cora", "seed": 1, "epoch": 10, "loss": 0.06606635229525931, "valid_hits100": 0.9467680608365019, "test_hits100": 0.9259962049335864, "epoch_sec": 1.2539155487902462}
{"variant": "B0", "dataset": "cora", "seed": 1, "epoch": 11, "loss": 0.06097873798347412, "valid_hits100": 0.935361216730038, "test_hits100": 0.9184060721062619, "epoch_sec": 1.243342227768153}
{"variant": "B0", "dataset": "cora", "seed": 1, "epoch": 12, "loss": 0.056214523486753196, "valid_hits100": 0.9239543726235742, "test_hits100": 0.9240986717267552, "epoch_sec": 1.2698445031419396}
{"variant": "B0", "dataset": "cora", "seed": 1, "epoch": 13, "loss": 0.0590827165573251, "valid_hits100": 0.9391634980988594, "test_hits100": 0.9184060721062619, "epoch_sec": 1.2408327818848193}
{"variant": "B0", "dataset": "cora", "seed": 1, "epoch": 14, "loss": 0.04632485235597998, "valid_hits100": 0.9391634980988594, "test_hits100": 0.9089184060721063, "epoch_sec": 1.23979865713045}
{"variant": "B0", "dataset": "cora", "seed": 1, "epoch": 15, "loss": 0.0502036067452979, "valid_hits100": 0.9429657794676806, "test_hits100": 0.9108159392789373, "epoch_sec": 1.2418716922402382}
{"variant": "B0", "dataset": "cora", "seed": 1, "epoch": 16, "loss": 0.06106363502521991, "valid_hits100": 0.9391634980988594, "test_hits100": 0.9222011385199241, "epoch_sec": 1.2447052760981023}
{"variant": "B0", "dataset": "cora", "seed": 1, "epoch": 17, "loss": 0.04342657676939446, "valid_hits100": 0.9467680608365019, "test_hits100": 0.9184060721062619, "epoch_sec": 1.2811936405487359}
{"variant": "B0", "dataset": "cora", "seed": 1, "epoch": 18, "loss": 0.054361922138515005, "valid_hits100": 0.9315589353612167, "test_hits100": 0.9259962049335864, "epoch_sec": 1.253704123198986}
{"variant": "B0", "dataset": "cora", "seed": 1, "epoch": 19, "loss": 0.051145488107427556, "valid_hits100": 0.9239543726235742, "test_hits100": 0.9146110056925996, "epoch_sec": 1.2473977990448475}
{"variant": "B0", "dataset": "cora", "seed": 1, "epoch": 20, "loss": 0.04733879374150924, "valid_hits100": 0.9277566539923955, "test_hits100": 0.9184060721062619, "epoch_sec": 1.2413267767988145}
{"variant": "B0", "dataset": "cora", "seed": 1, "epoch": 21, "loss": 0.04168512408560185, "valid_hits100": 0.9163498098859315, "test_hits100": 0.9108159392789373, "epoch_sec": 1.2461698376573622}
{"variant": "B0", "dataset": "cora", "seed": 1, "epoch": 22, "loss": 0.04747497286388581, "valid_hits100": 0.9315589353612167, "test_hits100": 0.9222011385199241, "epoch_sec": 1.2805835050530732}
{"variant": "B0", "dataset": "cora", "seed": 1, "epoch": 23, "loss": 0.04436683427681897, "valid_hits100": 0.935361216730038, "test_hits100": 0.9184060721062619, "epoch_sec": 1.2421827618964016}
{"variant": "B0", "dataset": "cora", "seed": 1, "epoch": 24, "loss": 0.046136283314058064, "valid_hits100": 0.9391634980988594, "test_hits100": 0.9108159392789373, "epoch_sec": 1.2589819012209773}
{"variant": "B0", "dataset": "cora", "seed": 1, "epoch": 25, "loss": 0.04785477059250847, "valid_hits100": 0.9277566539923955, "test_hits100": 0.9127134724857685, "epoch_sec": 1.2494641891680658}
{"variant": "B0", "dataset": "cora", "seed": 1, "epoch": 26, "loss": 0.049225530110684736, "valid_hits100": 0.9201520912547528, "test_hits100": 0.9165085388994307, "epoch_sec": 1.2611590391024947}
{"variant": "B0", "dataset": "cora", "seed": 1, "epoch": 27, "loss": 0.053679663834034226, "valid_hits100": 0.9277566539923955, "test_hits100": 0.9146110056925996, "epoch_sec": 1.2541550402529538}
{"variant": "B0", "dataset": "cora", "seed": 1, "epoch": 28, "loss": 0.047608186894240866, "valid_hits100": 0.9315589353612167, "test_hits100": 0.9089184060721063, "epoch_sec": 1.2392081748694181}
{"variant": "B0", "dataset": "cora", "seed": 1, "epoch": 29, "loss": 0.041019276767278526, "valid_hits100": 0.9239543726235742, "test_hits100": 0.9032258064516129, "epoch_sec": 1.239849559031427}
{"variant": "B0", "dataset": "cora", "seed": 1, "epoch": 30, "loss": 0.043038888583740026, "valid_hits100": 0.9277566539923955, "test_hits100": 0.8937381404174574, "epoch_sec": 1.2275396171025932}
{"variant": "B0", "dataset": "cora", "seed": 1, "epoch": 31, "loss": 0.04293539092847795, "valid_hits100": 0.9315589353612167, "test_hits100": 0.8918406072106262, "epoch_sec": 1.2671940438449383}
{"variant": "B0", "dataset": "cora", "seed": 1, "epoch": 32, "loss": 0.033602042950410894, "valid_hits100": 0.9239543726235742, "test_hits100": 0.8956356736242884, "epoch_sec": 1.2492290050722659}
{"variant": "B0", "dataset": "cora", "seed": 1, "epoch": 33, "loss": 0.040360044761031284, "valid_hits100": 0.9277566539923955, "test_hits100": 0.9089184060721063, "epoch_sec": 1.2312359409406781}
{"variant": "B0", "dataset": "cora", "seed": 1, "epoch": 34, "loss": 0.03914278725729907, "valid_hits100": 0.9125475285171103, "test_hits100": 0.9089184060721063, "epoch_sec": 1.2348207137547433}
{"variant": "B0", "dataset": "cora", "seed": 1, "epoch": 35, "loss": 0.03846902191745194, "valid_hits100": 0.9201520912547528, "test_hits100": 0.905123339658444, "epoch_sec": 1.2427851962856948}
{"variant": "B0", "dataset": "cora", "seed": 1, "epoch": 36, "loss": 0.0389307151065472, "valid_hits100": 0.9239543726235742, "test_hits100": 0.9070208728652751, "epoch_sec": 1.2676543360576034}
{"variant": "B0", "dataset": "cora", "seed": 1, "epoch": 37, "loss": 0.037124424462278045, "valid_hits100": 0.9315589353612167, "test_hits100": 0.8937381404174574, "epoch_sec": 1.2297916943207383}
{"variant": "B0", "dataset": "cora", "seed": 1, "epoch": 38, "loss": 0.03356778837488084, "valid_hits100": 0.9315589353612167, "test_hits100": 0.9108159392789373, "epoch_sec": 1.253434515092522}
{"variant": "B0", "dataset": "cora", "seed": 1, "epoch": 39, "loss": 0.03410597552284731, "valid_hits100": 0.9315589353612167, "test_hits100": 0.9032258064516129, "epoch_sec": 1.2587360637262464}
{"variant": "B0", "dataset": "cora", "seed": 1, "epoch": 40, "loss": 0.03373403243601004, "valid_hits100": 0.9277566539923955, "test_hits100": 0.888045540796964, "epoch_sec": 1.2515438231639564}
{"variant": "B0", "dataset": "cora", "seed": 1, "epoch": 41, "loss": 0.03129320873907118, "valid_hits100": 0.9315589353612167, "test_hits100": 0.9013282732447818, "epoch_sec": 1.2486445582471788}
{"variant": "B0", "dataset": "cora", "seed": 1, "epoch": 42, "loss": 0.03061474689719086, "valid_hits100": 0.9239543726235742, "test_hits100": 0.9089184060721063, "epoch_sec": 1.2290396601893008}
{"variant": "B0", "dataset": "cora", "seed": 1, "epoch": 43, "loss": 0.0380435184228654, "valid_hits100": 0.9163498098859315, "test_hits100": 0.8937381404174574, "epoch_sec": 1.2367771449498832}
{"variant": "B0", "dataset": "cora", "seed": 1, "epoch": 44, "loss": 0.0336474450122492, "valid_hits100": 0.9163498098859315, "test_hits100": 0.8994307400379506, "epoch_sec": 1.2366675352677703}
{"variant": "B0", "dataset": "cora", "seed": 1, "epoch": 45, "loss": 0.04303191473405416, "valid_hits100": 0.9163498098859315, "test_hits100": 0.8937381404174574, "epoch_sec": 1.2562233759090304}
{"variant": "B0", "dataset": "cora", "seed": 1, "epoch": 46, "loss": 0.027023210756334605, "valid_hits100": 0.9277566539923955, "test_hits100": 0.9013282732447818, "epoch_sec": 1.2468643188476562}
{"variant": "B0", "dataset": "cora", "seed": 1, "epoch": 47, "loss": 0.03576517461694498, "valid_hits100": 0.9277566539923955, "test_hits100": 0.8994307400379506, "epoch_sec": 1.227164023090154}
{"variant": "B0", "dataset": "cora", "seed": 1, "epoch": 48, "loss": 0.03081135373436406, "valid_hits100": 0.9277566539923955, "test_hits100": 0.8994307400379506, "epoch_sec": 1.231085806619376}
{"variant": "B0", "dataset": "cora", "seed": 1, "epoch": 49, "loss": 0.03257715032201878, "valid_hits100": 0.9201520912547528, "test_hits100": 0.9013282732447818, "epoch_sec": 1.2291788551956415}
{"variant": "B0", "dataset": "cora", "seed": 1, "epoch": 50, "loss": 0.0304125227273148, "valid_hits100": 0.9201520912547528, "test_hits100": 0.8994307400379506, "epoch_sec": 1.2598451399244368}
{"variant": "B0", "dataset": "cora", "seed": 1, "epoch": 51, "loss": 0.04062266715548255, "valid_hits100": 0.9277566539923955, "test_hits100": 0.9108159392789373, "epoch_sec": 1.235077319201082}
{"variant": "B0", "dataset": "cora", "seed": 1, "epoch": 52, "loss": 0.03692022367063478, "valid_hits100": 0.9201520912547528, "test_hits100": 0.9032258064516129, "epoch_sec": 1.22902911901474}
{"variant": "B0", "dataset": "cora", "seed": 1, "epoch": 53, "loss": 0.02848627225706709, "valid_hits100": 0.9201520912547528, "test_hits100": 0.9032258064516129, "epoch_sec": 1.2480591679923236}
{"variant": "B0", "dataset": "cora", "seed": 1, "epoch": 54, "loss": 0.031477445135567064, "valid_hits100": 0.9163498098859315, "test_hits100": 0.905123339658444, "epoch_sec": 1.2323922640644014}
{"variant": "B0", "dataset": "cora", "seed": 1, "epoch": 55, "loss": 0.026386483335027508, "valid_hits100": 0.908745247148289, "test_hits100": 0.9032258064516129, "epoch_sec": 1.261844724882394}
{"variant": "B0", "dataset": "cora", "seed": 1, "epoch": 56, "loss": 0.037392532509384735, "valid_hits100": 0.9011406844106464, "test_hits100": 0.8956356736242884, "epoch_sec": 1.228261894080788}
{"variant": "B0", "dataset": "cora", "seed": 1, "epoch": 57, "loss": 0.035518871504089625, "valid_hits100": 0.9163498098859315, "test_hits100": 0.9032258064516129, "epoch_sec": 1.2328900629654527}
{"variant": "B0", "dataset": "cora", "seed": 1, "epoch": 58, "loss": 0.0293302326836688, "valid_hits100": 0.9011406844106464, "test_hits100": 0.905123339658444, "epoch_sec": 1.2353293541818857}
{"variant": "B0", "dataset": "cora", "seed": 1, "epoch": 59, "loss": 0.02281949453640218, "valid_hits100": 0.9125475285171103, "test_hits100": 0.8994307400379506, "epoch_sec": 1.2400511289015412}
{"variant": "B0", "dataset": "cora", "seed": 1, "epoch": 60, "loss": 0.030857294346347, "valid_hits100": 0.9125475285171103, "test_hits100": 0.8956356736242884, "epoch_sec": 1.2605896438471973}
{"variant": "B0", "dataset": "cora", "seed": 1, "epoch": 61, "loss": 0.03874015298783248, "valid_hits100": 0.9163498098859315, "test_hits100": 0.8937381404174574, "epoch_sec": 1.2317148828878999}
{"variant": "B0", "dataset": "cora", "seed": 1, "epoch": 62, "loss": 0.027937365041750213, "valid_hits100": 0.9201520912547528, "test_hits100": 0.8918406072106262, "epoch_sec": 1.2287301770411432}
{"variant": "B0", "dataset": "cora", "seed": 1, "epoch": 63, "loss": 0.03393959957581684, "valid_hits100": 0.9201520912547528, "test_hits100": 0.888045540796964, "epoch_sec": 1.230316354893148}
{"variant": "B0", "dataset": "cora", "seed": 1, "epoch": 64, "loss": 0.027182497436084425, "valid_hits100": 0.9163498098859315, "test_hits100": 0.8842504743833017, "epoch_sec": 1.2371568530797958}
{"variant": "B0", "dataset": "cora", "seed": 1, "epoch": 65, "loss": 0.03116654098007343, "valid_hits100": 0.908745247148289, "test_hits100": 0.8937381404174574, "epoch_sec": 1.2582520470023155}
{"variant": "B0", "dataset": "cora", "seed": 1, "epoch": 66, "loss": 0.035481918144991055, "valid_hits100": 0.9163498098859315, "test_hits100": 0.8956356736242884, "epoch_sec": 1.2277833479456604}
{"variant": "B0", "dataset": "cora", "seed": 1, "epoch": 67, "loss": 0.023313712345273525, "valid_hits100": 0.9239543726235742, "test_hits100": 0.8975332068311196, "epoch_sec": 1.2572806919924915}
{"variant": "B0", "dataset": "cora", "seed": 1, "epoch": 68, "loss": 0.03326956199983437, "valid_hits100": 0.9315589353612167, "test_hits100": 0.8994307400379506, "epoch_sec": 1.2269102758727968}
{"variant": "B0", "dataset": "cora", "seed": 1, "epoch": 69, "loss": 0.03448711869550899, "valid_hits100": 0.9277566539923955, "test_hits100": 0.9032258064516129, "epoch_sec": 1.2523615802638233}
{"variant": "B0", "dataset": "cora", "seed": 1, "epoch": 70, "loss": 0.03236814221755706, "valid_hits100": 0.9125475285171103, "test_hits100": 0.9013282732447818, "epoch_sec": 1.240159115754068}
{"variant": "B0", "dataset": "cora", "seed": 1, "epoch": 71, "loss": 0.022659278313717314, "valid_hits100": 0.9239543726235742, "test_hits100": 0.8956356736242884, "epoch_sec": 1.2270506350323558}
{"variant": "B0", "dataset": "cora", "seed": 1, "epoch": 72, "loss": 0.028198241098466827, "valid_hits100": 0.9429657794676806, "test_hits100": 0.8994307400379506, "epoch_sec": 1.2265647216700017}
{"variant": "B0", "dataset": "cora", "seed": 1, "epoch": 73, "loss": 0.040945626702325655, "valid_hits100": 0.9239543726235742, "test_hits100": 0.8918406072106262, "epoch_sec": 1.2280624201521277}
{"variant": "B0", "dataset": "cora", "seed": 1, "epoch": 74, "loss": 0.030652672034122197, "valid_hits100": 0.9239543726235742, "test_hits100": 0.8994307400379506, "epoch_sec": 1.2742823539301753}
{"variant": "B0", "dataset": "cora", "seed": 1, "epoch": 75, "loss": 0.035856775507835566, "valid_hits100": 0.9239543726235742, "test_hits100": 0.9013282732447818, "epoch_sec": 1.2439391128718853}
{"variant": "B0", "dataset": "cora", "seed": 1, "epoch": 76, "loss": 0.030499408625849853, "valid_hits100": 0.9239543726235742, "test_hits100": 0.9013282732447818, "epoch_sec": 1.2282710121944547}
{"variant": "B0", "dataset": "cora", "seed": 1, "epoch": 77, "loss": 0.031559522831463876, "valid_hits100": 0.9239543726235742, "test_hits100": 0.9032258064516129, "epoch_sec": 1.233507457189262}
{"variant": "B0", "dataset": "cora", "seed": 1, "epoch": 78, "loss": 0.02922467913299321, "valid_hits100": 0.9315589353612167, "test_hits100": 0.9089184060721063, "epoch_sec": 1.227486644871533}
{"variant": "B0", "dataset": "cora", "seed": 1, "epoch": 79, "loss": 0.025857417068963807, "valid_hits100": 0.935361216730038, "test_hits100": 0.905123339658444, "epoch_sec": 1.2552405102178454}
{"variant": "B0", "dataset": "cora", "seed": 1, "epoch": 80, "loss": 0.029446471419431096, "valid_hits100": 0.9277566539923955, "test_hits100": 0.9070208728652751, "epoch_sec": 1.2297607609070837}
{"variant": "B0", "dataset": "cora", "seed": 1, "epoch": 81, "loss": 0.029240682747699785, "valid_hits100": 0.9277566539923955, "test_hits100": 0.8994307400379506, "epoch_sec": 1.2415512586012483}
{"variant": "B0", "dataset": "cora", "seed": 1, "epoch": 82, "loss": 0.03807341813403655, "valid_hits100": 0.9277566539923955, "test_hits100": 0.9032258064516129, "epoch_sec": 1.247362282127142}
{"variant": "B0", "dataset": "cora", "seed": 1, "epoch": 83, "loss": 0.027688658319798807, "valid_hits100": 0.9391634980988594, "test_hits100": 0.9222011385199241, "epoch_sec": 1.2392748920246959}
{"variant": "B0", "dataset": "cora", "seed": 1, "epoch": 84, "loss": 0.028990723949702667, "valid_hits100": 0.9391634980988594, "test_hits100": 0.9222011385199241, "epoch_sec": 1.2499660877510905}
{"variant": "B0", "dataset": "cora", "seed": 1, "epoch": 85, "loss": 0.03126806969656451, "valid_hits100": 0.9239543726235742, "test_hits100": 0.9127134724857685, "epoch_sec": 1.2305229832418263}
{"variant": "B0", "dataset": "cora", "seed": 1, "epoch": 86, "loss": 0.032007802496938145, "valid_hits100": 0.9201520912547528, "test_hits100": 0.8975332068311196, "epoch_sec": 1.2320876456797123}
{"variant": "B0", "dataset": "cora", "seed": 1, "epoch": 87, "loss": 0.030120859048769225, "valid_hits100": 0.935361216730038, "test_hits100": 0.889943074003795, "epoch_sec": 1.227040491066873}
{"variant": "B0", "dataset": "cora", "seed": 1, "epoch": 88, "loss": 0.02316708508845744, "valid_hits100": 0.9315589353612167, "test_hits100": 0.905123339658444, "epoch_sec": 1.2725381120108068}
{"variant": "B0", "dataset": "cora", "seed": 1, "epoch": 89, "loss": 0.029770667978467787, "valid_hits100": 0.9391634980988594, "test_hits100": 0.9089184060721063, "epoch_sec": 1.2455662772990763}
{"variant": "B0", "dataset": "cora", "seed": 1, "epoch": 90, "loss": 0.03234076545426021, "valid_hits100": 0.9505703422053232, "test_hits100": 0.8956356736242884, "epoch_sec": 1.229457635898143}
{"variant": "B0", "dataset": "cora", "seed": 1, "epoch": 91, "loss": 0.027746315276891045, "valid_hits100": 0.9467680608365019, "test_hits100": 0.9013282732447818, "epoch_sec": 1.23475313000381}
{"variant": "B0", "dataset": "cora", "seed": 1, "epoch": 92, "loss": 0.027607752382091236, "valid_hits100": 0.9467680608365019, "test_hits100": 0.9013282732447818, "epoch_sec": 1.2278730939142406}
{"variant": "B0", "dataset": "cora", "seed": 1, "epoch": 93, "loss": 0.023740638107220758, "valid_hits100": 0.9467680608365019, "test_hits100": 0.920303605313093, "epoch_sec": 1.2486455431208014}
{"variant": "B0", "dataset": "cora", "seed": 1, "epoch": 94, "loss": 0.03310707093958549, "valid_hits100": 0.9391634980988594, "test_hits100": 0.9222011385199241, "epoch_sec": 1.2368673388846219}
{"variant": "B0", "dataset": "cora", "seed": 1, "epoch": 95, "loss": 0.0264519963964634, "valid_hits100": 0.9467680608365019, "test_hits100": 0.9259962049335864, "epoch_sec": 1.2264569881372154}
{"variant": "B0", "dataset": "cora", "seed": 1, "epoch": 96, "loss": 0.023751317173136322, "valid_hits100": 0.9391634980988594, "test_hits100": 0.920303605313093, "epoch_sec": 1.2506904290057719}
{"variant": "B0", "dataset": "cora", "seed": 1, "epoch": 97, "loss": 0.03627576917383335, "valid_hits100": 0.9391634980988594, "test_hits100": 0.9146110056925996, "epoch_sec": 1.2310761976987123}
{"variant": "B0", "dataset": "cora", "seed": 1, "epoch": 98, "loss": 0.0266138272237119, "valid_hits100": 0.9315589353612167, "test_hits100": 0.9108159392789373, "epoch_sec": 1.2538381512276828}
{"variant": "B0", "dataset": "cora", "seed": 1, "epoch": 99, "loss": 0.02330450463787704, "valid_hits100": 0.9277566539923955, "test_hits100": 0.9146110056925996, "epoch_sec": 1.2320572938770056}
{"variant": "B0", "dataset": "cora", "seed": 1, "epoch": 100, "loss": 0.032701214904931775, "valid_hits100": 0.9277566539923955, "test_hits100": 0.9108159392789373, "epoch_sec": 1.2301379651762545}
{"completed": "/home/ubuntu/HL-GNN-PDG-V0-exp/results/hlgnn_pdg_v0/cora/B0/seed1.json", "best_epoch": 1, "best_metrics": {"Hits@10_valid": 0.8022813688212928, "Hits@10_test": 0.5768500948766604, "Hits@50_valid": 0.9847908745247148, "Hits@50_test": 0.8823529411764706, "Hits@100_valid": 0.9961977186311787, "Hits@100_test": 0.9449715370018975, "Hits@100_train": 1.0}, "total_runtime_sec": 125.50361227011308}
