/home/ubuntu/anaconda3/envs/mei_env/lib/python3.11/site-packages/torch/cuda/__init__.py:63: FutureWarning: The pynvml package is deprecated. Please install nvidia-ml-py instead. If you did not install pynvml directly, please report this to the maintainers of the package that installed pynvml for you.
  import pynvml  # type: ignore[import]
pubmed NCN 0 1 1.050488379266527 0.6896114857040745
pubmed NCN 0 2 0.6108360257413652 0.8087249869063948
pubmed NCN 0 3 0.47778869171937305 0.8565633734694275
pubmed NCN 0 4 0.4022594607538647 0.8865370047209344
pubmed NCN 0 5 0.37244783838589984 0.9002272759831426
pubmed NCN 0 6 0.34023254447513157 0.9068661657772235
pubmed NCN 0 7 0.32664864924218917 0.9121767822566126
pubmed NCN 0 8 0.3050507836871677 0.9172097285934451
pubmed NCN 0 9 0.2999211433860991 0.917566012566278
pubmed NCN 0 10 0.29321107102764976 0.9195837555480624
pubmed NCN 0 11 0.28275061233176124 0.9259597097235133
pubmed NCN 0 12 0.274149835937553 0.923611111111111
pubmed NCN 0 13 0.2642420323358642 0.9220741289897427
pubmed NCN 0 14 0.2631484568119049 0.9255914775657557
pubmed NCN 0 15 0.25220444550116855 0.9244989704940065
pubmed NCN 0 16 0.25678541759649914 0.9260283493028599
pubmed NCN 0 17 0.2530030732353528 0.9288580306523969
pubmed NCN 0 18 0.24784159494770897 0.9312391896558484
pubmed NCN 0 19 0.24047199885050455 0.9299130422325368
pubmed NCN 0 20 0.23852979474597508 0.9297623524439862
pubmed NCN 0 21 0.2340885309709443 0.9316333673847211
pubmed NCN 0 22 0.23659523162576887 0.932413066776785
pubmed NCN 0 23 0.2271386682987213 0.9278420795097638
pubmed NCN 0 24 0.2295846881137954 0.9318801718826937
pubmed NCN 0 25 0.2216945414741834 0.9320770478769126
pubmed NCN 0 26 0.22253487259149551 0.9318404452635445
pubmed NCN 0 27 0.22001778168810737 0.9308108186114398
pubmed NCN 0 28 0.22203247083557975 0.9350335403415276
pubmed NCN 0 29 0.22003718465566635 0.9318989125433567
pubmed NCN 0 30 0.21426454848713344 0.9327715490412588
pubmed NCN 0 31 0.2083509945207172 0.9319707406011558
pubmed NCN 0 32 0.2069670690430535 0.9345561010477925
pubmed NCN 0 33 0.20759532352288565 0.9342075393519436
pubmed NCN 0 34 0.21124797148836982 0.9357369494400976
pubmed NCN 0 35 0.20992026726404825 0.93345278949773
pubmed NCN 0 36 0.20719092173708809 0.933643145612911
pubmed NCN 0 37 0.20489050365156597 0.9359398442261708
pubmed NCN 0 38 0.19991527828905317 0.9368462670752834
pubmed NCN 0 39 0.19419789810975394 0.9347791836623064
pubmed NCN 0 40 0.19744689679808086 0.9352240738353104
pubmed NCN 0 41 0.1960938407315148 0.930836520829752
pubmed NCN 0 42 0.1956330587466558 0.9351126629838271
pubmed NCN 0 43 0.19343851672278511 0.9369309960747236
pubmed NCN 0 44 0.19819378604491553 0.9381203978282047
pubmed NCN 0 45 0.19518820444742838 0.9375915224967573
pubmed NCN 0 46 0.19096720880932277 0.937664657469486
pubmed NCN 0 47 0.1920861221022076 0.9400700768542897
pubmed NCN 0 48 0.19017112420664894 0.9400773714387902
pubmed NCN 0 49 0.1908986104859246 0.9376037727064352
pubmed NCN 0 50 0.1891830505596267 0.9386505191094109
pubmed NCN 0 51 0.18734687318404517 0.9374979095401424
pubmed NCN 0 52 0.1894068660007583 0.9402355311744247
pubmed NCN 0 53 0.18931460711691114 0.939366826718769
pubmed NCN 0 54 0.19480687462621266 0.9373266263758541
pubmed NCN 0 55 0.19355444113413492 0.9383196286462603
pubmed NCN 0 56 0.18416398929225075 0.9348041480430921
pubmed NCN 0 57 0.1836054747303327 0.9399368850914427
pubmed NCN 0 58 0.18316610819763607 0.937947140875307
pubmed NCN 0 59 0.18112633460097843 0.9381596310578711
pubmed NCN 0 60 0.18099137312836117 0.9383398914259997
pubmed NCN 0 61 0.17979883071449068 0.93818821673687
pubmed NCN 0 62 0.17757347888416714 0.9372804965489151
pubmed NCN 0 63 0.17534021453724968 0.9349491237803511
pubmed NCN 0 64 0.18503264172209632 0.9367320461578134
pubmed NCN 0 65 0.18050683620903227 0.9368851534296028
pubmed NCN 0 66 0.17685621397362816 0.9374065859681836
pubmed NCN 0 67 0.1751689836382866 0.9380057016789869
pubmed NCN 0 68 0.17229127552774218 0.9381157840693438
pubmed NCN 0 69 0.17913502289189231 0.9359742994670793
pubmed NCN 0 70 0.17710794591241413 0.936878438198384
pubmed NCN 0 71 0.1804726521174113 0.9353131788488286
pubmed NCN 0 72 0.17874833858675426 0.9357268827993105
pubmed NCN 0 73 0.17633212274975246 0.9395203232585074
pubmed NCN 0 74 0.17258326046996647 0.9400561698807081
pubmed NCN 0 75 0.17577804956171247 0.9387931907392647
pubmed NCN 0 76 0.17429172578785154 0.93746157760711
pubmed NCN 0 77 0.17998094691170585 0.9374677668901497
pubmed NCN 0 78 0.17498399896754158 0.9373411054198508
pubmed NCN 0 79 0.17131731493605507 0.9402568425357235
pubmed NCN 0 80 0.1739414632320404 0.9382162913300098
pubmed NCN 0 81 0.17218585891856086 0.9375324171917134
pubmed NCN 0 82 0.16839954836501014 0.9340859764483411
pubmed NCN 0 83 0.16868744624985588 0.9379292375795084
pubmed NCN 0 84 0.17314787788523567 0.9373040210641747
pubmed NCN 0 85 0.17037166323926714 0.9351814707805232
pubmed NCN 0 86 0.17251982788244882 0.940203210222389
pubmed NCN 0 87 0.16807499279578528 0.938617609826996
pubmed NCN 0 88 0.16432839218113157 0.9390207923093753
pubmed NCN 0 89 0.16733724292781618 0.936998596068993
pubmed NCN 0 90 0.16905775003963047 0.9412201485588219
pubmed NCN 0 91 0.16951049864292145 0.9386681540731632
pubmed NCN 0 92 0.16484190109703276 0.9382102775471858
pubmed NCN 0 93 0.168943852186203 0.9409783691126598
pubmed NCN 0 94 0.16635303447643915 0.9405667737797703
pubmed NCN 0 95 0.17264418635103437 0.939246529894093
pubmed NCN 0 96 0.16023578412002987 0.9372305116664322
pubmed NCN 0 97 0.1618582001990742 0.9393462409031001
pubmed NCN 0 98 0.16436581644746992 0.9391276825110308
pubmed NCN 0 99 0.1604993815223376 0.9379184932095582
pubmed NCN 0 100 0.16148817953136232 0.9369556073188743
