/home/ubuntu/anaconda3/envs/mei_env/lib/python3.11/site-packages/torch/cuda/__init__.py:63: FutureWarning: The pynvml package is deprecated. Please install nvidia-ml-py instead. If you did not install pynvml directly, please report this to the maintainers of the package that installed pynvml for you.
  import pynvml  # type: ignore[import]
pubmed NCNC 0 1 1.08303964138031 0.7010789419916226
pubmed NCNC 0 2 0.7173806296454536 0.7102634324748892
pubmed NCNC 0 3 0.5702728629112244 0.7738923205755335
pubmed NCNC 0 4 0.47277913159794277 0.8334713984871926
pubmed NCNC 0 5 0.41062425408098435 0.8685777206648145
pubmed NCNC 0 6 0.36174193521340686 0.8846214042175233
pubmed NCNC 0 7 0.33631400101714665 0.8946598853412931
pubmed NCNC 0 8 0.3230377816491657 0.8982832450341475
pubmed NCNC 0 9 0.30553439093960655 0.904679547538302
pubmed NCNC 0 10 0.2976451847288344 0.9064724572960131
pubmed NCNC 0 11 0.28747567534446716 0.9097000497496887
pubmed NCNC 0 12 0.2738538384437561 0.9163940902659313
pubmed NCNC 0 13 0.2665137019422319 0.9205866492362431
pubmed NCNC 0 14 0.2633220942484008 0.9204948856799037
pubmed NCNC 0 15 0.2544376568661796 0.9149030108980469
pubmed NCNC 0 16 0.25355448573827744 0.9226659534308452
pubmed NCNC 0 17 0.24600087023443645 0.9231042179090464
pubmed NCNC 0 18 0.238452833559778 0.9248445173797558
pubmed NCNC 0 19 0.23612785008218554 0.9237946607644262
pubmed NCNC 0 20 0.23643304904301962 0.925404883674288
pubmed NCNC 0 21 0.23034712506665123 0.9272380685399639
pubmed NCNC 0 22 0.22649371127287546 0.929072532770903
pubmed NCNC 0 23 0.21894441627793843 0.9267889263263812
pubmed NCNC 0 24 0.22887440605296028 0.9307478797776632
pubmed NCNC 0 25 0.22010987914270824 0.9282114921780988
pubmed NCNC 0 26 0.22079014778137207 0.9316506754627244
pubmed NCNC 0 27 0.21771567232078975 0.934230546638303
pubmed NCNC 0 28 0.20846599423223072 0.9354399624142405
pubmed NCNC 0 29 0.2158068906929758 0.936183814681107
pubmed NCNC 0 30 0.21248176942269006 0.9342830185508435
pubmed NCNC 0 31 0.20600373711850908 0.9355474133966083
pubmed NCNC 0 32 0.2104286410742336 0.936131388475968
pubmed NCNC 0 33 0.20168671674198574 0.9359500970850249
pubmed NCNC 0 34 0.19496430456638336 0.9340048727345658
pubmed NCNC 0 35 0.20409853094153935 0.933753796344049
pubmed NCNC 0 36 0.1953913528058264 0.9325545180351138
pubmed NCNC 0 37 0.20740273263719347 0.9360160578741353
pubmed NCNC 0 38 0.20045110666089588 0.935293566386218
pubmed NCNC 0 39 0.19292949553993013 0.9374269382843391
pubmed NCNC 0 40 0.1905702700217565 0.9399166041539686
pubmed NCNC 0 41 0.19065362215042114 0.9380496763512628
pubmed NCNC 0 42 0.1923860783378283 0.9364907455160162
pubmed NCNC 0 43 0.19286272674798965 0.935609617643688
pubmed NCNC 0 44 0.19388626598649555 0.934591678127328
pubmed NCNC 0 45 0.1924317255616188 0.9373772455733197
pubmed NCNC 0 46 0.183314834203985 0.9397829719919071
pubmed NCNC 0 47 0.18907312634918425 0.9413160566457445
pubmed NCNC 0 48 0.19169890715016258 0.9371585976448341
pubmed NCNC 0 49 0.18708068297968972 0.9376792243556684
pubmed NCNC 0 50 0.1886294177836842 0.936585778090742
pubmed NCNC 0 51 0.184069086280134 0.9392640627523299
pubmed NCNC 0 52 0.18098321805397669 0.9389273619982104
pubmed NCNC 0 53 0.18263358374436697 0.9383949327597794
pubmed NCNC 0 54 0.17446760336558023 0.9392918173471368
pubmed NCNC 0 55 0.1827086086074511 0.9378802300375351
pubmed NCNC 0 56 0.18091290526919895 0.9365034759664722
pubmed NCNC 0 57 0.18004662046829858 0.9357148229327833
pubmed NCNC 0 58 0.18013216141197416 0.9318471183599794
pubmed NCNC 0 59 0.17945411221848595 0.9383181837717036
pubmed NCNC 0 60 0.16992884543206957 0.93860129791989
pubmed NCNC 0 61 0.16551795105139414 0.9370272477221935
pubmed NCNC 0 62 0.17474428315957388 0.9374517123219741
pubmed NCNC 0 63 0.16958048360215294 0.9363924508103209
pubmed NCNC 0 64 0.17676887412865958 0.9364053897616622
pubmed NCNC 0 65 0.1697013402978579 0.9407613165603184
pubmed NCNC 0 66 0.17030328760544458 0.9392549721726564
pubmed NCNC 0 67 0.16803779784176084 0.9397042074952726
pubmed NCNC 0 68 0.16577755908171335 0.9406197757655738
pubmed NCNC 0 69 0.17395010673337513 0.9426731402548983
pubmed NCNC 0 70 0.16884836554527283 0.9374040789485286
pubmed NCNC 0 71 0.16441592988040712 0.9388768323371609
pubmed NCNC 0 72 0.16753242164850235 0.9423933389541136
pubmed NCNC 0 73 0.1655954983499315 0.9398808628445362
pubmed NCNC 0 74 0.1620381482773357 0.9385153429602888
pubmed NCNC 0 75 0.17011505862077078 0.9361177092562472
pubmed NCNC 0 76 0.16336917132139206 0.9401471785835505
pubmed NCNC 0 77 0.1656169444322586 0.9383500750152374
pubmed NCNC 0 78 0.16651564836502075 0.940300699100338
pubmed NCNC 0 79 0.1622842467493481 0.9395381061728084
pubmed NCNC 0 80 0.1614043489098549 0.9399909176852265
pubmed NCNC 0 81 0.16448748856782913 0.9410825310870438
pubmed NCNC 0 82 0.16051125526428223 0.93798776684607
pubmed NCNC 0 83 0.16392674214310116 0.9352717967451722
pubmed NCNC 0 84 0.1632492740948995 0.9428431019191398
pubmed NCNC 0 85 0.15951265560256112 0.935676669149142
pubmed NCNC 0 86 0.1616766502459844 0.9380293392928772
pubmed NCNC 0 87 0.1593581893377834 0.9364271471108114
pubmed NCNC 0 88 0.1592592853638861 0.9391513545620044
pubmed NCNC 0 89 0.16551248729228973 0.9449321217540982
pubmed NCNC 0 90 0.15852724512418112 0.938931924782822
pubmed NCNC 0 91 0.16477194014522764 0.9382543443069166
pubmed NCNC 0 92 0.16357015073299408 0.9402758663907527
pubmed NCNC 0 93 0.16021180484029982 0.9400560743408215
pubmed NCNC 0 94 0.1593860230512089 0.9408636928154076
pubmed NCNC 0 95 0.15964699702130425 0.9405038572288121
pubmed NCNC 0 96 0.14973697852757242 0.9392243507182986
pubmed NCNC 0 97 0.15630791750219133 0.9401483502546626
pubmed NCNC 0 98 0.15373212099075317 0.942129628352818
pubmed NCNC 0 99 0.15505675392018425 0.9389661276938299
pubmed NCNC 0 100 0.15532788137594858 0.9420740736399582
