/home/ubuntu/anaconda3/envs/mei_env/lib/python3.11/site-packages/torch/cuda/__init__.py:63: FutureWarning: The pynvml package is deprecated. Please install nvidia-ml-py instead. If you did not install pynvml directly, please report this to the maintainers of the package that installed pynvml for you.
  import pynvml  # type: ignore[import]
pubmed NCNC 4 1 1.0209644039471943 0.7385123186380718
pubmed NCNC 4 2 0.8450958265198601 0.7544858574986354
pubmed NCNC 4 3 0.709544814295239 0.6849555159291171
pubmed NCNC 4 4 0.6573129097620646 0.7376968753215666
pubmed NCNC 4 5 0.5890560878647698 0.7403074320473184
pubmed NCNC 4 6 0.5122202667925093 0.780676641349024
pubmed NCNC 4 7 0.45069156255986953 0.8318609689548317
pubmed NCNC 4 8 0.4002981682618459 0.8572959806939952
pubmed NCNC 4 9 0.3734811147054036 0.8731056210636535
pubmed NCNC 4 10 0.3635533352692922 0.8830908687181251
pubmed NCNC 4 11 0.34169215791755253 0.8899984567177708
pubmed NCNC 4 12 0.32777903642919326 0.8933410302092613
pubmed NCNC 4 13 0.324101694756084 0.89944756031173
pubmed NCNC 4 14 0.3126624739832348 0.9021567256449927
pubmed NCNC 4 15 0.3053312301635742 0.9062645048994327
pubmed NCNC 4 16 0.30309852129883236 0.9082289501513329
pubmed NCNC 4 17 0.29254310495323604 0.9122081275623695
pubmed NCNC 4 18 0.29112688369221157 0.9126072809060174
pubmed NCNC 4 19 0.2825544940100776 0.9174699873932726
pubmed NCNC 4 20 0.278762420018514 0.9129671897496808
pubmed NCNC 4 21 0.2768281681670083 0.9136016560655549
pubmed NCNC 4 22 0.2751680016517639 0.9177421505490098
pubmed NCNC 4 23 0.27754638012912536 0.9191726444434026
pubmed NCNC 4 24 0.2719760172896915 0.9220931107099881
pubmed NCNC 4 25 0.2644312514199151 0.9178752454925739
pubmed NCNC 4 26 0.25772397137350506 0.9205667101650856
pubmed NCNC 4 27 0.25925281561083263 0.9217657655721735
pubmed NCNC 4 28 0.25226597487926483 0.9229942052031402
pubmed NCNC 4 29 0.2502233228749699 0.9229810158002848
pubmed NCNC 4 30 0.24455420424540839 0.9241611333161424
pubmed NCNC 4 31 0.23589930021100575 0.9240013529479181
pubmed NCNC 4 32 0.24019362446334627 0.9266452040989497
pubmed NCNC 4 33 0.2366943433880806 0.9268434341519126
pubmed NCNC 4 34 0.23427175978819528 0.927349271074717
pubmed NCNC 4 35 0.22938195947143766 0.92947578851035
pubmed NCNC 4 36 0.225766251484553 0.9303471569133068
pubmed NCNC 4 37 0.22884796559810638 0.9302430880479564
pubmed NCNC 4 38 0.22936761710378858 0.9324096902484035
pubmed NCNC 4 39 0.2254098421997494 0.9290844722365482
pubmed NCNC 4 40 0.2264397218823433 0.9330840785356075
pubmed NCNC 4 41 0.2160791200068262 0.9325819858629374
pubmed NCNC 4 42 0.21659989489449394 0.9338105770170698
pubmed NCNC 4 43 0.22116026944584316 0.9304153561128238
pubmed NCNC 4 44 0.21378917495409647 0.9341163912802
pubmed NCNC 4 45 0.218927172323068 0.9307559801899099
pubmed NCNC 4 46 0.210441744989819 0.9321969095886063
pubmed NCNC 4 47 0.2160512622859743 0.9331633932152884
pubmed NCNC 4 48 0.20884515345096588 0.9325475763294302
pubmed NCNC 4 49 0.21266954806115893 0.936283393761096
pubmed NCNC 4 50 0.2116718300514751 0.9356765013466277
pubmed NCNC 4 51 0.20511098123259014 0.9350283707915998
pubmed NCNC 4 52 0.20858184248209 0.936471405650106
pubmed NCNC 4 53 0.2000873370303048 0.9396708266913592
pubmed NCNC 4 54 0.2011874947283003 0.9362011847458599
pubmed NCNC 4 55 0.20340537114275825 0.9379952494805003
pubmed NCNC 4 56 0.2074822319878472 0.9370979155168305
pubmed NCNC 4 57 0.20049439122279486 0.9348874404724206
pubmed NCNC 4 58 0.19791371044185427 0.9359090509818468
pubmed NCNC 4 59 0.1906022975842158 0.9353165374036312
pubmed NCNC 4 60 0.19083238972557914 0.9360022348289495
pubmed NCNC 4 61 0.1922851809197002 0.9336411595324049
pubmed NCNC 4 62 0.18939506510893503 0.9356281842405489
pubmed NCNC 4 63 0.18847515682379404 0.9369792286534163
pubmed NCNC 4 64 0.19448940538697773 0.9375871587745758
pubmed NCNC 4 65 0.1896018543177181 0.9358084120499806
pubmed NCNC 4 66 0.18550214419762293 0.9375390103278188
pubmed NCNC 4 67 0.1886223471826977 0.9351664359454592
pubmed NCNC 4 68 0.18604150497251087 0.9381483730316384
pubmed NCNC 4 69 0.18374443136983448 0.9393200962695547
pubmed NCNC 4 70 0.1834817205866178 0.9395233860692291
pubmed NCNC 4 71 0.1825611169139544 0.9408450529614787
pubmed NCNC 4 72 0.18166782375839022 0.9394573791578827
pubmed NCNC 4 73 0.1875339067644543 0.9394536349077486
pubmed NCNC 4 74 0.18077689243687523 0.938712186137993
pubmed NCNC 4 75 0.17918135888046688 0.9395091971806773
pubmed NCNC 4 76 0.18313249035014045 0.9410135220723288
pubmed NCNC 4 77 0.18044328772359425 0.939594369874747
pubmed NCNC 4 78 0.1804684516456392 0.94012883131592
pubmed NCNC 4 79 0.18471943918201658 0.9411356261818807
pubmed NCNC 4 80 0.17079953849315643 0.9395298800928313
pubmed NCNC 4 81 0.17765559173292583 0.9401465173915535
pubmed NCNC 4 82 0.16908248431152767 0.9414745215173916
pubmed NCNC 4 83 0.1717676950825585 0.93722127313621
pubmed NCNC 4 84 0.17221340785423914 0.9358575439802878
pubmed NCNC 4 85 0.1811371139354176 0.9381178012721334
pubmed NCNC 4 86 0.1704869361387359 0.9381057138559393
pubmed NCNC 4 87 0.17287298871411216 0.9401126889055589
pubmed NCNC 4 88 0.17705770913097593 0.9403855796229441
pubmed NCNC 4 89 0.17282216085327995 0.9401744690327725
pubmed NCNC 4 90 0.1681414693593979 0.9387193231958574
pubmed NCNC 4 91 0.16934921592473984 0.9397290986189903
pubmed NCNC 4 92 0.17047767755058077 0.9413957294710904
pubmed NCNC 4 93 0.1712695848610666 0.938585987192711
pubmed NCNC 4 94 0.1676829299992985 0.9389821858346227
pubmed NCNC 4 95 0.16588351709975135 0.9414103858936893
pubmed NCNC 4 96 0.1683594286441803 0.9421562517907283
pubmed NCNC 4 97 0.16281633079051971 0.9417940037299244
pubmed NCNC 4 98 0.16199264923731485 0.9421689546915178
pubmed NCNC 4 99 0.1691691560877694 0.9412812123947052
pubmed NCNC 4 100 0.1589329002632035 0.941737551958671
