/home/ubuntu/anaconda3/envs/mei_env/lib/python3.11/site-packages/torch/cuda/__init__.py:63: FutureWarning: The pynvml package is deprecated. Please install nvidia-ml-py instead. If you did not install pynvml directly, please report this to the maintainers of the package that installed pynvml for you.
  import pynvml  # type: ignore[import]
cora NCN 1 1 1.686389644940694 0.5985086789016206
cora NCN 1 2 1.4033139149347942 0.6237696772732501
cora NCN 1 3 1.299166480700175 0.6181682956252109
cora NCN 1 4 1.2381004095077515 0.630758206544855
cora NCN 1 5 1.1722037394841511 0.6939586323666772
cora NCN 1 6 1.059621274471283 0.71521149230775
cora NCN 1 7 0.980117122332255 0.7415330392041418
cora NCN 1 8 0.9239350159962972 0.7505927427030088
cora NCN 1 9 0.8914931217829386 0.7492005881739721
cora NCN 1 10 0.8487010995546976 0.7550823278960161
cora NCN 1 11 0.8395297328631083 0.7579489901733248
cora NCN 1 12 0.8189069231351217 0.7619316889278865
cora NCN 1 13 0.7823778986930847 0.7645612731164062
cora NCN 1 14 0.7490960359573364 0.771311198307396
cora NCN 1 15 0.7489559253056844 0.7731777305921792
cora NCN 1 16 0.759096364180247 0.7838618552972165
cora NCN 1 17 0.7545218467712402 0.7870243576349593
cora NCN 1 18 0.7145355343818665 0.7795208450934239
cora NCN 1 19 0.747224489847819 0.7799887654282645
cora NCN 1 20 0.6931167244911194 0.7883347867495709
cora NCN 1 21 0.6918798685073853 0.793197661020855
cora NCN 1 22 0.719454030195872 0.8039109179793591
cora NCN 1 23 0.7109231352806091 0.8015654233810128
cora NCN 1 24 0.6847890615463257 0.8022343625955793
cora NCN 1 25 0.6655924916267395 0.8054967107248476
cora NCN 1 26 0.6876699924468994 0.8079160135076038
cora NCN 1 27 0.6718449195226034 0.8075989388727032
cora NCN 1 28 0.6387719710667928 0.8144654036289017
cora NCN 1 29 0.6655675172805786 0.8119555488426812
cora NCN 1 30 0.6458308696746826 0.8145206748868946
cora NCN 1 31 0.6548815766970316 0.8157345381254727
cora NCN 1 32 0.6479041576385498 0.814148745379984
cora NCN 1 33 0.6277734041213989 0.8177110259384623
cora NCN 1 34 0.6393109560012817 0.825650447988851
cora NCN 1 35 0.6301840345064799 0.8291954718285516
cora NCN 1 36 0.6095006664594015 0.8148233962022233
cora NCN 1 37 0.6115158994992574 0.8169401027340791
cora NCN 1 38 0.6161291003227234 0.8245552273644129
cora NCN 1 39 0.6110551357269287 0.8251888037584455
cora NCN 1 40 0.6356240510940552 0.8333355328960045
cora NCN 1 41 0.6049091219902039 0.8251611645197797
cora NCN 1 42 0.5831467111905416 0.8221937527595924
cora NCN 1 43 0.6215311288833618 0.8201196511557728
cora NCN 1 44 0.6166735887527466 0.8206794736737703
cora NCN 1 45 0.6029346386591593 0.8312669744703965
cora NCN 1 46 0.5903036793073019 0.8311236344981593
cora NCN 1 47 0.5833644866943359 0.8335943629669865
cora NCN 1 48 0.5646162033081055 0.8374680821924168
cora NCN 1 49 0.5771783192952474 0.8376086366105379
cora NCN 1 50 0.5812103549639384 0.8410095660570944
cora NCN 1 51 0.6089779535929362 0.8447379141770777
cora NCN 1 52 0.592712382475535 0.8389600645136319
cora NCN 1 53 0.5878243645032247 0.8356442617374177
cora NCN 1 54 0.5908927122751871 0.8385803307381254
cora NCN 1 55 0.6001607378323873 0.832634739573903
cora NCN 1 56 0.5843507846196493 0.8360779165912245
cora NCN 1 57 0.5866682926813761 0.835761814231396
cora NCN 1 58 0.58965003490448 0.8456403387487038
cora NCN 1 59 0.5487233400344849 0.8409350155547874
cora NCN 1 60 0.5436513622601827 0.8410210195381298
cora NCN 1 61 0.5429906447728475 0.8436614927109223
cora NCN 1 62 0.5665051937103271 0.844133760198399
cora NCN 1 63 0.5791243314743042 0.8452382324055328
cora NCN 1 64 0.5546414852142334 0.8410793084797487
cora NCN 1 65 0.5621649225552877 0.8415743951865626
cora NCN 1 66 0.5470816294352213 0.8412554736749254
cora NCN 1 67 0.5631738901138306 0.8427233446294884
cora NCN 1 68 0.5499681234359741 0.8421318786387828
cora NCN 1 69 0.5587511857350668 0.8443174696026406
cora NCN 1 70 0.555563767751058 0.8360490164672674
cora NCN 1 71 0.5563562711079916 0.8387734288925004
cora NCN 1 72 0.5460353096326193 0.8380901978860753
cora NCN 1 73 0.5487968524297079 0.8393288198471308
cora NCN 1 74 0.5285565455754598 0.8385328022210152
cora NCN 1 75 0.5434059302012125 0.8465657810714845
cora NCN 1 76 0.5469852288564047 0.8514892690748204
cora NCN 1 77 0.5502463380495707 0.8517457721830346
cora NCN 1 78 0.5115464727083842 0.8521776702385068
cora NCN 1 79 0.537675122419993 0.8442058416868303
cora NCN 1 80 0.5358136196931204 0.8458779813342552
cora NCN 1 81 0.5295295914014181 0.8473274417498305
cora NCN 1 82 0.5509424805641174 0.8525255389631369
cora NCN 1 83 0.5410937865575155 0.8492362638107437
cora NCN 1 84 0.5226988395055135 0.8542832025078726
cora NCN 1 85 0.5248393813769022 0.8538593551258504
cora NCN 1 86 0.5439659555753072 0.8511053637954777
cora NCN 1 87 0.5244836807250977 0.8482502356859324
cora NCN 1 88 0.5166855851809183 0.8513956786770476
cora NCN 1 89 0.5123354991277059 0.8522811366917831
cora NCN 1 90 0.537426769733429 0.8504699706270648
cora NCN 1 91 0.5314027468363444 0.8509379437186121
cora NCN 1 92 0.5232128500938416 0.8505577155817299
cora NCN 1 93 0.5259575446446737 0.8487093843607751
cora NCN 1 94 0.5287674069404602 0.8476823853775024
cora NCN 1 95 0.49735406041145325 0.8508615150775446
cora NCN 1 96 0.5367326537768046 0.8577478691121877
cora NCN 1 97 0.5097825427850088 0.8566924342639771
cora NCN 1 98 0.501867393652598 0.8532002198877323
cora NCN 1 99 0.5165874063968658 0.8507583915428623
cora NCN 1 100 0.512066642443339 0.8524506948036066
