/home/ubuntu/anaconda3/envs/mei_env/lib/python3.11/site-packages/torch/cuda/__init__.py:63: FutureWarning: The pynvml package is deprecated. Please install nvidia-ml-py instead. If you did not install pynvml directly, please report this to the maintainers of the package that installed pynvml for you.
  import pynvml  # type: ignore[import]
cora NCNC 0 1 1.7030919392903645 0.6400005545954881
cora NCNC 0 2 1.6754342317581177 0.7021184203408244
cora NCNC 0 3 1.3483397165934246 0.6799040432695627
cora NCNC 0 4 1.3173058032989502 0.678942084306038
cora NCNC 0 5 1.2552283604939778 0.669198634728688
cora NCNC 0 6 1.2406171162923176 0.6659422127292555
cora NCNC 0 7 1.203385591506958 0.6045607082733772
cora NCNC 0 8 1.1711543401082356 0.6273420490137286
cora NCNC 0 9 1.1675271193186443 0.612320628797721
cora NCNC 0 10 1.1487900813420613 0.6598461161213518
cora NCNC 0 11 1.0952846209208171 0.6652544499217208
cora NCNC 0 12 1.0372455914815266 0.7026778227488358
cora NCNC 0 13 0.9939714670181274 0.6663749801107215
cora NCNC 0 14 0.967326283454895 0.674386477818537
cora NCNC 0 15 0.9335025548934937 0.6864418956624281
cora NCNC 0 16 0.8825808763504028 0.6948696107441354
cora NCNC 0 17 0.8483701348304749 0.7077067452592769
cora NCNC 0 18 0.832755963007609 0.7048155194593058
cora NCNC 0 19 0.8180606166521708 0.7209425799780012
cora NCNC 0 20 0.7925283908843994 0.7318780640123446
cora NCNC 0 21 0.7958022157351176 0.7411972269386718
cora NCNC 0 22 0.7750178972880045 0.7510909348361821
cora NCNC 0 23 0.7698272665341696 0.7542010128344282
cora NCNC 0 24 0.7296502987543741 0.7658176809149746
cora NCNC 0 25 0.7123643358548483 0.7728741647775421
cora NCNC 0 26 0.6934750278790792 0.7721486862003525
cora NCNC 0 27 0.700507660706838 0.76548830341606
cora NCNC 0 28 0.6705967982610067 0.7744850662201072
cora NCNC 0 29 0.7183038592338562 0.780655997105867
cora NCNC 0 30 0.6576487024625143 0.7895510383152969
cora NCNC 0 31 0.6823992133140564 0.795818211317511
cora NCNC 0 32 0.6615373690923055 0.7891241732496486
cora NCNC 0 33 0.6633660395940145 0.7972261928585723
cora NCNC 0 34 0.6691593925158182 0.7898207022781767
cora NCNC 0 35 0.6478938261667887 0.7975163514136897
cora NCNC 0 36 0.6423517862955729 0.807808611404004
cora NCNC 0 37 0.6366979281107584 0.8028229480700965
cora NCNC 0 38 0.6360410849253336 0.8015346292912833
cora NCNC 0 39 0.6502627730369568 0.7944472299985609
cora NCNC 0 40 0.6336163481076559 0.8114081208187671
cora NCNC 0 41 0.6269633571306864 0.8243872851594838
cora NCNC 0 42 0.6308417518933614 0.811783697365782
cora NCNC 0 43 0.619600256284078 0.8038561053127146
cora NCNC 0 44 0.6102700034777323 0.8042349195698558
cora NCNC 0 45 0.6141956647237142 0.8031525241008284
cora NCNC 0 46 0.5654873649279276 0.7933163507240306
cora NCNC 0 47 0.5917326013247172 0.8119189708375574
cora NCNC 0 48 0.5816177129745483 0.8123434018753563
cora NCNC 0 49 0.5935287674268087 0.8096649284386928
cora NCNC 0 50 0.5633043646812439 0.8042714975749796
cora NCNC 0 51 0.5757680535316467 0.8067652893323296
cora NCNC 0 52 0.6109115878740946 0.822143145194476
cora NCNC 0 53 0.5595521529515585 0.823002386229293
cora NCNC 0 54 0.5740258097648621 0.8211991830952914
cora NCNC 0 55 0.5626533031463623 0.8248070982051077
cora NCNC 0 56 0.5589685837427775 0.8331918236268199
cora NCNC 0 57 0.5639162460962931 0.8432842822576663
cora NCNC 0 58 0.5465465784072876 0.837659182811274
cora NCNC 0 59 0.5373751521110535 0.8314673881996629
cora NCNC 0 60 0.541861097017924 0.8222777871374382
cora NCNC 0 61 0.5517366925875345 0.8259110589008527
cora NCNC 0 62 0.5434911648432413 0.8283252864884196
cora NCNC 0 63 0.5447971224784851 0.8315308967232475
cora NCNC 0 64 0.5310589671134949 0.8327230189229742
cora NCNC 0 65 0.5494446357091268 0.833468093121385
cora NCNC 0 66 0.5272303620974222 0.8339040112379115
cora NCNC 0 67 0.5280569791793823 0.8378510042533457
cora NCNC 0 68 0.5782917340596517 0.839321725621741
cora NCNC 0 69 0.5337516864140829 0.83741259074459
cora NCNC 0 70 0.5183808902899424 0.8327235603733856
cora NCNC 0 71 0.5425063172976176 0.8389658398213532
cora NCNC 0 72 0.5233232776323954 0.8379705265161539
cora NCNC 0 73 0.5184723834196726 0.8487312012026841
cora NCNC 0 74 0.5266473591327667 0.8339465682929115
cora NCNC 0 75 0.5424346129099528 0.8403812706094075
cora NCNC 0 76 0.5129301051298777 0.8315108509550174
cora NCNC 0 77 0.5229400396347046 0.8356373347818216
cora NCNC 0 78 0.5357281168301901 0.8424799746092522
cora NCNC 0 79 0.541079560915629 0.8510891215571377
cora NCNC 0 80 0.5168262720108032 0.840520469180165
cora NCNC 0 81 0.5220949053764343 0.8424800695713244
cora NCNC 0 82 0.5151434739430746 0.8476248508567901
cora NCNC 0 83 0.5072153608004252 0.8373964122062981
cora NCNC 0 84 0.5000646412372589 0.8372771187409971
cora NCNC 0 85 0.5241679151852926 0.8405077811921918
cora NCNC 0 86 0.5062975088755289 0.835012194185198
cora NCNC 0 87 0.5210602680842081 0.8391578900609319
cora NCNC 0 88 0.5176098048686981 0.8389737197296733
cora NCNC 0 89 0.4953624407450358 0.8355478330288216
cora NCNC 0 90 0.4893656373023987 0.8263109213036522
cora NCNC 0 91 0.4795195857683818 0.825022568927147
cora NCNC 0 92 0.4838913480440776 0.8384705524103869
cora NCNC 0 93 0.5052436192830404 0.8419305889195177
cora NCNC 0 94 0.507534404595693 0.8475447714516156
cora NCNC 0 95 0.5032441020011902 0.8504387300489963
cora NCNC 0 96 0.48279233773549396 0.8493362467697068
cora NCNC 0 97 0.47803764541943866 0.8389490526372655
cora NCNC 0 98 0.4922483762105306 0.8371899752127889
cora NCNC 0 99 0.48531893889109295 0.8452020624073856
cora NCNC 0 100 0.4806748628616333 0.8465026418448471
