/home/ubuntu/anaconda3/envs/mei_env/lib/python3.11/site-packages/torch/cuda/__init__.py:63: FutureWarning: The pynvml package is deprecated. Please install nvidia-ml-py instead. If you did not install pynvml directly, please report this to the maintainers of the package that installed pynvml for you.
  import pynvml  # type: ignore[import]
citeseer NCNC 0 1 1.750569748878479 0.6399603770282022
citeseer NCNC 0 2 1.3777507543563843 0.7057911351471519
citeseer NCNC 0 3 1.2084241390228272 0.7572865050644266
citeseer NCNC 0 4 1.033214509487152 0.8054333454113188
citeseer NCNC 0 5 0.9349839210510253 0.8285600657296692
citeseer NCNC 0 6 0.8405306756496429 0.8348358506398154
citeseer NCNC 0 7 0.7861009299755096 0.8378592406125446
citeseer NCNC 0 8 0.77061767578125 0.8360761485210825
citeseer NCNC 0 9 0.7259217858314514 0.8446349905601006
citeseer NCNC 0 10 0.7120595514774323 0.8496119152506816
citeseer NCNC 0 11 0.6770871043205261 0.8561378416003966
citeseer NCNC 0 12 0.6607546806335449 0.8685126914201804
citeseer NCNC 0 13 0.6429002106189727 0.8621564925529683
citeseer NCNC 0 14 0.6428184032440185 0.8687119781833438
citeseer NCNC 0 15 0.6429675936698913 0.8665335398815575
citeseer NCNC 0 16 0.5892506062984466 0.8590445530974166
citeseer NCNC 0 17 0.6062592089176178 0.8585977122126385
citeseer NCNC 0 18 0.5842826694250107 0.8601321585903083
citeseer NCNC 0 19 0.6079548001289368 0.8555800293685758
citeseer NCNC 0 20 0.5671752631664276 0.854936717712048
citeseer NCNC 0 21 0.5599430799484253 0.8556429620306272
citeseer NCNC 0 22 0.5456544399261475 0.8518689093578962
citeseer NCNC 0 23 0.5447611331939697 0.8572005454164044
citeseer NCNC 0 24 0.524055939912796 0.8638451856513532
citeseer NCNC 0 25 0.5468203276395798 0.8666666666666667
citeseer NCNC 0 26 0.5157050371170044 0.8654289909796516
citeseer NCNC 0 27 0.5147004395723342 0.8578473533319347
citeseer NCNC 0 28 0.5358697891235351 0.871040486679253
citeseer NCNC 0 29 0.4791093409061432 0.8763320746800922
citeseer NCNC 0 30 0.5077064037322998 0.8835955527585484
citeseer NCNC 0 31 0.5050559878349304 0.8785714285714286
citeseer NCNC 0 32 0.5171648055315018 0.878456052024334
citeseer NCNC 0 33 0.4997992396354675 0.8785661841829242
citeseer NCNC 0 34 0.48669822216033937 0.8831305503111669
citeseer NCNC 0 35 0.48153777718544005 0.8830885952031327
citeseer NCNC 0 36 0.4696001708507538 0.8825746451297112
citeseer NCNC 0 37 0.4659647583961487 0.8906754772393539
citeseer NCNC 0 38 0.4497008234262466 0.879924480805538
citeseer NCNC 0 39 0.4564822554588318 0.8816201664219286
citeseer NCNC 0 40 0.4147575706243515 0.8881424375917769
citeseer NCNC 0 41 0.4334432393312454 0.888252569750367
citeseer NCNC 0 42 0.4154075652360916 0.8820851688693099
citeseer NCNC 0 43 0.3959450513124466 0.8817180616740087
citeseer NCNC 0 44 0.44735385477542877 0.8865638766519823
citeseer NCNC 0 45 0.41838977932929994 0.8887264717661194
citeseer NCNC 0 46 0.41646759808063505 0.8922173274596182
citeseer NCNC 0 47 0.39718915820121764 0.8924375917767987
citeseer NCNC 0 48 0.37648652493953705 0.8922662750856584
citeseer NCNC 0 49 0.3911163628101349 0.8863855674428363
citeseer NCNC 0 50 0.4083219677209854 0.8844101811062164
citeseer NCNC 0 51 0.4066999077796936 0.886833088595203
citeseer NCNC 0 52 0.38263602554798126 0.8863436123348017
citeseer NCNC 0 53 0.37793591916561126 0.8852422907488986
citeseer NCNC 0 54 0.37650148570537567 0.8882211034193412
citeseer NCNC 0 55 0.369639578461647 0.8900566393958464
citeseer NCNC 0 56 0.3778550952672958 0.8875917767988253
citeseer NCNC 0 57 0.4107685834169388 0.884654919236417
citeseer NCNC 0 58 0.36643720865249635 0.8860098785208917
citeseer NCNC 0 59 0.37074628174304963 0.8816865953429831
citeseer NCNC 0 60 0.3749235272407532 0.8834067547723935
citeseer NCNC 0 61 0.3700486868619919 0.8834067547723935
citeseer NCNC 0 62 0.38296445906162263 0.8817180616740087
citeseer NCNC 0 63 0.3569230228662491 0.8748898678414097
citeseer NCNC 0 64 0.3636502683162689 0.8811306901615271
citeseer NCNC 0 65 0.3659344732761383 0.8864904552129222
citeseer NCNC 0 66 0.35988974273204805 0.8829662261380323
citeseer NCNC 0 67 0.37221531569957733 0.8844346549192365
citeseer NCNC 0 68 0.3975276529788971 0.8825991189427312
citeseer NCNC 0 69 0.3711894929409027 0.8835535976505139
citeseer NCNC 0 70 0.34764679372310636 0.884654919236417
citeseer NCNC 0 71 0.3352812170982361 0.8806167400881058
citeseer NCNC 0 72 0.36693454682827 0.8746696035242292
citeseer NCNC 0 73 0.35029870867729185 0.8798091042584435
citeseer NCNC 0 74 0.3385784149169922 0.8837004405286344
citeseer NCNC 0 75 0.37869163751602175 0.8835535976505139
citeseer NCNC 0 76 0.34053761661052706 0.8820117474302496
citeseer NCNC 0 77 0.33294701874256133 0.8862701908957415
citeseer NCNC 0 78 0.344794487953186 0.8859030837004405
citeseer NCNC 0 79 0.343830943107605 0.8843612334801763
citeseer NCNC 0 80 0.35155202746391295 0.887151248164464
citeseer NCNC 0 81 0.3443817585706711 0.8873715124816447
citeseer NCNC 0 82 0.32822399735450747 0.8777218376337319
citeseer NCNC 0 83 0.3357440739870071 0.8862387245647158
citeseer NCNC 0 84 0.3345697373151779 0.8842878120411161
citeseer NCNC 0 85 0.3199119657278061 0.886123348017621
citeseer NCNC 0 86 0.33188151121139525 0.8824942311726452
citeseer NCNC 0 87 0.32702719867229463 0.8802915880008391
citeseer NCNC 0 88 0.3204524785280228 0.8772813089993705
citeseer NCNC 0 89 0.3372907355427742 0.8805433186490454
citeseer NCNC 0 90 0.3247942000627518 0.8860499265785609
citeseer NCNC 0 91 0.3251307517290115 0.8830396475770924
citeseer NCNC 0 92 0.32491708993911744 0.8821585903083701
citeseer NCNC 0 93 0.3430903732776642 0.8826410740507656
citeseer NCNC 0 94 0.3197789937257767 0.8846968743444513
citeseer NCNC 0 95 0.30860036313533784 0.8852108244178728
citeseer NCNC 0 96 0.3375688135623932 0.8989720998531571
citeseer NCNC 0 97 0.3052440047264099 0.8971365638766519
citeseer NCNC 0 98 0.3286653280258179 0.8961506188378435
citeseer NCNC 0 99 0.29968346655368805 0.8976872246696034
citeseer NCNC 0 100 0.30146642327308654 0.8941367736521921
