/home/ubuntu/anaconda3/envs/mei_env/lib/python3.11/site-packages/torch/cuda/__init__.py:63: FutureWarning: The pynvml package is deprecated. Please install nvidia-ml-py instead. If you did not install pynvml directly, please report this to the maintainers of the package that installed pynvml for you.
  import pynvml  # type: ignore[import]
cora NCNC 1 1 1.6787105798721313 0.6661555112633113
cora NCNC 1 2 1.3698774178822835 0.7079962085855328
cora NCNC 1 3 1.2816698948542278 0.6772220079711927
cora NCNC 1 4 1.2049530744552612 0.6880164176316867
cora NCNC 1 5 1.155950705210368 0.6660593220668971
cora NCNC 1 6 1.159157633781433 0.7212730442650748
cora NCNC 1 7 1.0259714523951213 0.7144106943686691
cora NCNC 1 8 0.9618244965871176 0.7596285910074183
cora NCNC 1 9 0.9032678206761678 0.7467290910088941
cora NCNC 1 10 0.9012062350908915 0.7548883817469969
cora NCNC 1 11 0.8339231610298157 0.7412831551189566
cora NCNC 1 12 0.8331887722015381 0.771713200296821
cora NCNC 1 13 0.8053926229476929 0.768464217221707
cora NCNC 1 14 0.8180508017539978 0.7503697084495563
cora NCNC 1 15 0.7752238313357035 0.7570202980374082
cora NCNC 1 16 0.7514943281809489 0.7494506530202948
cora NCNC 1 17 0.7556713422139486 0.7590648894831403
cora NCNC 1 18 0.7740959525108337 0.7657734323133563
cora NCNC 1 19 0.7197926044464111 0.7767457299776691
cora NCNC 1 20 0.722697893778483 0.7728681436856342
cora NCNC 1 21 0.71094944079717 0.7833413998337954
cora NCNC 1 22 0.7032774488131205 0.7865955722251853
cora NCNC 1 23 0.6954987645149231 0.7921860609362816
cora NCNC 1 24 0.6790517369906107 0.8064425536741279
cora NCNC 1 25 0.6685184637705485 0.8094453474138639
cora NCNC 1 26 0.6896404226620992 0.8033888563763842
cora NCNC 1 27 0.6730459729830424 0.7974899636686414
cora NCNC 1 28 0.6622374653816223 0.7841735573557019
cora NCNC 1 29 0.6245655218760172 0.7993520896087436
cora NCNC 1 30 0.6670392950375875 0.7968673821642958
cora NCNC 1 31 0.6354353626569113 0.7932520600128518
cora NCNC 1 32 0.6320034464200338 0.7951079354428717
cora NCNC 1 33 0.6368261973063151 0.8047501253489552
cora NCNC 1 34 0.6360496679941813 0.8073012218331763
cora NCNC 1 35 0.6147279342015585 0.8054277010650835
cora NCNC 1 36 0.6210760474205017 0.8083546556505332
cora NCNC 1 37 0.6132984757423401 0.8072674907465487
cora NCNC 1 38 0.5979432662328085 0.8079455273896938
cora NCNC 1 39 0.5823495388031006 0.8008716775709325
cora NCNC 1 40 0.6144968072573344 0.8122557047937277
cora NCNC 1 41 0.5871343612670898 0.804864087283539
cora NCNC 1 42 0.5901649395624796 0.808589417719896
cora NCNC 1 43 0.5890171726544698 0.8074547231391337
cora NCNC 1 44 0.611948549747467 0.8115670715005315
cora NCNC 1 45 0.580125610033671 0.8174165747024168
cora NCNC 1 46 0.5903610587120056 0.8140336427408671
cora NCNC 1 47 0.5911889672279358 0.8225325913163616
cora NCNC 1 48 0.5905488332112631 0.8190527413318441
cora NCNC 1 49 0.5594578186670939 0.8198564930911691
cora NCNC 1 50 0.5431090990702311 0.8156735529241386
cora NCNC 1 51 0.561094601949056 0.7904957718220676
cora NCNC 1 52 0.5727270841598511 0.8078589061528826
cora NCNC 1 53 0.5531325936317444 0.814784676666806
cora NCNC 1 54 0.5545969009399414 0.7947744620798454
cora NCNC 1 55 0.5625765522321066 0.8026398223216314
cora NCNC 1 56 0.5567360122998556 0.81011764234698
cora NCNC 1 57 0.5514592130978903 0.8190654930198656
cora NCNC 1 58 0.5209874908129374 0.8227227389824947
cora NCNC 1 59 0.5343377192815145 0.8187725911159973
cora NCNC 1 60 0.5409856637318929 0.8176818356526182
cora NCNC 1 61 0.5293298959732056 0.820800748847577
cora NCNC 1 62 0.5449023048082987 0.8289468486286578
cora NCNC 1 63 0.5558490753173828 0.8240148912302204
cora NCNC 1 64 0.5459719896316528 0.8243984643056439
cora NCNC 1 65 0.5168456633885702 0.8157614315509053
cora NCNC 1 66 0.5492091377576193 0.8301482417334282
cora NCNC 1 67 0.530215322971344 0.8257377286844967
cora NCNC 1 68 0.5291952888170878 0.8289419528062714
cora NCNC 1 69 0.5014875928560892 0.8257117546140961
cora NCNC 1 70 0.5521126588185629 0.8201155974970263
cora NCNC 1 71 0.5367478926976522 0.8210916809826156
cora NCNC 1 72 0.5277704397837321 0.8173039321428356
cora NCNC 1 73 0.5305633147557577 0.8193911212972651
cora NCNC 1 74 0.5071229437987009 0.8210672124220253
cora NCNC 1 75 0.4926651418209076 0.8307001228153921
cora NCNC 1 76 0.49156983693440753 0.8307531188709896
cora NCNC 1 77 0.5193990667661031 0.8330191671446425
cora NCNC 1 78 0.5190612475077311 0.83184099381818
cora NCNC 1 79 0.5123255451520284 0.834246182630213
cora NCNC 1 80 0.5276120901107788 0.8275923274022132
cora NCNC 1 81 0.5061511596043905 0.8298446095074071
cora NCNC 1 82 0.49984997510910034 0.8332991642027063
cora NCNC 1 83 0.5144031643867493 0.8309518250632919
cora NCNC 1 84 0.49863892793655396 0.8304536751354842
cora NCNC 1 85 0.5183956126372019 0.8313840326029992
cora NCNC 1 86 0.5362585186958313 0.8354907762584722
cora NCNC 1 87 0.5069590409596761 0.8328953362105607
cora NCNC 1 88 0.506999691327413 0.8418200884455639
cora NCNC 1 89 0.4987773100535075 0.8329407722300811
cora NCNC 1 90 0.5117447177569071 0.8461599338858048
cora NCNC 1 91 0.5132254262765249 0.8383605621248208
cora NCNC 1 92 0.5059722264607748 0.8465336344663942
cora NCNC 1 93 0.4795653422673543 0.8294027367103566
cora NCNC 1 94 0.5020944476127625 0.8461992274729917
cora NCNC 1 95 0.4983551899592082 0.8342180068248062
cora NCNC 1 96 0.5122236410776774 0.848234853610579
cora NCNC 1 97 0.48103997111320496 0.8452290421872172
cora NCNC 1 98 0.48703116178512573 0.845470456877301
cora NCNC 1 99 0.49437902371088666 0.8440903588074243
cora NCNC 1 100 0.5136076211929321 0.8332667121640506
