/home/ubuntu/anaconda3/envs/mei_env/lib/python3.11/site-packages/torch/cuda/__init__.py:63: FutureWarning: The pynvml package is deprecated. Please install nvidia-ml-py instead. If you did not install pynvml directly, please report this to the maintainers of the package that installed pynvml for you.
  import pynvml  # type: ignore[import]
cora NCN 0 1 1.697786808013916 0.5919349225644768
cora NCN 0 2 1.5768227179845173 0.5832233594137796
cora NCN 0 3 1.3338578939437866 0.5869861014112272
cora NCN 0 4 1.353734811147054 0.5850037095674184
cora NCN 0 5 1.3010315895080566 0.6050917666751874
cora NCN 0 6 1.3102837800979614 0.6018026132552201
cora NCN 0 7 1.270534873008728 0.6080128785288645
cora NCN 0 8 1.2188223600387573 0.6051742585481947
cora NCN 0 9 1.1913249492645264 0.6231574893954674
cora NCN 0 10 1.161210258801778 0.6557225944447984
cora NCN 0 11 1.0688879489898682 0.6921243357527188
cora NCN 0 12 0.9973961512247721 0.7081101898424644
cora NCN 0 13 0.9412514766057333 0.7287943184381047
cora NCN 0 14 0.8989897767702738 0.7472867753286004
cora NCN 0 15 0.8861936330795288 0.7565654930198656
cora NCN 0 16 0.8423773447672526 0.7553276254797168
cora NCN 0 17 0.8315973281860352 0.7556763473113283
cora NCN 0 18 0.7991422017415365 0.7590937368503908
cora NCN 0 19 0.8143295447031657 0.7553857158895182
cora NCN 0 20 0.7705873648325602 0.7764108093005432
cora NCN 0 21 0.7657522559165955 0.7886769388195244
cora NCN 0 22 0.7510014971097311 0.782942722676563
cora NCN 0 23 0.761921226978302 0.7910449409806377
cora NCN 0 24 0.7343815167744955 0.7779142329997843
cora NCN 0 25 0.7452500065167745 0.7911927953753048
cora NCN 0 26 0.7296164830525717 0.7947422398350309
cora NCN 0 27 0.7002679109573364 0.803477324489932
cora NCN 0 28 0.715385635693868 0.8138859747750082
cora NCN 0 29 0.7232715884844462 0.8078565393204177
cora NCN 0 30 0.6889804402987162 0.8104782748626408
cora NCN 0 31 0.6916377147038778 0.8039567367871703
cora NCN 0 32 0.695924719174703 0.8104940875993214
cora NCN 0 33 0.6966551939646403 0.8123131192970154
cora NCN 0 34 0.6772568623224894 0.817407430021469
cora NCN 0 35 0.6619978348414103 0.8148020596096796
cora NCN 0 36 0.6423718929290771 0.8102887143476203
cora NCN 0 37 0.6573599576950073 0.8085322995851667
cora NCN 0 38 0.6351374983787537 0.8110324504693479
cora NCN 0 39 0.6203553875287374 0.8083872522392987
cora NCN 0 40 0.665343721707662 0.8090481249534035
cora NCN 0 41 0.637348453203837 0.806445509993374
cora NCN 0 42 0.6152752240498861 0.8132961883912454
cora NCN 0 43 0.6469473441441854 0.8065463845406811
cora NCN 0 44 0.6317699154218038 0.8143380436631387
cora NCN 0 45 0.6270655989646912 0.8217421289714667
cora NCN 0 46 0.5923584898312887 0.8268344700904237
cora NCN 0 47 0.6010263760884603 0.8242470242352524
cora NCN 0 48 0.5925440192222595 0.8246151816376305
cora NCN 0 49 0.5851127107938131 0.8255995637531912
cora NCN 0 50 0.6300200819969177 0.8373833861834015
cora NCN 0 51 0.5886071920394897 0.8318320949214191
cora NCN 0 52 0.5963238080342611 0.8369161817881049
cora NCN 0 53 0.595833420753479 0.834868778409903
cora NCN 0 54 0.5822981794675192 0.8334746085746686
cora NCN 0 55 0.5644968152046204 0.8328567378522351
cora NCN 0 56 0.5786775151888529 0.8305632982964382
cora NCN 0 57 0.5701990922292074 0.8230744362923671
cora NCN 0 58 0.582999070485433 0.8284440350079734
cora NCN 0 59 0.5733940601348877 0.8382664580433242
cora NCN 0 60 0.5662292242050171 0.8399035514104556
cora NCN 0 61 0.5635947585105896 0.8375869569360664
cora NCN 0 62 0.567753791809082 0.8357168846762604
cora NCN 0 63 0.5681582490603129 0.8317516483916323
cora NCN 0 64 0.5313871502876282 0.8322557387246202
cora NCN 0 65 0.5671390295028687 0.8310635215628212
cora NCN 0 66 0.571860690911611 0.8354965937715587
cora NCN 0 67 0.5733534892400106 0.8350062201823257
cora NCN 0 68 0.5837591687838236 0.8415174284946149
cora NCN 0 69 0.5664609471956888 0.8430083013733203
cora NCN 0 70 0.5508271853129069 0.8433114414103008
cora NCN 0 71 0.5663977464040121 0.8428301208719459
cora NCN 0 72 0.560766339302063 0.8429206513807275
cora NCN 0 73 0.5476803779602051 0.8410466698489512
cora NCN 0 74 0.540858268737793 0.8453619574342007
cora NCN 0 75 0.5476241509119669 0.8466339110825802
cora NCN 0 76 0.5277597308158875 0.8455820162093926
cora NCN 0 77 0.5377252101898193 0.8461387788383986
cora NCN 0 78 0.5388748645782471 0.8494159832562874
cora NCN 0 79 0.5416159828503927 0.8504090332987673
cora NCN 0 80 0.5287072857220968 0.8524352706862213
cora NCN 0 81 0.5470069845517477 0.8490371267937807
cora NCN 0 82 0.5321561296780905 0.8475478999243258
cora NCN 0 83 0.5232123136520386 0.8471043004312967
cora NCN 0 84 0.5297415256500244 0.8464450737264425
cora NCN 0 85 0.5167827208836874 0.8441982710994117
cora NCN 0 86 0.5323010087013245 0.8413827722763084
cora NCN 0 87 0.5397292772928873 0.843358352673942
cora NCN 0 88 0.5411907235781351 0.8457376590456438
cora NCN 0 89 0.5279850165049235 0.8448204203907627
cora NCN 0 90 0.526092916727066 0.8508016065050285
cora NCN 0 91 0.5143830974896749 0.8526393758332922
cora NCN 0 92 0.508912205696106 0.8520838899165896
cora NCN 0 93 0.541788915793101 0.8501404594560488
cora NCN 0 94 0.5120218992233276 0.853174603174603
cora NCN 0 95 0.5098897020022074 0.8539601538700997
cora NCN 0 96 0.5264646609624227 0.8546361150023347
cora NCN 0 97 0.5226059158643087 0.8557104103732079
cora NCN 0 98 0.5168610711892446 0.8557637757257529
cora NCN 0 99 0.5130820671717325 0.8521093608546081
cora NCN 0 100 0.48875153064727783 0.8517653449212383
