/home/ubuntu/anaconda3/envs/mei_env/lib/python3.11/site-packages/torch/cuda/__init__.py:63: FutureWarning: The pynvml package is deprecated. Please install nvidia-ml-py instead. If you did not install pynvml directly, please report this to the maintainers of the package that installed pynvml for you.
  import pynvml  # type: ignore[import]
pubmed NCN 3 1 0.9556350542439355 0.7492263402461958
pubmed NCN 3 2 0.5498014688491821 0.8221512411325137
pubmed NCN 3 3 0.4465109457572301 0.8735202967660097
pubmed NCN 3 4 0.37832813296053147 0.8989336796965806
pubmed NCN 3 5 0.3518002960417006 0.901366259737792
pubmed NCN 3 6 0.33914993537796867 0.9082467914603816
pubmed NCN 3 7 0.3215945363044739 0.9141395411595392
pubmed NCN 3 8 0.30887727273835075 0.9179579111669885
pubmed NCN 3 9 0.29188665913210976 0.9188506787734296
pubmed NCN 3 10 0.28159361249870724 0.9215655621454358
pubmed NCN 3 11 0.27958641780747306 0.9229012972675373
pubmed NCN 3 12 0.27704527146286434 0.9277676764420898
pubmed NCN 3 13 0.27065811968512005 0.9281592264732228
pubmed NCN 3 14 0.2667482751939032 0.9253907790553045
pubmed NCN 3 15 0.2562093585729599 0.9271235514635785
pubmed NCN 3 16 0.24845359143283632 0.9261578538126772
pubmed NCN 3 17 0.24461698946025637 0.9283090593221459
pubmed NCN 3 18 0.24624653740061653 0.9303464569013252
pubmed NCN 3 19 0.24641518708732393 0.9314653039588006
pubmed NCN 3 20 0.23426626871029535 0.9313517916349594
pubmed NCN 3 21 0.23098314222362307 0.9300508387771474
pubmed NCN 3 22 0.23121927595800823 0.9319871695943446
pubmed NCN 3 23 0.23499908215469784 0.9321337552928655
pubmed NCN 3 24 0.22670399811532763 0.9338702245496416
pubmed NCN 3 25 0.2285144610537423 0.9291047220517382
pubmed NCN 3 26 0.22903048826588523 0.9286393935987799
pubmed NCN 3 27 0.2205068204138014 0.9280417311328865
pubmed NCN 3 28 0.21399353610144722 0.9319587702710445
pubmed NCN 3 29 0.2133098476462894 0.9307564477239568
pubmed NCN 3 30 0.21589057561424044 0.9315704232840967
pubmed NCN 3 31 0.21938306341568628 0.9323643426869962
pubmed NCN 3 32 0.21336270289288628 0.9313391308689543
pubmed NCN 3 33 0.21333996868795818 0.9324075689240798
pubmed NCN 3 34 0.21185494628217486 0.9350404070959124
pubmed NCN 3 35 0.2079847769604789 0.9336311460389025
pubmed NCN 3 36 0.2018200167351299 0.9341785097011126
pubmed NCN 3 37 0.20347891168461907 0.9353103119892778
pubmed NCN 3 38 0.19877726998594072 0.9315691422246024
pubmed NCN 3 39 0.199850395321846 0.9337107180575139
pubmed NCN 3 40 0.20028172433376312 0.9326352066255044
pubmed NCN 3 41 0.20784217947059208 0.9383521180734627
pubmed NCN 3 42 0.1966085417403115 0.9347200733482323
pubmed NCN 3 43 0.20504282746050093 0.9343845803965387
pubmed NCN 3 44 0.19428165919250912 0.935273693289262
pubmed NCN 3 45 0.1955627981159422 0.9372200210627954
pubmed NCN 3 46 0.19745422899723053 0.9387183840026799
pubmed NCN 3 47 0.2003023773431778 0.9356185288927112
pubmed NCN 3 48 0.1923337769177225 0.9380049121305888
pubmed NCN 3 49 0.1948659047484398 0.9385544703741906
pubmed NCN 3 50 0.18717234830061594 0.9375423507248868
pubmed NCN 3 51 0.19537351611587736 0.9361217659446449
pubmed NCN 3 52 0.19162583102782568 0.93502010987909
pubmed NCN 3 53 0.1911508184340265 0.9345266909684778
pubmed NCN 3 54 0.19357856031921175 0.9370602866597901
pubmed NCN 3 55 0.18783818930387497 0.9378553424864345
pubmed NCN 3 56 0.19297516263193554 0.9397738668271158
pubmed NCN 3 57 0.1888420292072826 0.9402793583109864
pubmed NCN 3 58 0.18454675210846794 0.9392714468732466
pubmed NCN 3 59 0.18837607155243555 0.93901325098361
pubmed NCN 3 60 0.1802931154767672 0.9387019238872075
pubmed NCN 3 61 0.17784258143769371 0.9330825418314135
pubmed NCN 3 62 0.17655859970384175 0.942180737367149
pubmed NCN 3 63 0.18558653692404428 0.9357502482313349
pubmed NCN 3 64 0.18360214597649044 0.9386350677339341
pubmed NCN 3 65 0.17636585070027244 0.937674880900287
pubmed NCN 3 66 0.18123974402745566 0.9352246110538078
pubmed NCN 3 67 0.1769183228413264 0.938605953813535
pubmed NCN 3 68 0.17765296002229056 0.9358428600080224
pubmed NCN 3 69 0.17786020620001686 0.9341254344582414
pubmed NCN 3 70 0.17670057465632757 0.9352296870798678
pubmed NCN 3 71 0.17676827973789638 0.936723554783387
pubmed NCN 3 72 0.17542437463998795 0.9385870503593878
pubmed NCN 3 73 0.17745431512594223 0.9394160206358257
pubmed NCN 3 74 0.17322263369957605 0.9379756320282441
pubmed NCN 3 75 0.1744408963455094 0.9390807541585973
pubmed NCN 3 76 0.17278631611002815 0.9384022584665636
pubmed NCN 3 77 0.18003249747885597 0.936723092516188
pubmed NCN 3 78 0.17229800505770576 0.9396304879024139
pubmed NCN 3 79 0.1739023526509603 0.9370992350008597
pubmed NCN 3 80 0.17389592859480116 0.9398243540955634
pubmed NCN 3 81 0.17420313755671182 0.9361849053974505
pubmed NCN 3 82 0.1810930064982838 0.9384233416591667
pubmed NCN 3 83 0.16862446318070093 0.9396195223248471
pubmed NCN 3 84 0.1746472716331482 0.9385460702304115
pubmed NCN 3 85 0.16686424033509362 0.9348610932038279
pubmed NCN 3 86 0.17152129527595308 0.9388719625187656
pubmed NCN 3 87 0.1701495432191425 0.9365502561105395
pubmed NCN 3 88 0.17096803254551357 0.9366091289376488
pubmed NCN 3 89 0.1702306717634201 0.9398091767338157
pubmed NCN 3 90 0.16500642150640488 0.9338001924870156
pubmed NCN 3 91 0.16453702913390267 0.93834985211339
pubmed NCN 3 92 0.16377071125639808 0.9414643727800716
pubmed NCN 3 93 0.17062178668048647 0.9380861800742614
pubmed NCN 3 94 0.16508043805758157 0.9367288626883914
pubmed NCN 3 95 0.1661743000149727 0.9392473031631425
pubmed NCN 3 96 0.1641692908273803 0.9392005064819091
pubmed NCN 3 97 0.1654327710469564 0.9398794027122096
pubmed NCN 3 98 0.16841310179895824 0.9372688514103226
pubmed NCN 3 99 0.1680833970506986 0.9362422087038513
pubmed NCN 3 100 0.16250242375665241 0.9395024706791405
