/home/ubuntu/anaconda3/envs/mei_env/lib/python3.11/site-packages/torch/cuda/__init__.py:63: FutureWarning: The pynvml package is deprecated. Please install nvidia-ml-py instead. If you did not install pynvml directly, please report this to the maintainers of the package that installed pynvml for you.
  import pynvml  # type: ignore[import]
citeseer NCN 0 1 1.7448665857315064 0.7011557537794905
citeseer NCN 0 2 1.3135762453079223 0.7365703287671413
citeseer NCN 0 3 1.0735096991062165 0.8027585483532619
citeseer NCN 0 4 0.9256881177425385 0.8497134656826287
citeseer NCN 0 5 0.8798321545124054 0.8584890757798248
citeseer NCN 0 6 0.8420846641063691 0.8382911875202624
citeseer NCN 0 7 0.7656339943408966 0.8360306971540451
citeseer NCN 0 8 0.752427488565445 0.8391196419830781
citeseer NCN 0 9 0.7266752064228058 0.8459373470386686
citeseer NCN 0 10 0.7005857050418853 0.8440948185441577
citeseer NCN 0 11 0.6949274182319641 0.842773232641074
citeseer NCN 0 12 0.680217957496643 0.8525382840360815
citeseer NCN 0 13 0.6705827295780182 0.8523127753303966
citeseer NCN 0 14 0.6321459650993347 0.8576725403817914
citeseer NCN 0 15 0.6139375269412994 0.8574645129711209
citeseer NCN 0 16 0.6150596141815186 0.8616495349975526
citeseer NCN 0 17 0.5732838571071625 0.8692783721418083
citeseer NCN 0 18 0.5712303042411804 0.8756975036710719
citeseer NCN 0 19 0.5820764005184174 0.8758128802181665
citeseer NCN 0 20 0.5549578547477723 0.8802251590797847
citeseer NCN 0 21 0.5659115970134735 0.8760820921613873
citeseer NCN 0 22 0.5631140291690826 0.8765103838892385
citeseer NCN 0 23 0.5311379820108414 0.8817355429690231
citeseer NCN 0 24 0.5375436842441559 0.8767673589259491
citeseer NCN 0 25 0.508426907658577 0.8658030906929586
citeseer NCN 0 26 0.5310801655054093 0.8771099923082301
citeseer NCN 0 27 0.5095908910036087 0.8744860499265785
citeseer NCN 0 28 0.5008944809436798 0.8801361633960754
citeseer NCN 0 29 0.48836882412433624 0.884997552618698
citeseer NCN 0 30 0.49185031056404116 0.8888766519823788
citeseer NCN 0 31 0.47630617022514343 0.8865638766519823
citeseer NCN 0 32 0.46812538504600526 0.8781204111600587
citeseer NCN 0 33 0.4739538460969925 0.885022026431718
citeseer NCN 0 34 0.4710667371749878 0.8810992238305012
citeseer NCN 0 35 0.4271713733673096 0.8853646598139989
citeseer NCN 0 36 0.43435595035552976 0.8853996224040276
citeseer NCN 0 37 0.4370219767093658 0.8820974057758197
citeseer NCN 0 38 0.42229075729846954 0.8895863925599609
citeseer NCN 0 39 0.4292937099933624 0.884525557653311
citeseer NCN 0 40 0.40374515354633334 0.8852597720439129
citeseer NCN 0 41 0.4481436640024185 0.8791588000839101
citeseer NCN 0 42 0.44918490946292877 0.8751101321585902
citeseer NCN 0 43 0.4242962867021561 0.8710719530102791
citeseer NCN 0 44 0.42990480959415434 0.8791483113069016
citeseer NCN 0 45 0.39897866249084474 0.879557373610237
citeseer NCN 0 46 0.42278541922569274 0.8773127753303965
citeseer NCN 0 47 0.40253061056137085 0.872907488986784
citeseer NCN 0 48 0.41741704344749453 0.8756660373400462
citeseer NCN 0 49 0.41427608728408816 0.8815397524648626
citeseer NCN 0 50 0.3893655359745026 0.8764369624501783
citeseer NCN 0 51 0.39407919645309447 0.8752569750367107
citeseer NCN 0 52 0.40967377126216886 0.8740822320117475
citeseer NCN 0 53 0.4051589459180832 0.8847702957835116
citeseer NCN 0 54 0.3750400245189667 0.8827319767848402
citeseer NCN 0 55 0.37695098519325254 0.8829767149150409
citeseer NCN 0 56 0.3904071033000946 0.8793371092930564
citeseer NCN 0 57 0.3891535222530365 0.8809209146213551
citeseer NCN 0 58 0.38671966195106505 0.8783634011607578
citeseer NCN 0 59 0.3800251007080078 0.8765995384938117
citeseer NCN 0 60 0.3698548525571823 0.8771764212292845
citeseer NCN 0 61 0.3728744626045227 0.8781064261240474
citeseer NCN 0 62 0.3579117745161057 0.8743619327319768
citeseer NCN 0 63 0.38207539916038513 0.8749822497619855
citeseer NCN 0 64 0.3790862947702408 0.8851362250947635
citeseer NCN 0 65 0.37043518126010894 0.8813547685794381
citeseer NCN 0 66 0.3542788505554199 0.8828966187997024
citeseer NCN 0 67 0.3896435260772705 0.8861986765070465
citeseer NCN 0 68 0.36820323169231417 0.8851830132667137
citeseer NCN 0 69 0.35266863107681273 0.8930739109153205
citeseer NCN 0 70 0.35272638499736786 0.8844101811062164
citeseer NCN 0 71 0.36230978965759275 0.8811133677873766
citeseer NCN 0 72 0.3636684238910675 0.8783703936787638
citeseer NCN 0 73 0.3660393118858337 0.8750071514388694
citeseer NCN 0 74 0.35479397773742677 0.8785402800821303
citeseer NCN 0 75 0.35565661191940307 0.8788005924569801
citeseer NCN 0 76 0.3586783200502396 0.8808926756063319
citeseer NCN 0 77 0.3516690254211426 0.8882230104697063
citeseer NCN 0 78 0.3459453105926514 0.8869780733216855
citeseer NCN 0 79 0.3516146093606949 0.8858433783543915
citeseer NCN 0 80 0.3410149931907654 0.8873569895596327
citeseer NCN 0 81 0.3386338621377945 0.8826580174597796
citeseer NCN 0 82 0.3478346705436707 0.8822739668554646
citeseer NCN 0 83 0.3365993916988373 0.8813929095867421
citeseer NCN 0 84 0.32032241225242614 0.8790033754791464
citeseer NCN 0 85 0.3457526683807373 0.8736769838091424
citeseer NCN 0 86 0.34139959812164306 0.8796956347617141
citeseer NCN 0 87 0.33636599481105806 0.8781871579228407
citeseer NCN 0 88 0.35648893713951113 0.8812982416506645
citeseer NCN 0 89 0.33987883031368255 0.8749105764524266
citeseer NCN 0 90 0.3166538208723068 0.8787567302985805
citeseer NCN 0 91 0.35114580690860747 0.88184933030748
citeseer NCN 0 92 0.33827734291553496 0.8736506029457571
citeseer NCN 0 93 0.3156908839941025 0.8760612735282339
citeseer NCN 0 94 0.3199294418096542 0.8691596582565746
citeseer NCN 0 95 0.3525584638118744 0.8636770962762151
citeseer NCN 0 96 0.3264742612838745 0.866528295493053
citeseer NCN 0 97 0.30131547451019286 0.8681980281099222
citeseer NCN 0 98 0.32875957489013674 0.8773022865533879
citeseer NCN 0 99 0.3189720302820206 0.8772358576323335
citeseer NCN 0 100 0.3127927303314209 0.8748707973377577
