/home/ubuntu/anaconda3/envs/mei_env/lib/python3.11/site-packages/torch/cuda/__init__.py:63: FutureWarning: The pynvml package is deprecated. Please install nvidia-ml-py instead. If you did not install pynvml directly, please report this to the maintainers of the package that installed pynvml for you.
  import pynvml  # type: ignore[import]
pubmed NCN 1 1 0.9705976810720232 0.7484575671968793
pubmed NCN 1 2 0.5568670680125555 0.823342640236819
pubmed NCN 1 3 0.4450794988208347 0.871689290202377
pubmed NCN 1 4 0.39327366318967605 0.8913110900080666
pubmed NCN 1 5 0.3594233791033427 0.902341598492586
pubmed NCN 1 6 0.3379693478345871 0.9066059218397162
pubmed NCN 1 7 0.3195045275820626 0.911770286926832
pubmed NCN 1 8 0.3071706212229199 0.915191839097525
pubmed NCN 1 9 0.2962591035498513 0.9176285962280166
pubmed NCN 1 10 0.28851477470662856 0.9188677802289336
pubmed NCN 1 11 0.2762533227602641 0.9229949214944703
pubmed NCN 1 12 0.2813127752807405 0.9236839440590865
pubmed NCN 1 13 0.2676850102014012 0.9241171709357628
pubmed NCN 1 14 0.2554580345749855 0.9251283952209043
pubmed NCN 1 15 0.2540559404426151 0.9284935481686383
pubmed NCN 1 16 0.2502843605147468 0.9246717740831407
pubmed NCN 1 17 0.2512581977579329 0.9276097126576262
pubmed NCN 1 18 0.24560755325688255 0.9255770148011068
pubmed NCN 1 19 0.24291898806889853 0.9296326725909706
pubmed NCN 1 20 0.2468738572465049 0.9284634002517976
pubmed NCN 1 21 0.23332280251714918 0.9276488453383761
pubmed NCN 1 22 0.23269526660442352 0.9323063652240494
pubmed NCN 1 23 0.2281495208541552 0.930204899827232
pubmed NCN 1 24 0.23381301181183922 0.9286078659053912
pubmed NCN 1 25 0.22689296222395366 0.9290825608495229
pubmed NCN 1 26 0.22918504973252615 0.9327796822700201
pubmed NCN 1 27 0.21670099678966734 0.9306092969800694
pubmed NCN 1 28 0.21872592551840675 0.932867774833293
pubmed NCN 1 29 0.21506783862908682 0.9323487909002348
pubmed NCN 1 30 0.20758447299400964 0.931205523963338
pubmed NCN 1 31 0.20487828469938701 0.9320786098375519
pubmed NCN 1 32 0.21090728458431032 0.9330676747988643
pubmed NCN 1 33 0.21805461827251646 0.9318639983306641
pubmed NCN 1 34 0.21150639487637413 0.9311384847497806
pubmed NCN 1 35 0.20731158057848612 0.9317115837879899
pubmed NCN 1 36 0.20491198615895378 0.9329178183877262
pubmed NCN 1 37 0.20250480787621605 0.9321145994894333
pubmed NCN 1 38 0.19874547918637595 0.9339380384492766
pubmed NCN 1 39 0.19892039895057678 0.9338221524712118
pubmed NCN 1 40 0.2000377873579661 0.9353963654623922
pubmed NCN 1 41 0.2004374869995647 0.9337114854607255
pubmed NCN 1 42 0.1987752334939109 0.9354259124797554
pubmed NCN 1 43 0.20035121589899063 0.9358481662187961
pubmed NCN 1 44 0.19211979624297884 0.9328469476808393
pubmed NCN 1 45 0.1911767770846685 0.9368183494097896
pubmed NCN 1 46 0.19582609749502605 0.9365773507927461
pubmed NCN 1 47 0.19834045155180824 0.9331920919929184
pubmed NCN 1 48 0.19033161219623354 0.934248263559018
pubmed NCN 1 49 0.19034712513287863 0.9364868530381308
pubmed NCN 1 50 0.18267328954405254 0.937763774282276
pubmed NCN 1 51 0.19100472082694372 0.9358478243524795
pubmed NCN 1 52 0.1923391322294871 0.9354533527579121
pubmed NCN 1 53 0.19118462006251016 0.9355492529629786
pubmed NCN 1 54 0.18770324852731493 0.9368772977871876
pubmed NCN 1 55 0.18419172863165537 0.9363018708021555
pubmed NCN 1 56 0.18814879490269554 0.9358007209146649
pubmed NCN 1 57 0.188606063524882 0.9366441449592695
pubmed NCN 1 58 0.1840852970878283 0.9334705452578144
pubmed NCN 1 59 0.18538334220647812 0.9340553712733316
pubmed NCN 1 60 0.18561211890644497 0.9364731068420148
pubmed NCN 1 61 0.18120293898714912 0.9355921106408868
pubmed NCN 1 62 0.18703460858927834 0.936540454506384
pubmed NCN 1 63 0.18157500276962915 0.9346330748161019
pubmed NCN 1 64 0.18690724339750078 0.9371343021537464
pubmed NCN 1 65 0.1835044970115026 0.9337435417909643
pubmed NCN 1 66 0.18290164983934826 0.936251456810161
pubmed NCN 1 67 0.18577422532770368 0.9374236254369376
pubmed NCN 1 68 0.17429566300577587 0.93467789642933
pubmed NCN 1 69 0.1756535636054145 0.9381518672450929
pubmed NCN 1 70 0.1744187432858679 0.9386211912836462
pubmed NCN 1 71 0.17814525879091686 0.9373129694389517
pubmed NCN 1 72 0.17417204048898485 0.9409339427708509
pubmed NCN 1 73 0.1704904908935229 0.9374430969740483
pubmed NCN 1 74 0.17289872633086312 0.934396302106999
pubmed NCN 1 75 0.17498519851101768 0.9356979426848958
pubmed NCN 1 76 0.17374374800258213 0.9364181003601526
pubmed NCN 1 77 0.17016555534468758 0.9343476439914113
pubmed NCN 1 78 0.1683549541566107 0.9389470875594522
pubmed NCN 1 79 0.17269457048839992 0.9360839341753548
pubmed NCN 1 80 0.17084184206194347 0.9397934700354267
pubmed NCN 1 81 0.17128760864337286 0.9386794632112772
pubmed NCN 1 82 0.1743166231446796 0.9377660126926822
pubmed NCN 1 83 0.17081792487038505 0.9381172640536359
pubmed NCN 1 84 0.16405464129315483 0.9383921458605574
pubmed NCN 1 85 0.17028037955363592 0.9387796707404108
pubmed NCN 1 86 0.17539526687728035 0.9383059408448922
pubmed NCN 1 87 0.17986723201142418 0.9397940360829871
pubmed NCN 1 88 0.17079119301504558 0.9367139598017306
pubmed NCN 1 89 0.16826848602957195 0.9355389896906142
pubmed NCN 1 90 0.1716219046049648 0.9361311835476998
pubmed NCN 1 91 0.16654488775465223 0.9366415832551157
pubmed NCN 1 92 0.16903469463189444 0.9363690231143442
pubmed NCN 1 93 0.1601681270533138 0.9372540010525712
pubmed NCN 1 94 0.16464340686798096 0.9377546177284011
pubmed NCN 1 95 0.16546893864870071 0.9362274424780362
pubmed NCN 1 96 0.17313233762979507 0.9364876774384463
pubmed NCN 1 97 0.1677265763282776 0.9353464204214725
pubmed NCN 1 98 0.17179657022158304 0.9381197472338736
pubmed NCN 1 99 0.16126203454203075 0.937395242392986
pubmed NCN 1 100 0.16762767980496088 0.9388709319107855
