/home/ubuntu/anaconda3/envs/mei_env/lib/python3.11/site-packages/torch/cuda/__init__.py:63: FutureWarning: The pynvml package is deprecated. Please install nvidia-ml-py instead. If you did not install pynvml directly, please report this to the maintainers of the package that installed pynvml for you.
  import pynvml  # type: ignore[import]
citeseer NCN 4 1 1.5782710075378419 0.5902288670717907
citeseer NCN 4 2 1.2658029913902282 0.6664036544348803
citeseer NCN 4 3 0.9543854475021363 0.8119432207537934
citeseer NCN 4 4 0.7935275614261628 0.8256345710090203
citeseer NCN 4 5 0.7365592896938324 0.8334698463553089
citeseer NCN 4 6 0.7042006850242615 0.8361460737011398
citeseer NCN 4 7 0.6642384588718414 0.8471662820781763
citeseer NCN 4 8 0.6562812685966491 0.8481611266853557
citeseer NCN 4 9 0.6370679259300231 0.8652123818423377
citeseer NCN 4 10 0.6350266695022583 0.8614801253567773
citeseer NCN 4 11 0.6025161206722259 0.8614311777307372
citeseer NCN 4 12 0.5662171483039856 0.8525222819275682
citeseer NCN 4 13 0.5729801952838898 0.8564680791553038
citeseer NCN 4 14 0.5683308124542237 0.8580341342455879
citeseer NCN 4 15 0.5446022063493728 0.863163415145794
citeseer NCN 4 16 0.5453385829925537 0.8613695653343231
citeseer NCN 4 17 0.5521151840686798 0.8619988919548391
citeseer NCN 4 18 0.5211305290460586 0.8619537095308021
citeseer NCN 4 19 0.5227781563997269 0.864684287812041
citeseer NCN 4 20 0.49463856816291807 0.863006083490665
citeseer NCN 4 21 0.5118196129798889 0.862054832098885
citeseer NCN 4 22 0.49965359568595885 0.86235376224363
citeseer NCN 4 23 0.5094428926706314 0.8706503848574333
citeseer NCN 4 24 0.4634029150009155 0.8644043181488115
citeseer NCN 4 25 0.503286612033844 0.8679410530732116
citeseer NCN 4 26 0.48475096225738523 0.8658800083910216
citeseer NCN 4 27 0.4680382966995239 0.8590203482273967
citeseer NCN 4 28 0.4697348415851593 0.8560048248374239
citeseer NCN 4 29 0.46104516088962555 0.8590148348958921
citeseer NCN 4 30 0.4606020987033844 0.8571900566393958
citeseer NCN 4 31 0.4556332916021347 0.8566636007164641
citeseer NCN 4 32 0.4392758637666702 0.8492605412208936
citeseer NCN 4 33 0.42465809881687167 0.8455108034403188
citeseer NCN 4 34 0.4442757606506348 0.8512723693340433
citeseer NCN 4 35 0.4198154747486115 0.8482920774770996
citeseer NCN 4 36 0.45036483108997344 0.8459458187431755
citeseer NCN 4 37 0.4372708946466446 0.8557809542391039
citeseer NCN 4 38 0.4349930167198181 0.8597754301498793
citeseer NCN 4 39 0.4421991169452667 0.8652506817705055
citeseer NCN 4 40 0.44724446833133696 0.8642909586742187
citeseer NCN 4 41 0.42752631306648253 0.8666719110551709
citeseer NCN 4 42 0.42268727719783783 0.8622999980929495
citeseer NCN 4 43 0.39988917112350464 0.8593876143435615
citeseer NCN 4 44 0.39991276562213895 0.8587301587301589
citeseer NCN 4 45 0.40383384227752683 0.8610011378733846
citeseer NCN 4 46 0.40716255605220797 0.8647648606899707
citeseer NCN 4 47 0.4143303245306015 0.865511311987083
citeseer NCN 4 48 0.3833721697330475 0.8618995175162576
citeseer NCN 4 49 0.39401581287384035 0.8577214880078317
citeseer NCN 4 50 0.4212802410125732 0.8585098944129782
citeseer NCN 4 51 0.413181734085083 0.859251101321586
citeseer NCN 4 52 0.39617337882518766 0.8639920285294734
citeseer NCN 4 53 0.4001545041799545 0.8583752884413678
citeseer NCN 4 54 0.4019000679254532 0.8655758338577724
citeseer NCN 4 55 0.40783184170722964 0.8720002097755402
citeseer NCN 4 56 0.381221404671669 0.8715930545225699
citeseer NCN 4 57 0.4134651780128479 0.8723410950283196
citeseer NCN 4 58 0.37966116666793825 0.8733585063981539
citeseer NCN 4 59 0.3788126677274704 0.8671176840780365
citeseer NCN 4 60 0.39571664333343504 0.8699830272517498
citeseer NCN 4 61 0.3807870358228683 0.8667000400480577
citeseer NCN 4 62 0.3610582560300827 0.8682418902683219
citeseer NCN 4 63 0.3668266385793686 0.8749232412228006
citeseer NCN 4 64 0.37049164474010465 0.872395445963728
citeseer NCN 4 65 0.3861228734254837 0.8704200596271081
citeseer NCN 4 66 0.36776549816131593 0.8696001868909358
citeseer NCN 4 67 0.36394762098789213 0.871367545816885
citeseer NCN 4 68 0.3631396859884262 0.8744912943150829
citeseer NCN 4 69 0.369426965713501 0.8750786658275647
citeseer NCN 4 70 0.3622990667819977 0.87496328928047
citeseer NCN 4 71 0.36314234137535095 0.8684654919236416
citeseer NCN 4 72 0.35187028646469115 0.869204950702748
citeseer NCN 4 73 0.37024004459381105 0.8718848332284456
citeseer NCN 4 74 0.3693742692470551 0.8700545416404447
citeseer NCN 4 75 0.36606610417366026 0.8736102370463603
citeseer NCN 4 76 0.3747211217880249 0.8744860499265785
citeseer NCN 4 77 0.36737767457962034 0.874895112229914
citeseer NCN 4 78 0.3552712917327881 0.8733270400671281
citeseer NCN 4 79 0.3537869453430176 0.870023075309419
citeseer NCN 4 80 0.3543797552585602 0.8703115166771555
citeseer NCN 4 81 0.34890868365764616 0.8750052443885042
citeseer NCN 4 82 0.3413226276636124 0.8737570799244808
citeseer NCN 4 83 0.35921867191791534 0.8743864065449968
citeseer NCN 4 84 0.32654699087142947 0.8688693098384729
citeseer NCN 4 85 0.3343580812215805 0.8676631004824839
citeseer NCN 4 86 0.35375497937202455 0.869572057898049
citeseer NCN 4 87 0.34233333766460416 0.87143906020558
citeseer NCN 4 88 0.3551125794649124 0.8715859030837005
citeseer NCN 4 89 0.33714397847652433 0.8717327459618208
citeseer NCN 4 90 0.3302686601877213 0.876064610866373
citeseer NCN 4 91 0.329137447476387 0.8748164464023495
citeseer NCN 4 92 0.34661272168159485 0.8716593245227606
citeseer NCN 4 93 0.3407749682664871 0.8672540381791484
citeseer NCN 4 94 0.34090436697006227 0.8763582966226138
citeseer NCN 4 95 0.35592556595802305 0.8737885462555066
citeseer NCN 4 96 0.3438055604696274 0.8728340675477239
citeseer NCN 4 97 0.3336646407842636 0.8752255087056849
citeseer NCN 4 98 0.3387629628181458 0.8753723515838053
citeseer NCN 4 99 0.3465405136346817 0.8790014684287812
citeseer NCN 4 100 0.33548907935619354 0.8758443465491923
