/home/ubuntu/anaconda3/envs/mei_env/lib/python3.11/site-packages/torch/cuda/__init__.py:63: FutureWarning: The pynvml package is deprecated. Please install nvidia-ml-py instead. If you did not install pynvml directly, please report this to the maintainers of the package that installed pynvml for you.
  import pynvml  # type: ignore[import]
pubmed NCN 4 1 1.2757391068670485 0.6587415139711239
pubmed NCN 4 2 0.9345692429277632 0.6570254677365326
pubmed NCN 4 3 0.7350724703735776 0.725122832876934
pubmed NCN 4 4 0.5953613387213813 0.7881745335490823
pubmed NCN 4 5 0.5241232083903419 0.8107265569545247
pubmed NCN 4 6 0.47784993714756435 0.8477015872302822
pubmed NCN 4 7 0.4277605530288484 0.8656379715100383
pubmed NCN 4 8 0.40155841244591606 0.8801803831285276
pubmed NCN 4 9 0.3781635132100847 0.8876242852650362
pubmed NCN 4 10 0.37277618712849087 0.8935995712606289
pubmed NCN 4 11 0.35764216383298236 0.8995340027949756
pubmed NCN 4 12 0.34434838261869216 0.9018544122791937
pubmed NCN 4 13 0.33649151192771065 0.9051452996962925
pubmed NCN 4 14 0.32632722953955334 0.9112638689565151
pubmed NCN 4 15 0.3190261423587799 0.9113479200891602
pubmed NCN 4 16 0.32004036340448594 0.9094295128345616
pubmed NCN 4 17 0.30690375632709926 0.9107385026814576
pubmed NCN 4 18 0.30196118023660445 0.9133307275892583
pubmed NCN 4 19 0.293165417181121 0.9147900255168253
pubmed NCN 4 20 0.2931004812320073 0.9177626086809301
pubmed NCN 4 21 0.29000809457567 0.9164550025786488
pubmed NCN 4 22 0.2841324458519618 0.9174796076313748
pubmed NCN 4 23 0.2842343631717894 0.9202964232866381
pubmed NCN 4 24 0.2817508296834098 0.9190551822413682
pubmed NCN 4 25 0.27712780568334794 0.923267470345539
pubmed NCN 4 26 0.2719699798358811 0.9219941965322452
pubmed NCN 4 27 0.2674735602405336 0.9223110423471435
pubmed NCN 4 28 0.26669154233402675 0.9268478525585927
pubmed NCN 4 29 0.26240237471130157 0.9269330636771971
pubmed NCN 4 30 0.2511870190501213 0.9268605391800339
pubmed NCN 4 31 0.2500439766380522 0.9271140678863222
pubmed NCN 4 32 0.2520730023582776 0.9273388427156479
pubmed NCN 4 33 0.24817577004432678 0.9263331077015644
pubmed NCN 4 34 0.24803687549299663 0.9297665493852317
pubmed NCN 4 35 0.2425158926182323 0.9267327982637097
pubmed NCN 4 36 0.23670354237159094 0.9285167218210989
pubmed NCN 4 37 0.24427678601609337 0.9290995564892622
pubmed NCN 4 38 0.24719991948869494 0.9285303476357176
pubmed NCN 4 39 0.2328029324611028 0.9312067065093186
pubmed NCN 4 40 0.23424634337425232 0.9300463145547027
pubmed NCN 4 41 0.22865829285648134 0.933424123259412
pubmed NCN 4 42 0.22921294884549248 0.9331266995639741
pubmed NCN 4 43 0.23096202396684223 0.9322341567377668
pubmed NCN 4 44 0.22435983022054037 0.9300396467251161
pubmed NCN 4 45 0.22380014260609946 0.9311116188352597
pubmed NCN 4 46 0.22484942691193688 0.9314525897876929
pubmed NCN 4 47 0.22472872667842442 0.932097789203199
pubmed NCN 4 48 0.2155117243528366 0.932983592821138
pubmed NCN 4 49 0.22517750081088808 0.9331747367904858
pubmed NCN 4 50 0.22142950031492445 0.9305781350117992
pubmed NCN 4 51 0.21405862520138422 0.9352968832210707
pubmed NCN 4 52 0.21755043499999577 0.9345828922882171
pubmed NCN 4 53 0.21241215699248844 0.9320824200618876
pubmed NCN 4 54 0.2139850358168284 0.9349564544961656
pubmed NCN 4 55 0.21424835506412718 0.9321495611037579
pubmed NCN 4 56 0.21113679475254482 0.9317594767935867
pubmed NCN 4 57 0.20869542989465925 0.9315436681749859
pubmed NCN 4 58 0.21030909402502906 0.9336191955607568
pubmed NCN 4 59 0.20050299002064598 0.935720973395838
pubmed NCN 4 60 0.20072312321927813 0.9356214089009667
pubmed NCN 4 61 0.2039300873875618 0.9338543181898328
pubmed NCN 4 62 0.20461765014463001 0.9343355380026481
pubmed NCN 4 63 0.2050389920671781 0.933348033584947
pubmed NCN 4 64 0.20694317006402546 0.9352576662707529
pubmed NCN 4 65 0.20320754994948706 0.9348142345358449
pubmed NCN 4 66 0.2046915301018291 0.9337289198054486
pubmed NCN 4 67 0.1999015932281812 0.9343047464719396
pubmed NCN 4 68 0.19912708467907375 0.9369994018967394
pubmed NCN 4 69 0.1948995085226165 0.934963833608052
pubmed NCN 4 70 0.193427341679732 0.9339438821557504
pubmed NCN 4 71 0.19537533157401615 0.9377620730903672
pubmed NCN 4 72 0.19535947094360986 0.9363082702996964
pubmed NCN 4 73 0.1978474035859108 0.9336682890665291
pubmed NCN 4 74 0.19123848030964533 0.9362858861956335
pubmed NCN 4 75 0.19032707479265001 0.93501509583978
pubmed NCN 4 76 0.1958369438846906 0.9348704832572161
pubmed NCN 4 77 0.1878114698661698 0.9355634951190005
pubmed NCN 4 78 0.1865450061029858 0.9334576098790902
pubmed NCN 4 79 0.19170898530218336 0.9370883441167737
pubmed NCN 4 80 0.18906661454174253 0.9342935639959955
pubmed NCN 4 81 0.1874588636888398 0.9361662818228701
pubmed NCN 4 82 0.18455206768380272 0.9352960611139763
pubmed NCN 4 83 0.18524646096759373 0.9332887441980402
pubmed NCN 4 84 0.18482626726229986 0.9350467021947166
pubmed NCN 4 85 0.19042795648177466 0.9357227916738295
pubmed NCN 4 86 0.18407205740610758 0.9342533200103147
pubmed NCN 4 87 0.18249560395876566 0.9341554729867004
pubmed NCN 4 88 0.1871984658969773 0.933585868161946
pubmed NCN 4 89 0.18156835602389443 0.9364555812666444
pubmed NCN 4 90 0.178759656018681 0.9367195509011014
pubmed NCN 4 91 0.1838966483871142 0.9353856870666437
pubmed NCN 4 92 0.1804298526710934 0.9368661952715722
pubmed NCN 4 93 0.183457403547234 0.935017715958066
pubmed NCN 4 94 0.17883533239364624 0.9366423306687296
pubmed NCN 4 95 0.18530496623780993 0.9356953624081729
pubmed NCN 4 96 0.17952693584892485 0.9357665985435912
pubmed NCN 4 97 0.17253601633840138 0.9375611533722995
pubmed NCN 4 98 0.173165801498625 0.9368997641448001
pubmed NCN 4 99 0.17554286867380142 0.9361010097754231
pubmed NCN 4 100 0.17576860636472702 0.9355762368397748
