/home/ubuntu/anaconda3/envs/mei_env/lib/python3.11/site-packages/torch/cuda/__init__.py:63: FutureWarning: The pynvml package is deprecated. Please install nvidia-ml-py instead. If you did not install pynvml directly, please report this to the maintainers of the package that installed pynvml for you.
  import pynvml  # type: ignore[import]
cora NCNC 2 1 1.573207418123881 0.6887726207022197
cora NCNC 2 2 1.42276664574941 0.687989914213884
cora NCNC 2 3 1.2906483014424641 0.6859798784110724
cora NCNC 2 4 1.2904370228449504 0.6919015481327869
cora NCNC 2 5 1.2678258021672566 0.7035538654717516
cora NCNC 2 6 1.2532600561777751 0.7043258158802486
cora NCNC 2 7 1.2336615324020386 0.7065003626930489
cora NCNC 2 8 1.1832596063613892 0.6457300323531828
cora NCNC 2 9 1.1616847515106201 0.7006723409114844
cora NCNC 2 10 1.093158523241679 0.6188522953278867
cora NCNC 2 11 1.0544521013895671 0.6441186696079336
cora NCNC 2 12 0.989931583404541 0.6487625455138316
cora NCNC 2 13 0.9727289279301962 0.7120530256294068
cora NCNC 2 14 0.8943430582682291 0.7697839338523749
cora NCNC 2 15 0.8127254247665405 0.7371886985004856
cora NCNC 2 16 0.8167437513669332 0.747800150841976
cora NCNC 2 17 0.815449059009552 0.7599720727097153
cora NCNC 2 18 0.7799504597981771 0.7676132327748297
cora NCNC 2 19 0.7929131786028544 0.7671852281643157
cora NCNC 2 20 0.7832125226656595 0.768449020350161
cora NCNC 2 21 0.7544812560081482 0.7548088160255461
cora NCNC 2 22 0.7599277297655741 0.7483673381962355
cora NCNC 2 23 0.7353192170461019 0.7370164283019348
cora NCNC 2 24 0.7248932917912801 0.7529464266939105
cora NCNC 2 25 0.707565168539683 0.7744983523025348
cora NCNC 2 26 0.7347483237584432 0.7688322096899596
cora NCNC 2 27 0.6798168023427328 0.7698259191912737
cora NCNC 2 28 0.7023195226987203 0.7726722121041065
cora NCNC 2 29 0.6913648843765259 0.7611490922159677
cora NCNC 2 30 0.6858580112457275 0.7560971853887309
cora NCNC 2 31 0.6808138489723206 0.775392726200711
cora NCNC 2 32 0.6601290106773376 0.7734208719782417
cora NCNC 2 33 0.6747970581054688 0.7725973065801964
cora NCNC 2 34 0.6583707531293234 0.7726354127494812
cora NCNC 2 35 0.6459132631619772 0.7737396983644732
cora NCNC 2 36 0.6358779668807983 0.7677948616211573
cora NCNC 2 37 0.6216547091801962 0.7749520527612382
cora NCNC 2 38 0.6231404741605123 0.7804962920031961
cora NCNC 2 39 0.6056183576583862 0.7928627595027434
cora NCNC 2 40 0.6139153043429056 0.7909350155547874
cora NCNC 2 41 0.6132477521896362 0.773650905495012
cora NCNC 2 42 0.6117044687271118 0.7878901727761044
cora NCNC 2 43 0.6078843474388123 0.7809341798885525
cora NCNC 2 44 0.5854896306991577 0.7933130731442072
cora NCNC 2 45 0.5989265441894531 0.7955072984372918
cora NCNC 2 46 0.5998582442601522 0.7873029710789721
cora NCNC 2 47 0.5765642722447714 0.7999462160891371
cora NCNC 2 48 0.5860761006673177 0.8097428659215732
cora NCNC 2 49 0.5635767976442972 0.8073568805507969
cora NCNC 2 50 0.5529070297876993 0.799715873480132
cora NCNC 2 51 0.5888416171073914 0.8116872565541766
cora NCNC 2 52 0.5711312095324198 0.8025313723032355
cora NCNC 2 53 0.574000358581543 0.7914401082652034
cora NCNC 2 54 0.5565740068753561 0.8091150505599174
cora NCNC 2 55 0.5471698840459188 0.8070686917645092
cora NCNC 2 56 0.5806639790534973 0.822247084514445
cora NCNC 2 57 0.5770395398139954 0.8157724121652479
cora NCNC 2 58 0.5377058585484823 0.8224137501704042
cora NCNC 2 59 0.5595438679059347 0.826145348103523
cora NCNC 2 60 0.5384475787480673 0.8179583724260531
cora NCNC 2 61 0.5573365092277527 0.8146849065150045
cora NCNC 2 62 0.5518842339515686 0.8239178788658477
cora NCNC 2 63 0.5336750050385793 0.815900586527963
cora NCNC 2 64 0.5597598354021708 0.8241372168178253
cora NCNC 2 65 0.542212963104248 0.8160679308017711
cora NCNC 2 66 0.5456963777542114 0.8193689073917211
cora NCNC 2 67 0.5297505656878153 0.8227666819872143
cora NCNC 2 68 0.5190463662147522 0.8311835080846487
cora NCNC 2 69 0.5121002197265625 0.8087152496848314
cora NCNC 2 70 0.5465242664019266 0.8222043904553411
cora NCNC 2 71 0.5286916891733805 0.8311564860994519
cora NCNC 2 72 0.5148298541704813 0.8194673514065149
cora NCNC 2 73 0.5253126422564188 0.8278367597759233
cora NCNC 2 74 0.5293875932693481 0.8196726910605238
cora NCNC 2 75 0.5260239442189535 0.8207453404221465
cora NCNC 2 76 0.5124368667602539 0.8136688723190624
cora NCNC 2 77 0.5329691966374716 0.838614321884284
cora NCNC 2 78 0.5203241805235544 0.8327062038088655
cora NCNC 2 79 0.4754614531993866 0.8210244761575559
cora NCNC 2 80 0.49869754910469055 0.8189557590698274
cora NCNC 2 81 0.49875133236249286 0.8333347472130742
cora NCNC 2 82 0.5039478143056234 0.82553115452355
cora NCNC 2 83 0.47401612997055054 0.8350828354155351
cora NCNC 2 84 0.4904778798421224 0.8237160178224817
cora NCNC 2 85 0.49233487248420715 0.8362119713830741
cora NCNC 2 86 0.5087045033772787 0.8366039464948811
cora NCNC 2 87 0.46772606174151105 0.8352491437142228
cora NCNC 2 88 0.5161198178927103 0.8301717538459584
cora NCNC 2 89 0.49535038073857623 0.8424874766129519
cora NCNC 2 90 0.5137772162755331 0.8308663769690385
cora NCNC 2 91 0.47876277565956116 0.8254481260184683
cora NCNC 2 92 0.48838550845781964 0.8293425839053216
cora NCNC 2 93 0.5075830419858297 0.8342009595811878
cora NCNC 2 94 0.5119028687477112 0.8383009327708499
cora NCNC 2 95 0.4720084071159363 0.8427696300319875
cora NCNC 2 96 0.5226887464523315 0.8353990749428012
cora NCNC 2 97 0.48567062616348267 0.8313823059070208
cora NCNC 2 98 0.48982347051302594 0.8359950674589458
cora NCNC 2 99 0.4950033823649089 0.8295750827119649
cora NCNC 2 100 0.5018991231918335 0.8255931119999562
