/home/ubuntu/anaconda3/envs/mei_env/lib/python3.11/site-packages/torch/cuda/__init__.py:63: FutureWarning: The pynvml package is deprecated. Please install nvidia-ml-py instead. If you did not install pynvml directly, please report this to the maintainers of the package that installed pynvml for you.
  import pynvml  # type: ignore[import]
cora NCN 4 1 1.6963839928309123 0.5970646115444761
cora NCN 4 2 1.5426079829533894 0.5924107386346494
cora NCN 4 3 1.3209056854248047 0.5960474931247101
cora NCN 4 4 1.3606348037719727 0.5971834925111302
cora NCN 4 5 1.2799274921417236 0.5926203926276028
cora NCN 4 6 1.2723891735076904 0.6041009127980428
cora NCN 4 7 1.240327517191569 0.6232987150487652
cora NCN 4 8 1.1939501762390137 0.6198735071290958
cora NCN 4 9 1.1613057057062786 0.6622231795000161
cora NCN 4 10 1.1020232041676838 0.6882836352350414
cora NCN 4 11 1.0428860982259114 0.7092998973366901
cora NCN 4 12 0.9620338479677836 0.7165709867113063
cora NCN 4 13 0.9415614207585653 0.7397803943738858
cora NCN 4 14 0.8966318567593893 0.7510131202453948
cora NCN 4 15 0.8773492177327474 0.756414223714604
cora NCN 4 16 0.8374152580897013 0.7690124969642681
cora NCN 4 17 0.8349646131197611 0.7830586604233144
cora NCN 4 18 0.836052139600118 0.7874412923367295
cora NCN 4 19 0.7912184794743856 0.7821434864993353
cora NCN 4 20 0.8025162617365519 0.7876799636780626
cora NCN 4 21 0.775712788105011 0.7868350122627688
cora NCN 4 22 0.7558604677518209 0.7886089543548724
cora NCN 4 23 0.7627809445063273 0.790381469141225
cora NCN 4 24 0.7274254560470581 0.7942530200660078
cora NCN 4 25 0.721690853436788 0.7880290475872825
cora NCN 4 26 0.7236552238464355 0.7851518814496602
cora NCN 4 27 0.7163550059000651 0.7908623590182526
cora NCN 4 28 0.6985195279121399 0.8026161417796399
cora NCN 4 29 0.7254031896591187 0.8061770539957452
cora NCN 4 30 0.6944640477498373 0.8096919168261973
cora NCN 4 31 0.6583942174911499 0.801279265727935
cora NCN 4 32 0.6554592649141947 0.8090168386746334
cora NCN 4 33 0.6812322934468588 0.8065786874722236
cora NCN 4 34 0.6796487967173258 0.8106335626772888
cora NCN 4 35 0.6378784974416097 0.812216749241464
cora NCN 4 36 0.6797441641489664 0.8131406405170664
cora NCN 4 37 0.6469361583391825 0.8184155514953996
cora NCN 4 38 0.6511278748512268 0.8200098607250252
cora NCN 4 39 0.6594060262044271 0.8209691290965054
cora NCN 4 40 0.6563157637914022 0.8222983357113836
cora NCN 4 41 0.6403530836105347 0.8256348036816319
cora NCN 4 42 0.6497254371643066 0.8276985299849018
cora NCN 4 43 0.60014541943868 0.8317653651353871
cora NCN 4 44 0.6229812105496725 0.8300617455610452
cora NCN 4 45 0.6256814201672872 0.8324815091074848
cora NCN 4 46 0.6073725819587708 0.8328826818202797
cora NCN 4 47 0.5969096620877584 0.8360409055891052
cora NCN 4 48 0.5758672753969828 0.8410213745597329
cora NCN 4 49 0.622435470422109 0.8379584256792935
cora NCN 4 50 0.59835418065389 0.8353590763594119
cora NCN 4 51 0.6068120002746582 0.8359364826877688
cora NCN 4 52 0.578679084777832 0.8363593276923629
cora NCN 4 53 0.6005427440007528 0.8369882403935189
cora NCN 4 54 0.5882121523221334 0.8394115775126735
cora NCN 4 55 0.5839377045631409 0.8367249561048193
cora NCN 4 56 0.5757944186528524 0.8357727397533635
cora NCN 4 57 0.5894467631975809 0.8374162065226703
cora NCN 4 58 0.5880858302116394 0.8405093322393703
cora NCN 4 59 0.5922730366388956 0.8363783554848193
cora NCN 4 60 0.5605202118555704 0.8444809731881975
cora NCN 4 61 0.5724098086357117 0.8417323098932065
cora NCN 4 62 0.5925512512524923 0.8356055541416758
cora NCN 4 63 0.5434293945630392 0.8429056858546905
cora NCN 4 64 0.5730495452880859 0.8408357870167309
cora NCN 4 65 0.5650329987208048 0.8404661207725399
cora NCN 4 66 0.5591243108113607 0.8405507530815068
cora NCN 4 67 0.5427804390589396 0.8436735634454265
cora NCN 4 68 0.558668315410614 0.8435886040448778
cora NCN 4 69 0.5299528042475382 0.8434094211660752
cora NCN 4 70 0.538354734579722 0.8476357677710843
cora NCN 4 71 0.5547374685605367 0.8424047503727665
cora NCN 4 72 0.5790267586708069 0.8466308933989543
cora NCN 4 73 0.557615319887797 0.8413377391514274
cora NCN 4 74 0.5772236386934916 0.8455952720261305
cora NCN 4 75 0.5398987332979838 0.8415865536638001
cora NCN 4 76 0.5193297068277994 0.8427146608755575
cora NCN 4 77 0.5408711830774943 0.8493366899260435
cora NCN 4 78 0.5383011102676392 0.8461914790644381
cora NCN 4 79 0.5101008812586466 0.8512584020020835
cora NCN 4 80 0.5219334165255228 0.8457513615140545
cora NCN 4 81 0.5596019426981608 0.8453768137228214
cora NCN 4 82 0.5371635556221008 0.8454809238079201
cora NCN 4 83 0.5309740304946899 0.8457399803407408
cora NCN 4 84 0.5267800390720367 0.8469179248696959
cora NCN 4 85 0.5259150664011637 0.8482993031472119
cora NCN 4 86 0.5213404496510824 0.8482708672822742
cora NCN 4 87 0.5351388653119405 0.8503440159333695
cora NCN 4 88 0.5312542120615641 0.8470527182554399
cora NCN 4 89 0.5559897820154825 0.8442808386774767
cora NCN 4 90 0.5192383130391439 0.8470196186976255
cora NCN 4 91 0.537636419137319 0.8409142888330401
cora NCN 4 92 0.5448383291562399 0.8420048457646016
cora NCN 4 93 0.5101779301961263 0.8426681382312113
cora NCN 4 94 0.5180315772692362 0.8498266817233197
cora NCN 4 95 0.5496390064557394 0.8511617745983365
cora NCN 4 96 0.49683688084284466 0.85025043414327
cora NCN 4 97 0.5124296645323435 0.8509203599082527
cora NCN 4 98 0.5365326007207235 0.8509537865576489
cora NCN 4 99 0.47524580359458923 0.8600628017503142
cora NCN 4 100 0.519534965356191 0.857226933562735
