/home/ubuntu/anaconda3/envs/mei_env/lib/python3.11/site-packages/torch/cuda/__init__.py:63: FutureWarning: The pynvml package is deprecated. Please install nvidia-ml-py instead. If you did not install pynvml directly, please report this to the maintainers of the package that installed pynvml for you.
  import pynvml  # type: ignore[import]
cora NCN 3 1 1.59235684076945 0.6359796245582129
cora NCN 3 2 1.4166019757588704 0.5945945305948072
cora NCN 3 3 1.3432963689168294 0.5998748196538929
cora NCN 3 4 1.299466888109843 0.6039490681180106
cora NCN 3 5 1.2784454822540283 0.6029666135659143
cora NCN 3 6 1.2399300734202068 0.5942457865661788
cora NCN 3 7 1.2044353485107422 0.6236342566380295
cora NCN 3 8 1.1461227337519329 0.6349064564658627
cora NCN 3 9 1.0949451923370361 0.6828768258258305
cora NCN 3 10 1.030679186185201 0.69858186806856
cora NCN 3 11 0.9868892033894857 0.7157166608212236
cora NCN 3 12 0.9139718015988668 0.7457166968623843
cora NCN 3 13 0.8880892197291056 0.7632016200507296
cora NCN 3 14 0.8619362513224283 0.7734895823131118
cora NCN 3 15 0.843869169553121 0.7599144744889545
cora NCN 3 16 0.8203602234522501 0.7514913879507635
cora NCN 3 17 0.7975876530011495 0.7620713445383248
cora NCN 3 18 0.7824090520540873 0.7690846278774035
cora NCN 3 19 0.7583810885747274 0.7836473375279012
cora NCN 3 20 0.7723327279090881 0.7855865685545846
cora NCN 3 21 0.7466921011606852 0.7837782095386657
cora NCN 3 22 0.7259386579195658 0.78525644501377
cora NCN 3 23 0.7600171168645223 0.797868727341411
cora NCN 3 24 0.7560621897379557 0.7978518979519579
cora NCN 3 25 0.7342634995778402 0.8013231593079503
cora NCN 3 26 0.7077583074569702 0.804935463775768
cora NCN 3 27 0.7074844439824423 0.8088906604591015
cora NCN 3 28 0.7082006533940634 0.8116449562267053
cora NCN 3 29 0.7004851897557577 0.8156329201006006
cora NCN 3 30 0.7012393474578857 0.8155679027352032
cora NCN 3 31 0.7019038200378418 0.8181197235379746
cora NCN 3 32 0.7061603466669718 0.8076131515295013
cora NCN 3 33 0.6641135017077128 0.8116799724046425
cora NCN 3 34 0.6595818003018697 0.8256265966817298
cora NCN 3 35 0.6467072367668152 0.828916858384539
cora NCN 3 36 0.6374485294024149 0.8234022736874448
cora NCN 3 37 0.6421045859654745 0.816887217630899
cora NCN 3 38 0.6529759168624878 0.8186117009310926
cora NCN 3 39 0.6341040333112081 0.8174911236530561
cora NCN 3 40 0.6540725827217102 0.8142557025469126
cora NCN 3 41 0.630810022354126 0.8191580388348448
cora NCN 3 42 0.6280468702316284 0.8225466654173879
cora NCN 3 43 0.618431568145752 0.8267976900581464
cora NCN 3 44 0.6187159816424052 0.8302532735092272
cora NCN 3 45 0.6090999444325765 0.8277532033117738
cora NCN 3 46 0.610485851764679 0.8279440104367414
cora NCN 3 47 0.6062786181767782 0.8285917029738323
cora NCN 3 48 0.5934819380442301 0.8309559209274039
cora NCN 3 49 0.5913929541905721 0.8303570478950706
cora NCN 3 50 0.5900668501853943 0.8306599257001852
cora NCN 3 51 0.5989131927490234 0.8327602335039149
cora NCN 3 52 0.6031872034072876 0.8289938093170033
cora NCN 3 53 0.5957721670468649 0.8310645131602412
cora NCN 3 54 0.5997372269630432 0.8366986656575115
cora NCN 3 55 0.5773396492004395 0.8347579701667153
cora NCN 3 56 0.5985977252324423 0.8287190629395953
cora NCN 3 57 0.5848938226699829 0.8323718016991334
cora NCN 3 58 0.5780333876609802 0.8319938368249707
cora NCN 3 59 0.5696255366007487 0.8312769048342745
cora NCN 3 60 0.5865009824434916 0.8336630152694791
cora NCN 3 61 0.5853133598963419 0.8388473007769586
cora NCN 3 62 0.5868437091509501 0.8374786440851079
cora NCN 3 63 0.5666218598683676 0.8379856149342841
cora NCN 3 64 0.5716864267985026 0.8401160046122024
cora NCN 3 65 0.5379966298739115 0.8399602894682295
cora NCN 3 66 0.5477868914604187 0.8397841543754091
cora NCN 3 67 0.5525951186815897 0.8418935152300171
cora NCN 3 68 0.5639239549636841 0.8422038143521033
cora NCN 3 69 0.5446320176124573 0.8422846745565375
cora NCN 3 70 0.5573142766952515 0.8439142237146039
cora NCN 3 71 0.5451452136039734 0.8371110738338429
cora NCN 3 72 0.5312895178794861 0.8424732655078215
cora NCN 3 73 0.5367685357729594 0.8440524056325891
cora NCN 3 74 0.5198676188786825 0.8446804832261107
cora NCN 3 75 0.5785897970199585 0.8475277626893597
cora NCN 3 76 0.522870659828186 0.8490186355680652
cora NCN 3 77 0.5303635199864706 0.8455074235017201
cora NCN 3 78 0.5681898991266886 0.8425437310893584
cora NCN 3 79 0.5307675004005432 0.8416033375158851
cora NCN 3 80 0.5315000812212626 0.8470991566523886
cora NCN 3 81 0.5535147388776144 0.8468487838734987
cora NCN 3 82 0.5336395104726156 0.8536609725297939
cora NCN 3 83 0.5252696474393209 0.8566796427062586
cora NCN 3 84 0.5281756122907003 0.8472599432675477
cora NCN 3 85 0.5058829883734385 0.8433139948349074
cora NCN 3 86 0.5424267848332723 0.8479579778058866
cora NCN 3 87 0.5050811370213827 0.8488588513303342
cora NCN 3 88 0.5059273640314738 0.8525100163883435
cora NCN 3 89 0.5059630970160166 0.8562023844343235
cora NCN 3 90 0.5181386470794678 0.8593998523656318
cora NCN 3 91 0.5366029143333435 0.8542426310487147
cora NCN 3 92 0.5258578558762869 0.8505879840480601
cora NCN 3 93 0.5101765394210815 0.8507226402663665
cora NCN 3 94 0.5051124493281046 0.8495394761554458
cora NCN 3 95 0.5299760301907858 0.8468778791972709
cora NCN 3 96 0.5386290152867635 0.8484043048206548
cora NCN 3 97 0.491237998008728 0.8487324636396432
cora NCN 3 98 0.5165945688883463 0.8498658359707342
cora NCN 3 99 0.53008500734965 0.8501947634859734
cora NCN 3 100 0.4894968668619792 0.8558855276535885
