/home/ubuntu/anaconda3/envs/mei_env/lib/python3.11/site-packages/torch/cuda/__init__.py:63: FutureWarning: The pynvml package is deprecated. Please install nvidia-ml-py instead. If you did not install pynvml directly, please report this to the maintainers of the package that installed pynvml for you.
  import pynvml  # type: ignore[import]
citeseer NCN 1 1 1.5544718265533448 0.6171330943681295
citeseer NCN 1 2 1.2698399782180787 0.6906014664987197
citeseer NCN 1 3 1.015906435251236 0.8245351564734825
citeseer NCN 1 4 0.9122895479202271 0.8552323105186541
citeseer NCN 1 5 0.8555849254131317 0.8447556114956997
citeseer NCN 1 6 0.7961555063724518 0.8532427802251591
citeseer NCN 1 7 0.7816369533538818 0.8657541430669183
citeseer NCN 1 8 0.7295033097267151 0.8713360794858591
citeseer NCN 1 9 0.7193104386329651 0.8668238882996592
citeseer NCN 1 10 0.6721783101558685 0.8620708342073979
citeseer NCN 1 11 0.6724693477153778 0.8650321655828265
citeseer NCN 1 12 0.6455242097377777 0.8594713656387665
citeseer NCN 1 13 0.6404981255531311 0.8612020138451856
citeseer NCN 1 14 0.6100552141666412 0.8740874764002518
citeseer NCN 1 15 0.608392858505249 0.8802601216698133
citeseer NCN 1 16 0.5930082857608795 0.8815834557023984
citeseer NCN 1 17 0.5750329524278641 0.8818404307391091
citeseer NCN 1 18 0.5520904958248138 0.8785049996503742
citeseer NCN 1 19 0.5503423631191253 0.8757831620166422
citeseer NCN 1 20 0.5161632180213929 0.8730036361093629
citeseer NCN 1 21 0.5107619911432266 0.8856880637717642
citeseer NCN 1 22 0.5146414667367936 0.8830763582966226
citeseer NCN 1 23 0.5149054288864136 0.8808474931822949
citeseer NCN 1 24 0.500129434466362 0.8750541920145444
citeseer NCN 1 25 0.4878405034542084 0.8771188918766011
citeseer NCN 1 26 0.48323315680027007 0.8801867002307531
citeseer NCN 1 27 0.5040802836418152 0.880254877281309
citeseer NCN 1 28 0.4792607218027115 0.8786448500104889
citeseer NCN 1 29 0.4562291592359543 0.8836322634780786
citeseer NCN 1 30 0.48012431263923644 0.8796956347617141
citeseer NCN 1 31 0.46172200739383695 0.8863121460037758
citeseer NCN 1 32 0.4627015382051468 0.8864589888818964
citeseer NCN 1 33 0.4757150799036026 0.8846916299559471
citeseer NCN 1 34 0.45779733657836913 0.8733079695634762
citeseer NCN 1 35 0.4086883395910263 0.8714724335869711
citeseer NCN 1 36 0.4300642848014832 0.8719581446453694
citeseer NCN 1 37 0.42994595468044283 0.874632892804699
citeseer NCN 1 38 0.4386922687292099 0.8805765331095727
citeseer NCN 1 39 0.41583247780799865 0.8763705335291238
citeseer NCN 1 40 0.4290460377931595 0.8836778737659796
citeseer NCN 1 41 0.4236006855964661 0.8822828664238357
citeseer NCN 1 42 0.43349931240081785 0.8704497778286325
citeseer NCN 1 43 0.42742720246315 0.8839095009249195
citeseer NCN 1 44 0.41148964166641233 0.8887372129468527
citeseer NCN 1 45 0.3994841665029526 0.8811347566659824
citeseer NCN 1 46 0.4145634949207306 0.8721712575236805
citeseer NCN 1 47 0.40620077252388 0.8753196387557621
citeseer NCN 1 48 0.4105009615421295 0.8793145425304015
citeseer NCN 1 49 0.39391895234584806 0.8833160109591827
citeseer NCN 1 50 0.38605234026908875 0.8890970752204231
citeseer NCN 1 51 0.37689981758594515 0.8885097037079417
citeseer NCN 1 52 0.37426807582378385 0.8931295821163663
citeseer NCN 1 53 0.4017458766698837 0.8906562478148382
citeseer NCN 1 54 0.38187926113605497 0.8894625932070865
citeseer NCN 1 55 0.3819864630699158 0.8917262619905791
citeseer NCN 1 56 0.40168966054916383 0.8953973339435893
citeseer NCN 1 57 0.37714655697345734 0.8878012833959971
citeseer NCN 1 58 0.40124468207359315 0.8803739090082703
citeseer NCN 1 59 0.4075449973344803 0.8782866423835588
citeseer NCN 1 60 0.39579648375511167 0.8786852159098855
citeseer NCN 1 61 0.3765434741973877 0.8795206628907071
citeseer NCN 1 62 0.3642337769269943 0.8861093629816098
citeseer NCN 1 63 0.37455238699913024 0.8880831601095918
citeseer NCN 1 64 0.3671093285083771 0.8937296183992219
citeseer NCN 1 65 0.36285329759120943 0.8886738689602125
citeseer NCN 1 66 0.3675715267658234 0.8882211034193412
citeseer NCN 1 67 0.37661381959915163 0.8862736871547444
citeseer NCN 1 68 0.37881335616111755 0.8829347598070065
citeseer NCN 1 69 0.3619694322347641 0.8779490944689181
citeseer NCN 1 70 0.3656401127576828 0.8832966226138032
citeseer NCN 1 71 0.3340678811073303 0.8810958864923621
citeseer NCN 1 72 0.35127873718738556 0.8756627000019072
citeseer NCN 1 73 0.34481893181800843 0.8811848821760716
citeseer NCN 1 74 0.362148779630661 0.8821360235457152
citeseer NCN 1 75 0.3749223917722702 0.8830763582966226
citeseer NCN 1 76 0.3438321381807327 0.8825798895182155
citeseer NCN 1 77 0.34567113816738126 0.8823229144815048
citeseer NCN 1 78 0.34029175341129303 0.8870953080204181
citeseer NCN 1 79 0.34626648128032683 0.880230403468289
citeseer NCN 1 80 0.35917468667030333 0.890869519614013
citeseer NCN 1 81 0.3520511955022812 0.891199916089784
citeseer NCN 1 82 0.3276144444942474 0.8831550241241871
citeseer NCN 1 83 0.351809149980545 0.8836637298091042
citeseer NCN 1 84 0.34277029037475587 0.8857737221173344
citeseer NCN 1 85 0.35192791223526 0.8795521292217328
citeseer NCN 1 86 0.3497460573911667 0.883219863836604
citeseer NCN 1 87 0.33171931505203245 0.8808878590816916
citeseer NCN 1 88 0.34104672968387606 0.8843367596671561
citeseer NCN 1 89 0.3185851752758026 0.8758128802181666
citeseer NCN 1 90 0.32515952587127683 0.8770313264806657
citeseer NCN 1 91 0.32185705900192263 0.8804665598718463
citeseer NCN 1 92 0.34505855441093447 0.8741923641703377
citeseer NCN 1 93 0.31870850920677185 0.8794105307321167
citeseer NCN 1 94 0.3542351186275482 0.8844468918257464
citeseer NCN 1 95 0.34137049615383147 0.8856828193832599
citeseer NCN 1 96 0.29417950809001925 0.8790381791483113
citeseer NCN 1 97 0.3481979310512543 0.8745280050346129
citeseer NCN 1 98 0.3280788630247116 0.8811429270680372
citeseer NCN 1 99 0.3196108967065811 0.8802251590797847
citeseer NCN 1 100 0.32728776037693025 0.8784438151178239
