/home/ubuntu/anaconda3/envs/mei_env/lib/python3.11/site-packages/torch/cuda/__init__.py:63: FutureWarning: The pynvml package is deprecated. Please install nvidia-ml-py instead. If you did not install pynvml directly, please report this to the maintainers of the package that installed pynvml for you.
  import pynvml  # type: ignore[import]
citeseer NCNC 2 1 1.5224512815475464 0.6883677499834534
citeseer NCNC 2 2 1.1190494298934937 0.8202573246626109
citeseer NCNC 2 3 0.973274964094162 0.8386738689602126
citeseer NCNC 2 4 0.8541203558444976 0.8383960752903484
citeseer NCNC 2 5 0.8036481499671936 0.8442119432207539
citeseer NCNC 2 6 0.7731110036373139 0.8593245227606461
citeseer NCNC 2 7 0.7351000010967255 0.8543056429620305
citeseer NCNC 2 8 0.6881124973297119 0.8568301008829643
citeseer NCNC 2 9 0.6830339431762695 0.8619499443287989
citeseer NCNC 2 10 0.663995772600174 0.8615848542059997
citeseer NCNC 2 11 0.6239251077175141 0.8671010768477729
citeseer NCNC 2 12 0.5978318452835083 0.8556045031815958
citeseer NCNC 2 13 0.5973571360111236 0.858971811925945
citeseer NCNC 2 14 0.5847167313098908 0.871281728550451
citeseer NCNC 2 15 0.5530333161354065 0.8649779735682819
citeseer NCNC 2 16 0.549104630947113 0.8721732745961821
citeseer NCNC 2 17 0.5473190903663635 0.8743392070484581
citeseer NCNC 2 18 0.5454941540956497 0.8720683868260962
citeseer NCNC 2 19 0.5078018218278885 0.8688693098384728
citeseer NCNC 2 20 0.5245059818029404 0.8839207048458149
citeseer NCNC 2 21 0.5104475021362305 0.8751101321585902
citeseer NCNC 2 22 0.48989502489566805 0.8688378435074471
citeseer NCNC 2 23 0.5068998456001281 0.8715614292706804
citeseer NCNC 2 24 0.4915178805589676 0.8788546255506607
citeseer NCNC 2 25 0.47364640831947324 0.8806167400881058
citeseer NCNC 2 26 0.47765717208385466 0.8742710299979023
citeseer NCNC 2 27 0.45794917941093444 0.8810992238305014
citeseer NCNC 2 28 0.45051910281181334 0.86986574365429
citeseer NCNC 2 29 0.475670200586319 0.874858401510384
citeseer NCNC 2 30 0.4463354885578156 0.8716926979041516
citeseer NCNC 2 31 0.43411247432231903 0.8772603314453534
citeseer NCNC 2 32 0.4251541793346405 0.877871907827855
citeseer NCNC 2 33 0.43879379630088805 0.8797356828193833
citeseer NCNC 2 34 0.4294031262397766 0.882759677913863
citeseer NCNC 2 35 0.4455869048833847 0.8751835535976504
citeseer NCNC 2 36 0.42733836770057676 0.8815429797808652
citeseer NCNC 2 37 0.43217225670814513 0.8831582514401898
citeseer NCNC 2 38 0.3979627192020416 0.8816656177889657
citeseer NCNC 2 39 0.39013271033763885 0.8751835535976504
citeseer NCNC 2 40 0.4014464646577835 0.8821795678623872
citeseer NCNC 2 41 0.40378610193729403 0.8831582514401898
citeseer NCNC 2 42 0.4186063975095749 0.884969582546675
citeseer NCNC 2 43 0.40851873755455015 0.8951017411369834
citeseer NCNC 2 44 0.4117095559835434 0.8825991189427312
citeseer NCNC 2 45 0.4117737114429474 0.8676106565974407
citeseer NCNC 2 46 0.4328679978847504 0.8719897209985316
citeseer NCNC 2 47 0.3770699828863144 0.8709217727940194
citeseer NCNC 2 48 0.4019457966089249 0.8699725384747411
citeseer NCNC 2 49 0.3946098804473877 0.8710090203482274
citeseer NCNC 2 50 0.3859733819961548 0.8819802810992238
citeseer NCNC 2 51 0.40297876596450805 0.8874783073020958
citeseer NCNC 2 52 0.36027874052524567 0.8877141458639256
citeseer NCNC 2 53 0.3842149794101715 0.8904552129221732
citeseer NCNC 2 54 0.38093519806861875 0.8984915231611266
citeseer NCNC 2 55 0.3707209140062332 0.8981244159658257
citeseer NCNC 2 56 0.39134285151958464 0.8960107684777289
citeseer NCNC 2 57 0.37337816059589385 0.8989476260401369
citeseer NCNC 2 58 0.3527647525072098 0.8938081253059226
citeseer NCNC 2 59 0.37294644117355347 0.9049926578560938
citeseer NCNC 2 60 0.3782217472791672 0.903206069505629
citeseer NCNC 2 61 0.3438070476055145 0.9065100342633382
citeseer NCNC 2 62 0.3382187753915787 0.8998131090642103
citeseer NCNC 2 63 0.3481351941823959 0.9027900146842879
citeseer NCNC 2 64 0.3688906341791153 0.8919236417033772
citeseer NCNC 2 65 0.3545408099889755 0.889684287812041
citeseer NCNC 2 66 0.33877843618392944 0.889684287812041
citeseer NCNC 2 67 0.3204017788171768 0.8929270680372
citeseer NCNC 2 68 0.34962099194526675 0.8986784140969163
citeseer NCNC 2 69 0.3533627837896347 0.8998131090642103
citeseer NCNC 2 70 0.35853755176067353 0.8985805188448359
citeseer NCNC 2 71 0.33728123605251314 0.8969530102790015
citeseer NCNC 2 72 0.3341300666332245 0.8945423396965245
citeseer NCNC 2 73 0.3551508754491806 0.8926019159499337
citeseer NCNC 2 74 0.34500729441642763 0.898274596182085
citeseer NCNC 2 75 0.3067219465970993 0.9017254038179148
citeseer NCNC 2 76 0.32168243527412416 0.8928046989720998
citeseer NCNC 2 77 0.3139480859041214 0.8912628487518355
citeseer NCNC 2 78 0.3486822932958603 0.8955212922173273
citeseer NCNC 2 79 0.36798939406871795 0.8946402349486049
citeseer NCNC 2 80 0.3382853388786316 0.8951541850220264
citeseer NCNC 2 81 0.33278530538082124 0.8980910425844347
citeseer NCNC 2 82 0.32827630937099456 0.8919970631424375
citeseer NCNC 2 83 0.3243240416049957 0.8931718061674009
citeseer NCNC 2 84 0.32546219825744627 0.8969267883364799
citeseer NCNC 2 85 0.32043365836143495 0.8975141598489615
citeseer NCNC 2 86 0.34362235963344573 0.8958988881896369
citeseer NCNC 2 87 0.33124260902404784 0.8981015313614431
citeseer NCNC 2 88 0.3444633722305298 0.8933606041535557
citeseer NCNC 2 89 0.3245487779378891 0.8959303545206628
citeseer NCNC 2 90 0.32627812325954436 0.9002307530941892
citeseer NCNC 2 91 0.32781321704387667 0.9003111670512551
citeseer NCNC 2 92 0.32314674854278563 0.9004265435983497
citeseer NCNC 2 93 0.3167156487703323 0.8985910076218446
citeseer NCNC 2 94 0.3223390311002731 0.8968166561778895
citeseer NCNC 2 95 0.323827451467514 0.8949811202013844
citeseer NCNC 2 96 0.3189858078956604 0.889437801552339
citeseer NCNC 2 97 0.31364899277687075 0.892705055590518
citeseer NCNC 2 98 0.33839090168476105 0.8930791553038249
citeseer NCNC 2 99 0.34104288220405576 0.8925040206978533
citeseer NCNC 2 100 0.29890574514865875 0.8908887490385287
