/home/ubuntu/anaconda3/envs/mei_env/lib/python3.11/site-packages/torch/cuda/__init__.py:63: FutureWarning: The pynvml package is deprecated. Please install nvidia-ml-py instead. If you did not install pynvml directly, please report this to the maintainers of the package that installed pynvml for you.
  import pynvml  # type: ignore[import]
pubmed NCNC 1 1 1.254982848962148 0.6938636755592984
pubmed NCNC 1 2 0.6848309834798177 0.7402066683316684
pubmed NCNC 1 3 0.5202394309971068 0.8067374688087685
pubmed NCNC 1 4 0.4327855838669671 0.8618304191296068
pubmed NCNC 1 5 0.38171865542729694 0.875071422510502
pubmed NCNC 1 6 0.3506390104691188 0.8888405555034617
pubmed NCNC 1 7 0.32451597849527997 0.9011971181646272
pubmed NCNC 1 8 0.3106635792387856 0.9064677688436713
pubmed NCNC 1 9 0.29415612916151684 0.9111514350571209
pubmed NCNC 1 10 0.28587162163522506 0.9153757306171566
pubmed NCNC 1 11 0.27520206570625305 0.9214769699313922
pubmed NCNC 1 12 0.27416149775187176 0.9222707835185273
pubmed NCNC 1 13 0.27012677325142753 0.9242067236313627
pubmed NCNC 1 14 0.25301123907168704 0.9226777997874568
pubmed NCNC 1 15 0.2563983259929551 0.9271561771561772
pubmed NCNC 1 16 0.24253866738743252 0.9258614805771845
pubmed NCNC 1 17 0.24585579252905315 0.9322617777829872
pubmed NCNC 1 18 0.24072831869125366 0.9328829977182865
pubmed NCNC 1 19 0.23484845873382357 0.9350514200751113
pubmed NCNC 1 20 0.23491606364647546 0.9291053505008829
pubmed NCNC 1 21 0.22835357073280546 0.9307127815024927
pubmed NCNC 1 22 0.22904072701931 0.9312884731093216
pubmed NCNC 1 23 0.2215208245648278 0.9329685619735257
pubmed NCNC 1 24 0.21907614750994575 0.9330129720359865
pubmed NCNC 1 25 0.21188948137892616 0.93659263795771
pubmed NCNC 1 26 0.21737778849071926 0.9360395715145263
pubmed NCNC 1 27 0.21521104872226715 0.9354694656025884
pubmed NCNC 1 28 0.21159187124835122 0.9353519205673989
pubmed NCNC 1 29 0.20878431449333826 0.935146103896104
pubmed NCNC 1 30 0.20607956995566687 0.9350222113514478
pubmed NCNC 1 31 0.19908124787939918 0.9376258606515827
pubmed NCNC 1 32 0.20393405357996622 0.9344797738863623
pubmed NCNC 1 33 0.20695565309789446 0.9378803506962352
pubmed NCNC 1 34 0.20212682253784603 0.9393589550742079
pubmed NCNC 1 35 0.1984992722670237 0.9372187385668884
pubmed NCNC 1 36 0.19826469239261416 0.935481973151197
pubmed NCNC 1 37 0.19614169581068885 0.9382482558306114
pubmed NCNC 1 38 0.19209925747579998 0.9392327707140433
pubmed NCNC 1 39 0.19195973955922657 0.9399243938221826
pubmed NCNC 1 40 0.19926969872580635 0.9406709941682866
pubmed NCNC 1 41 0.1920265464319123 0.9388046971079461
pubmed NCNC 1 42 0.1953094419505861 0.9425301721443419
pubmed NCNC 1 43 0.19039558039771187 0.9416394200464596
pubmed NCNC 1 44 0.19194786747296652 0.9405936785336606
pubmed NCNC 1 45 0.18668948941760594 0.9413371726548622
pubmed NCNC 1 46 0.18272443032926983 0.9398946514526388
pubmed NCNC 1 47 0.18488339500294793 0.9440102823620423
pubmed NCNC 1 48 0.18412791275315815 0.9407487556066074
pubmed NCNC 1 49 0.1837540649705463 0.93919827164412
pubmed NCNC 1 50 0.17829322732157177 0.9410585240571704
pubmed NCNC 1 51 0.18181553069088194 0.9425611079153499
pubmed NCNC 1 52 0.18042192525333828 0.9424746432869175
pubmed NCNC 1 53 0.1806316085987621 0.9394538361257674
pubmed NCNC 1 54 0.17769347627957663 0.9415873536812165
pubmed NCNC 1 55 0.17787343015273413 0.9414401395335512
pubmed NCNC 1 56 0.17291728489928776 0.9408801399663314
pubmed NCNC 1 57 0.17840593556563059 0.9407188066145649
pubmed NCNC 1 58 0.16953601605362362 0.9449621327328908
pubmed NCNC 1 59 0.17651230014032787 0.9450293583021472
pubmed NCNC 1 60 0.174440559413698 0.9428093304108648
pubmed NCNC 1 61 0.17018141597509384 0.9405705343092527
pubmed NCNC 1 62 0.17262212021483314 0.9431030993925849
pubmed NCNC 1 63 0.17321237507793638 0.9415850714417954
pubmed NCNC 1 64 0.176867566174931 0.9428643220497914
pubmed NCNC 1 65 0.17113850265741348 0.9414731052140799
pubmed NCNC 1 66 0.16915293534596762 0.9398086964930377
pubmed NCNC 1 67 0.17496511257357067 0.9426731455217469
pubmed NCNC 1 68 0.1658925579653846 0.9405468966953624
pubmed NCNC 1 69 0.17007258782784143 0.9437814272821041
pubmed NCNC 1 70 0.1701590915520986 0.9413074352943488
pubmed NCNC 1 71 0.169998893307315 0.9403071620016565
pubmed NCNC 1 72 0.16317309770319197 0.94210557417913
pubmed NCNC 1 73 0.1653678168853124 0.9412677086751996
pubmed NCNC 1 74 0.16597774376471838 0.9418655433265091
pubmed NCNC 1 75 0.16506227768129772 0.9405840818577732
pubmed NCNC 1 76 0.16010023984644148 0.9401068690385026
pubmed NCNC 1 77 0.16051283727089563 0.9405863365475279
pubmed NCNC 1 78 0.1662621961699592 0.9374907777491263
pubmed NCNC 1 79 0.16105127914084327 0.9419641487762374
pubmed NCNC 1 80 0.16501031484868792 0.9396414424674804
pubmed NCNC 1 81 0.16005907207727432 0.9397927752902934
pubmed NCNC 1 82 0.16186672945817313 0.9412223869692281
pubmed NCNC 1 83 0.15972878949509728 0.9451100581628561
pubmed NCNC 1 84 0.1566256591015392 0.9404209627867118
pubmed NCNC 1 85 0.15988892316818237 0.940517886896497
pubmed NCNC 1 86 0.15633046792613137 0.9424657516320423
pubmed NCNC 1 87 0.15783514744705623 0.9428565323815775
pubmed NCNC 1 88 0.15508755213684505 0.9444775616481392
pubmed NCNC 1 89 0.1554488026433521 0.9425151137470631
pubmed NCNC 1 90 0.157034984893269 0.9417057940805684
pubmed NCNC 1 91 0.16052874757183921 0.9427213161136897
pubmed NCNC 1 92 0.15557647579246098 0.943186189186866
pubmed NCNC 1 93 0.15200897802909216 0.9431131696059891
pubmed NCNC 1 94 0.15574814213646782 0.9437568210469837
pubmed NCNC 1 95 0.15610362589359283 0.9439764375966995
pubmed NCNC 1 96 0.1567233842280176 0.9457036846026016
pubmed NCNC 1 97 0.15477113177378973 0.9460693513265717
pubmed NCNC 1 98 0.1577254260579745 0.9448780693083491
pubmed NCNC 1 99 0.1524553100268046 0.9453951583915484
pubmed NCNC 1 100 0.15076717320415708 0.943642724103013
