/home/ubuntu/anaconda3/envs/mei_env/lib/python3.11/site-packages/torch/cuda/__init__.py:63: FutureWarning: The pynvml package is deprecated. Please install nvidia-ml-py instead. If you did not install pynvml directly, please report this to the maintainers of the package that installed pynvml for you.
  import pynvml  # type: ignore[import]
citeseer NCN 3 1 1.5413399934768677 0.6906406893903654
citeseer NCN 3 2 1.0094869136810303 0.82630049832693
citeseer NCN 3 3 0.8607793748378754 0.8225770925110132
citeseer NCN 3 4 0.769386625289917 0.8363069016152717
citeseer NCN 3 5 0.7445541560649872 0.8344451436962449
citeseer NCN 3 6 0.7275735676288605 0.8489458779106356
citeseer NCN 3 7 0.6957011342048645 0.850157331655129
citeseer NCN 3 8 0.6362538933753967 0.8503303964757708
citeseer NCN 3 9 0.6576505780220032 0.8587791063561988
citeseer NCN 3 10 0.6247440814971924 0.8569190965666736
citeseer NCN 3 11 0.6129918694496155 0.8743619327319768
citeseer NCN 3 12 0.5998648405075073 0.8593788736960543
citeseer NCN 3 13 0.5811818033456803 0.8623645199636387
citeseer NCN 3 14 0.5761757910251617 0.8589731487308581
citeseer NCN 3 15 0.5639019846916199 0.8559209146213551
citeseer NCN 3 16 0.5607153832912445 0.8576882735473044
citeseer NCN 3 17 0.5450921535491944 0.8637787567302986
citeseer NCN 3 18 0.5380523025989532 0.8531081742535488
citeseer NCN 3 19 0.5222064882516861 0.859340255926159
citeseer NCN 3 20 0.525822514295578 0.8626092580938396
citeseer NCN 3 21 0.4978886544704437 0.8636616320537025
citeseer NCN 3 22 0.4931823819875717 0.8502955928066059
citeseer NCN 3 23 0.5064356923103333 0.8514491993566884
citeseer NCN 3 24 0.5095660626888275 0.8609887420460108
citeseer NCN 3 25 0.4787342041730881 0.8592318718970702
citeseer NCN 3 26 0.45770170390605924 0.8582092161387315
citeseer NCN 3 27 0.4819723218679428 0.8580118364259334
citeseer NCN 3 28 0.4809941977262497 0.8671628665020736
citeseer NCN 3 29 0.47556741535663605 0.8688515596004583
citeseer NCN 3 30 0.4571272134780884 0.8627156250504268
citeseer NCN 3 31 0.4693406581878662 0.8628907069435703
citeseer NCN 3 32 0.466023325920105 0.8649465072372562
citeseer NCN 3 33 0.43747565150260925 0.8635462555066078
citeseer NCN 3 34 0.45880608558654784 0.8701751625760434
citeseer NCN 3 35 0.4416085332632065 0.868587860988742
citeseer NCN 3 36 0.4430065304040909 0.877428151877491
citeseer NCN 3 37 0.4606154799461365 0.864226689207254
citeseer NCN 3 38 0.44935382902622223 0.877850325152087
citeseer NCN 3 39 0.45193973183631897 0.8793914602284646
citeseer NCN 3 40 0.43153004050254823 0.8716944460336531
citeseer NCN 3 41 0.4202360510826111 0.8700896631513371
citeseer NCN 3 42 0.41406847536563873 0.8741890268321987
citeseer NCN 3 43 0.4099037528038025 0.8762867822339188
citeseer NCN 3 44 0.4014929533004761 0.8788040887159829
citeseer NCN 3 45 0.40022769570350647 0.8832583226856354
citeseer NCN 3 46 0.389718759059906 0.8830622632384748
citeseer NCN 3 47 0.3885628879070282 0.8804505577633331
citeseer NCN 3 48 0.41938873529434206 0.8742780225159079
citeseer NCN 3 49 0.41532397270202637 0.8754212992098455
citeseer NCN 3 50 0.4148075103759766 0.8746940773372491
citeseer NCN 3 51 0.39784162044525145 0.8770313264806657
citeseer NCN 3 52 0.4094696581363678 0.8727973568281938
citeseer NCN 3 53 0.42011637687683107 0.8674427261431666
citeseer NCN 3 54 0.406021437048912 0.8696736083299961
citeseer NCN 3 55 0.37216495871543886 0.8718466922211415
citeseer NCN 3 56 0.39059050381183624 0.8641722447889849
citeseer NCN 3 57 0.3809387147426605 0.867451735733674
citeseer NCN 3 58 0.39129755795001986 0.8612090063631914
citeseer NCN 3 59 0.3745502382516861 0.8615149290259422
citeseer NCN 3 60 0.3856245964765549 0.8599330307480086
citeseer NCN 3 61 0.388247075676918 0.8680494371023005
citeseer NCN 3 62 0.38479835689067843 0.860329856144834
citeseer NCN 3 63 0.3704977691173553 0.8640057446224847
citeseer NCN 3 64 0.37475196421146395 0.8712520103489266
citeseer NCN 3 65 0.38430294394493103 0.8703728601305694
citeseer NCN 3 66 0.35975016057491305 0.8727693867561709
citeseer NCN 3 67 0.3638917326927185 0.8632470564188626
citeseer NCN 3 68 0.3807689756155014 0.8600220264317179
citeseer NCN 3 69 0.348716077208519 0.8656454900948292
citeseer NCN 3 70 0.3608629047870636 0.8630882455772324
citeseer NCN 3 71 0.35673579275608064 0.8653105294981428
citeseer NCN 3 72 0.3637526512145996 0.8710291238374939
citeseer NCN 3 73 0.36823534071445463 0.8732607535276621
citeseer NCN 3 74 0.3454623132944107 0.8668604400983255
citeseer NCN 3 75 0.3669223189353943 0.8692655973492978
citeseer NCN 3 76 0.34986809492111204 0.8739932197887625
citeseer NCN 3 77 0.3545807242393494 0.8717065240192992
citeseer NCN 3 78 0.3481724351644516 0.8632295751238482
citeseer NCN 3 79 0.3623965859413147 0.864131878889588
citeseer NCN 3 80 0.33257136344909666 0.8628837144255647
citeseer NCN 3 81 0.3386168658733368 0.8633723166212153
citeseer NCN 3 82 0.33923097252845763 0.8575698120657955
citeseer NCN 3 83 0.3508589774370193 0.8721247382947305
citeseer NCN 3 84 0.34244555830955503 0.8707367234705923
citeseer NCN 3 85 0.33702162504196165 0.8726260401370534
citeseer NCN 3 86 0.332039874792099 0.8715251298757388
citeseer NCN 3 87 0.3357364863157272 0.8713105726872247
citeseer NCN 3 88 0.3421683222055435 0.8727169428711278
citeseer NCN 3 89 0.3498849242925644 0.8774823438920355
citeseer NCN 3 90 0.3262287527322769 0.8764649325222013
citeseer NCN 3 91 0.35219907760620117 0.8763076008670723
citeseer NCN 3 92 0.35329280495643617 0.8767670899829489
citeseer NCN 3 93 0.36707742512226105 0.8776970948777115
citeseer NCN 3 94 0.33005393445491793 0.8748164464023495
citeseer NCN 3 95 0.33010456562042234 0.8757444342246103
citeseer NCN 3 96 0.3492839068174362 0.8776693937486889
citeseer NCN 3 97 0.3370227038860321 0.8759826077006693
citeseer NCN 3 98 0.3400657147169113 0.8691753914220876
citeseer NCN 3 99 0.34361295104026796 0.8684515068876302
citeseer NCN 3 100 0.319803524017334 0.8681976491447856
