/home/ubuntu/anaconda3/envs/mei_env/lib/python3.11/site-packages/torch/cuda/__init__.py:63: FutureWarning: The pynvml package is deprecated. Please install nvidia-ml-py instead. If you did not install pynvml directly, please report this to the maintainers of the package that installed pynvml for you.
  import pynvml  # type: ignore[import]
pubmed NCNC 3 1 0.9625908997323778 0.6119128514886638
pubmed NCNC 3 2 0.6531314187579684 0.7497932215948914
pubmed NCNC 3 3 0.5029967476924261 0.8172551162736181
pubmed NCNC 3 4 0.4094492461946275 0.8656753357452814
pubmed NCNC 3 5 0.37459804779953426 0.8849164886958207
pubmed NCNC 3 6 0.3398120833767785 0.8888025757836228
pubmed NCNC 3 7 0.32412339250246686 0.8991109359453223
pubmed NCNC 3 8 0.30587663418716854 0.905094532548278
pubmed NCNC 3 9 0.29349201420942944 0.9108346226577273
pubmed NCNC 3 10 0.283971991803911 0.9206838237975422
pubmed NCNC 3 11 0.27461646166112685 0.920231279200142
pubmed NCNC 3 12 0.2700128224160936 0.9213585264013964
pubmed NCNC 3 13 0.2596326751841439 0.9221095303112451
pubmed NCNC 3 14 0.2587525463766522 0.9263606279400504
pubmed NCNC 3 15 0.25066060655646855 0.927797269166854
pubmed NCNC 3 16 0.2446041562490993 0.9259600094550456
pubmed NCNC 3 17 0.2397872499293751 0.9303066605977257
pubmed NCNC 3 18 0.23521477563513649 0.9278579454290194
pubmed NCNC 3 19 0.23573917398850122 0.9290647009679049
pubmed NCNC 3 20 0.2256906520989206 0.9339521977721437
pubmed NCNC 3 21 0.2236598307887713 0.9309258781731706
pubmed NCNC 3 22 0.22315539750787947 0.9287741114681547
pubmed NCNC 3 23 0.22041969001293182 0.9287235672219878
pubmed NCNC 3 24 0.21592408584223854 0.9359340080797662
pubmed NCNC 3 25 0.21661931855811012 0.9332317095008882
pubmed NCNC 3 26 0.21985718939039442 0.9335858260271617
pubmed NCNC 3 27 0.2142865334947904 0.934621957715369
pubmed NCNC 3 28 0.2033140030172136 0.9358029887531242
pubmed NCNC 3 29 0.20024612959888247 0.937543752185263
pubmed NCNC 3 30 0.20619777093331018 0.930901434731534
pubmed NCNC 3 31 0.20896008859078088 0.9332283966534869
pubmed NCNC 3 32 0.2011585525340504 0.936904045613432
pubmed NCNC 3 33 0.20235814816421932 0.9347214326738243
pubmed NCNC 3 34 0.20045699013604057 0.9349064149097995
pubmed NCNC 3 35 0.19844979875617558 0.9343870400145616
pubmed NCNC 3 36 0.1925752717587683 0.9382533024286184
pubmed NCNC 3 37 0.19279730485545266 0.9364260758044602
pubmed NCNC 3 38 0.18983299864663017 0.9331116574460437
pubmed NCNC 3 39 0.1967533098326789 0.9352072370016035
pubmed NCNC 3 40 0.18344253136052024 0.9365984104231343
pubmed NCNC 3 41 0.187677430609862 0.9361376301696698
pubmed NCNC 3 42 0.1858888417482376 0.9355562263899357
pubmed NCNC 3 43 0.19351844324005973 0.9388027273067886
pubmed NCNC 3 44 0.1930014259285397 0.9388512103369955
pubmed NCNC 3 45 0.18933086925082737 0.9373844247659681
pubmed NCNC 3 46 0.1862847101357248 0.937676118130766
pubmed NCNC 3 47 0.19008867856529024 0.9377416587874622
pubmed NCNC 3 48 0.18094382683436075 0.9402187457298016
pubmed NCNC 3 49 0.17904611180226007 0.9389639204057074
pubmed NCNC 3 50 0.18288175182210076 0.9366861302556247
pubmed NCNC 3 51 0.17890865024593142 0.9372597426729141
pubmed NCNC 3 52 0.17816660304864249 0.9402932201761572
pubmed NCNC 3 53 0.17755052033397886 0.9346076301945382
pubmed NCNC 3 54 0.1822564130028089 0.9391542748266575
pubmed NCNC 3 55 0.17868928031788933 0.9428306125282659
pubmed NCNC 3 56 0.17725667936934364 0.9395728101709999
pubmed NCNC 3 57 0.17464055783218807 0.9395067796974385
pubmed NCNC 3 58 0.17387704882356855 0.9405066749925
pubmed NCNC 3 59 0.17876780281464258 0.9430375587358889
pubmed NCNC 3 60 0.17066184596882927 0.9432114384562489
pubmed NCNC 3 61 0.17082608160045412 0.9410438383906743
pubmed NCNC 3 62 0.16922948592238957 0.9425858475159017
pubmed NCNC 3 63 0.16642512381076813 0.9381427086751994
pubmed NCNC 3 64 0.1721163358953264 0.9402695404274826
pubmed NCNC 3 65 0.1696525803870625 0.9412646206080322
pubmed NCNC 3 66 0.17170071601867676 0.9448076041487593
pubmed NCNC 3 67 0.16704763389296 0.9432545380311624
pubmed NCNC 3 68 0.1664215707116657 0.9417858559160454
pubmed NCNC 3 69 0.16342896554205152 0.9443160216738736
pubmed NCNC 3 70 0.167639575070805 0.9395660528049967
pubmed NCNC 3 71 0.16653220272726482 0.9420096694070069
pubmed NCNC 3 72 0.16041412949562073 0.9412857787519341
pubmed NCNC 3 73 0.16320651521285376 0.9395906477697994
pubmed NCNC 3 74 0.16678654899199805 0.9399471542296451
pubmed NCNC 3 75 0.16018664754099315 0.9362127969303058
pubmed NCNC 3 76 0.16502798597017923 0.9402607658586901
pubmed NCNC 3 77 0.1681337207555771 0.9414995917139419
pubmed NCNC 3 78 0.16350860976510578 0.9405492521918514
pubmed NCNC 3 79 0.15968683858712515 0.9404519880941362
pubmed NCNC 3 80 0.16107943488491905 0.941416355405525
pubmed NCNC 3 81 0.1602508533332083 0.9390145980173057
pubmed NCNC 3 82 0.16890335248576271 0.9416125866712508
pubmed NCNC 3 83 0.16055484695567024 0.938026536114307
pubmed NCNC 3 84 0.16641311678621504 0.9395840496246634
pubmed NCNC 3 85 0.16003134267197716 0.9402378608154781
pubmed NCNC 3 86 0.1566415081421534 0.9400428342215346
pubmed NCNC 3 87 0.15839582847224343 0.9387189487708439
pubmed NCNC 3 88 0.1542381743590037 0.941149325253567
pubmed NCNC 3 89 0.15523280700047812 0.9398695242783689
pubmed NCNC 3 90 0.15844371418158212 0.9406241209151858
pubmed NCNC 3 91 0.1482446955309974 0.9407664838170255
pubmed NCNC 3 92 0.15911169764068392 0.942616636772774
pubmed NCNC 3 93 0.16010115875138176 0.9415243037648272
pubmed NCNC 3 94 0.15146147294176948 0.9428219550455562
pubmed NCNC 3 95 0.15194245510631138 0.9453396441192417
pubmed NCNC 3 96 0.1530855024854342 0.9402639891696751
pubmed NCNC 3 97 0.15370614578326544 0.9420009956449489
pubmed NCNC 3 98 0.15730408910248014 0.9412203620687376
pubmed NCNC 3 99 0.1524419238169988 0.9438318362844537
pubmed NCNC 3 100 0.14828379535012776 0.9413867482797988
