/home/ubuntu/anaconda3/envs/mei_env/lib/python3.11/site-packages/torch/cuda/__init__.py:63: FutureWarning: The pynvml package is deprecated. Please install nvidia-ml-py instead. If you did not install pynvml directly, please report this to the maintainers of the package that installed pynvml for you.
  import pynvml  # type: ignore[import]
citeseer NCNC 3 1 1.5551146984100341 0.6643725982407943
citeseer NCNC 3 2 1.0595922768115997 0.8136541016496963
citeseer NCNC 3 3 0.9086446523666382 0.8201875584034175
citeseer NCNC 3 4 0.8124566435813904 0.8360741314485807
citeseer NCNC 3 5 0.7703987419605255 0.8452692926261207
citeseer NCNC 3 6 0.7406665027141571 0.852463878510134
citeseer NCNC 3 7 0.7069885611534119 0.8515555663132756
citeseer NCNC 3 8 0.6822393476963043 0.8552548772813089
citeseer NCNC 3 9 0.6568740844726563 0.8665217308389114
citeseer NCNC 3 10 0.6542277932167053 0.858151686786048
citeseer NCNC 3 11 0.6055156528949738 0.861656258572558
citeseer NCNC 3 12 0.5912496507167816 0.8530331636058508
citeseer NCNC 3 13 0.5838888883590698 0.8502569750367107
citeseer NCNC 3 14 0.602829110622406 0.8591042584434654
citeseer NCNC 3 15 0.5767038643360138 0.8704968184043073
citeseer NCNC 3 16 0.5537810802459717 0.8752536376985717
citeseer NCNC 3 17 0.5391934961080551 0.8722886511432766
citeseer NCNC 3 18 0.5512382298707962 0.8485735263268303
citeseer NCNC 3 19 0.509837543964386 0.8604258443465492
citeseer NCNC 3 20 0.5050770461559295 0.8698237885462554
citeseer NCNC 3 21 0.5166503965854645 0.8700125865324103
citeseer NCNC 3 22 0.4864895135164261 0.8464512971120901
citeseer NCNC 3 23 0.47889548540115356 0.8595133207468009
citeseer NCNC 3 24 0.4749882578849792 0.8625970211873295
citeseer NCNC 3 25 0.4477035582065582 0.8676211453744493
citeseer NCNC 3 26 0.45595511198043825 0.8690161527165932
citeseer NCNC 3 27 0.45347823202610016 0.8769142018040695
citeseer NCNC 3 28 0.46114412844181063 0.8726157102809085
citeseer NCNC 3 29 0.4542186588048935 0.8721732745961821
citeseer NCNC 3 30 0.46933976709842684 0.8743044033792933
citeseer NCNC 3 31 0.4518656969070435 0.8717031866811603
citeseer NCNC 3 32 0.44411928951740265 0.8758565834557025
citeseer NCNC 3 33 0.4240536421537399 0.8655461156562478
citeseer NCNC 3 34 0.3942455530166626 0.8687888958814068
citeseer NCNC 3 35 0.405701607465744 0.8712941243778247
citeseer NCNC 3 36 0.44432537257671356 0.8703062722886511
citeseer NCNC 3 37 0.4081834048032761 0.8668219812492939
citeseer NCNC 3 38 0.41408418118953705 0.8764806656877141
citeseer NCNC 3 39 0.4069417089223862 0.8710037759597231
citeseer NCNC 3 40 0.3809327930212021 0.8694566813509546
citeseer NCNC 3 41 0.3910865843296051 0.8715177260331445
citeseer NCNC 3 42 0.37143537402153015 0.8797356828193832
citeseer NCNC 3 43 0.38672598600387575 0.8821185422507009
citeseer NCNC 3 44 0.3997813999652863 0.8770243339626598
citeseer NCNC 3 45 0.4070015549659729 0.879186929076797
citeseer NCNC 3 46 0.37886278331279755 0.8806238915269752
citeseer NCNC 3 47 0.3920984536409378 0.8777722644462732
citeseer NCNC 3 48 0.3637057811021805 0.8812860047441544
citeseer NCNC 3 49 0.3776517629623413 0.8851406302948153
citeseer NCNC 3 50 0.3861120194196701 0.8834801762114537
citeseer NCNC 3 51 0.37602982223033904 0.8880690161527165
citeseer NCNC 3 52 0.3608949303627014 0.8887684268741537
citeseer NCNC 3 53 0.37546494901180266 0.8866372980910425
citeseer NCNC 3 54 0.3696361184120178 0.8864380113278791
citeseer NCNC 3 55 0.36716513335704803 0.8830816026851269
citeseer NCNC 3 56 0.3740748703479767 0.8839757709251099
citeseer NCNC 3 57 0.3454469978809357 0.8933081602685126
citeseer NCNC 3 58 0.3655718952417374 0.8844766100272707
citeseer NCNC 3 59 0.38301893770694734 0.8767692659763144
citeseer NCNC 3 60 0.34906339049339297 0.878230543318649
citeseer NCNC 3 61 0.3628568410873413 0.8793371092930564
citeseer NCNC 3 62 0.3446089267730713 0.8744126284875184
citeseer NCNC 3 63 0.32558574080467223 0.8784682889308438
citeseer NCNC 3 64 0.35890860855579376 0.8844451436962449
citeseer NCNC 3 65 0.3207616746425629 0.8859869939165093
citeseer NCNC 3 66 0.3437134951353073 0.8842983008181245
citeseer NCNC 3 67 0.33188235461711885 0.8822425005244389
citeseer NCNC 3 68 0.36992625892162323 0.8704531151667715
citeseer NCNC 3 69 0.3324516862630844 0.8727606461086638
citeseer NCNC 3 70 0.3327543824911118 0.8830396475770924
citeseer NCNC 3 71 0.3223708599805832 0.8801447451227187
citeseer NCNC 3 72 0.33152905106544495 0.8790434235368156
citeseer NCNC 3 73 0.335811248421669 0.8776484161946717
citeseer NCNC 3 74 0.3445924401283264 0.8803650094398994
citeseer NCNC 3 75 0.347834375500679 0.8856583455702397
citeseer NCNC 3 76 0.3216065615415573 0.880267114187819
citeseer NCNC 3 77 0.34534046053886414 0.8755017131669114
citeseer NCNC 3 78 0.3189247101545334 0.8758198727361721
citeseer NCNC 3 79 0.3221182346343994 0.8838088245577231
citeseer NCNC 3 80 0.3160431206226349 0.8859887420460107
citeseer NCNC 3 81 0.2918331682682037 0.8876040137053351
citeseer NCNC 3 82 0.31267844438552855 0.8872176770855185
citeseer NCNC 3 83 0.3140992522239685 0.8784682889308439
citeseer NCNC 3 84 0.32816981673240664 0.8791955108034403
citeseer NCNC 3 85 0.32763379663228986 0.8744283616530312
citeseer NCNC 3 86 0.3195203185081482 0.8807321166352003
citeseer NCNC 3 87 0.328529891371727 0.8727239353891337
citeseer NCNC 3 88 0.31563654243946077 0.878859869939165
citeseer NCNC 3 89 0.3168990433216095 0.8878539962240403
citeseer NCNC 3 90 0.29567486643791197 0.8881057268722466
citeseer NCNC 3 91 0.31883426308631896 0.8833700440528635
citeseer NCNC 3 92 0.30235378444194794 0.8919026641493601
citeseer NCNC 3 93 0.29731937050819396 0.8877123977344241
citeseer NCNC 3 94 0.29715667068958285 0.8866477868680512
citeseer NCNC 3 95 0.29071690440177916 0.8865324103209565
citeseer NCNC 3 96 0.3210367441177368 0.8886930983847283
citeseer NCNC 3 97 0.28828260451555254 0.8785714285714284
citeseer NCNC 3 98 0.29623729437589646 0.8780644710160128
citeseer NCNC 3 99 0.31047212779521943 0.8751450947486189
citeseer NCNC 3 100 0.31052729934453965 0.8803894832529193
