/home/ubuntu/anaconda3/envs/mei_env/lib/python3.11/site-packages/torch/cuda/__init__.py:63: FutureWarning: The pynvml package is deprecated. Please install nvidia-ml-py instead. If you did not install pynvml directly, please report this to the maintainers of the package that installed pynvml for you.
  import pynvml  # type: ignore[import]
citeseer NCNC 1 1 1.6131081461906434 0.6920826411192404
citeseer NCNC 1 2 1.3162153840065003 0.7811502557647931
citeseer NCNC 1 3 1.079280185699463 0.8159881234771102
citeseer NCNC 1 4 0.9858848214149475 0.8151160757988952
citeseer NCNC 1 5 0.8758031368255615 0.8321393608838542
citeseer NCNC 1 6 0.7990031003952026 0.8364010316653488
citeseer NCNC 1 7 0.774763149023056 0.8391021606880638
citeseer NCNC 1 8 0.75189488530159 0.8472082371862107
citeseer NCNC 1 9 0.7065248906612396 0.8550031466331026
citeseer NCNC 1 10 0.6944307804107666 0.8610573304211551
citeseer NCNC 1 11 0.6728975415229798 0.8580103407001567
citeseer NCNC 1 12 0.6505454301834106 0.8518376954305952
citeseer NCNC 1 13 0.6567847549915313 0.8551447451227187
citeseer NCNC 1 14 0.6401463091373444 0.8675477239353891
citeseer NCNC 1 15 0.6145511865615845 0.8632892804698971
citeseer NCNC 1 16 0.5925876379013062 0.8624292007551919
citeseer NCNC 1 17 0.5915414869785309 0.870278033273628
citeseer NCNC 1 18 0.5633683443069458 0.8680092301237676
citeseer NCNC 1 19 0.5339149057865142 0.8677397492375466
citeseer NCNC 1 20 0.5330198317766189 0.8602999790224459
citeseer NCNC 1 21 0.50416519343853 0.8639710509754562
citeseer NCNC 1 22 0.49460501968860626 0.8624292007551918
citeseer NCNC 1 23 0.5085577547550202 0.8644273127753304
citeseer NCNC 1 24 0.5043154239654541 0.8588105726872246
citeseer NCNC 1 25 0.46399267911911013 0.8708516886930984
citeseer NCNC 1 26 0.4597945839166641 0.8658275645059786
citeseer NCNC 1 27 0.49063566625118255 0.868140339836375
citeseer NCNC 1 28 0.440799343585968 0.8718166561778896
citeseer NCNC 1 29 0.4313582807779312 0.8706174393399062
citeseer NCNC 1 30 0.4673614352941513 0.8694671701279629
citeseer NCNC 1 31 0.4542479276657104 0.8702398433675965
citeseer NCNC 1 32 0.445192015171051 0.8757761694986365
citeseer NCNC 1 33 0.4470963180065155 0.8726557583385777
citeseer NCNC 1 34 0.4296021580696106 0.8748653940283896
citeseer NCNC 1 35 0.39982967972755434 0.8747919725893294
citeseer NCNC 1 36 0.40431664884090424 0.8748653940283896
citeseer NCNC 1 37 0.40660829544067384 0.8758338577721837
citeseer NCNC 1 38 0.4171357393264771 0.8803859869939165
citeseer NCNC 1 39 0.3944851249456406 0.8688830259314839
citeseer NCNC 1 40 0.3857654511928558 0.876169498636459
citeseer NCNC 1 41 0.39292205274105074 0.8774670220511112
citeseer NCNC 1 42 0.3891113936901093 0.8790678973498357
citeseer NCNC 1 43 0.3870707809925079 0.8767184112999091
citeseer NCNC 1 44 0.39462738633155825 0.8647651130936956
citeseer NCNC 1 45 0.37433830499649046 0.8704740927207888
citeseer NCNC 1 46 0.39783519208431245 0.8715331902556573
citeseer NCNC 1 47 0.3999331444501877 0.8651699988704394
citeseer NCNC 1 48 0.4124402582645416 0.8691839731487309
citeseer NCNC 1 49 0.3671559005975723 0.8591593245227607
citeseer NCNC 1 50 0.38941843807697296 0.8591116622860596
citeseer NCNC 1 51 0.3562124311923981 0.8585404866792533
citeseer NCNC 1 52 0.3706325858831406 0.877776903713027
citeseer NCNC 1 53 0.3755720674991608 0.8780543935635927
citeseer NCNC 1 54 0.3818963408470154 0.8673641703377386
citeseer NCNC 1 55 0.3579383045434952 0.859654919236417
citeseer NCNC 1 56 0.38960320949554444 0.8756723858103408
citeseer NCNC 1 57 0.39331703186035155 0.8648311306901615
citeseer NCNC 1 58 0.38072762489318845 0.8683064121390113
citeseer NCNC 1 59 0.3882315009832382 0.863594559084937
citeseer NCNC 1 60 0.39717444181442263 0.8615516397454724
citeseer NCNC 1 61 0.3781530737876892 0.8605176211453744
citeseer NCNC 1 62 0.3605499565601349 0.8715727921124398
citeseer NCNC 1 63 0.36661094427108765 0.8696953010279
citeseer NCNC 1 64 0.37932330965995786 0.8686123348017621
citeseer NCNC 1 65 0.3638975560665131 0.8672540381791484
citeseer NCNC 1 66 0.3534907579421997 0.8734703866862457
citeseer NCNC 1 67 0.34622732996940614 0.8716192764650915
citeseer NCNC 1 68 0.3356865406036377 0.8742657856093978
citeseer NCNC 1 69 0.32566488087177276 0.8772288651143275
citeseer NCNC 1 70 0.35522536039352415 0.8750576882735472
citeseer NCNC 1 71 0.3529235988855362 0.8721450355811589
citeseer NCNC 1 72 0.3595525503158569 0.8690895741556535
citeseer NCNC 1 73 0.3487030118703842 0.8708202223620726
citeseer NCNC 1 74 0.3500795215368271 0.877767020057769
citeseer NCNC 1 75 0.3327084332704544 0.8782174323473882
citeseer NCNC 1 76 0.3295634686946869 0.8921439060205579
citeseer NCNC 1 77 0.3252861499786377 0.8904552129221732
citeseer NCNC 1 78 0.3288955628871918 0.8794236417033774
citeseer NCNC 1 79 0.33223416209220885 0.8750262219425213
citeseer NCNC 1 80 0.3263350695371628 0.8822005454164045
citeseer NCNC 1 81 0.3202308028936386 0.8783826305852738
citeseer NCNC 1 82 0.31540031135082247 0.8762114537444933
citeseer NCNC 1 83 0.3104163944721222 0.8819383259911894
citeseer NCNC 1 84 0.3198730796575546 0.8814977973568282
citeseer NCNC 1 85 0.33742840886116027 0.880429849152316
citeseer NCNC 1 86 0.31132943630218507 0.8778022515907977
citeseer NCNC 1 87 0.3110614627599716 0.876064610866373
citeseer NCNC 1 88 0.3250983029603958 0.8806901615271661
citeseer NCNC 1 89 0.3114741057157516 0.8798825256975037
citeseer NCNC 1 90 0.3115438222885132 0.8798424776398346
citeseer NCNC 1 91 0.3033592328429222 0.8804751415984896
citeseer NCNC 1 92 0.3227045565843582 0.8784875183553599
citeseer NCNC 1 93 0.3061806857585907 0.8767254038179149
citeseer NCNC 1 94 0.31080513298511503 0.8735701889886912
citeseer NCNC 1 95 0.3308448851108551 0.875258882087076
citeseer NCNC 1 96 0.3278853088617325 0.8702242691229475
citeseer NCNC 1 97 0.31774822771549227 0.8799158990788947
citeseer NCNC 1 98 0.3137550622224808 0.8815712187958884
citeseer NCNC 1 99 0.3419743627309799 0.8859765051395008
citeseer NCNC 1 100 0.3087548553943634 0.8771659324522761
