/home/ubuntu/anaconda3/envs/mei_env/lib/python3.11/site-packages/torch/cuda/__init__.py:63: FutureWarning: The pynvml package is deprecated. Please install nvidia-ml-py instead. If you did not install pynvml directly, please report this to the maintainers of the package that installed pynvml for you.
  import pynvml  # type: ignore[import]
pubmed NCN 2 1 1.0752159588866763 0.657929986758689
pubmed NCN 2 2 0.724408917956882 0.7437584752792334
pubmed NCN 2 3 0.5755549834834205 0.7950900283030248
pubmed NCN 2 4 0.5000575797425376 0.8383460621558545
pubmed NCN 2 5 0.4370915542046229 0.8669334300877622
pubmed NCN 2 6 0.39070717328124577 0.8849325157143297
pubmed NCN 2 7 0.3754644874069426 0.8920562396137756
pubmed NCN 2 8 0.35399582154221004 0.8990632040389784
pubmed NCN 2 9 0.3398207873106003 0.9043263386680876
pubmed NCN 2 10 0.329029048482577 0.909214948729306
pubmed NCN 2 11 0.32038573424021405 0.9109249152068718
pubmed NCN 2 12 0.30931506554285687 0.9139355609239705
pubmed NCN 2 13 0.3032749245564143 0.9126047241915093
pubmed NCN 2 14 0.30021440320544773 0.9162184636462615
pubmed NCN 2 15 0.28580668237474227 0.9171757707294711
pubmed NCN 2 16 0.2756114535861545 0.9180709282694842
pubmed NCN 2 17 0.2772197276353836 0.9166053577837493
pubmed NCN 2 18 0.27221446401543087 0.9212877704873714
pubmed NCN 2 19 0.2680013519194391 0.9199510339275249
pubmed NCN 2 20 0.2619788729482227 0.9245398720796825
pubmed NCN 2 21 0.2592984454499351 0.925770950678707
pubmed NCN 2 22 0.2618437906106313 0.925638305111455
pubmed NCN 2 23 0.2640592422750261 0.9274566342148995
pubmed NCN 2 24 0.2585007424155871 0.9262382886367545
pubmed NCN 2 25 0.24966430250141355 0.9289432259064877
pubmed NCN 2 26 0.24361310485336515 0.9302183614119534
pubmed NCN 2 27 0.24545766247643364 0.9295174427958725
pubmed NCN 2 28 0.24516837298870087 0.9294709512506515
pubmed NCN 2 29 0.2315647237830692 0.9298944186579564
pubmed NCN 2 30 0.24083623621198866 0.9278480164629029
pubmed NCN 2 31 0.22960134430064094 0.9305532895954829
pubmed NCN 2 32 0.22870406922366884 0.927880589145849
pubmed NCN 2 33 0.23256701976060867 0.9296732325875322
pubmed NCN 2 34 0.22774393111467361 0.9318448488272892
pubmed NCN 2 35 0.21797672079669106 0.9324873381732587
pubmed NCN 2 36 0.22535988688468933 0.9318107006007799
pubmed NCN 2 37 0.21967346800698173 0.9313792133405473
pubmed NCN 2 38 0.21618189579910702 0.9341955853011807
pubmed NCN 2 39 0.22065402732955086 0.9339460708713035
pubmed NCN 2 40 0.21765004677904976 0.932470965715816
pubmed NCN 2 41 0.21971221433745491 0.9310576903630101
pubmed NCN 2 42 0.21014980475107828 0.9300880710833725
pubmed NCN 2 43 0.21236805452240837 0.9336980460211906
pubmed NCN 2 44 0.20564319524500105 0.9329917045037027
pubmed NCN 2 45 0.2112280676762263 0.9335124207509532
pubmed NCN 2 46 0.20895959022972319 0.9338718362051341
pubmed NCN 2 47 0.21365543454885483 0.9335806654737159
pubmed NCN 2 48 0.20763775375154284 0.9346017207910655
pubmed NCN 2 49 0.2042679546607865 0.9355587461163222
pubmed NCN 2 50 0.20655280186070335 0.9328078017137531
pubmed NCN 2 51 0.19769187271595 0.934393837084496
pubmed NCN 2 52 0.19945944431755278 0.9369698074777443
pubmed NCN 2 53 0.20205453120999867 0.9333272920008429
pubmed NCN 2 54 0.19251524408658346 0.9335714342263602
pubmed NCN 2 55 0.19734683632850647 0.9339523881152941
pubmed NCN 2 56 0.20348632584015527 0.9327856626373395
pubmed NCN 2 57 0.19999015745189455 0.9341852886133121
pubmed NCN 2 58 0.1933770477771759 0.9390174320603419
pubmed NCN 2 59 0.18998905271291733 0.9337675352572986
pubmed NCN 2 60 0.19451844029956394 0.9335338053693198
pubmed NCN 2 61 0.19002934296925864 0.9324103919546157
pubmed NCN 2 62 0.18861348264747196 0.9342720752560953
pubmed NCN 2 63 0.18324656205044854 0.932592956707352
pubmed NCN 2 64 0.18845582753419876 0.934304558402625
pubmed NCN 2 65 0.18467088043689728 0.9385719721101436
pubmed NCN 2 66 0.19349934077925152 0.9363633076460242
pubmed NCN 2 67 0.19192498508426878 0.9374805119257232
pubmed NCN 2 68 0.18117720964882109 0.9360585532347717
pubmed NCN 2 69 0.18305163913302952 0.9382745321353573
pubmed NCN 2 70 0.19344492587778303 0.9357876160391954
pubmed NCN 2 71 0.18932031012243694 0.9381579371488288
pubmed NCN 2 72 0.1797857036193212 0.9373086842406858
pubmed NCN 2 73 0.177856901453601 0.9372042612171222
pubmed NCN 2 74 0.182489769326316 0.9390779165429436
pubmed NCN 2 75 0.1823042614592446 0.9401634560535733
pubmed NCN 2 76 0.17736319618092644 0.9377232030153961
pubmed NCN 2 77 0.18544342617193857 0.9386908578983562
pubmed NCN 2 78 0.17611154748333824 0.9370763136782992
pubmed NCN 2 79 0.18006441907750237 0.939186659459674
pubmed NCN 2 80 0.17729610039128196 0.9357401341889158
pubmed NCN 2 81 0.17744454079204136 0.9399432584563452
pubmed NCN 2 82 0.17229988922675452 0.938976471783331
pubmed NCN 2 83 0.17285285807318157 0.9394997388792516
pubmed NCN 2 84 0.17385402073462805 0.9391693952106857
pubmed NCN 2 85 0.17359789295328987 0.9412803170305426
pubmed NCN 2 86 0.1779317706823349 0.9370192514314805
pubmed NCN 2 87 0.1757938572102123 0.9374051533855233
pubmed NCN 2 88 0.17445646060837638 0.9378089626228164
pubmed NCN 2 89 0.17028684831327862 0.937969232807906
pubmed NCN 2 90 0.17549419071939257 0.9402742307582109
pubmed NCN 2 91 0.17399739887979296 0.9357387454352706
pubmed NCN 2 92 0.18284553620550367 0.9386758764877793
pubmed NCN 2 93 0.17229606045616996 0.9384194219088172
pubmed NCN 2 94 0.17567448400788838 0.9384710111639263
pubmed NCN 2 95 0.1719771913356251 0.9426776223425589
pubmed NCN 2 96 0.16854913449949688 0.9411580265652918
pubmed NCN 2 97 0.1742485695415073 0.9394641603633032
pubmed NCN 2 98 0.17443120065662596 0.9347411031357332
pubmed NCN 2 99 0.17572751972410414 0.9407810344238592
pubmed NCN 2 100 0.17108123832278782 0.9386293390975251
