/home/ubuntu/anaconda3/envs/mei_env/lib/python3.11/site-packages/torch/cuda/__init__.py:63: FutureWarning: The pynvml package is deprecated. Please install nvidia-ml-py instead. If you did not install pynvml directly, please report this to the maintainers of the package that installed pynvml for you.
  import pynvml  # type: ignore[import]
citeseer NCNC 4 1 1.5966333270072937 0.5837151773636545
citeseer NCNC 4 2 1.2830710530281066 0.6438706210207554
citeseer NCNC 4 3 0.9998855650424957 0.8155161285117232
citeseer NCNC 4 4 0.8273001968860626 0.8207957485490525
citeseer NCNC 4 5 0.7725394487380981 0.8279053912313824
citeseer NCNC 4 6 0.7292605757713317 0.8356688343472485
citeseer NCNC 4 7 0.6857441782951355 0.8344713656387666
citeseer NCNC 4 8 0.6559462368488311 0.8431802778719079
citeseer NCNC 4 9 0.6410153806209564 0.8558737151248165
citeseer NCNC 4 10 0.6323418140411377 0.8557321166352002
citeseer NCNC 4 11 0.6251667559146881 0.8529735682819384
citeseer NCNC 4 12 0.5832332313060761 0.8618313404657016
citeseer NCNC 4 13 0.5732050597667694 0.8596601636249214
citeseer NCNC 4 14 0.5449218928813935 0.8776484161946717
citeseer NCNC 4 15 0.553196182847023 0.8710404866792533
citeseer NCNC 4 16 0.5024165898561478 0.8685022026431717
citeseer NCNC 4 17 0.49933065474033356 0.8694566813509546
citeseer NCNC 4 18 0.5031089872121811 0.8683553597650514
citeseer NCNC 4 19 0.4980316758155823 0.8649045521292217
citeseer NCNC 4 20 0.49492704272270205 0.8680616740088106
citeseer NCNC 4 21 0.49088365137577056 0.8634850709740577
citeseer NCNC 4 22 0.4508484542369843 0.8658345570239843
citeseer NCNC 4 23 0.4475169003009796 0.8713255907088507
citeseer NCNC 4 24 0.46811796724796295 0.8756975036710718
citeseer NCNC 4 25 0.47208876311779024 0.8716593245227606
citeseer NCNC 4 26 0.442552250623703 0.8649989511222992
citeseer NCNC 4 27 0.4470003962516785 0.8680826515628278
citeseer NCNC 4 28 0.46163578033447267 0.8643381581707572
citeseer NCNC 4 29 0.437219449877739 0.8632892804698971
citeseer NCNC 4 30 0.47322343587875365 0.8595165480628035
citeseer NCNC 4 31 0.41693635284900665 0.8661860899746362
citeseer NCNC 4 32 0.4009666174650192 0.86539026318762
citeseer NCNC 4 33 0.40430065989494324 0.866079295154185
citeseer NCNC 4 34 0.40719090700149535 0.863582966226138
citeseer NCNC 4 35 0.41656261384487153 0.8664464023494861
citeseer NCNC 4 36 0.40444215536117556 0.8645863925599608
citeseer NCNC 4 37 0.3993725419044495 0.8678414096916299
citeseer NCNC 4 38 0.3968179315328598 0.8681684688292617
citeseer NCNC 4 39 0.38900913298130035 0.8744092911493792
citeseer NCNC 4 40 0.4293513774871826 0.8699706314243758
citeseer NCNC 4 41 0.39040067195892336 0.8670827214880078
citeseer NCNC 4 42 0.36497741043567655 0.8745594713656388
citeseer NCNC 4 43 0.3950231045484543 0.8731277533039647
citeseer NCNC 4 44 0.3812817245721817 0.8696035242290748
citeseer NCNC 4 45 0.34787440299987793 0.8750856583455703
citeseer NCNC 4 46 0.37419923543930056 0.8724722047409271
citeseer NCNC 4 47 0.3676835149526596 0.8763687853996224
citeseer NCNC 4 48 0.3779562175273895 0.8700492972519404
citeseer NCNC 4 49 0.3782346785068512 0.8660058737151247
citeseer NCNC 4 50 0.40538243353366854 0.8647910826324924
citeseer NCNC 4 51 0.377608186006546 0.8706333314262829
citeseer NCNC 4 52 0.40123202204704284 0.8710719530102791
citeseer NCNC 4 53 0.37409172356128695 0.8677679882525698
citeseer NCNC 4 54 0.3682178884744644 0.8728026012166981
citeseer NCNC 4 55 0.40232524573802947 0.8690128153784541
citeseer NCNC 4 56 0.39726797938346864 0.8755996084189918
citeseer NCNC 4 57 0.3933668792247772 0.8665792601915949
citeseer NCNC 4 58 0.3620997130870819 0.8665792601915949
citeseer NCNC 4 59 0.3647629529237747 0.8685022026431717
citeseer NCNC 4 60 0.36771353185176847 0.87496328928047
citeseer NCNC 4 61 0.34897361397743226 0.8726557583385778
citeseer NCNC 4 62 0.36374782025814056 0.8741241871197818
citeseer NCNC 4 63 0.3719412684440613 0.874669603524229
citeseer NCNC 4 64 0.3563584953546524 0.876431718061674
citeseer NCNC 4 65 0.37788379192352295 0.8755106127352824
citeseer NCNC 4 66 0.3505074352025986 0.8767988252569751
citeseer NCNC 4 67 0.35213283002376555 0.8758462535995575
citeseer NCNC 4 68 0.35645630657672883 0.8723935389133627
citeseer NCNC 4 69 0.384628826379776 0.8812775330396476
citeseer NCNC 4 70 0.36511069536209106 0.8725893294175233
citeseer NCNC 4 71 0.3498943328857422 0.8772148800783163
citeseer NCNC 4 72 0.3220872700214386 0.8800713236836586
citeseer NCNC 4 73 0.34474813640117646 0.8823543808125305
citeseer NCNC 4 74 0.3478208094835281 0.8817670093000489
citeseer NCNC 4 75 0.3512661993503571 0.8755261869799315
citeseer NCNC 4 76 0.338200780749321 0.8813684357737221
citeseer NCNC 4 77 0.3695264756679535 0.877496328928047
citeseer NCNC 4 78 0.33116970360279085 0.8701349555975106
citeseer NCNC 4 79 0.3529894560575485 0.8774770995035313
citeseer NCNC 4 80 0.3307479530572891 0.8761502692119433
citeseer NCNC 4 81 0.3457014948129654 0.8788668624571709
citeseer NCNC 4 82 0.3057288765907288 0.8756363191385218
citeseer NCNC 4 83 0.3364297688007355 0.8763076008670723
citeseer NCNC 4 84 0.3061616539955139 0.8733969652471856
citeseer NCNC 4 85 0.32449165880680086 0.8785119921683798
citeseer NCNC 4 86 0.3157733127474785 0.8713411649534997
citeseer NCNC 4 87 0.32458104491233825 0.8765785609397945
citeseer NCNC 4 88 0.3214627176523209 0.8846304454233971
citeseer NCNC 4 89 0.34730746150016784 0.8813020068526676
citeseer NCNC 4 90 0.3093395411968231 0.8923886441507587
citeseer NCNC 4 91 0.31435120701789854 0.8889797916229635
citeseer NCNC 4 92 0.31507275253534317 0.8821096426823298
citeseer NCNC 4 93 0.31752629280090333 0.8764561918746941
citeseer NCNC 4 94 0.30786192715168 0.8705265366058318
citeseer NCNC 4 95 0.3460202604532242 0.869846514229774
citeseer NCNC 4 96 0.3243002355098724 0.8716400950982448
citeseer NCNC 4 97 0.32062006592750547 0.8737133766869449
citeseer NCNC 4 98 0.33703496158123014 0.8798755331794978
citeseer NCNC 4 99 0.32455027997493746 0.8788458849031535
citeseer NCNC 4 100 0.28983466476202013 0.8710107684777287
