/home/ubuntu/anaconda3/envs/mei_env/lib/python3.11/site-packages/torch/cuda/__init__.py:63: FutureWarning: The pynvml package is deprecated. Please install nvidia-ml-py instead. If you did not install pynvml directly, please report this to the maintainers of the package that installed pynvml for you.
  import pynvml  # type: ignore[import]
cora NCNC 3 1 1.7120997508366902 0.6009943310177862
cora NCNC 3 2 1.4278205633163452 0.6600977979852364
cora NCNC 3 3 1.3355812231699626 0.679466483798789
cora NCNC 3 4 1.284148097038269 0.6684262317721805
cora NCNC 3 5 1.2333606878916423 0.6669297794062358
cora NCNC 3 6 1.2018177509307861 0.6628917373146264
cora NCNC 3 7 1.2079861164093018 0.6440465103727767
cora NCNC 3 8 1.1836135387420654 0.6495380192863389
cora NCNC 3 9 1.145595947901408 0.6455659259528347
cora NCNC 3 10 1.1240873734156291 0.6830990095203034
cora NCNC 3 11 1.1060564120610554 0.673195456992647
cora NCNC 3 12 1.0459181467692058 0.6989653823276056
cora NCNC 3 13 0.9901750087738037 0.7163455856253887
cora NCNC 3 14 0.9442049066225687 0.7263351999400982
cora NCNC 3 15 0.8891374270121256 0.7592130160403477
cora NCNC 3 16 0.8809639811515808 0.7624282207764651
cora NCNC 3 17 0.8543250759442648 0.7604562401665663
cora NCNC 3 18 0.8088409304618835 0.7466712134062544
cora NCNC 3 19 0.8020408153533936 0.7241021560988542
cora NCNC 3 20 0.8145950237909952 0.6905813906814506
cora NCNC 3 21 0.8303612271944681 0.7144861557816684
cora NCNC 3 22 0.8113745053609213 0.7219061176900587
cora NCNC 3 23 0.7935624122619629 0.7319561579850107
cora NCNC 3 24 0.7929792006810507 0.7404570677216618
cora NCNC 3 25 0.7646234830220541 0.7456787192528638
cora NCNC 3 26 0.7529850204785665 0.7435656476581032
cora NCNC 3 27 0.7194299896558126 0.7604435521785932
cora NCNC 3 28 0.7211121122042338 0.7751051052431882
cora NCNC 3 29 0.6873064438501993 0.7786401844436666
cora NCNC 3 30 0.7018442153930664 0.7878111571127381
cora NCNC 3 31 0.6752719879150391 0.7883820552071502
cora NCNC 3 32 0.6776177287101746 0.7843574182027254
cora NCNC 3 33 0.6674185196558634 0.781321765642358
cora NCNC 3 34 0.6773700515429179 0.7861529399602243
cora NCNC 3 35 0.671914796034495 0.7877973454069112
cora NCNC 3 36 0.6617931723594666 0.785280460095349
cora NCNC 3 37 0.6518179774284363 0.7902569896916505
cora NCNC 3 38 0.6270552078882853 0.7902495826500229
cora NCNC 3 39 0.6322180231412252 0.7991664684680494
cora NCNC 3 40 0.645108679930369 0.8010903789470929
cora NCNC 3 41 0.6343212326367696 0.810300307168428
cora NCNC 3 42 0.6371648907661438 0.8116416061758266
cora NCNC 3 43 0.6165387630462646 0.8177153851941077
cora NCNC 3 44 0.5865164995193481 0.8178133227445168
cora NCNC 3 45 0.6159327427546183 0.808480766834014
cora NCNC 3 46 0.614445149898529 0.8129094496847502
cora NCNC 3 47 0.6084091067314148 0.813638494615316
cora NCNC 3 48 0.6163612206776937 0.8128656125854445
cora NCNC 3 49 0.6029136776924133 0.8102080356883238
cora NCNC 3 50 0.5836521585782369 0.8018470209109593
cora NCNC 3 51 0.5878285566965739 0.81017542831955
cora NCNC 3 52 0.589648167292277 0.8122561211797107
cora NCNC 3 53 0.5553815166155497 0.8069733109707095
cora NCNC 3 54 0.5780117909113566 0.8116640680378923
cora NCNC 3 55 0.5797244707743326 0.8190094792806419
cora NCNC 3 56 0.5794515609741211 0.8295205936415662
cora NCNC 3 57 0.5757095416386923 0.8319791142084518
cora NCNC 3 58 0.5746552348136902 0.8305322720771989
cora NCNC 3 59 0.558805525302887 0.8276840287178843
cora NCNC 3 60 0.5709148049354553 0.8326889629170998
cora NCNC 3 61 0.5671066244443258 0.8350897480957871
cora NCNC 3 62 0.5669491291046143 0.8381334478342684
cora NCNC 3 63 0.5264998475710551 0.8239571581776904
cora NCNC 3 64 0.5559378862380981 0.8278045955634862
cora NCNC 3 65 0.5442829529444376 0.8282070432735832
cora NCNC 3 66 0.5584274133046468 0.8331933660663251
cora NCNC 3 67 0.5406316916147867 0.8208595059355516
cora NCNC 3 68 0.5749362707138062 0.8399873257287707
cora NCNC 3 69 0.5367222229639689 0.8410284265797574
cora NCNC 3 70 0.566014568010966 0.8397338403041826
cora NCNC 3 71 0.5336501995722452 0.8430409894288221
cora NCNC 3 72 0.53607177734375 0.8406515711481044
cora NCNC 3 73 0.5016709566116333 0.8404189773793889
cora NCNC 3 74 0.5278914968172709 0.8327661317037296
cora NCNC 3 75 0.513248989979426 0.8360720041160659
cora NCNC 3 76 0.5369227925936381 0.8426415013699737
cora NCNC 3 77 0.5047887762387594 0.8452201120284324
cora NCNC 3 78 0.5268044869105021 0.8482874645422174
cora NCNC 3 79 0.489752193291982 0.8354374132415958
cora NCNC 3 80 0.5036368866761526 0.8365230249260667
cora NCNC 3 81 0.5435199936230978 0.8352259131559064
cora NCNC 3 82 0.5301688114802042 0.8332325959534638
cora NCNC 3 83 0.514655609925588 0.8337453843157265
cora NCNC 3 84 0.5533458987871805 0.8419601363992999
cora NCNC 3 85 0.49455738067626953 0.8473467016717968
cora NCNC 3 86 0.49407775203386944 0.8485048749307305
cora NCNC 3 87 0.5117297073205312 0.8459920360585761
cora NCNC 3 88 0.5013236204783121 0.8471435303184353
cora NCNC 3 89 0.4922647674878438 0.848274407257297
cora NCNC 3 90 0.49087140957514447 0.8509639177890129
cora NCNC 3 91 0.502591609954834 0.8532498131357447
cora NCNC 3 92 0.507739414771398 0.8524487410251221
cora NCNC 3 93 0.4824068049589793 0.8480454325986645
cora NCNC 3 94 0.5004662672678629 0.8341225804936384
cora NCNC 3 95 0.5202029148737589 0.8402244739529463
cora NCNC 3 96 0.4863884449005127 0.8382354654217772
cora NCNC 3 97 0.4695082902908325 0.8407745224335179
cora NCNC 3 98 0.5048184990882874 0.8426937692196848
cora NCNC 3 99 0.4959355294704437 0.8430216066147626
cora NCNC 3 100 0.4826924403508504 0.8440355483131148
