/home/ubuntu/anaconda3/envs/mei_env/lib/python3.11/site-packages/torch/cuda/__init__.py:63: FutureWarning: The pynvml package is deprecated. Please install nvidia-ml-py instead. If you did not install pynvml directly, please report this to the maintainers of the package that installed pynvml for you.
  import pynvml  # type: ignore[import]
pubmed NCNC 2 1 1.027634279595481 0.6761312882364326
pubmed NCNC 2 2 0.789880762497584 0.6585216628537928
pubmed NCNC 2 3 0.6475150485833486 0.7310634436762595
pubmed NCNC 2 4 0.5335845417446561 0.77773088028981
pubmed NCNC 2 5 0.46920570896731484 0.8282366519110653
pubmed NCNC 2 6 0.40364443593555027 0.8575634992264054
pubmed NCNC 2 7 0.3792044338252809 0.8723836962222864
pubmed NCNC 2 8 0.3484988725847668 0.8855487328806372
pubmed NCNC 2 9 0.3357377101977666 0.8956208160159369
pubmed NCNC 2 10 0.32056349515914917 0.8966212700756924
pubmed NCNC 2 11 0.306818899181154 0.9054731820526044
pubmed NCNC 2 12 0.29539816247092354 0.9079954228984013
pubmed NCNC 2 13 0.29081393281618756 0.9101935581967171
pubmed NCNC 2 14 0.28381393518712783 0.9084922604721792
pubmed NCNC 2 15 0.2849590927362442 0.9112268505750403
pubmed NCNC 2 16 0.27219753795199925 0.9142225178551894
pubmed NCNC 2 17 0.26114889482657117 0.9184330573658191
pubmed NCNC 2 18 0.2583662610914972 0.9193977389938581
pubmed NCNC 2 19 0.25089066641198265 0.918484361732331
pubmed NCNC 2 20 0.25083812988466686 0.9235126210532347
pubmed NCNC 2 21 0.24468208932214314 0.9241635232497145
pubmed NCNC 2 22 0.2410566227303611 0.9272942698597032
pubmed NCNC 2 23 0.24463318122757804 0.9248776037189848
pubmed NCNC 2 24 0.2459591974814733 0.9276703340782764
pubmed NCNC 2 25 0.2403833344578743 0.9272504667001907
pubmed NCNC 2 26 0.2325724537173907 0.9294506761790157
pubmed NCNC 2 27 0.22868025634023878 0.9296213747231745
pubmed NCNC 2 28 0.23020312272840077 0.9354352902412468
pubmed NCNC 2 29 0.21768437408738667 0.9330666441908841
pubmed NCNC 2 30 0.22833284570111168 0.9309787046587589
pubmed NCNC 2 31 0.2208700088991059 0.933884632610407
pubmed NCNC 2 32 0.21606323454115126 0.9347220431493897
pubmed NCNC 2 33 0.2160150127278434 0.9330288435438777
pubmed NCNC 2 34 0.21170605305168363 0.9354800584493725
pubmed NCNC 2 35 0.20671145783530342 0.9363993523972386
pubmed NCNC 2 36 0.21475470231639016 0.932917102096396
pubmed NCNC 2 37 0.20812993579440647 0.933240725129263
pubmed NCNC 2 38 0.2064327316151725 0.9334403253633018
pubmed NCNC 2 39 0.2048573899600241 0.9375162956277577
pubmed NCNC 2 40 0.2008390732937389 0.9339938670382333
pubmed NCNC 2 41 0.20552170856131446 0.9365778170473964
pubmed NCNC 2 42 0.2002105638384819 0.9358930004011231
pubmed NCNC 2 43 0.20173467447360358 0.9380806125371055
pubmed NCNC 2 44 0.19759298281537163 0.9354295744957245
pubmed NCNC 2 45 0.19905052251285976 0.9341498778998778
pubmed NCNC 2 46 0.2025415359271897 0.9293687029565134
pubmed NCNC 2 47 0.19635667900244394 0.9347066428857945
pubmed NCNC 2 48 0.1941616874602106 0.9363709345207542
pubmed NCNC 2 49 0.19169056084420946 0.9359701807919318
pubmed NCNC 2 50 0.19225039084752402 0.9365762763557509
pubmed NCNC 2 51 0.19244547767771614 0.9374164860858524
pubmed NCNC 2 52 0.1921275241507424 0.9412034052489829
pubmed NCNC 2 53 0.19159651630454594 0.9410720079247102
pubmed NCNC 2 54 0.18170595251851612 0.9380277276373848
pubmed NCNC 2 55 0.18285755068063736 0.9394599521517392
pubmed NCNC 2 56 0.18598605940739313 0.9413551930367434
pubmed NCNC 2 57 0.1864866531557507 0.9385364075803225
pubmed NCNC 2 58 0.18307606793112224 0.9410548878966368
pubmed NCNC 2 59 0.1808200478553772 0.9408307546845452
pubmed NCNC 2 60 0.17705886562665304 0.940065510497061
pubmed NCNC 2 61 0.17997410313950646 0.9394654374353454
pubmed NCNC 2 62 0.17691991726557413 0.9381061615380207
pubmed NCNC 2 63 0.1747902606924375 0.940410828892327
pubmed NCNC 2 64 0.17934206376473108 0.9392962795828319
pubmed NCNC 2 65 0.1805859315726492 0.9395776030026932
pubmed NCNC 2 66 0.1786262947652075 0.938732826915363
pubmed NCNC 2 67 0.17630421453052098 0.940110344679388
pubmed NCNC 2 68 0.16755731238259208 0.9420230637381304
pubmed NCNC 2 69 0.17501830061276755 0.9428711105380778
pubmed NCNC 2 70 0.18092755145496792 0.9396338902862313
pubmed NCNC 2 71 0.17425687031613457 0.9419680462437681
pubmed NCNC 2 72 0.17018875148561266 0.9399892254704147
pubmed NCNC 2 73 0.17131278001599842 0.9419505392409672
pubmed NCNC 2 74 0.1700824134879642 0.9426339521336433
pubmed NCNC 2 75 0.17002119289504158 0.9416661440332869
pubmed NCNC 2 76 0.1656644402278794 0.9420456978788728
pubmed NCNC 2 77 0.17063865313927332 0.9453601953601953
pubmed NCNC 2 78 0.1660827332072788 0.9430916622935195
pubmed NCNC 2 79 0.16842178917593426 0.9456727050025787
pubmed NCNC 2 80 0.16632500539223352 0.944760149848146
pubmed NCNC 2 81 0.17075074132945803 0.9422331360226217
pubmed NCNC 2 82 0.16961179756455952 0.9423257442266918
pubmed NCNC 2 83 0.16464599553081724 0.9423759741562089
pubmed NCNC 2 84 0.16640807108746636 0.9418419789696866
pubmed NCNC 2 85 0.1649450668030315 0.9434442951252519
pubmed NCNC 2 86 0.16538404011064106 0.9432190490516303
pubmed NCNC 2 87 0.16278107381529278 0.9438608460833188
pubmed NCNC 2 88 0.16485933628347185 0.9427344047098107
pubmed NCNC 2 89 0.1563914550675286 0.9430413192653714
pubmed NCNC 2 90 0.16843831787506738 0.9423872557446563
pubmed NCNC 2 91 0.16377529584699207 0.9452715818577734
pubmed NCNC 2 92 0.16540301756726372 0.9435994892842816
pubmed NCNC 2 93 0.16356505619155037 0.9407147576238678
pubmed NCNC 2 94 0.16106839064094755 0.9445097784786413
pubmed NCNC 2 95 0.16030724181069267 0.9428574536011757
pubmed NCNC 2 96 0.16340139673815834 0.9423844963951011
pubmed NCNC 2 97 0.16164357215166092 0.9414115300151347
pubmed NCNC 2 98 0.16569489240646362 0.9417705289095181
pubmed NCNC 2 99 0.16141649170054329 0.9432327481233166
pubmed NCNC 2 100 0.1588483676314354 0.946455163744198
