/home/ubuntu/anaconda3/envs/mei_env/lib/python3.11/site-packages/torch/cuda/__init__.py:63: FutureWarning: The pynvml package is deprecated. Please install nvidia-ml-py instead. If you did not install pynvml directly, please report this to the maintainers of the package that installed pynvml for you.
  import pynvml  # type: ignore[import]
cora NCNC 4 1 1.7030783891677856 0.638259504921708
cora NCNC 4 2 1.5803554058074951 0.7099965936350119
cora NCNC 4 3 1.3281794786453247 0.6994667992838955
cora NCNC 4 4 1.3220136960347493 0.671217387099122
cora NCNC 4 5 1.2620619932810466 0.6661950255793326
cora NCNC 4 6 1.2405882676442463 0.6505927717926976
cora NCNC 4 7 1.2154239813486736 0.6709469023039518
cora NCNC 4 8 1.1757996082305908 0.5524726855629809
cora NCNC 4 9 1.2412683169047039 0.660050036325949
cora NCNC 4 10 1.1393262545267742 0.6412269301732392
cora NCNC 4 11 1.073345939318339 0.7043703364810735
cora NCNC 4 12 1.016334335009257 0.6734903257906767
cora NCNC 4 13 1.0055119395256042 0.641121693217951
cora NCNC 4 14 0.9553847908973694 0.6652026100220018
cora NCNC 4 15 0.8889768123626709 0.67132747180776
cora NCNC 4 16 0.864228884379069 0.6941231033436357
cora NCNC 4 17 0.8769914905230204 0.6710605175959388
cora NCNC 4 18 0.8467746178309122 0.6782910583290811
cora NCNC 4 19 0.8071096738179525 0.7037812804755323
cora NCNC 4 20 0.8008449673652649 0.7206742876894968
cora NCNC 4 21 0.774768610795339 0.7328384754240268
cora NCNC 4 22 0.7981999317804972 0.7415881119303173
cora NCNC 4 23 0.7573150793711344 0.7363008980879704
cora NCNC 4 24 0.7494012912114462 0.7372435549241633
cora NCNC 4 25 0.7335338393847147 0.7577675176534492
cora NCNC 4 26 0.7142272790273031 0.7657786182976297
cora NCNC 4 27 0.7228333751360575 0.7718650382148482
cora NCNC 4 28 0.7074776490529379 0.7791184259340154
cora NCNC 4 29 0.69467693567276 0.7804087758460383
cora NCNC 4 30 0.7054927945137024 0.7873133309445096
cora NCNC 4 31 0.6778546174367269 0.7927130906693644
cora NCNC 4 32 0.6730422576268514 0.7763541327704826
cora NCNC 4 33 0.6428283850351969 0.785193545364648
cora NCNC 4 34 0.674586017926534 0.7890061263942947
cora NCNC 4 35 0.660984476407369 0.7958997925084931
cora NCNC 4 36 0.65147332350413 0.8000707905007838
cora NCNC 4 37 0.6460570096969604 0.797900488822542
cora NCNC 4 38 0.6211642026901245 0.7954828826334083
cora NCNC 4 39 0.6371204654375712 0.8041759940524199
cora NCNC 4 40 0.6087355216344198 0.8053732600310548
cora NCNC 4 41 0.6331796248753866 0.8134992505071905
cora NCNC 4 42 0.6154946486155192 0.8084055256108488
cora NCNC 4 43 0.5992960731188456 0.8061681732616646
cora NCNC 4 44 0.6129517157872518 0.8146379952513633
cora NCNC 4 45 0.5902067621548971 0.815571504074606
cora NCNC 4 46 0.6172704895337423 0.8131018850482882
cora NCNC 4 47 0.6057244340578715 0.8197256113130638
cora NCNC 4 48 0.6089633703231812 0.8182695789634953
cora NCNC 4 49 0.6092420419057211 0.8168982738849658
cora NCNC 4 50 0.6116331418355306 0.817271849401127
cora NCNC 4 51 0.5858152310053507 0.8252347477940186
cora NCNC 4 52 0.5757401585578918 0.8220016690856548
cora NCNC 4 53 0.5992420117060343 0.8243077966294249
cora NCNC 4 54 0.575691282749176 0.8247590774989566
cora NCNC 4 55 0.576365073521932 0.8264314914812567
cora NCNC 4 56 0.5708771546681722 0.8230690797062974
cora NCNC 4 57 0.578085700670878 0.8321810703772233
cora NCNC 4 58 0.5522688031196594 0.8242046346133799
cora NCNC 4 59 0.570639411608378 0.8246275618563697
cora NCNC 4 60 0.5432981053988138 0.8294375772394936
cora NCNC 4 61 0.5610396464665731 0.825729754973772
cora NCNC 4 62 0.5659911831219991 0.8303098886749077
cora NCNC 4 63 0.5507961312929789 0.8346735963656116
cora NCNC 4 64 0.5356851816177368 0.8235509981757729
cora NCNC 4 65 0.5548558433850607 0.8361907032109153
cora NCNC 4 66 0.5525562365849813 0.8398960529020918
cora NCNC 4 67 0.5514642596244812 0.8417570721110198
cora NCNC 4 68 0.5307934880256653 0.8339570072935093
cora NCNC 4 69 0.5518071452776591 0.8394299458462957
cora NCNC 4 70 0.5459889570871989 0.8390724539063542
cora NCNC 4 71 0.5164527495702108 0.8306184132279789
cora NCNC 4 72 0.5384578506151835 0.8358356224158058
cora NCNC 4 73 0.5359321236610413 0.8306335966081814
cora NCNC 4 74 0.537211537361145 0.8401807318157128
cora NCNC 4 75 0.494857798020045 0.8343198837495416
cora NCNC 4 76 0.5172616044680277 0.8356855540197898
cora NCNC 4 77 0.5372583667437235 0.8380251805206779
cora NCNC 4 78 0.5365938146909078 0.8433751677880509
cora NCNC 4 79 0.5165195465087891 0.8330911306246507
cora NCNC 4 80 0.5092212756474813 0.8376991335216271
cora NCNC 4 81 0.5132356882095337 0.8383273181802299
cora NCNC 4 82 0.512697180112203 0.8458779670589109
cora NCNC 4 83 0.52612833182017 0.8431380474938962
cora NCNC 4 84 0.5133768717447916 0.8463643170917535
cora NCNC 4 85 0.527925173441569 0.8372896537345206
cora NCNC 4 86 0.47833699981371564 0.8448249469162016
cora NCNC 4 87 0.5148629148801168 0.848816740927007
cora NCNC 4 88 0.4937541087468465 0.8543158098766465
cora NCNC 4 89 0.5153988798459371 0.8449072368273889
cora NCNC 4 90 0.49890708923339844 0.8419564342668205
cora NCNC 4 91 0.49887625376383465 0.8497367157113005
cora NCNC 4 92 0.5136298636595408 0.8407891465926287
cora NCNC 4 93 0.5024289687474569 0.844760882503528
cora NCNC 4 94 0.4996274212996165 0.8459250153266563
cora NCNC 4 95 0.5130847096443176 0.8470124295101635
cora NCNC 4 96 0.5053754051526388 0.8397302667314674
cora NCNC 4 97 0.47349776824315387 0.8358952830318002
cora NCNC 4 98 0.4745764136314392 0.8346676381897514
cora NCNC 4 99 0.49473756551742554 0.8357299083634885
cora NCNC 4 100 0.5033236940701803 0.8385610514938112
