/home/ubuntu/anaconda3/envs/mei_env/lib/python3.11/site-packages/torch/cuda/__init__.py:63: FutureWarning: The pynvml package is deprecated. Please install nvidia-ml-py instead. If you did not install pynvml directly, please report this to the maintainers of the package that installed pynvml for you.
  import pynvml  # type: ignore[import]
citeseer NCN 2 1 1.5205589413642884 0.7022624619462496
citeseer NCN 2 2 1.138064795732498 0.8157532690021677
citeseer NCN 2 3 0.9203351438045502 0.8336147821830641
citeseer NCN 2 4 0.8474596261978149 0.8278022515907978
citeseer NCN 2 5 0.7726491451263428 0.8373348017621145
citeseer NCN 2 6 0.7323196828365326 0.8474966785539472
citeseer NCN 2 7 0.7112702012062073 0.8579295154185022
citeseer NCN 2 8 0.6921473264694213 0.8594346549192363
citeseer NCN 2 9 0.6720094323158264 0.8659376966645688
citeseer NCN 2 10 0.6398285686969757 0.8562827774281518
citeseer NCN 2 11 0.6108405709266662 0.8617946297461716
citeseer NCN 2 12 0.6073260247707367 0.8624082232011747
citeseer NCN 2 13 0.6011102288961411 0.8647052653660584
citeseer NCN 2 14 0.5689440369606018 0.8687958883994127
citeseer NCN 2 15 0.553006398677826 0.8602230613243829
citeseer NCN 2 16 0.5687869131565094 0.8676945668135094
citeseer NCN 2 17 0.5701006889343262 0.869676945668135
citeseer NCN 2 18 0.5613207280635834 0.8662995594713655
citeseer NCN 2 19 0.5267868310213089 0.8696454793371093
citeseer NCN 2 20 0.5330466568470001 0.869547584085029
citeseer NCN 2 21 0.5053173780441285 0.8702852947346339
citeseer NCN 2 22 0.5055269628763199 0.8606076498146984
citeseer NCN 2 23 0.526008129119873 0.8638941332773932
citeseer NCN 2 24 0.5164595931768418 0.8640724424865394
citeseer NCN 2 25 0.478911754488945 0.8604747919725892
citeseer NCN 2 26 0.4777611196041107 0.8560572687224669
citeseer NCN 2 27 0.4631723999977112 0.857819383259912
citeseer NCN 2 28 0.48529945611953734 0.8581582514401896
citeseer NCN 2 29 0.48254837691783903 0.860684726433625
citeseer NCN 2 30 0.4810722261667252 0.8656142927068038
citeseer NCN 2 31 0.4610330879688263 0.865381791483113
citeseer NCN 2 32 0.4847180277109146 0.8658223201174744
citeseer NCN 2 33 0.4605150490999222 0.8625410810432836
citeseer NCN 2 34 0.46293987035751344 0.8653206069505628
citeseer NCN 2 35 0.4150131672620773 0.8648433675966716
citeseer NCN 2 36 0.42451017498970034 0.8661579609817495
citeseer NCN 2 37 0.4346840173006058 0.8720072022935459
citeseer NCN 2 38 0.4482206225395203 0.8738130200685267
citeseer NCN 2 39 0.4099980711936951 0.8684777288301517
citeseer NCN 2 40 0.4375266760587692 0.8725823368995174
citeseer NCN 2 41 0.4314986914396286 0.8714075938745541
citeseer NCN 2 42 0.43837251961231233 0.8676631004824836
citeseer NCN 2 43 0.43981211483478544 0.8679148311306901
citeseer NCN 2 44 0.42781401574611666 0.8675110132158591
citeseer NCN 2 45 0.39787583351135253 0.8697136563876653
citeseer NCN 2 46 0.45106358230113985 0.8638399412628488
citeseer NCN 2 47 0.39620370864868165 0.8608838542759248
citeseer NCN 2 48 0.43006438612937925 0.8639360883854276
citeseer NCN 2 49 0.3969337582588196 0.8656929585343682
citeseer NCN 2 50 0.38678220808506014 0.8676263897629536
citeseer NCN 2 51 0.4049412816762924 0.8675477239353891
citeseer NCN 2 52 0.3963353127241135 0.8705754842318719
citeseer NCN 2 53 0.4060852825641632 0.8729861548143486
citeseer NCN 2 54 0.40340536534786225 0.8762534088525278
citeseer NCN 2 55 0.3983154267072678 0.8807635829662261
citeseer NCN 2 56 0.3803448468446732 0.8794472414516467
citeseer NCN 2 57 0.3813042104244232 0.8797409272078874
citeseer NCN 2 58 0.3995508521795273 0.8783878749737781
citeseer NCN 2 59 0.3741960644721985 0.8767254038179148
citeseer NCN 2 60 0.3968687504529953 0.8701961401300609
citeseer NCN 2 61 0.3596990555524826 0.8708149779735682
citeseer NCN 2 62 0.3765348047018051 0.8777165932452275
citeseer NCN 2 63 0.3779036909341812 0.8761747430249632
citeseer NCN 2 64 0.39147849678993224 0.8755017131669114
citeseer NCN 2 65 0.3596402585506439 0.87706104468219
citeseer NCN 2 66 0.37290666103363035 0.8762604013705335
citeseer NCN 2 67 0.3552525043487549 0.8728095937347039
citeseer NCN 2 68 0.3618296027183533 0.8821185422507009
citeseer NCN 2 69 0.3755879938602448 0.8743725804298492
citeseer NCN 2 70 0.3551099270582199 0.872537044453344
citeseer NCN 2 71 0.3572931230068207 0.8724844416474373
citeseer NCN 2 72 0.3343672826886177 0.8672173274596183
citeseer NCN 2 73 0.3603138357400894 0.8659413518444353
citeseer NCN 2 74 0.34598166644573214 0.8652071374538335
citeseer NCN 2 75 0.3598489135503769 0.8645463445022916
citeseer NCN 2 76 0.36109696626663207 0.8620778267254038
citeseer NCN 2 77 0.36167941689491273 0.8655987184621546
citeseer NCN 2 78 0.33942843675613404 0.8707415565345079
citeseer NCN 2 79 0.36282622516155244 0.8741156053931384
citeseer NCN 2 80 0.3476651281118393 0.8787812041116005
citeseer NCN 2 81 0.3533640533685684 0.8765136112052412
citeseer NCN 2 82 0.34735025763511657 0.8659534298300817
citeseer NCN 2 83 0.35881284475326536 0.861026931952042
citeseer NCN 2 84 0.3351219743490219 0.8586656368594695
citeseer NCN 2 85 0.33967135548591615 0.8606427713255907
citeseer NCN 2 86 0.3466660469770432 0.8677030385180166
citeseer NCN 2 87 0.32473304271698 0.8722918784592794
citeseer NCN 2 88 0.35764712691307066 0.8732148908360361
citeseer NCN 2 89 0.33835462033748626 0.8735138209807813
citeseer NCN 2 90 0.3335789754986763 0.8708706491746139
citeseer NCN 2 91 0.3435566544532776 0.868281938325991
citeseer NCN 2 92 0.33952676653862 0.8698552548772813
citeseer NCN 2 93 0.33031965494155885 0.8711034193413046
citeseer NCN 2 94 0.33202911019325254 0.8735892594923432
citeseer NCN 2 95 0.34420239329338076 0.8670337738619677
citeseer NCN 2 96 0.3097658842802048 0.8673694147262428
citeseer NCN 2 97 0.3231703728437424 0.8722466960352423
citeseer NCN 2 98 0.3399854004383087 0.8636897610465892
citeseer NCN 2 99 0.3092866003513336 0.867014544437452
citeseer NCN 2 100 0.3404061943292618 0.8687399482553667
