/home/ubuntu/anaconda3/envs/mei_env/lib/python3.11/site-packages/torch/cuda/__init__.py:63: FutureWarning: The pynvml package is deprecated. Please install nvidia-ml-py instead. If you did not install pynvml directly, please report this to the maintainers of the package that installed pynvml for you.
  import pynvml  # type: ignore[import]
cora NCN 2 1 1.6144271691640217 0.5982045608565638
cora NCN 2 2 1.4739331007003784 0.5976325255529542
cora NCN 2 3 1.3303378820419312 0.5999074039763159
cora NCN 2 4 1.3467598756154378 0.5992459759284561
cora NCN 2 5 1.2982712586720784 0.6017304648980715
cora NCN 2 6 1.2849597136179607 0.598031495436409
cora NCN 2 7 1.2437602678934734 0.6048979164355744
cora NCN 2 8 1.1927845478057861 0.6092742955032387
cora NCN 2 9 1.1729340155919392 0.6281830595193613
cora NCN 2 10 1.1184357404708862 0.6547583602788785
cora NCN 2 11 1.0568369229634602 0.6965666247867921
cora NCN 2 12 0.9591610232988993 0.7229644137321097
cora NCN 2 13 0.9251638054847717 0.7318133244771581
cora NCN 2 14 0.8900891542434692 0.7607304028881975
cora NCN 2 15 0.9064076145490011 0.7557663133233475
cora NCN 2 16 0.8399932980537415 0.7642878825863616
cora NCN 2 17 0.8228571812311808 0.7697505072029788
cora NCN 2 18 0.8167469700177511 0.7688009234111897
cora NCN 2 19 0.7864905595779419 0.7689434140004482
cora NCN 2 20 0.7802557945251465 0.7671815367465111
cora NCN 2 21 0.7605288823445638 0.7737148217969064
cora NCN 2 22 0.7623907725016276 0.7839300358926842
cora NCN 2 23 0.7356486916542053 0.7918360119713286
cora NCN 2 24 0.7429098884264628 0.7944836743315831
cora NCN 2 25 0.7326815724372864 0.7945233821324181
cora NCN 2 26 0.7476396560668945 0.8010731222283153
cora NCN 2 27 0.6942535042762756 0.8084912058346119
cora NCN 2 28 0.682585338751475 0.8129785013865461
cora NCN 2 29 0.6809232036272684 0.8178852549625013
cora NCN 2 30 0.7082330584526062 0.8263287337481854
cora NCN 2 31 0.6803542772928873 0.825747829650171
cora NCN 2 32 0.6701277295748392 0.824626760183094
cora NCN 2 33 0.6737847924232483 0.8251555335988349
cora NCN 2 34 0.6836259563763937 0.8244957510048918
cora NCN 2 35 0.6582924723625183 0.8195558978711223
cora NCN 2 36 0.6419918338457743 0.8235239197098666
cora NCN 2 37 0.6265366673469543 0.8242164781020447
cora NCN 2 38 0.6300511956214905 0.8233096641724172
cora NCN 2 39 0.6455060044924418 0.8195349413555337
cora NCN 2 40 0.6405405004819235 0.8323738135099952
cora NCN 2 41 0.6205441355705261 0.8320748642991989
cora NCN 2 42 0.6017394264539083 0.8344209317733138
cora NCN 2 43 0.6395101547241211 0.8368607289849741
cora NCN 2 44 0.6238321661949158 0.8373450672069549
cora NCN 2 45 0.6236367225646973 0.8338839212553147
cora NCN 2 46 0.6229242086410522 0.8359389638046538
cora NCN 2 47 0.6184212764104208 0.835734870760592
cora NCN 2 48 0.6202772259712219 0.8356232164664283
cora NCN 2 49 0.5931453903516134 0.8387914292521763
cora NCN 2 50 0.5966004133224487 0.8405879676624477
cora NCN 2 51 0.5824406147003174 0.8340105711778716
cora NCN 2 52 0.5729744633038839 0.8366668428120005
cora NCN 2 53 0.5935511986414591 0.8418139944252669
cora NCN 2 54 0.5752791961034139 0.8415378763734837
cora NCN 2 55 0.5499499638875326 0.8452790940265779
cora NCN 2 56 0.576112707455953 0.8495195266722888
cora NCN 2 57 0.6100222865740458 0.845159647566827
cora NCN 2 58 0.5549312829971313 0.8445712799464757
cora NCN 2 59 0.5660949945449829 0.8402288775862921
cora NCN 2 60 0.5769074559211731 0.8392256349480685
cora NCN 2 61 0.567466676235199 0.8353945484173622
cora NCN 2 62 0.5592191418011984 0.8462729285923203
cora NCN 2 63 0.5581855177879333 0.843404620305761
cora NCN 2 64 0.5344229737917582 0.8421638300440581
cora NCN 2 65 0.5555756092071533 0.8340857653120011
cora NCN 2 66 0.5681525866190592 0.8386531666474633
cora NCN 2 67 0.5818535089492798 0.8368983836189159
cora NCN 2 68 0.5332188606262207 0.8361543874376574
cora NCN 2 69 0.5583512584368387 0.8329133952232812
cora NCN 2 70 0.5610443949699402 0.8270468810868051
cora NCN 2 71 0.5702923138936361 0.8246099643913333
cora NCN 2 72 0.5188408891359965 0.8249947190536544
cora NCN 2 73 0.5462691982587179 0.8282897673414336
cora NCN 2 74 0.5300518274307251 0.8308563072653881
cora NCN 2 75 0.548857053120931 0.8393578764608736
cora NCN 2 76 0.5574536124865214 0.8372624502041858
cora NCN 2 77 0.554348886013031 0.8424080001859023
cora NCN 2 78 0.5415264964103699 0.8430174351109266
cora NCN 2 79 0.5314924518267313 0.8438940722042937
cora NCN 2 80 0.513263980547587 0.8458540577194124
cora NCN 2 81 0.5156482656796774 0.8522968122610262
cora NCN 2 82 0.5151556928952535 0.8519676668916212
cora NCN 2 83 0.522072454293569 0.8540526541477113
cora NCN 2 84 0.5227587223052979 0.8566609193510333
cora NCN 2 85 0.5153470635414124 0.8531754947629473
cora NCN 2 86 0.5264725883801779 0.8550156502460238
cora NCN 2 87 0.51989217599233 0.853451118453355
cora NCN 2 88 0.5332976778348287 0.857246087742621
cora NCN 2 89 0.5246169169743856 0.859542544982044
cora NCN 2 90 0.5225985844930013 0.857142762180785
cora NCN 2 91 0.5456196268399557 0.8541302223336444
cora NCN 2 92 0.5162169734636942 0.8531498444521258
cora NCN 2 93 0.5169395009676615 0.8527328482226421
cora NCN 2 94 0.5095591048399607 0.8515173389748135
cora NCN 2 95 0.5227833390235901 0.8589249978558564
cora NCN 2 96 0.5053833921750387 0.8591694302295664
cora NCN 2 97 0.5213841597239176 0.8558741197099211
cora NCN 2 98 0.5297465920448303 0.8616514750119914
cora NCN 2 99 0.5139774481455485 0.8660257445953864
cora NCN 2 100 0.47944727540016174 0.8634720298268427
