/home/ubuntu/anaconda3/envs/mei_env/lib/python3.11/site-packages/torch/cuda/__init__.py:63: FutureWarning: The pynvml package is deprecated. Please install nvidia-ml-py instead. If you did not install pynvml directly, please report this to the maintainers of the package that installed pynvml for you.
  import pynvml  # type: ignore[import]
/home/ubuntu/anaconda3/envs/mei_env/lib/python3.11/site-packages/torch/autograd/graph.py:829: UserWarning: Attempting to run cuBLAS, but there was no current CUDA context! Attempting to set the primary context... (Triggered internally at /pytorch/aten/src/ATen/cuda/CublasHandlePool.cpp:179.)
  return Variable._execution_engine.run_backward(  # Calls into the C++ engine to run the backward pass
/home/ubuntu/lchr_v2/HYPERGRAPH_RESEARCH/R_HSPE_BENCHMARK_V17_3/scripts/benchmark173.py:190: UserWarning: Converting a tensor with requires_grad=True to a scalar may lead to unexpected behavior.
Consider using tensor.detach() first. (Triggered internally at /pytorch/torch/csrc/autograd/generated/python_variable_methods.cpp:835.)
  prog(job,state='SMOKE' if smoke else 'RUNNING',epoch=epoch,epochs=epochs,loss=float(loss),valid_mrr=metrics['mrr'],train_seconds=trainsec,elapsed_seconds=time.perf_counter()-start)
cora NSLR-HMANN 0 1 0.6934465765953064 0.36363791187157213
cora NSLR-HMANN 0 25 0.6300439238548279 0.3748682529792372
cora NSLR-HMANN 0 50 0.6139644384384155 0.36599770780308516
cora NSLR-HMANN 0 75 0.6107960343360901 0.3638458920748883
cora NSLR-HMANN 0 100 0.6081169247627258 0.3744600697657826
cora NSLR-HMANN 0 125 0.6063873767852783 0.38171811209648615
cora NSLR-HMANN 0 150 0.6060173511505127 0.3801537500562798
cora NSLR-HMANN 0 175 0.6062791347503662 0.38680981663962627
cora NSLR-HMANN 0 200 0.6048984527587891 0.3752400912480784
cora NSLR-HMANN 0 225 0.6039255261421204 0.37564561816951486
cora NSLR-HMANN 0 250 0.602258563041687 0.3790139428116332
cora NSLR-HMANN 0 275 0.6028586626052856 0.36827269275252766
cora NSLR-HMANN 0 300 0.6002719402313232 0.36840424726847754
cora NSLR-HMANN 0 325 0.6002640724182129 0.36604772767808824
cora NSLR-HMANN 0 350 0.6001737117767334 0.3670944944360464
cora NSLR-HMANN 0 375 0.5948449373245239 0.3618500229015067
cora NSLR-HMANN 0 400 0.606770932674408 0.3801230359509445
cora NSLR-HMANN 0 425 0.5975322127342224 0.36732413327385016
cora NSLR-HMANN 0 450 0.5933528542518616 0.3684139516115172
cora NSLR-HMANN 0 475 0.593188464641571 0.3709138595861806
cora NSLR-HMANN 0 500 0.5974768996238708 0.37610287877492316
cora NSLR-HMANN 0 525 0.5907318592071533 0.3617992632892749
cora NSLR-HMANN 0 550 0.5877093076705933 0.36271028960510293
cora NSLR-HMANN 0 575 0.589185357093811 0.376285811250908
cora NSLR-HMANN 0 600 0.5969932675361633 0.37503150744860475
cora NSLR-HMANN 0 625 0.5906432271003723 0.37265955163782094
cora NSLR-HMANN 0 650 0.5860336422920227 0.3688679859401409
cora NSLR-HMANN 0 675 0.5845427513122559 0.3769156034373988
cora NSLR-HMANN 0 700 0.5832497477531433 0.36866452231789076
cora NSLR-HMANN 0 725 0.5854253172874451 0.3802119825335225
cora NSLR-HMANN 0 750 0.5934334993362427 0.37185618016778477
cora NSLR-HMANN 0 775 0.5828698873519897 0.3633388173292999
cora NSLR-HMANN 0 800 0.5824614763259888 0.3726203512323714
cora NSLR-HMANN 0 825 0.5800937414169312 0.36583701311199573
cora NSLR-HMANN 0 850 0.5807479619979858 0.3568219110803485
cora NSLR-HMANN 0 875 0.5864043831825256 0.369262335544752
cora NSLR-HMANN 0 900 0.5811054706573486 0.3653240450665965
cora NSLR-HMANN 0 925 0.5795131325721741 0.36097889989666226
cora NSLR-HMANN 0 950 0.5782356262207031 0.35565728636217986
cora NSLR-HMANN 0 975 0.5800380706787109 0.3531478166999185
cora NSLR-HMANN 0 1000 0.575067400932312 0.36933648782375667
cora NSLR-HMANN 0 1025 0.5706038475036621 0.36139434958697103
cora NSLR-HMANN 0 1050 0.5729174017906189 0.3557601634920085
cora NSLR-HMANN 0 1075 0.5744046568870544 0.3633233825135731
cora NSLR-HMANN 0 1100 0.5645800232887268 0.3677834317908068
cora NSLR-HMANN 0 1125 0.5706605911254883 0.3681858561605527
cora NSLR-HMANN 0 1150 0.5624407529830933 0.3608448077341178
cora NSLR-HMANN 0 1175 0.5682158470153809 0.3676004881264801
cora NSLR-HMANN 0 1200 0.5660812854766846 0.3619121944590755
cora NSLR-HMANN 0 1225 0.5698024034500122 0.35165401164265186
cora NSLR-HMANN 0 1250 0.5668264627456665 0.36932321974067606
cora NSLR-HMANN 0 1275 0.5573875308036804 0.36078171543318277
cora NSLR-HMANN 0 1300 0.5600584149360657 0.37474554545267563
cora NSLR-HMANN 0 1325 0.5690174102783203 0.37870344795073163
cora NSLR-HMANN 0 1350 0.5608790516853333 0.37458853482938526
cora NSLR-HMANN 0 1375 0.5620457530021667 0.3698181692147189
cora NSLR-HMANN 0 1400 0.5615138411521912 0.36744019804503153
cora NSLR-HMANN 0 1425 0.5547726154327393 0.3612517868533242
cora NSLR-HMANN 0 1450 0.5557438731193542 0.3677143416076482
cora NSLR-HMANN 0 1475 0.5514097809791565 0.3605359269834425
cora NSLR-HMANN 0 1500 0.5524715781211853 0.3812397971387482
cora NSLR-HMANN 0 1525 0.5447356104850769 0.37099903762489544
cora NSLR-HMANN 0 1550 0.5581571459770203 0.3649650186251559
cora NSLR-HMANN 0 1575 0.5515215396881104 0.3551961452641566
cora NSLR-HMANN 0 1600 0.5461055636405945 0.3713609498091952
cora NSLR-HMANN 0 1625 0.545822262763977 0.36167000586240367
cora NSLR-HMANN 0 1650 0.5424467325210571 0.3574844988447562
cora NSLR-HMANN 0 1675 0.5517633557319641 0.3623044242730761
cora NSLR-HMANN 0 1700 0.5480632185935974 0.35988821630000456
cora NSLR-HMANN 0 1725 0.5451112985610962 0.3696539796286409
cora NSLR-HMANN 0 1750 0.538973867893219 0.37173583369168367
cora NSLR-HMANN 0 1775 0.5447502732276917 0.3808567887234205
cora NSLR-HMANN 0 1800 0.5486778020858765 0.372896802108741
cora NSLR-HMANN 0 1825 0.5489508509635925 0.3645926912706098
cora NSLR-HMANN 0 1850 0.5367547273635864 0.3659922288639224
cora NSLR-HMANN 0 1875 0.5389902591705322 0.38116852150492925
cora NSLR-HMANN 0 1900 0.5449466109275818 0.35760710242590543
cora NSLR-HMANN 0 1925 0.5354456305503845 0.3474462172520713
cora NSLR-HMANN 0 1950 0.5369841456413269 0.3543987367393176
cora NSLR-HMANN 0 1975 0.5359868407249451 0.35085409469157364
cora NSLR-HMANN 0 2000 0.5350534915924072 0.3798951869538339
cora NSLR-HMANN 0 2025 0.5348049402236938 0.3716493455716401
cora NSLR-HMANN 0 2050 0.5281676650047302 0.3643987136962334
cora NSLR-HMANN 0 2075 0.5358492732048035 0.3624316923801026
cora NSLR-HMANN 0 2100 0.5365554094314575 0.3802611361858675
cora NSLR-HMANN 0 2125 0.5339465141296387 0.3700129465840363
cora NSLR-HMANN 0 2150 0.527959406375885 0.3686638949050808
cora NSLR-HMANN 0 2175 0.5286622047424316 0.36843313257809013
cora NSLR-HMANN 0 2200 0.5338431000709534 0.37309301864181854
cora NSLR-HMANN 0 2225 0.5317794680595398 0.3721387998058412
cora NSLR-HMANN 0 2250 0.525015652179718 0.374877238459064
cora NSLR-HMANN 0 2275 0.5259079337120056 0.3691755368298058
cora NSLR-HMANN 0 2300 0.5275411605834961 0.3658113874808597
cora NSLR-HMANN 0 2325 0.5219048261642456 0.35484289318310314
cora NSLR-HMANN 0 2350 0.5208755731582642 0.37701377507731904
cora NSLR-HMANN 0 2375 0.5270653367042542 0.36686072714910606
cora NSLR-HMANN 0 2400 0.5188723802566528 0.3743589501366226
cora NSLR-HMANN 0 2425 0.5195478200912476 0.36940214588097436
cora NSLR-HMANN 0 2450 0.5230793356895447 0.3629350177408424
cora NSLR-HMANN 0 2475 0.5234838724136353 0.36731282729926035
cora NSLR-HMANN 0 2500 0.5205436944961548 0.37363802779522803
cora NSLR-HMANN 0 2525 0.5176942348480225 0.38818570116363493
cora NSLR-HMANN 0 2550 0.5146692991256714 0.37482397901193293
cora NSLR-HMANN 0 2575 0.5139469504356384 0.37474229596620684
cora NSLR-HMANN 0 2600 0.521527886390686 0.3800051514817139
cora NSLR-HMANN 0 2625 0.51262366771698 0.36788752069155606
cora NSLR-HMANN 0 2650 0.5179821848869324 0.3751862227631512
cora NSLR-HMANN 0 2675 0.5138339996337891 0.372833690436458
cora NSLR-HMANN 0 2700 0.5127644538879395 0.3705246577784806
cora NSLR-HMANN 0 2725 0.5120826959609985 0.3656799476413304
cora NSLR-HMANN 0 2750 0.5167213678359985 0.37502671465696336
cora NSLR-HMANN 0 2775 0.5093835592269897 0.37808258863436084
cora NSLR-HMANN 0 2800 0.5090261697769165 0.3703572271502736
cora NSLR-HMANN 0 2825 0.5082334876060486 0.38308451692629253
cora NSLR-HMANN 0 2850 0.5071325898170471 0.37006325738859375
cora NSLR-HMANN 0 2875 0.5048242211341858 0.37892568167424256
cora NSLR-HMANN 0 2900 0.510506808757782 0.37115205379781774
cora NSLR-HMANN 0 2925 0.5035614967346191 0.366902268711001
cora NSLR-HMANN 0 2950 0.5072250962257385 0.36142971729117535
cora NSLR-HMANN 0 2975 0.508277177810669 0.38025551238626143
cora NSLR-HMANN 0 3000 0.5050979256629944 0.36922077126317315
cora NSLR-HMANN 0 3025 0.5053479671478271 0.38614665157311334
cora NSLR-HMANN 0 3050 0.5045393109321594 0.36502621895298676
cora NSLR-HMANN 0 3075 0.5061060786247253 0.38524858579979887
cora NSLR-HMANN 0 3100 0.5018874406814575 0.3805009707390842
cora NSLR-HMANN 0 3125 0.5043457746505737 0.3826634920280814
cora NSLR-HMANN 0 3150 0.5046882033348083 0.3794073490185275
cora NSLR-HMANN 0 3175 0.5023727416992188 0.3747876489633309
cora NSLR-HMANN 0 3200 0.4966526925563812 0.3801929450390586
cora NSLR-HMANN 0 3225 0.4959939420223236 0.37798451213617956
cora NSLR-HMANN 0 3250 0.5002875328063965 0.3851977033608071
cora NSLR-HMANN 0 3275 0.49851176142692566 0.390893897581881
cora NSLR-HMANN 0 3300 0.4959116578102112 0.38919929878372583
cora NSLR-HMANN 0 3325 0.49300041794776917 0.3829134047456217
cora NSLR-HMANN 0 3350 0.49414345622062683 0.3726080239336723
cora NSLR-HMANN 0 3375 0.48954901099205017 0.3852113093644777
cora NSLR-HMANN 0 3400 0.4965418577194214 0.3846351521450699
cora NSLR-HMANN 0 3425 0.49240049719810486 0.3718988560152081
cora NSLR-HMANN 0 3450 0.49631884694099426 0.3851444024759779
cora NSLR-HMANN 0 3475 0.49183788895606995 0.382005045828487
cora NSLR-HMANN 0 3500 0.4926345646381378 0.3745617812827256
cora NSLR-HMANN 0 3525 0.49209699034690857 0.3658366340477077
cora NSLR-HMANN 0 3550 0.4962330758571625 0.3808627167969244
cora NSLR-HMANN 0 3575 0.5026513338088989 0.38198947382898935
cora NSLR-HMANN 0 3600 0.4915980398654938 0.395414083755471
cora NSLR-HMANN 0 3625 0.49592462182044983 0.4107154420008309
cora NSLR-HMANN 0 3650 0.4872194826602936 0.38673967465433523
cora NSLR-HMANN 0 3675 0.4880344271659851 0.3998570198513694
cora NSLR-HMANN 0 3700 0.4912329316139221 0.4003229474363626
cora NSLR-HMANN 0 3725 0.4910353720188141 0.38823207081353145
cora NSLR-HMANN 0 3750 0.49111059308052063 0.3732138632522981
cora NSLR-HMANN 0 3775 0.49156394600868225 0.3954551840230306
cora NSLR-HMANN 0 3800 0.4967491924762726 0.39561292789921143
cora NSLR-HMANN 0 3825 0.49737104773521423 0.3999034757576647
cora NSLR-HMANN 0 3850 0.49440115690231323 0.38171847984176555
cora NSLR-HMANN 0 3875 0.4910610020160675 0.3852216209159787
cora NSLR-HMANN 0 3900 0.4918951392173767 0.39402585494608355
cora NSLR-HMANN 0 3925 0.48658978939056396 0.394092524380403
cora NSLR-HMANN 0 3950 0.4884290099143982 0.3852083086185312
cora NSLR-HMANN 0 3975 0.4911169111728668 0.3847532534721318
cora NSLR-HMANN 0 4000 0.488320916891098 0.37347926014493604
cora NSLR-HMANN 0 4025 0.4826153516769409 0.36983634600719556
cora NSLR-HMANN 0 4050 0.4943509101867676 0.3791149662373868
cora NSLR-HMANN 0 4075 0.48740965127944946 0.38958009590904036
cora NSLR-HMANN 0 4100 0.4838443994522095 0.39261393907769976
cora NSLR-HMANN 0 4125 0.48293572664260864 0.37667517136139483
cora NSLR-HMANN 0 4150 0.48488616943359375 0.3699651487790548
cora NSLR-HMANN 0 4175 0.48197048902511597 0.37679790944764635
cora NSLR-HMANN 0 4200 0.4830675423145294 0.3913765113618849
cora NSLR-HMANN 0 4225 0.4906775653362274 0.39047358488287753
cora NSLR-HMANN 0 4250 0.481699138879776 0.37974559431551275
cora NSLR-HMANN 0 4275 0.49484407901763916 0.3902453093404428
cora NSLR-HMANN 0 4300 0.4822339415550232 0.39557465313713175
cora NSLR-HMANN 0 4325 0.4851614236831665 0.3926828612887307
cora NSLR-HMANN 0 4350 0.48039481043815613 0.3828038052516857
cora NSLR-HMANN 0 4375 0.4812769293785095 0.39105099565390444
cora NSLR-HMANN 0 4400 0.48292917013168335 0.40795160355764365
cora NSLR-HMANN 0 4425 0.4813983738422394 0.4035513090908093
cora NSLR-HMANN 0 4450 0.48104962706565857 0.396135997759619
cora NSLR-HMANN 0 4475 0.48574697971343994 0.4119256376519558
cora NSLR-HMANN 0 4500 0.4897937476634979 0.3866679778488628
cora NSLR-HMANN 0 4525 0.48099350929260254 0.3728742894336368
cora NSLR-HMANN 0 4550 0.48558083176612854 0.38127463333954875
cora NSLR-HMANN 0 4575 0.4780375063419342 0.4007939497102112
cora NSLR-HMANN 0 4600 0.4764588177204132 0.4105311675608265
cora NSLR-HMANN 0 4625 0.4868762493133545 0.3895000813799151
cora NSLR-HMANN 0 4650 0.47977301478385925 0.4027698468767522
cora NSLR-HMANN 0 4675 0.47605592012405396 0.3979047342347676
cora NSLR-HMANN 0 4700 0.4746975898742676 0.4018513733882661
cora NSLR-HMANN 0 4725 0.47052890062332153 0.4073109623219101
cora NSLR-HMANN 0 4750 0.4755191206932068 0.4075096810092219
cora NSLR-HMANN 0 4775 0.47434085607528687 0.4135786456758451
cora NSLR-HMANN 0 4800 0.4636189639568329 0.4076737368251982
cora NSLR-HMANN 0 4825 0.47087129950523376 0.41185619584453004
cora NSLR-HMANN 0 4850 0.4671647846698761 0.39995128589432233
cora NSLR-HMANN 0 4875 0.4752655625343323 0.4030077628498445
cora NSLR-HMANN 0 4900 0.4624602794647217 0.4016778920557953
cora NSLR-HMANN 0 4925 0.49676433205604553 0.3972912569210053
cora NSLR-HMANN 0 4950 0.46946537494659424 0.4071702759466888
cora NSLR-HMANN 0 4975 0.4643084406852722 0.3947324477819245
cora NSLR-HMANN 0 5000 0.47472888231277466 0.40721820487577
