/home/ubuntu/anaconda3/envs/mei_env/lib/python3.11/site-packages/torch/cuda/__init__.py:63: FutureWarning: The pynvml package is deprecated. Please install nvidia-ml-py instead. If you did not install pynvml directly, please report this to the maintainers of the package that installed pynvml for you.
  import pynvml  # type: ignore[import]
/home/ubuntu/anaconda3/envs/mei_env/lib/python3.11/site-packages/torch/autograd/graph.py:829: UserWarning: Attempting to run cuBLAS, but there was no current CUDA context! Attempting to set the primary context... (Triggered internally at /pytorch/aten/src/ATen/cuda/CublasHandlePool.cpp:179.)
  return Variable._execution_engine.run_backward(  # Calls into the C++ engine to run the backward pass
/home/ubuntu/lchr_v2/HYPERGRAPH_RESEARCH/R_HSPE_BENCHMARK_V17_3/scripts/benchmark173.py:196: UserWarning: Converting a tensor with requires_grad=True to a scalar may lead to unexpected behavior.
Consider using tensor.detach() first. (Triggered internally at /pytorch/torch/csrc/autograd/generated/python_variable_methods.cpp:835.)
  prog(job,state='SMOKE' if smoke else 'RUNNING',epoch=epoch,epochs=epochs,loss=float(loss),valid_mrr=metrics['mrr'],train_seconds=trainsec,elapsed_seconds=time.perf_counter()-start)
pubmed NSLR-HMANN 3 1 0.6973196864128113 0.5228601171511759
pubmed NSLR-HMANN 3 25 0.629681408405304 0.4893603228379457
pubmed NSLR-HMANN 3 50 0.5454455018043518 0.5442266181074181
pubmed NSLR-HMANN 3 75 0.5310981273651123 0.5507623196310383
pubmed NSLR-HMANN 3 100 0.5298996567726135 0.5504264228262786
pubmed NSLR-HMANN 3 125 0.5245580673217773 0.5369771251824864
pubmed NSLR-HMANN 3 150 0.5189656615257263 0.5466844436612398
pubmed NSLR-HMANN 3 175 0.518053412437439 0.5450646384764528
pubmed NSLR-HMANN 3 200 0.5174407958984375 0.5270470626407361
pubmed NSLR-HMANN 3 225 0.5336583852767944 0.5375507372314648
pubmed NSLR-HMANN 3 250 0.5161202549934387 0.540316215750225
pubmed NSLR-HMANN 3 275 0.5147848129272461 0.5337842430348136
pubmed NSLR-HMANN 3 300 0.5196583867073059 0.5410788303615833
pubmed NSLR-HMANN 3 325 0.5128342509269714 0.5357598018884916
pubmed NSLR-HMANN 3 350 0.5117470622062683 0.5350926497716554
pubmed NSLR-HMANN 3 375 0.513127863407135 0.5377386712226877
pubmed NSLR-HMANN 3 400 0.5152676701545715 0.5214328448680222
pubmed NSLR-HMANN 3 425 0.5161067247390747 0.5378688857625469
pubmed NSLR-HMANN 3 450 0.5119056701660156 0.5377100404158927
pubmed NSLR-HMANN 3 475 0.5098837018013 0.5395162892677625
pubmed NSLR-HMANN 3 500 0.515358030796051 0.5443295376581371
pubmed NSLR-HMANN 3 525 0.5108724236488342 0.5310720927614775
pubmed NSLR-HMANN 3 550 0.5107614994049072 0.5425148277167018
pubmed NSLR-HMANN 3 575 0.5094220042228699 0.5417657525413286
pubmed NSLR-HMANN 3 600 0.50667804479599 0.5411751511138988
pubmed NSLR-HMANN 3 625 0.5091012716293335 0.540148742579593
pubmed NSLR-HMANN 3 650 0.5061599016189575 0.5478868996202825
pubmed NSLR-HMANN 3 675 0.5043897032737732 0.5451797702000106
pubmed NSLR-HMANN 3 700 0.5099294185638428 0.5427972829932509
pubmed NSLR-HMANN 3 725 0.5074813961982727 0.5413907847847512
pubmed NSLR-HMANN 3 750 0.505242645740509 0.5360899634892744
pubmed NSLR-HMANN 3 775 0.5098273158073425 0.5450134537722625
pubmed NSLR-HMANN 3 800 0.5037263035774231 0.5353084914161269
pubmed NSLR-HMANN 3 825 0.4996870756149292 0.53859283896459
pubmed NSLR-HMANN 3 850 0.5035743713378906 0.5325232343264723
pubmed NSLR-HMANN 3 875 0.5014898777008057 0.540438058134068
pubmed NSLR-HMANN 3 900 0.49840158224105835 0.5350325332182233
pubmed NSLR-HMANN 3 925 0.5044004321098328 0.529902236441873
pubmed NSLR-HMANN 3 950 0.4994477331638336 0.5415776765681344
pubmed NSLR-HMANN 3 975 0.5009986758232117 0.5362320438286917
pubmed NSLR-HMANN 3 1000 0.5007521510124207 0.5402613596982268
pubmed NSLR-HMANN 3 1025 0.5052622556686401 0.5294983575879759
pubmed NSLR-HMANN 3 1050 0.49978312849998474 0.5335026338152701
pubmed NSLR-HMANN 3 1075 0.4980022609233856 0.5162239258445187
pubmed NSLR-HMANN 3 1100 0.49647632241249084 0.534140208781084
pubmed NSLR-HMANN 3 1125 0.49689894914627075 0.5283071527503033
pubmed NSLR-HMANN 3 1150 0.49524158239364624 0.536735208329164
pubmed NSLR-HMANN 3 1175 0.49836480617523193 0.5311108791290393
pubmed NSLR-HMANN 3 1200 0.4997384250164032 0.5427115079787977
pubmed NSLR-HMANN 3 1225 0.49578243494033813 0.5361068134348549
pubmed NSLR-HMANN 3 1250 0.4932631254196167 0.5298224026529672
pubmed NSLR-HMANN 3 1275 0.49711471796035767 0.5465462915375108
pubmed NSLR-HMANN 3 1300 0.4914368987083435 0.5477203899765575
pubmed NSLR-HMANN 3 1325 0.49636730551719666 0.5564822897549424
pubmed NSLR-HMANN 3 1350 0.49446266889572144 0.5543759616016095
pubmed NSLR-HMANN 3 1375 0.4894554316997528 0.5561781448810311
pubmed NSLR-HMANN 3 1400 0.48732703924179077 0.5504262480510546
pubmed NSLR-HMANN 3 1425 0.48680365085601807 0.5619539318738466
pubmed NSLR-HMANN 3 1450 0.48487117886543274 0.5612800118262956
pubmed NSLR-HMANN 3 1475 0.48294880986213684 0.5524654596028631
pubmed NSLR-HMANN 3 1500 0.4842004179954529 0.5647910649972246
pubmed NSLR-HMANN 3 1525 0.48889315128326416 0.5665424337463847
pubmed NSLR-HMANN 3 1550 0.48746946454048157 0.5612202760657811
pubmed NSLR-HMANN 3 1575 0.48787370324134827 0.557576481566727
pubmed NSLR-HMANN 3 1600 0.48000967502593994 0.5485848429363471
pubmed NSLR-HMANN 3 1625 0.4778745770454407 0.5454264807747884
pubmed NSLR-HMANN 3 1650 0.4909577965736389 0.547776499755493
pubmed NSLR-HMANN 3 1675 0.47996586561203003 0.5501905255964182
pubmed NSLR-HMANN 3 1700 0.48442935943603516 0.5573931757740966
pubmed NSLR-HMANN 3 1725 0.4815588593482971 0.5558687301854781
pubmed NSLR-HMANN 3 1750 0.4853677451610565 0.5441001628079528
pubmed NSLR-HMANN 3 1775 0.4825764000415802 0.5563103829392453
pubmed NSLR-HMANN 3 1800 0.47842833399772644 0.5354295069203392
pubmed NSLR-HMANN 3 1825 0.48238080739974976 0.5373370918044611
pubmed NSLR-HMANN 3 1850 0.4876493215560913 0.5556973790833085
pubmed NSLR-HMANN 3 1875 0.47264277935028076 0.5467831620932906
pubmed NSLR-HMANN 3 1900 0.4718937277793884 0.5430306633676126
pubmed NSLR-HMANN 3 1925 0.4699980318546295 0.549638168266376
pubmed NSLR-HMANN 3 1950 0.4677528142929077 0.541089079595481
pubmed NSLR-HMANN 3 1975 0.46991631388664246 0.5380013419287493
pubmed NSLR-HMANN 3 2000 0.47173240780830383 0.5386303126967699
pubmed NSLR-HMANN 3 2025 0.4674748182296753 0.5294548538052543
pubmed NSLR-HMANN 3 2050 0.4648584723472595 0.5410675723799355
pubmed NSLR-HMANN 3 2075 0.465236634016037 0.5420767351874218
pubmed NSLR-HMANN 3 2100 0.47941166162490845 0.5517804750590898
pubmed NSLR-HMANN 3 2125 0.4661564826965332 0.5421101917800568
pubmed NSLR-HMANN 3 2150 0.464876651763916 0.5376339909803791
pubmed NSLR-HMANN 3 2175 0.4642385244369507 0.5416445916938221
pubmed NSLR-HMANN 3 2200 0.4626067280769348 0.5425080642522432
pubmed NSLR-HMANN 3 2225 0.4660424292087555 0.5380017890157174
pubmed NSLR-HMANN 3 2250 0.46286866068840027 0.53563445369715
pubmed NSLR-HMANN 3 2275 0.4649665951728821 0.5351034089922948
pubmed NSLR-HMANN 3 2300 0.46223968267440796 0.537438202261703
pubmed NSLR-HMANN 3 2325 0.46104416251182556 0.5288123188875772
pubmed NSLR-HMANN 3 2350 0.4638199508190155 0.5355951952633768
pubmed NSLR-HMANN 3 2375 0.4627551734447479 0.5366440383952518
pubmed NSLR-HMANN 3 2400 0.4609147012233734 0.5322879372788526
pubmed NSLR-HMANN 3 2425 0.4600236117839813 0.5270839351516504
pubmed NSLR-HMANN 3 2450 0.4583783745765686 0.5381526079864613
pubmed NSLR-HMANN 3 2475 0.4597262442111969 0.5309404870855823
pubmed NSLR-HMANN 3 2500 0.46294543147087097 0.5402538061173962
pubmed NSLR-HMANN 3 2525 0.4596240222454071 0.5278129549393599
pubmed NSLR-HMANN 3 2550 0.4597766697406769 0.5411879060609166
pubmed NSLR-HMANN 3 2575 0.45961993932724 0.5324572151367986
pubmed NSLR-HMANN 3 2600 0.4579746127128601 0.5321699376547805
pubmed NSLR-HMANN 3 2625 0.4591244161128998 0.5342979929247408
pubmed NSLR-HMANN 3 2650 0.45888426899909973 0.5305842428806503
pubmed NSLR-HMANN 3 2675 0.458243727684021 0.5323494431907353
pubmed NSLR-HMANN 3 2700 0.4632440507411957 0.5320506817624249
pubmed NSLR-HMANN 3 2725 0.45590344071388245 0.5301103345190431
pubmed NSLR-HMANN 3 2750 0.4548304080963135 0.5268180860026437
pubmed NSLR-HMANN 3 2775 0.46004340052604675 0.5361501986214183
pubmed NSLR-HMANN 3 2800 0.4584715664386749 0.5339689628782429
pubmed NSLR-HMANN 3 2825 0.45514532923698425 0.5327357020924629
pubmed NSLR-HMANN 3 2850 0.4650208055973053 0.5293020068150068
pubmed NSLR-HMANN 3 2875 0.45712611079216003 0.5348787764628512
pubmed NSLR-HMANN 3 2900 0.4564414918422699 0.5289225075298566
pubmed NSLR-HMANN 3 2925 0.4541407823562622 0.5309642737161849
pubmed NSLR-HMANN 3 2950 0.4526832699775696 0.5283574077172178
pubmed NSLR-HMANN 3 2975 0.4564111828804016 0.5336342748722878
pubmed NSLR-HMANN 3 3000 0.4534718692302704 0.5320992421321368
pubmed NSLR-HMANN 3 3025 0.45293915271759033 0.536073689836117
pubmed NSLR-HMANN 3 3050 0.4594680070877075 0.521791246437483
pubmed NSLR-HMANN 3 3075 0.45368021726608276 0.5314035543858964
pubmed NSLR-HMANN 3 3100 0.44895637035369873 0.5306450008904225
pubmed NSLR-HMANN 3 3125 0.4499504864215851 0.5261750927412496
pubmed NSLR-HMANN 3 3150 0.44917136430740356 0.5317298343662158
pubmed NSLR-HMANN 3 3175 0.45014524459838867 0.527864627946463
pubmed NSLR-HMANN 3 3200 0.44711726903915405 0.5269806569609543
pubmed NSLR-HMANN 3 3225 0.4511691927909851 0.5394800425386453
pubmed NSLR-HMANN 3 3250 0.4467759132385254 0.5334851156952906
pubmed NSLR-HMANN 3 3275 0.44860050082206726 0.5329350369390055
pubmed NSLR-HMANN 3 3300 0.4491402804851532 0.531264273586524
pubmed NSLR-HMANN 3 3325 0.4463620185852051 0.5325272749254926
pubmed NSLR-HMANN 3 3350 0.4498269855976105 0.536713066633865
pubmed NSLR-HMANN 3 3375 0.44563573598861694 0.5240563055904585
pubmed NSLR-HMANN 3 3400 0.4469683766365051 0.5401431972011929
pubmed NSLR-HMANN 3 3425 0.44642403721809387 0.5405874035872862
pubmed NSLR-HMANN 3 3450 0.44475415349006653 0.5419308134102767
pubmed NSLR-HMANN 3 3475 0.4465959072113037 0.532443183707036
pubmed NSLR-HMANN 3 3500 0.44423535466194153 0.5375876703314854
pubmed NSLR-HMANN 3 3525 0.4508451521396637 0.5439577924545993
pubmed NSLR-HMANN 3 3550 0.4455268681049347 0.5405701150510921
pubmed NSLR-HMANN 3 3575 0.4449384808540344 0.5321791976691679
pubmed NSLR-HMANN 3 3600 0.5002934336662292 0.5503246387378187
pubmed NSLR-HMANN 3 3625 0.4561906158924103 0.5448080780642798
pubmed NSLR-HMANN 3 3650 0.4601983428001404 0.5406715558251916
pubmed NSLR-HMANN 3 3675 0.453194260597229 0.5300524223770304
pubmed NSLR-HMANN 3 3700 0.45481744408607483 0.5391894034506585
pubmed NSLR-HMANN 3 3725 0.45920124650001526 0.5468739545490846
pubmed NSLR-HMANN 3 3750 0.45175832509994507 0.5375788809275114
pubmed NSLR-HMANN 3 3775 0.452485591173172 0.5330376128070528
pubmed NSLR-HMANN 3 3800 0.4514109194278717 0.5234578891395067
pubmed NSLR-HMANN 3 3825 0.44846439361572266 0.5230564124490473
pubmed NSLR-HMANN 3 3850 0.45224815607070923 0.5404989874104168
pubmed NSLR-HMANN 3 3875 0.46505892276763916 0.5461349356397577
pubmed NSLR-HMANN 3 3900 0.44992247223854065 0.5345292906726394
pubmed NSLR-HMANN 3 3925 0.44929173588752747 0.5350497796254488
pubmed NSLR-HMANN 3 3950 0.4573844373226166 0.5290168953605815
pubmed NSLR-HMANN 3 3975 0.45150893926620483 0.5311866693142819
pubmed NSLR-HMANN 3 4000 0.448115736246109 0.5246605501198645
pubmed NSLR-HMANN 3 4025 0.4478558301925659 0.526006763480044
pubmed NSLR-HMANN 3 4050 0.44769707322120667 0.5192838997241751
pubmed NSLR-HMANN 3 4075 0.44710293412208557 0.5261481110529965
pubmed NSLR-HMANN 3 4100 0.44597241282463074 0.5194823787302075
pubmed NSLR-HMANN 3 4125 0.44653111696243286 0.5264318837122629
pubmed NSLR-HMANN 3 4150 0.44514402747154236 0.525655560040235
pubmed NSLR-HMANN 3 4175 0.44656306505203247 0.537594041942064
pubmed NSLR-HMANN 3 4200 0.4471452236175537 0.5194010910237397
pubmed NSLR-HMANN 3 4225 0.44439420104026794 0.5214027175165072
pubmed NSLR-HMANN 3 4250 0.4468771815299988 0.526914071180946
pubmed NSLR-HMANN 3 4275 0.4465041160583496 0.5304049296379562
pubmed NSLR-HMANN 3 4300 0.44709619879722595 0.5248320132545014
pubmed NSLR-HMANN 3 4325 0.45274078845977783 0.5235656132749186
pubmed NSLR-HMANN 3 4350 0.4465775787830353 0.5269727112451641
pubmed NSLR-HMANN 3 4375 0.44600820541381836 0.525258758612705
pubmed NSLR-HMANN 3 4400 0.4725053012371063 0.5427156824007305
pubmed NSLR-HMANN 3 4425 0.4458428621292114 0.5400825019535621
pubmed NSLR-HMANN 3 4450 0.443615198135376 0.5319638667092905
pubmed NSLR-HMANN 3 4475 0.44377151131629944 0.5217751460087663
pubmed NSLR-HMANN 3 4500 0.4427873492240906 0.5263252033180278
pubmed NSLR-HMANN 3 4525 0.44481730461120605 0.5260012877260015
pubmed NSLR-HMANN 3 4550 0.4421842098236084 0.5276351302063894
pubmed NSLR-HMANN 3 4575 0.44489750266075134 0.5335205768750925
pubmed NSLR-HMANN 3 4600 0.4422145485877991 0.5298329219034497
pubmed NSLR-HMANN 3 4625 0.44207343459129333 0.5309014403938318
pubmed NSLR-HMANN 3 4650 0.44060513377189636 0.5271070637732391
pubmed NSLR-HMANN 3 4675 0.44213587045669556 0.5246657074883888
pubmed NSLR-HMANN 3 4700 0.441384881734848 0.5326174991199832
pubmed NSLR-HMANN 3 4725 0.44186466932296753 0.526011434255394
pubmed NSLR-HMANN 3 4750 0.4424976110458374 0.524386321568806
pubmed NSLR-HMANN 3 4775 0.4417652487754822 0.5294360855542167
pubmed NSLR-HMANN 3 4800 0.44158071279525757 0.5357580443798848
pubmed NSLR-HMANN 3 4825 0.4405498802661896 0.5302318461324242
pubmed NSLR-HMANN 3 4850 0.44140103459358215 0.5280613569903884
pubmed NSLR-HMANN 3 4875 0.440651535987854 0.5364961027184856
pubmed NSLR-HMANN 3 4900 0.43927890062332153 0.5258770596693638
pubmed NSLR-HMANN 3 4925 0.43737533688545227 0.5330037558796913
pubmed NSLR-HMANN 3 4950 0.437175452709198 0.5347389522786788
pubmed NSLR-HMANN 3 4975 0.4382884204387665 0.5207051758572119
pubmed NSLR-HMANN 3 5000 0.45246025919914246 0.5591629092391385
