/home/ubuntu/anaconda3/envs/mei_env/lib/python3.11/site-packages/torch/cuda/__init__.py:63: FutureWarning: The pynvml package is deprecated. Please install nvidia-ml-py instead. If you did not install pynvml directly, please report this to the maintainers of the package that installed pynvml for you.
  import pynvml  # type: ignore[import]
/home/ubuntu/anaconda3/envs/mei_env/lib/python3.11/site-packages/torch/autograd/graph.py:829: UserWarning: Attempting to run cuBLAS, but there was no current CUDA context! Attempting to set the primary context... (Triggered internally at /pytorch/aten/src/ATen/cuda/CublasHandlePool.cpp:179.)
  return Variable._execution_engine.run_backward(  # Calls into the C++ engine to run the backward pass
/home/ubuntu/lchr_v2/HYPERGRAPH_RESEARCH/R_HSPE_BENCHMARK_V17_3/scripts/benchmark173.py:196: UserWarning: Converting a tensor with requires_grad=True to a scalar may lead to unexpected behavior.
Consider using tensor.detach() first. (Triggered internally at /pytorch/torch/csrc/autograd/generated/python_variable_methods.cpp:835.)
  prog(job,state='SMOKE' if smoke else 'RUNNING',epoch=epoch,epochs=epochs,loss=float(loss),valid_mrr=metrics['mrr'],train_seconds=trainsec,elapsed_seconds=time.perf_counter()-start)
pubmed NSLR-HMANN 1 1 0.6932363510131836 0.5241874031859971
pubmed NSLR-HMANN 1 25 0.6351111531257629 0.4900800600902604
pubmed NSLR-HMANN 1 50 0.5481104254722595 0.5325935305631067
pubmed NSLR-HMANN 1 75 0.5452620387077332 0.5322184119831542
pubmed NSLR-HMANN 1 100 0.5449403524398804 0.5322368012014133
pubmed NSLR-HMANN 1 125 0.5426199436187744 0.5328923949808789
pubmed NSLR-HMANN 1 150 0.5388591885566711 0.5331176116264476
pubmed NSLR-HMANN 1 175 0.5354986190795898 0.5342843781982233
pubmed NSLR-HMANN 1 200 0.534339964389801 0.5326916126156942
pubmed NSLR-HMANN 1 225 0.5336994528770447 0.5324097026973168
pubmed NSLR-HMANN 1 250 0.5330227017402649 0.5320939985730113
pubmed NSLR-HMANN 1 275 0.5329342484474182 0.5319395992020887
pubmed NSLR-HMANN 1 300 0.5326794981956482 0.5302942122735338
pubmed NSLR-HMANN 1 325 0.5321887135505676 0.5306192434235144
pubmed NSLR-HMANN 1 350 0.5320146083831787 0.532299959484606
pubmed NSLR-HMANN 1 375 0.5319997668266296 0.5299425914965971
pubmed NSLR-HMANN 1 400 0.5317553877830505 0.5291667310842693
pubmed NSLR-HMANN 1 425 0.5316358208656311 0.5303987396493104
pubmed NSLR-HMANN 1 450 0.5313223600387573 0.5305214713511991
pubmed NSLR-HMANN 1 475 0.5311179161071777 0.5306787331716324
pubmed NSLR-HMANN 1 500 0.5316442251205444 0.5300587257899718
pubmed NSLR-HMANN 1 525 0.5311872959136963 0.529915061682024
pubmed NSLR-HMANN 1 550 0.5313930511474609 0.5282698515330807
pubmed NSLR-HMANN 1 575 0.5309956073760986 0.5297254613314251
pubmed NSLR-HMANN 1 600 0.5310891270637512 0.5283508773955923
pubmed NSLR-HMANN 1 625 0.5314221382141113 0.5279359005252905
pubmed NSLR-HMANN 1 650 0.5309473276138306 0.5306300842909597
pubmed NSLR-HMANN 1 675 0.530689537525177 0.530265229656024
pubmed NSLR-HMANN 1 700 0.5311561822891235 0.5304602092903086
pubmed NSLR-HMANN 1 725 0.5313433408737183 0.5307563300757149
pubmed NSLR-HMANN 1 750 0.5307482481002808 0.5306515350211597
pubmed NSLR-HMANN 1 775 0.5309685468673706 0.5301701093030826
pubmed NSLR-HMANN 1 800 0.5303648710250854 0.5324258263974765
pubmed NSLR-HMANN 1 825 0.5306470394134521 0.5302983096137791
pubmed NSLR-HMANN 1 850 0.5304909944534302 0.5331979164464167
pubmed NSLR-HMANN 1 875 0.5304023623466492 0.5319297209524035
pubmed NSLR-HMANN 1 900 0.5310551524162292 0.5334360567855568
pubmed NSLR-HMANN 1 925 0.530636191368103 0.5325819990116417
pubmed NSLR-HMANN 1 950 0.530292809009552 0.5311806321863526
pubmed NSLR-HMANN 1 975 0.5360340476036072 0.5241305727804321
pubmed NSLR-HMANN 1 1000 0.533507227897644 0.5123729840535775
pubmed NSLR-HMANN 1 1025 0.5355327725410461 0.5278264879725478
pubmed NSLR-HMANN 1 1050 0.5352258682250977 0.5248357514371956
pubmed NSLR-HMANN 1 1075 0.5341167449951172 0.5264402890046429
pubmed NSLR-HMANN 1 1100 0.5323225259780884 0.5269609466187128
pubmed NSLR-HMANN 1 1125 0.5319875478744507 0.5268050164171882
pubmed NSLR-HMANN 1 1150 0.5314682722091675 0.5270548608809051
pubmed NSLR-HMANN 1 1175 0.531108021736145 0.5279539347188362
pubmed NSLR-HMANN 1 1200 0.5316713452339172 0.5306427355894328
pubmed NSLR-HMANN 1 1225 0.5311136841773987 0.5314050800368818
pubmed NSLR-HMANN 1 1250 0.5309499502182007 0.5319831662373868
pubmed NSLR-HMANN 1 1275 0.5306012034416199 0.5316721100046842
pubmed NSLR-HMANN 1 1300 0.5299726128578186 0.5323119544624803
pubmed NSLR-HMANN 1 1325 0.5297155976295471 0.5360385884632568
pubmed NSLR-HMANN 1 1350 0.529880940914154 0.5346148624414243
pubmed NSLR-HMANN 1 1375 0.5297667980194092 0.5359110721430111
pubmed NSLR-HMANN 1 1400 0.5296087861061096 0.5349405435130837
pubmed NSLR-HMANN 1 1425 0.5293782353401184 0.5348436482517462
pubmed NSLR-HMANN 1 1450 0.5294214487075806 0.5348482696346459
pubmed NSLR-HMANN 1 1475 0.5297365188598633 0.5358760525759121
pubmed NSLR-HMANN 1 1500 0.5293565392494202 0.5345394615086226
pubmed NSLR-HMANN 1 1525 0.5296415686607361 0.5343958542582085
pubmed NSLR-HMANN 1 1550 0.5293887853622437 0.5359081677157332
pubmed NSLR-HMANN 1 1575 0.5291750431060791 0.5356912517059904
pubmed NSLR-HMANN 1 1600 0.5293592810630798 0.5353852977424792
pubmed NSLR-HMANN 1 1625 0.5292388200759888 0.5347363185716535
pubmed NSLR-HMANN 1 1650 0.5291367769241333 0.5357528499980383
pubmed NSLR-HMANN 1 1675 0.529090940952301 0.5345021101371273
pubmed NSLR-HMANN 1 1700 0.5290093421936035 0.5363847720948417
pubmed NSLR-HMANN 1 1725 0.5290583372116089 0.5363941636583051
pubmed NSLR-HMANN 1 1750 0.529680609703064 0.5351926703635462
pubmed NSLR-HMANN 1 1775 0.5288597345352173 0.5367839827205502
pubmed NSLR-HMANN 1 1800 0.5289297103881836 0.5370493594776813
pubmed NSLR-HMANN 1 1825 0.5289168953895569 0.5367665160284242
pubmed NSLR-HMANN 1 1850 0.5289846062660217 0.5364769172485674
pubmed NSLR-HMANN 1 1875 0.5285156965255737 0.536423461061577
pubmed NSLR-HMANN 1 1900 0.5286429524421692 0.5378071994150808
pubmed NSLR-HMANN 1 1925 0.5283917188644409 0.5373221159728275
pubmed NSLR-HMANN 1 1950 0.5284544825553894 0.5381829660577104
pubmed NSLR-HMANN 1 1975 0.5284214019775391 0.5381004785993204
pubmed NSLR-HMANN 1 2000 0.5282388925552368 0.5386506888542814
pubmed NSLR-HMANN 1 2025 0.5281866192817688 0.5388594693885654
pubmed NSLR-HMANN 1 2050 0.5282629132270813 0.5393737366934863
pubmed NSLR-HMANN 1 2075 0.5281904339790344 0.5380208047330111
pubmed NSLR-HMANN 1 2100 0.5280866026878357 0.5375619601925472
pubmed NSLR-HMANN 1 2125 0.5278428792953491 0.5377282896837068
pubmed NSLR-HMANN 1 2150 0.5280811786651611 0.5377867519738734
pubmed NSLR-HMANN 1 2175 0.5276336073875427 0.538525360780477
pubmed NSLR-HMANN 1 2200 0.527587354183197 0.5377279177360698
pubmed NSLR-HMANN 1 2225 0.527482807636261 0.5381092127721447
pubmed NSLR-HMANN 1 2250 0.5271639227867126 0.5370790577410075
pubmed NSLR-HMANN 1 2275 0.5267683267593384 0.5375571012024967
pubmed NSLR-HMANN 1 2300 0.5263769626617432 0.5372311532255117
pubmed NSLR-HMANN 1 2325 0.5258778929710388 0.536230362636073
pubmed NSLR-HMANN 1 2350 0.5254562497138977 0.5360318125305
pubmed NSLR-HMANN 1 2375 0.5256185531616211 0.5350959494742291
pubmed NSLR-HMANN 1 2400 0.5251964926719666 0.5347112171558955
pubmed NSLR-HMANN 1 2425 0.5262889862060547 0.5352996356870866
pubmed NSLR-HMANN 1 2450 0.5250712037086487 0.5348165109133047
pubmed NSLR-HMANN 1 2475 0.5246668457984924 0.5336989005067035
pubmed NSLR-HMANN 1 2500 0.5246881246566772 0.5316629075786372
pubmed NSLR-HMANN 1 2525 0.5241912007331848 0.529697735784729
pubmed NSLR-HMANN 1 2550 0.5236034393310547 0.5272446682843452
pubmed NSLR-HMANN 1 2575 0.5239143371582031 0.5252409829463778
pubmed NSLR-HMANN 1 2600 0.5230159759521484 0.5263666186181407
pubmed NSLR-HMANN 1 2625 0.5232493877410889 0.5230473362666613
pubmed NSLR-HMANN 1 2650 0.5230342745780945 0.5225156371616503
pubmed NSLR-HMANN 1 2675 0.5228722095489502 0.5242491397320624
pubmed NSLR-HMANN 1 2700 0.5285372734069824 0.5231581465027297
pubmed NSLR-HMANN 1 2725 0.523409903049469 0.5218539721990525
pubmed NSLR-HMANN 1 2750 0.5237948298454285 0.5227258974421812
pubmed NSLR-HMANN 1 2775 0.524726927280426 0.5202144857961233
pubmed NSLR-HMANN 1 2800 0.5237241983413696 0.5223115668007553
pubmed NSLR-HMANN 1 2825 0.5234569907188416 0.5209391518832008
pubmed NSLR-HMANN 1 2850 0.5227238535881042 0.52121714255239
pubmed NSLR-HMANN 1 2875 0.5225620269775391 0.5197782430761377
pubmed NSLR-HMANN 1 2900 0.5240777730941772 0.520357596894722
pubmed NSLR-HMANN 1 2925 0.5226882696151733 0.5204344127486996
pubmed NSLR-HMANN 1 2950 0.5226417779922485 0.520086323349741
pubmed NSLR-HMANN 1 2975 0.5229120850563049 0.5211711168791809
pubmed NSLR-HMANN 1 3000 0.5227421522140503 0.5193585689161155
pubmed NSLR-HMANN 1 3025 0.5226563811302185 0.5216967190866021
pubmed NSLR-HMANN 1 3050 0.5230786800384521 0.5200332027312068
pubmed NSLR-HMANN 1 3075 0.522432804107666 0.5210982404051832
pubmed NSLR-HMANN 1 3100 0.5229222774505615 0.5203117304838463
pubmed NSLR-HMANN 1 3125 0.522720217704773 0.5200924507067137
pubmed NSLR-HMANN 1 3150 0.5225870609283447 0.5202900838692084
pubmed NSLR-HMANN 1 3175 0.5225880146026611 0.5203447495367255
pubmed NSLR-HMANN 1 3200 0.5223087072372437 0.5196610531333232
pubmed NSLR-HMANN 1 3225 0.5225272178649902 0.519396209687491
pubmed NSLR-HMANN 1 3250 0.5223321318626404 0.5219700302497983
pubmed NSLR-HMANN 1 3275 0.5224987864494324 0.522427434102163
pubmed NSLR-HMANN 1 3300 0.5226489901542664 0.5210860936063778
pubmed NSLR-HMANN 1 3325 0.5225087404251099 0.5213317323994427
pubmed NSLR-HMANN 1 3350 0.5227164030075073 0.5214802537022969
pubmed NSLR-HMANN 1 3375 0.522418200969696 0.519850977542081
pubmed NSLR-HMANN 1 3400 0.522542417049408 0.5201691236747986
pubmed NSLR-HMANN 1 3425 0.5222869515419006 0.5209788598319073
pubmed NSLR-HMANN 1 3450 0.5221840739250183 0.521039567086366
pubmed NSLR-HMANN 1 3475 0.5227354764938354 0.5197028186631275
pubmed NSLR-HMANN 1 3500 0.5224209427833557 0.5202879488932896
pubmed NSLR-HMANN 1 3525 0.5223488807678223 0.5207101765913905
pubmed NSLR-HMANN 1 3550 0.5233610272407532 0.5213096121545507
pubmed NSLR-HMANN 1 3575 0.5230925679206848 0.520472911672058
pubmed NSLR-HMANN 1 3600 0.5224582552909851 0.5221650911706348
pubmed NSLR-HMANN 1 3625 0.5224879384040833 0.5226068263068692
pubmed NSLR-HMANN 1 3650 0.5220916867256165 0.5213513325914685
pubmed NSLR-HMANN 1 3675 0.5220178365707397 0.5211040291423142
pubmed NSLR-HMANN 1 3700 0.5223044157028198 0.5188247100489896
pubmed NSLR-HMANN 1 3725 0.5225632786750793 0.5175956466562501
pubmed NSLR-HMANN 1 3750 0.5227636694908142 0.5196827647531862
pubmed NSLR-HMANN 1 3775 0.5230632424354553 0.520290692844746
pubmed NSLR-HMANN 1 3800 0.5219326019287109 0.5192231101705982
pubmed NSLR-HMANN 1 3825 0.52195143699646 0.5226171522542894
pubmed NSLR-HMANN 1 3850 0.5222296714782715 0.522520317983015
pubmed NSLR-HMANN 1 3875 0.5214720964431763 0.5235019388855656
pubmed NSLR-HMANN 1 3900 0.5216727256774902 0.522845860665206
pubmed NSLR-HMANN 1 3925 0.5225543975830078 0.524492183500175
pubmed NSLR-HMANN 1 3950 0.521835446357727 0.5220863427230574
pubmed NSLR-HMANN 1 3975 0.5214942097663879 0.5234372136455248
pubmed NSLR-HMANN 1 4000 0.5213727951049805 0.5240975482399205
pubmed NSLR-HMANN 1 4025 0.5208142995834351 0.524372457412353
pubmed NSLR-HMANN 1 4050 0.5204336643218994 0.525120113800967
pubmed NSLR-HMANN 1 4075 0.5210630893707275 0.5234423659181751
pubmed NSLR-HMANN 1 4100 0.5230634808540344 0.5275409164409448
pubmed NSLR-HMANN 1 4125 0.5186559557914734 0.5258036808677463
pubmed NSLR-HMANN 1 4150 0.5204421281814575 0.5285274374925696
pubmed NSLR-HMANN 1 4175 0.519164502620697 0.5310734680989079
pubmed NSLR-HMANN 1 4200 0.5184504389762878 0.530995874858551
pubmed NSLR-HMANN 1 4225 0.5184358954429626 0.5381674291645738
pubmed NSLR-HMANN 1 4250 0.5149846076965332 0.5349797527491896
pubmed NSLR-HMANN 1 4275 0.5149586796760559 0.534029837776373
pubmed NSLR-HMANN 1 4300 0.5202939510345459 0.5417448582619245
pubmed NSLR-HMANN 1 4325 0.5155783891677856 0.5414179262149343
pubmed NSLR-HMANN 1 4350 0.5110766887664795 0.5409912501108392
pubmed NSLR-HMANN 1 4375 0.5077654719352722 0.5343152213764232
pubmed NSLR-HMANN 1 4400 0.5122504830360413 0.5400033009799023
pubmed NSLR-HMANN 1 4425 0.5086273550987244 0.5453413289048686
pubmed NSLR-HMANN 1 4450 0.5047773122787476 0.5324437748058216
pubmed NSLR-HMANN 1 4475 0.49639949202537537 0.5303707658842284
pubmed NSLR-HMANN 1 4500 0.499916136264801 0.5403455332725849
pubmed NSLR-HMANN 1 4525 0.49704864621162415 0.5371714068797544
pubmed NSLR-HMANN 1 4550 0.4999393820762634 0.5347322071491605
pubmed NSLR-HMANN 1 4575 0.4930451810359955 0.5332740880512956
pubmed NSLR-HMANN 1 4600 0.49596428871154785 0.5284005815968265
pubmed NSLR-HMANN 1 4625 0.4956974387168884 0.5192089292570623
pubmed NSLR-HMANN 1 4650 0.4932042062282562 0.529930947453191
pubmed NSLR-HMANN 1 4675 0.49638527631759644 0.5293415196805817
pubmed NSLR-HMANN 1 4700 0.4971001446247101 0.5333216295447036
pubmed NSLR-HMANN 1 4725 0.5043017864227295 0.5296197510458238
pubmed NSLR-HMANN 1 4750 0.4929406940937042 0.5294667599327887
pubmed NSLR-HMANN 1 4775 0.4917667806148529 0.5280768472155285
pubmed NSLR-HMANN 1 4800 0.48934876918792725 0.5279304905330091
pubmed NSLR-HMANN 1 4825 0.48755401372909546 0.5264805115397592
pubmed NSLR-HMANN 1 4850 0.49156904220581055 0.5222694830699763
pubmed NSLR-HMANN 1 4875 0.4909901022911072 0.5220528726998798
pubmed NSLR-HMANN 1 4900 0.4877500832080841 0.5246701068869879
pubmed NSLR-HMANN 1 4925 0.48707228899002075 0.5195099766435555
pubmed NSLR-HMANN 1 4950 0.48644202947616577 0.5180772286118746
pubmed NSLR-HMANN 1 4975 0.4881178140640259 0.5288391615558554
pubmed NSLR-HMANN 1 5000 0.49023744463920593 0.5294078880039869
