/home/ubuntu/anaconda3/envs/mei_env/lib/python3.11/site-packages/torch/cuda/__init__.py:63: FutureWarning: The pynvml package is deprecated. Please install nvidia-ml-py instead. If you did not install pynvml directly, please report this to the maintainers of the package that installed pynvml for you.
  import pynvml  # type: ignore[import]
/home/ubuntu/anaconda3/envs/mei_env/lib/python3.11/site-packages/torch/autograd/graph.py:829: UserWarning: Attempting to run cuBLAS, but there was no current CUDA context! Attempting to set the primary context... (Triggered internally at /pytorch/aten/src/ATen/cuda/CublasHandlePool.cpp:179.)
  return Variable._execution_engine.run_backward(  # Calls into the C++ engine to run the backward pass
/home/ubuntu/lchr_v2/HYPERGRAPH_RESEARCH/R_HSPE_BENCHMARK_V17_3/scripts/benchmark173.py:196: UserWarning: Converting a tensor with requires_grad=True to a scalar may lead to unexpected behavior.
Consider using tensor.detach() first. (Triggered internally at /pytorch/torch/csrc/autograd/generated/python_variable_methods.cpp:835.)
  prog(job,state='SMOKE' if smoke else 'RUNNING',epoch=epoch,epochs=epochs,loss=float(loss),valid_mrr=metrics['mrr'],train_seconds=trainsec,elapsed_seconds=time.perf_counter()-start)
pubmed NSLR-HMANN 2 1 0.6931833028793335 0.45179908347120584
pubmed NSLR-HMANN 2 25 0.6284340620040894 0.49549889722382784
pubmed NSLR-HMANN 2 50 0.5435904264450073 0.5330297548559088
pubmed NSLR-HMANN 2 75 0.5370165705680847 0.5321713262145776
pubmed NSLR-HMANN 2 100 0.5340111255645752 0.5325267852074896
pubmed NSLR-HMANN 2 125 0.5337128639221191 0.530717023193531
pubmed NSLR-HMANN 2 150 0.5337377786636353 0.5310468369264655
pubmed NSLR-HMANN 2 175 0.5325466990470886 0.5311222169198148
pubmed NSLR-HMANN 2 200 0.5323379039764404 0.5302142135374935
pubmed NSLR-HMANN 2 225 0.5321366786956787 0.5291707688492332
pubmed NSLR-HMANN 2 250 0.5336645245552063 0.5291864819930653
pubmed NSLR-HMANN 2 275 0.5319810509681702 0.529706015458487
pubmed NSLR-HMANN 2 300 0.53141188621521 0.5319026000638968
pubmed NSLR-HMANN 2 325 0.5310521721839905 0.5283398223455792
pubmed NSLR-HMANN 2 350 0.5305883884429932 0.5268943900399554
pubmed NSLR-HMANN 2 375 0.5307901501655579 0.528536697409328
pubmed NSLR-HMANN 2 400 0.5305554270744324 0.5275831767110366
pubmed NSLR-HMANN 2 425 0.5305370688438416 0.5271435875750053
pubmed NSLR-HMANN 2 450 0.5303441882133484 0.5283244724940743
pubmed NSLR-HMANN 2 475 0.5300696492195129 0.5310537422430173
pubmed NSLR-HMANN 2 500 0.5294466018676758 0.5325133148104418
pubmed NSLR-HMANN 2 525 0.5300586223602295 0.5353837554767884
pubmed NSLR-HMANN 2 550 0.5288215279579163 0.5369816972853677
pubmed NSLR-HMANN 2 575 0.5290324687957764 0.5382368309226419
pubmed NSLR-HMANN 2 600 0.528549075126648 0.5419536249141129
pubmed NSLR-HMANN 2 625 0.5285428166389465 0.5391770875245968
pubmed NSLR-HMANN 2 650 0.5276039838790894 0.5399274558400665
pubmed NSLR-HMANN 2 675 0.5282426476478577 0.5390073500144605
pubmed NSLR-HMANN 2 700 0.5265642404556274 0.5407214583068002
pubmed NSLR-HMANN 2 725 0.5254504680633545 0.5422599614326193
pubmed NSLR-HMANN 2 750 0.5250635147094727 0.5397918548519022
pubmed NSLR-HMANN 2 775 0.5250412821769714 0.5397563617007628
pubmed NSLR-HMANN 2 800 0.5255087018013 0.5369795846958314
pubmed NSLR-HMANN 2 825 0.5241872072219849 0.5372409467733477
pubmed NSLR-HMANN 2 850 0.5233755707740784 0.5370886119409384
pubmed NSLR-HMANN 2 875 0.5234111547470093 0.5359828678805464
pubmed NSLR-HMANN 2 900 0.5235918164253235 0.5336703835584234
pubmed NSLR-HMANN 2 925 0.5255899429321289 0.5336307886376134
pubmed NSLR-HMANN 2 950 0.5233389139175415 0.5319608768978188
pubmed NSLR-HMANN 2 975 0.5231797099113464 0.5326951571113612
pubmed NSLR-HMANN 2 1000 0.5223866105079651 0.5315140293725709
pubmed NSLR-HMANN 2 1025 0.5222151279449463 0.5314906597883241
pubmed NSLR-HMANN 2 1050 0.5222522020339966 0.5316889657947794
pubmed NSLR-HMANN 2 1075 0.5216936469078064 0.5314919364455318
pubmed NSLR-HMANN 2 1100 0.5217463374137878 0.529033101157274
pubmed NSLR-HMANN 2 1125 0.5394482612609863 0.5180428566480332
pubmed NSLR-HMANN 2 1150 0.5582959651947021 0.4549307189937778
pubmed NSLR-HMANN 2 1175 0.5390306711196899 0.5259588959189249
pubmed NSLR-HMANN 2 1200 0.533543586730957 0.5313289953249235
pubmed NSLR-HMANN 2 1225 0.533625066280365 0.530878454504406
pubmed NSLR-HMANN 2 1250 0.5281599164009094 0.5326239458621389
pubmed NSLR-HMANN 2 1275 0.5284110903739929 0.5291672767525977
pubmed NSLR-HMANN 2 1300 0.5266693830490112 0.5313597109641707
pubmed NSLR-HMANN 2 1325 0.526082456111908 0.5318674670550558
pubmed NSLR-HMANN 2 1350 0.5273056030273438 0.5257897559023588
pubmed NSLR-HMANN 2 1375 0.5258157253265381 0.5294996883132459
pubmed NSLR-HMANN 2 1400 0.5269416570663452 0.5311660427382107
pubmed NSLR-HMANN 2 1425 0.5256600379943848 0.5319032307674927
pubmed NSLR-HMANN 2 1450 0.5256778001785278 0.5303760019181776
pubmed NSLR-HMANN 2 1475 0.5263785123825073 0.5243531408411475
pubmed NSLR-HMANN 2 1500 0.5278860330581665 0.5304512306519941
pubmed NSLR-HMANN 2 1525 0.5254172086715698 0.5258079420998132
pubmed NSLR-HMANN 2 1550 0.5251754522323608 0.528959680191015
pubmed NSLR-HMANN 2 1575 0.5249506235122681 0.528170107052353
pubmed NSLR-HMANN 2 1600 0.5246008634567261 0.5280530072935923
pubmed NSLR-HMANN 2 1625 0.5244345664978027 0.5271358639139468
pubmed NSLR-HMANN 2 1650 0.5242027044296265 0.5263778894111977
pubmed NSLR-HMANN 2 1675 0.5238431692123413 0.5275015015394054
pubmed NSLR-HMANN 2 1700 0.5236527919769287 0.5257054360654794
pubmed NSLR-HMANN 2 1725 0.5233027935028076 0.5246344744341477
pubmed NSLR-HMANN 2 1750 0.522960901260376 0.5245595589353099
pubmed NSLR-HMANN 2 1775 0.5226262211799622 0.5228656560030168
pubmed NSLR-HMANN 2 1800 0.5216588377952576 0.5235612836660941
pubmed NSLR-HMANN 2 1825 0.5212838649749756 0.5228117137016564
pubmed NSLR-HMANN 2 1850 0.5209969878196716 0.5229686812570686
pubmed NSLR-HMANN 2 1875 0.5201990008354187 0.5221509104841763
pubmed NSLR-HMANN 2 1900 0.5202950239181519 0.5218256588263699
pubmed NSLR-HMANN 2 1925 0.5208207964897156 0.5197889527298637
pubmed NSLR-HMANN 2 1950 0.5242842435836792 0.5129551071350998
pubmed NSLR-HMANN 2 1975 0.5215517282485962 0.5193963094991955
pubmed NSLR-HMANN 2 2000 0.5202087759971619 0.5145543746114566
pubmed NSLR-HMANN 2 2025 0.5190366506576538 0.5155224393490144
pubmed NSLR-HMANN 2 2050 0.5182675123214722 0.5149025016634354
pubmed NSLR-HMANN 2 2075 0.517666757106781 0.5140780852022658
pubmed NSLR-HMANN 2 2100 0.5172568559646606 0.5141810777716196
pubmed NSLR-HMANN 2 2125 0.5169163346290588 0.5123346111965854
pubmed NSLR-HMANN 2 2150 0.5171669125556946 0.5128450078004961
pubmed NSLR-HMANN 2 2175 0.5171528458595276 0.5111893293365503
pubmed NSLR-HMANN 2 2200 0.5164942741394043 0.5084220334838377
pubmed NSLR-HMANN 2 2225 0.5164672136306763 0.5074756682201936
pubmed NSLR-HMANN 2 2250 0.5159853100776672 0.5101021752220011
pubmed NSLR-HMANN 2 2275 0.5158829092979431 0.5088425269480618
pubmed NSLR-HMANN 2 2300 0.5154587030410767 0.5072395921462414
pubmed NSLR-HMANN 2 2325 0.5152819752693176 0.5066193275594052
pubmed NSLR-HMANN 2 2350 0.5151677131652832 0.5091600964398959
pubmed NSLR-HMANN 2 2375 0.5146114826202393 0.5074925244096156
pubmed NSLR-HMANN 2 2400 0.5139517784118652 0.5102369681395986
pubmed NSLR-HMANN 2 2425 0.5135865211486816 0.5093296529329049
pubmed NSLR-HMANN 2 2450 0.5116878747940063 0.5105106821950128
pubmed NSLR-HMANN 2 2475 0.5146937966346741 0.5091552058119262
pubmed NSLR-HMANN 2 2500 0.510395884513855 0.5090840391748648
pubmed NSLR-HMANN 2 2525 0.5086240172386169 0.5060763649157165
pubmed NSLR-HMANN 2 2550 0.5077910423278809 0.5069112488234502
pubmed NSLR-HMANN 2 2575 0.5066991448402405 0.5043585826256677
pubmed NSLR-HMANN 2 2600 0.5059151649475098 0.49942742617722496
pubmed NSLR-HMANN 2 2625 0.504973292350769 0.49943507653469194
pubmed NSLR-HMANN 2 2650 0.5043613314628601 0.49914924409587835
pubmed NSLR-HMANN 2 2675 0.5033250451087952 0.4982395917326475
pubmed NSLR-HMANN 2 2700 0.5049954652786255 0.4994351000154905
pubmed NSLR-HMANN 2 2725 0.5034373998641968 0.4968207804592814
pubmed NSLR-HMANN 2 2750 0.5028938055038452 0.4980307529393092
pubmed NSLR-HMANN 2 2775 0.5011738538742065 0.49674721517518344
pubmed NSLR-HMANN 2 2800 0.5014349222183228 0.499273546898336
pubmed NSLR-HMANN 2 2825 0.5032959580421448 0.4975107171971239
pubmed NSLR-HMANN 2 2850 0.5003968477249146 0.49411303479065305
pubmed NSLR-HMANN 2 2875 0.5018877983093262 0.4925739126056826
pubmed NSLR-HMANN 2 2900 0.4997938275337219 0.4925106098243728
pubmed NSLR-HMANN 2 2925 0.4988645315170288 0.49260740502335204
pubmed NSLR-HMANN 2 2950 0.4985460340976715 0.4928737655121589
pubmed NSLR-HMANN 2 2975 0.49881619215011597 0.4942865561695616
pubmed NSLR-HMANN 2 3000 0.49838027358055115 0.49363765961478134
pubmed NSLR-HMANN 2 3025 0.4990121126174927 0.4950373893304074
pubmed NSLR-HMANN 2 3050 0.49847984313964844 0.49579212283161056
pubmed NSLR-HMANN 2 3075 0.49864840507507324 0.4916030541687179
pubmed NSLR-HMANN 2 3100 0.49779337644577026 0.49290539489041313
pubmed NSLR-HMANN 2 3125 0.49732890725135803 0.4925788945185767
pubmed NSLR-HMANN 2 3150 0.49742743372917175 0.4915349223352305
pubmed NSLR-HMANN 2 3175 0.49705612659454346 0.49071567065726823
pubmed NSLR-HMANN 2 3200 0.49691450595855713 0.4911790468484292
pubmed NSLR-HMANN 2 3225 0.4983370900154114 0.492810753080142
pubmed NSLR-HMANN 2 3250 0.49711164832115173 0.49207053271109286
pubmed NSLR-HMANN 2 3275 0.4977845847606659 0.49272776928771955
pubmed NSLR-HMANN 2 3300 0.4973506033420563 0.494260729330298
pubmed NSLR-HMANN 2 3325 0.49657443165779114 0.49196083831510395
pubmed NSLR-HMANN 2 3350 0.4974968135356903 0.4919665829459051
pubmed NSLR-HMANN 2 3375 0.4978575110435486 0.4946029655998354
pubmed NSLR-HMANN 2 3400 0.5007816553115845 0.4916837061548057
pubmed NSLR-HMANN 2 3425 0.49690815806388855 0.4933773400300613
pubmed NSLR-HMANN 2 3450 0.49636441469192505 0.4903426383985203
pubmed NSLR-HMANN 2 3475 0.49635228514671326 0.49220982382511325
pubmed NSLR-HMANN 2 3500 0.49787506461143494 0.4933160405991686
pubmed NSLR-HMANN 2 3525 0.49675852060317993 0.4897211211257103
pubmed NSLR-HMANN 2 3550 0.49613767862319946 0.4877763217790643
pubmed NSLR-HMANN 2 3575 0.4965516924858093 0.48703334728853814
pubmed NSLR-HMANN 2 3600 0.4958740472793579 0.4878461091164439
pubmed NSLR-HMANN 2 3625 0.4968007504940033 0.49051654698089714
pubmed NSLR-HMANN 2 3650 0.4965266287326813 0.48726680137938744
pubmed NSLR-HMANN 2 3675 0.5059829354286194 0.4913085434511895
pubmed NSLR-HMANN 2 3700 0.4995806813240051 0.4964516705581374
pubmed NSLR-HMANN 2 3725 0.49645137786865234 0.4880670573160843
pubmed NSLR-HMANN 2 3750 0.49575212597846985 0.48655300442627136
pubmed NSLR-HMANN 2 3775 0.49592745304107666 0.48677522745707197
pubmed NSLR-HMANN 2 3800 0.4957106411457062 0.4876973890612039
pubmed NSLR-HMANN 2 3825 0.4958006739616394 0.4869570251807233
pubmed NSLR-HMANN 2 3850 0.5009769201278687 0.4895092723762244
pubmed NSLR-HMANN 2 3875 0.4951694905757904 0.4888376565853416
pubmed NSLR-HMANN 2 3900 0.49536678194999695 0.4889566914193434
pubmed NSLR-HMANN 2 3925 0.49476614594459534 0.48747277164995967
pubmed NSLR-HMANN 2 3950 0.49552834033966064 0.4871374832562851
pubmed NSLR-HMANN 2 3975 0.4949844479560852 0.4877371072925534
pubmed NSLR-HMANN 2 4000 0.4950246214866638 0.4870040545259855
pubmed NSLR-HMANN 2 4025 0.4947313070297241 0.485872741521604
pubmed NSLR-HMANN 2 4050 0.49470430612564087 0.48621796798255507
pubmed NSLR-HMANN 2 4075 0.4946655035018921 0.48879410799854983
pubmed NSLR-HMANN 2 4100 0.4951101243495941 0.4903125211561744
pubmed NSLR-HMANN 2 4125 0.4947018623352051 0.48928343597559043
pubmed NSLR-HMANN 2 4150 0.4946788549423218 0.48864090189145937
pubmed NSLR-HMANN 2 4175 0.49474066495895386 0.48913651897352617
pubmed NSLR-HMANN 2 4200 0.4944286346435547 0.48883676162438283
pubmed NSLR-HMANN 2 4225 0.4944725036621094 0.48845261013645186
pubmed NSLR-HMANN 2 4250 0.4959697723388672 0.48812482971894616
pubmed NSLR-HMANN 2 4275 0.49540677666664124 0.48855280077173896
pubmed NSLR-HMANN 2 4300 0.4950491487979889 0.4877063782409683
pubmed NSLR-HMANN 2 4325 0.4939780533313751 0.4863733417494378
pubmed NSLR-HMANN 2 4350 0.49630802869796753 0.4908367474503778
pubmed NSLR-HMANN 2 4375 0.4969169497489929 0.49124154678918924
pubmed NSLR-HMANN 2 4400 0.5012779831886292 0.48563091565468036
pubmed NSLR-HMANN 2 4425 0.49529194831848145 0.48869178166123883
pubmed NSLR-HMANN 2 4450 0.4976423680782318 0.48862637973374623
pubmed NSLR-HMANN 2 4475 0.5018554925918579 0.4886561120639062
pubmed NSLR-HMANN 2 4500 0.495632529258728 0.49147280753733547
pubmed NSLR-HMANN 2 4525 0.49504682421684265 0.4897865417401426
pubmed NSLR-HMANN 2 4550 0.5007268190383911 0.4896994907527649
pubmed NSLR-HMANN 2 4575 0.4936949610710144 0.4923299454228995
pubmed NSLR-HMANN 2 4600 0.4929058849811554 0.49015584135055457
pubmed NSLR-HMANN 2 4625 0.4935145080089569 0.48930953932146704
pubmed NSLR-HMANN 2 4650 0.4933190941810608 0.49102360261976574
pubmed NSLR-HMANN 2 4675 0.4951840043067932 0.49078961215753447
pubmed NSLR-HMANN 2 4700 0.4945334196090698 0.4892335569340724
pubmed NSLR-HMANN 2 4725 0.4952019155025482 0.4855043137015088
pubmed NSLR-HMANN 2 4750 0.4958435297012329 0.4862750341121475
pubmed NSLR-HMANN 2 4775 0.49464431405067444 0.49192157684373383
pubmed NSLR-HMANN 2 4800 0.494009405374527 0.49408874377551376
pubmed NSLR-HMANN 2 4825 0.4924054443836212 0.49290948808812834
pubmed NSLR-HMANN 2 4850 0.4927770793437958 0.49283303595682054
pubmed NSLR-HMANN 2 4875 0.4927816092967987 0.4931955167320537
pubmed NSLR-HMANN 2 4900 0.49196434020996094 0.4919817906138368
pubmed NSLR-HMANN 2 4925 0.4924107789993286 0.4923548284243894
pubmed NSLR-HMANN 2 4950 0.4920540750026703 0.4925820740431934
pubmed NSLR-HMANN 2 4975 0.49230411648750305 0.4907222872257109
pubmed NSLR-HMANN 2 5000 0.4914863705635071 0.48947533565718165
