/home/ubuntu/anaconda3/envs/mei_env/lib/python3.11/site-packages/torch/cuda/__init__.py:63: FutureWarning: The pynvml package is deprecated. Please install nvidia-ml-py instead. If you did not install pynvml directly, please report this to the maintainers of the package that installed pynvml for you.
  import pynvml  # type: ignore[import]
/home/ubuntu/anaconda3/envs/mei_env/lib/python3.11/site-packages/torch/autograd/graph.py:829: UserWarning: Attempting to run cuBLAS, but there was no current CUDA context! Attempting to set the primary context... (Triggered internally at /pytorch/aten/src/ATen/cuda/CublasHandlePool.cpp:179.)
  return Variable._execution_engine.run_backward(  # Calls into the C++ engine to run the backward pass
/home/ubuntu/lchr_v2/HYPERGRAPH_RESEARCH/R_HSPE_BENCHMARK_V17_3/scripts/benchmark173.py:190: UserWarning: Converting a tensor with requires_grad=True to a scalar may lead to unexpected behavior.
Consider using tensor.detach() first. (Triggered internally at /pytorch/torch/csrc/autograd/generated/python_variable_methods.cpp:835.)
  prog(job,state='SMOKE' if smoke else 'RUNNING',epoch=epoch,epochs=epochs,loss=float(loss),valid_mrr=metrics['mrr'],train_seconds=trainsec,elapsed_seconds=time.perf_counter()-start)
cora NSLR-HMANN 3 1 0.6931948661804199 0.372068648036876
cora NSLR-HMANN 3 25 0.6302624344825745 0.3694610419003879
cora NSLR-HMANN 3 50 0.615559995174408 0.3667072301061518
cora NSLR-HMANN 3 75 0.6138163208961487 0.3731180026828004
cora NSLR-HMANN 3 100 0.6106047630310059 0.3739590278394443
cora NSLR-HMANN 3 125 0.60997474193573 0.37200457712353086
cora NSLR-HMANN 3 150 0.609391450881958 0.3677484028728599
cora NSLR-HMANN 3 175 0.6094451546669006 0.3713119851336605
cora NSLR-HMANN 3 200 0.6107500195503235 0.3732769926952613
cora NSLR-HMANN 3 225 0.6085800528526306 0.3731667704435188
cora NSLR-HMANN 3 250 0.6084895133972168 0.3738962601474226
cora NSLR-HMANN 3 275 0.6074596643447876 0.371892686812521
cora NSLR-HMANN 3 300 0.6090902090072632 0.37481183247437116
cora NSLR-HMANN 3 325 0.6074756383895874 0.3778685257323911
cora NSLR-HMANN 3 350 0.6078039407730103 0.3746787089118959
cora NSLR-HMANN 3 375 0.6078933477401733 0.3766188002648997
cora NSLR-HMANN 3 400 0.6072931885719299 0.37786687016813325
cora NSLR-HMANN 3 425 0.6079808473587036 0.3760602861132296
cora NSLR-HMANN 3 450 0.6085436344146729 0.3740927958667426
cora NSLR-HMANN 3 475 0.6074792742729187 0.37348181262220864
cora NSLR-HMANN 3 500 0.6065951585769653 0.37576521001237595
cora NSLR-HMANN 3 525 0.6075536012649536 0.3790336220595847
cora NSLR-HMANN 3 550 0.6053429245948792 0.37625439347237133
cora NSLR-HMANN 3 575 0.6065924763679504 0.3748164506135465
cora NSLR-HMANN 3 600 0.603580117225647 0.37049970439518876
cora NSLR-HMANN 3 625 0.6034117341041565 0.3682585367397725
cora NSLR-HMANN 3 650 0.6030928492546082 0.36638639958573094
cora NSLR-HMANN 3 675 0.6037037372589111 0.36887065131349933
cora NSLR-HMANN 3 700 0.6029818058013916 0.3667932829098646
cora NSLR-HMANN 3 725 0.6024584770202637 0.3752887393833726
cora NSLR-HMANN 3 750 0.6015235185623169 0.3781723806962479
cora NSLR-HMANN 3 775 0.6010298728942871 0.371602563570097
cora NSLR-HMANN 3 800 0.5998814105987549 0.3724575966287169
cora NSLR-HMANN 3 825 0.6012177467346191 0.36843595782223665
cora NSLR-HMANN 3 850 0.5992116332054138 0.3745529830157077
cora NSLR-HMANN 3 875 0.5958178639411926 0.37959495582039704
cora NSLR-HMANN 3 900 0.5965179204940796 0.37534886703505516
cora NSLR-HMANN 3 925 0.5951471328735352 0.36987897185824764
cora NSLR-HMANN 3 950 0.589243471622467 0.38038553788871626
cora NSLR-HMANN 3 975 0.5843766927719116 0.36955821426621555
cora NSLR-HMANN 3 1000 0.5813302993774414 0.3721626100019313
cora NSLR-HMANN 3 1025 0.576441764831543 0.37043569151422095
cora NSLR-HMANN 3 1050 0.5764374732971191 0.3840062658222672
cora NSLR-HMANN 3 1075 0.5711359977722168 0.3728241393002014
cora NSLR-HMANN 3 1100 0.5624982118606567 0.3841710931438297
cora NSLR-HMANN 3 1125 0.5635283589363098 0.3826294377372083
cora NSLR-HMANN 3 1150 0.5624035596847534 0.3815717591119597
cora NSLR-HMANN 3 1175 0.5615794658660889 0.3714801399334178
cora NSLR-HMANN 3 1200 0.5559759736061096 0.38064793075240516
cora NSLR-HMANN 3 1225 0.5567702651023865 0.37428790261431016
cora NSLR-HMANN 3 1250 0.5569869875907898 0.36039111565442067
cora NSLR-HMANN 3 1275 0.5598015189170837 0.38042425597046603
cora NSLR-HMANN 3 1300 0.5526093244552612 0.37213695954410975
cora NSLR-HMANN 3 1325 0.5516198873519897 0.3914421800357774
cora NSLR-HMANN 3 1350 0.5562185645103455 0.3657709050874362
cora NSLR-HMANN 3 1375 0.5508021116256714 0.36845411501469844
cora NSLR-HMANN 3 1400 0.5511913895606995 0.37965769768939905
cora NSLR-HMANN 3 1425 0.5479905605316162 0.34371143140919713
cora NSLR-HMANN 3 1450 0.5422781109809875 0.37587467390687557
cora NSLR-HMANN 3 1475 0.5443247556686401 0.37106296586646564
cora NSLR-HMANN 3 1500 0.5486188530921936 0.37581939239154155
cora NSLR-HMANN 3 1525 0.5447497963905334 0.343739223331979
cora NSLR-HMANN 3 1550 0.5415488481521606 0.3619096323287956
cora NSLR-HMANN 3 1575 0.5406824946403503 0.3657383579233748
cora NSLR-HMANN 3 1600 0.5402347445487976 0.3604935375902368
cora NSLR-HMANN 3 1625 0.5419620871543884 0.3720821197151113
cora NSLR-HMANN 3 1650 0.5521034598350525 0.37553535727307635
cora NSLR-HMANN 3 1675 0.5476171374320984 0.3707494216025806
cora NSLR-HMANN 3 1700 0.5460109114646912 0.36443521142296287
cora NSLR-HMANN 3 1725 0.5416248440742493 0.3813179033777569
cora NSLR-HMANN 3 1750 0.542915940284729 0.38319422753597965
cora NSLR-HMANN 3 1775 0.5476354360580444 0.360226024385991
cora NSLR-HMANN 3 1800 0.5410983562469482 0.3729471276786431
cora NSLR-HMANN 3 1825 0.5380077362060547 0.375394807509959
cora NSLR-HMANN 3 1850 0.5416601896286011 0.37139445737398624
cora NSLR-HMANN 3 1875 0.5413248538970947 0.3731314578970231
cora NSLR-HMANN 3 1900 0.537813127040863 0.37683006372940925
cora NSLR-HMANN 3 1925 0.5410196185112 0.37224991070592545
cora NSLR-HMANN 3 1950 0.5318468809127808 0.3690906737796636
cora NSLR-HMANN 3 1975 0.53409743309021 0.37201832514564276
cora NSLR-HMANN 3 2000 0.5395035743713379 0.3520530467778228
cora NSLR-HMANN 3 2025 0.5404596924781799 0.352225897692148
cora NSLR-HMANN 3 2050 0.5295593738555908 0.35404368153856086
cora NSLR-HMANN 3 2075 0.5371835231781006 0.35552266779223546
cora NSLR-HMANN 3 2100 0.533372700214386 0.35997198611031617
cora NSLR-HMANN 3 2125 0.533710241317749 0.36821290225376796
cora NSLR-HMANN 3 2150 0.5343121290206909 0.34819461994134443
cora NSLR-HMANN 3 2175 0.5342228412628174 0.3487313317551166
cora NSLR-HMANN 3 2200 0.5377317070960999 0.35710250718020087
cora NSLR-HMANN 3 2225 0.5305148363113403 0.35248120593445437
cora NSLR-HMANN 3 2250 0.5385773777961731 0.34987114189076546
cora NSLR-HMANN 3 2275 0.5411171317100525 0.36955334893818576
cora NSLR-HMANN 3 2300 0.5354829430580139 0.36505375828057673
cora NSLR-HMANN 3 2325 0.5331844091415405 0.36402563620011735
cora NSLR-HMANN 3 2350 0.5300099849700928 0.3659656279197121
cora NSLR-HMANN 3 2375 0.5368401408195496 0.35980270760903843
cora NSLR-HMANN 3 2400 0.5366439819335938 0.3484504508670479
cora NSLR-HMANN 3 2425 0.5305354595184326 0.35657717838541036
cora NSLR-HMANN 3 2450 0.5290501117706299 0.3626049207417146
cora NSLR-HMANN 3 2475 0.5313196778297424 0.35189518482788557
cora NSLR-HMANN 3 2500 0.5357798337936401 0.35332858788226124
cora NSLR-HMANN 3 2525 0.534523606300354 0.35774116154609154
cora NSLR-HMANN 3 2550 0.5374834537506104 0.34530594500164474
cora NSLR-HMANN 3 2575 0.5314149260520935 0.3618894631458052
cora NSLR-HMANN 3 2600 0.5347519516944885 0.36422687649467833
cora NSLR-HMANN 3 2625 0.5316917896270752 0.3457519359904909
cora NSLR-HMANN 3 2650 0.5302686095237732 0.34639137226630906
cora NSLR-HMANN 3 2675 0.5295739769935608 0.3372172375268351
cora NSLR-HMANN 3 2700 0.5332266688346863 0.3458567717988076
cora NSLR-HMANN 3 2725 0.5260350704193115 0.34593590306959504
cora NSLR-HMANN 3 2750 0.5309317111968994 0.33989817169636827
cora NSLR-HMANN 3 2775 0.5326663255691528 0.34630561950615746
cora NSLR-HMANN 3 2800 0.5319521427154541 0.35034544150778596
cora NSLR-HMANN 3 2825 0.525183379650116 0.35285767562148096
cora NSLR-HMANN 3 2850 0.5308194160461426 0.35299686535589836
cora NSLR-HMANN 3 2875 0.5321820378303528 0.33248813526818566
cora NSLR-HMANN 3 2900 0.5265978574752808 0.3360660986152457
cora NSLR-HMANN 3 2925 0.5288207530975342 0.3537041517055996
cora NSLR-HMANN 3 2950 0.5272666215896606 0.35114851620092996
cora NSLR-HMANN 3 2975 0.530137300491333 0.3499221344165075
cora NSLR-HMANN 3 3000 0.5236930251121521 0.34027109923603704
cora NSLR-HMANN 3 3025 0.5201255679130554 0.3487018881554132
cora NSLR-HMANN 3 3050 0.5262730121612549 0.3569281934187642
cora NSLR-HMANN 3 3075 0.5235041379928589 0.3413350272117003
cora NSLR-HMANN 3 3100 0.5266746878623962 0.3510945768946157
cora NSLR-HMANN 3 3125 0.5250828862190247 0.35771565856204873
cora NSLR-HMANN 3 3150 0.527718722820282 0.3513574771373568
cora NSLR-HMANN 3 3175 0.5284614562988281 0.3550779067043237
cora NSLR-HMANN 3 3200 0.5245581269264221 0.3568164918722312
cora NSLR-HMANN 3 3225 0.5271220207214355 0.3443706901600755
cora NSLR-HMANN 3 3250 0.5282177329063416 0.34299573003810246
cora NSLR-HMANN 3 3275 0.5232775807380676 0.33327579352061687
cora NSLR-HMANN 3 3300 0.5252581238746643 0.353246986748264
cora NSLR-HMANN 3 3325 0.5256364941596985 0.35816411812377036
cora NSLR-HMANN 3 3350 0.5226222276687622 0.34293902675402166
cora NSLR-HMANN 3 3375 0.5174158215522766 0.3287611141835441
cora NSLR-HMANN 3 3400 0.5214889049530029 0.34404581047257826
cora NSLR-HMANN 3 3425 0.5223696827888489 0.32027946569186017
cora NSLR-HMANN 3 3450 0.5198204517364502 0.35386364057110625
cora NSLR-HMANN 3 3475 0.5200084447860718 0.3419224804260238
cora NSLR-HMANN 3 3500 0.5192226767539978 0.35910593612832603
cora NSLR-HMANN 3 3525 0.5178367495536804 0.34148139525557153
cora NSLR-HMANN 3 3550 0.5159544944763184 0.35288993246032174
cora NSLR-HMANN 3 3575 0.5177695751190186 0.3555513852603871
cora NSLR-HMANN 3 3600 0.5195836424827576 0.35460687272745095
cora NSLR-HMANN 3 3625 0.5199856162071228 0.3169966022106719
cora NSLR-HMANN 3 3650 0.5125543475151062 0.3402519371344785
cora NSLR-HMANN 3 3675 0.5163730382919312 0.3231665143366576
cora NSLR-HMANN 3 3700 0.5123969912528992 0.3588167656752926
cora NSLR-HMANN 3 3725 0.5121411085128784 0.33733098959425933
cora NSLR-HMANN 3 3750 0.5071693062782288 0.3331703160894794
cora NSLR-HMANN 3 3775 0.5217666029930115 0.3318753340732705
cora NSLR-HMANN 3 3800 0.5059747695922852 0.34542518221490315
cora NSLR-HMANN 3 3825 0.5095474720001221 0.33677457493085106
cora NSLR-HMANN 3 3850 0.5072049498558044 0.3423801385687341
cora NSLR-HMANN 3 3875 0.5107349753379822 0.3406269968291004
cora NSLR-HMANN 3 3900 0.5085564255714417 0.3332949715145209
cora NSLR-HMANN 3 3925 0.500822126865387 0.331586308791014
cora NSLR-HMANN 3 3950 0.5075182914733887 0.3229830831546273
cora NSLR-HMANN 3 3975 0.4975501596927643 0.32806376504139284
cora NSLR-HMANN 3 4000 0.5039374828338623 0.34598772737096906
cora NSLR-HMANN 3 4025 0.5008440017700195 0.32943655568671754
cora NSLR-HMANN 3 4050 0.5034170746803284 0.33482629575329315
cora NSLR-HMANN 3 4075 0.49887511134147644 0.3345399315650584
cora NSLR-HMANN 3 4100 0.49941542744636536 0.3637805894476073
cora NSLR-HMANN 3 4125 0.4954424798488617 0.3508922287908798
cora NSLR-HMANN 3 4150 0.4896506369113922 0.3399279179366349
cora NSLR-HMANN 3 4175 0.49491047859191895 0.3413435412131689
cora NSLR-HMANN 3 4200 0.49069303274154663 0.3585389951789203
cora NSLR-HMANN 3 4225 0.48165610432624817 0.3473720692524033
cora NSLR-HMANN 3 4250 0.49068090319633484 0.3463701896808819
cora NSLR-HMANN 3 4275 0.4860914945602417 0.35677470578381715
cora NSLR-HMANN 3 4300 0.48397713899612427 0.3493997123855921
cora NSLR-HMANN 3 4325 0.4795050024986267 0.36048010022836097
cora NSLR-HMANN 3 4350 0.4770717918872833 0.35797138693067426
cora NSLR-HMANN 3 4375 0.47394508123397827 0.3750603499975182
cora NSLR-HMANN 3 4400 0.4753839671611786 0.37438181766999645
cora NSLR-HMANN 3 4425 0.4764346182346344 0.3484074319540305
cora NSLR-HMANN 3 4450 0.47580859065055847 0.35658033758114394
cora NSLR-HMANN 3 4475 0.47734344005584717 0.3832855940017295
cora NSLR-HMANN 3 4500 0.4713730216026306 0.3785198946442751
cora NSLR-HMANN 3 4525 0.47318974137306213 0.3744355126131251
cora NSLR-HMANN 3 4550 0.476881742477417 0.3963624484916672
cora NSLR-HMANN 3 4575 0.4803677797317505 0.38918499139352236
cora NSLR-HMANN 3 4600 0.47652488946914673 0.3612534897352847
cora NSLR-HMANN 3 4625 0.47225701808929443 0.39394032788010347
cora NSLR-HMANN 3 4650 0.47036296129226685 0.3641163441380336
cora NSLR-HMANN 3 4675 0.47448161244392395 0.3882949689109856
cora NSLR-HMANN 3 4700 0.4758959412574768 0.3743040405642378
cora NSLR-HMANN 3 4725 0.4704505503177643 0.37650673308008886
cora NSLR-HMANN 3 4750 0.4715307950973511 0.38657294680099535
cora NSLR-HMANN 3 4775 0.46759623289108276 0.3965717234693326
cora NSLR-HMANN 3 4800 0.4672706127166748 0.38469184822614527
cora NSLR-HMANN 3 4825 0.47070345282554626 0.3919061131232552
cora NSLR-HMANN 3 4850 0.469437837600708 0.3778806040782344
cora NSLR-HMANN 3 4875 0.47059953212738037 0.3727932309260518
cora NSLR-HMANN 3 4900 0.47158557176589966 0.3905337902322858
cora NSLR-HMANN 3 4925 0.47670626640319824 0.37807089658847765
cora NSLR-HMANN 3 4950 0.47029441595077515 0.38407422500289984
cora NSLR-HMANN 3 4975 0.4642731547355652 0.39146538754774285
cora NSLR-HMANN 3 5000 0.4638046324253082 0.37939110050818253
