/home/ubuntu/anaconda3/envs/mei_env/lib/python3.11/site-packages/torch/cuda/__init__.py:63: FutureWarning: The pynvml package is deprecated. Please install nvidia-ml-py instead. If you did not install pynvml directly, please report this to the maintainers of the package that installed pynvml for you.
  import pynvml  # type: ignore[import]
/home/ubuntu/anaconda3/envs/mei_env/lib/python3.11/site-packages/torch/autograd/graph.py:829: UserWarning: Attempting to run cuBLAS, but there was no current CUDA context! Attempting to set the primary context... (Triggered internally at /pytorch/aten/src/ATen/cuda/CublasHandlePool.cpp:179.)
  return Variable._execution_engine.run_backward(  # Calls into the C++ engine to run the backward pass
/home/ubuntu/lchr_v2/HYPERGRAPH_RESEARCH/R_HSPE_BENCHMARK_V17_3/scripts/benchmark173.py:190: UserWarning: Converting a tensor with requires_grad=True to a scalar may lead to unexpected behavior.
Consider using tensor.detach() first. (Triggered internally at /pytorch/torch/csrc/autograd/generated/python_variable_methods.cpp:835.)
  prog(job,state='SMOKE' if smoke else 'RUNNING',epoch=epoch,epochs=epochs,loss=float(loss),valid_mrr=metrics['mrr'],train_seconds=trainsec,elapsed_seconds=time.perf_counter()-start)
cora NSLR-HMANN 1 1 0.6932286024093628 0.3627831047220916
cora NSLR-HMANN 1 25 0.6337528824806213 0.3771968965301141
cora NSLR-HMANN 1 50 0.6146790385246277 0.3668782378677433
cora NSLR-HMANN 1 75 0.612137496471405 0.36610143345022506
cora NSLR-HMANN 1 100 0.6122327446937561 0.3678888727169166
cora NSLR-HMANN 1 125 0.6104680299758911 0.3666609499793233
cora NSLR-HMANN 1 150 0.6100069880485535 0.3643799606143189
cora NSLR-HMANN 1 175 0.6096550226211548 0.363694384270112
cora NSLR-HMANN 1 200 0.6095698475837708 0.36569598948585164
cora NSLR-HMANN 1 225 0.6089435815811157 0.3671323406928005
cora NSLR-HMANN 1 250 0.6084025502204895 0.3628256753337684
cora NSLR-HMANN 1 275 0.6075391173362732 0.3674463214653505
cora NSLR-HMANN 1 300 0.6079857349395752 0.36074755001022524
cora NSLR-HMANN 1 325 0.6072614192962646 0.3597872110695981
cora NSLR-HMANN 1 350 0.6073416471481323 0.36341268710675645
cora NSLR-HMANN 1 375 0.6056841611862183 0.3614922911717165
cora NSLR-HMANN 1 400 0.6049590110778809 0.36531172180223376
cora NSLR-HMANN 1 425 0.6040148735046387 0.36471581725748936
cora NSLR-HMANN 1 450 0.6011741757392883 0.3588872226981563
cora NSLR-HMANN 1 475 0.5980626940727234 0.3668672427493897
cora NSLR-HMANN 1 500 0.5872130990028381 0.36519365934853465
cora NSLR-HMANN 1 525 0.5836754441261292 0.367738804810901
cora NSLR-HMANN 1 550 0.5816507339477539 0.3644426904456452
cora NSLR-HMANN 1 575 0.5709419250488281 0.37331931490941606
cora NSLR-HMANN 1 600 0.5663091540336609 0.3708467402661861
cora NSLR-HMANN 1 625 0.5662796497344971 0.37002818690228195
cora NSLR-HMANN 1 650 0.555583119392395 0.3254370466363839
cora NSLR-HMANN 1 675 0.558796226978302 0.3554163610681344
cora NSLR-HMANN 1 700 0.5601038932800293 0.3553909737731796
cora NSLR-HMANN 1 725 0.5531443953514099 0.3641222474501854
cora NSLR-HMANN 1 750 0.549185037612915 0.3737232177082852
cora NSLR-HMANN 1 775 0.5483793616294861 0.39232323913750416
cora NSLR-HMANN 1 800 0.5592900514602661 0.3641773640967275
cora NSLR-HMANN 1 825 0.55096036195755 0.3852411242211298
cora NSLR-HMANN 1 850 0.5434912443161011 0.35643991126545366
cora NSLR-HMANN 1 875 0.5454853177070618 0.3693963875599327
cora NSLR-HMANN 1 900 0.536770761013031 0.3741133963807273
cora NSLR-HMANN 1 925 0.5382869243621826 0.3620844105779184
cora NSLR-HMANN 1 950 0.5414925217628479 0.37304713250795607
cora NSLR-HMANN 1 975 0.5404747724533081 0.3935168222406742
cora NSLR-HMANN 1 1000 0.5360315442085266 0.3930495455376561
cora NSLR-HMANN 1 1025 0.5322582125663757 0.3822109902409553
cora NSLR-HMANN 1 1050 0.5321152210235596 0.3444589265197807
cora NSLR-HMANN 1 1075 0.530660092830658 0.34898334464691927
cora NSLR-HMANN 1 1100 0.528285562992096 0.3675281601678616
cora NSLR-HMANN 1 1125 0.5262693762779236 0.3747306296616765
cora NSLR-HMANN 1 1150 0.522704541683197 0.3745592861191632
cora NSLR-HMANN 1 1175 0.5302314758300781 0.37778783474141864
cora NSLR-HMANN 1 1200 0.5196318626403809 0.35301848621399173
cora NSLR-HMANN 1 1225 0.5252733826637268 0.3303911750163324
cora NSLR-HMANN 1 1250 0.5225854516029358 0.35907281352416076
cora NSLR-HMANN 1 1275 0.5262603759765625 0.3581278955975833
cora NSLR-HMANN 1 1300 0.5179504752159119 0.3739430941543386
cora NSLR-HMANN 1 1325 0.5332021713256836 0.3565390064254088
cora NSLR-HMANN 1 1350 0.5185516476631165 0.3546612508290986
cora NSLR-HMANN 1 1375 0.5165994167327881 0.36644728128265314
cora NSLR-HMANN 1 1400 0.5171318650245667 0.35236234234647984
cora NSLR-HMANN 1 1425 0.5152962803840637 0.35987263567650035
cora NSLR-HMANN 1 1450 0.5115042328834534 0.34295999204061695
cora NSLR-HMANN 1 1475 0.5124937891960144 0.3378982804529309
cora NSLR-HMANN 1 1500 0.51216721534729 0.3583296272318509
cora NSLR-HMANN 1 1525 0.5124595165252686 0.3602712903427156
cora NSLR-HMANN 1 1550 0.5103476643562317 0.3607520007489401
cora NSLR-HMANN 1 1575 0.5135628581047058 0.3602621945311383
cora NSLR-HMANN 1 1600 0.5118973255157471 0.36383926813552236
cora NSLR-HMANN 1 1625 0.5146023631095886 0.3620996965151987
cora NSLR-HMANN 1 1650 0.5098599195480347 0.37433302098292265
cora NSLR-HMANN 1 1675 0.508327841758728 0.3710061676203126
cora NSLR-HMANN 1 1700 0.5101526975631714 0.3731047954250994
cora NSLR-HMANN 1 1725 0.5034643411636353 0.39214343412156216
cora NSLR-HMANN 1 1750 0.5102458000183105 0.36252391288383473
cora NSLR-HMANN 1 1775 0.5080159306526184 0.3775992039204379
cora NSLR-HMANN 1 1800 0.5097843408584595 0.35296389481518203
cora NSLR-HMANN 1 1825 0.5055543780326843 0.37049909498172573
cora NSLR-HMANN 1 1850 0.5069448351860046 0.3508379822379987
cora NSLR-HMANN 1 1875 0.502384603023529 0.3502229447793845
cora NSLR-HMANN 1 1900 0.4984513223171234 0.348820907514506
cora NSLR-HMANN 1 1925 0.5009861588478088 0.37620029225360074
cora NSLR-HMANN 1 1950 0.5030288100242615 0.37684622350068675
cora NSLR-HMANN 1 1975 0.5009874105453491 0.3597343714547861
cora NSLR-HMANN 1 2000 0.4919849932193756 0.35781914907434337
cora NSLR-HMANN 1 2025 0.49359583854675293 0.35590939220705314
cora NSLR-HMANN 1 2050 0.4967285096645355 0.39196446071791863
cora NSLR-HMANN 1 2075 0.49468129873275757 0.36940956402927705
cora NSLR-HMANN 1 2100 0.49349892139434814 0.34580753156339683
cora NSLR-HMANN 1 2125 0.48940011858940125 0.3812841199917563
cora NSLR-HMANN 1 2150 0.48706719279289246 0.3490929056594926
cora NSLR-HMANN 1 2175 0.49393153190612793 0.3554982398690094
cora NSLR-HMANN 1 2200 0.4861900210380554 0.37002052811479647
cora NSLR-HMANN 1 2225 0.4811995327472687 0.352909151565257
cora NSLR-HMANN 1 2250 0.4797232151031494 0.35007735635877224
cora NSLR-HMANN 1 2275 0.47190386056900024 0.37488762151795263
cora NSLR-HMANN 1 2300 0.48111459612846375 0.3574686785947366
cora NSLR-HMANN 1 2325 0.4777369499206543 0.3945593596257524
cora NSLR-HMANN 1 2350 0.48233848810195923 0.36568969755440456
cora NSLR-HMANN 1 2375 0.4762042164802551 0.38449954413370696
cora NSLR-HMANN 1 2400 0.4727148711681366 0.39690108274023334
cora NSLR-HMANN 1 2425 0.4802466332912445 0.38837067765983935
cora NSLR-HMANN 1 2450 0.46993914246559143 0.3910093387949219
cora NSLR-HMANN 1 2475 0.4673393964767456 0.3781061663089409
cora NSLR-HMANN 1 2500 0.46467849612236023 0.3950567234949629
cora NSLR-HMANN 1 2525 0.4622822105884552 0.40153514045967165
cora NSLR-HMANN 1 2550 0.4671010971069336 0.4073062919650284
cora NSLR-HMANN 1 2575 0.4681503176689148 0.3766832007688286
cora NSLR-HMANN 1 2600 0.46199092268943787 0.3933079700026633
cora NSLR-HMANN 1 2625 0.46362972259521484 0.39513437375595845
cora NSLR-HMANN 1 2650 0.4588428735733032 0.38830534476686873
cora NSLR-HMANN 1 2675 0.4647623300552368 0.4019943828715856
cora NSLR-HMANN 1 2700 0.4553515911102295 0.39613293120662246
cora NSLR-HMANN 1 2725 0.4585537612438202 0.3871397235022763
cora NSLR-HMANN 1 2750 0.4554907977581024 0.39985347584201014
cora NSLR-HMANN 1 2775 0.4566841721534729 0.3841212336296151
cora NSLR-HMANN 1 2800 0.4502844214439392 0.3754200267837862
cora NSLR-HMANN 1 2825 0.45801880955696106 0.3870160627126571
cora NSLR-HMANN 1 2850 0.46428120136260986 0.37926190072168836
cora NSLR-HMANN 1 2875 0.457195520401001 0.3781796877451329
cora NSLR-HMANN 1 2900 0.4638409912586212 0.3775913023541012
cora NSLR-HMANN 1 2925 0.459690123796463 0.40021949347809566
cora NSLR-HMANN 1 2950 0.45414799451828003 0.40370825222471507
cora NSLR-HMANN 1 2975 0.4582594633102417 0.38824978924332654
cora NSLR-HMANN 1 3000 0.4488750100135803 0.3967948336891761
cora NSLR-HMANN 1 3025 0.4512943625450134 0.38995902918727204
cora NSLR-HMANN 1 3050 0.44812917709350586 0.3971126635289839
cora NSLR-HMANN 1 3075 0.4511217176914215 0.3718769635499085
cora NSLR-HMANN 1 3100 0.4487491548061371 0.3902886120453425
cora NSLR-HMANN 1 3125 0.4493997395038605 0.3739939623996529
cora NSLR-HMANN 1 3150 0.4473540484905243 0.38419581795828134
cora NSLR-HMANN 1 3175 0.448652058839798 0.3797095680834748
cora NSLR-HMANN 1 3200 0.44636741280555725 0.3847905989485055
cora NSLR-HMANN 1 3225 0.4555087387561798 0.38861152925782877
cora NSLR-HMANN 1 3250 0.45301610231399536 0.39966096622708236
cora NSLR-HMANN 1 3275 0.4490549862384796 0.38859107409428784
cora NSLR-HMANN 1 3300 0.44332054257392883 0.3952013907638753
cora NSLR-HMANN 1 3325 0.44603851437568665 0.3856653880708019
cora NSLR-HMANN 1 3350 0.4479696750640869 0.4118624462892788
cora NSLR-HMANN 1 3375 0.44049781560897827 0.3752221135590863
cora NSLR-HMANN 1 3400 0.44772157073020935 0.39390564941042283
cora NSLR-HMANN 1 3425 0.4413975179195404 0.35292745149482724
cora NSLR-HMANN 1 3450 0.4420170485973358 0.3759416228537407
cora NSLR-HMANN 1 3475 0.4461091160774231 0.40519705650151566
cora NSLR-HMANN 1 3500 0.4440765380859375 0.3894135302784904
cora NSLR-HMANN 1 3525 0.4393078684806824 0.3858911596133341
cora NSLR-HMANN 1 3550 0.4423391819000244 0.3921966572596656
cora NSLR-HMANN 1 3575 0.4403376579284668 0.4044847310206526
cora NSLR-HMANN 1 3600 0.44392621517181396 0.4060671924822768
cora NSLR-HMANN 1 3625 0.4471197724342346 0.38780241648609726
cora NSLR-HMANN 1 3650 0.4502391815185547 0.3875842987657135
cora NSLR-HMANN 1 3675 0.43804168701171875 0.4093296740549798
cora NSLR-HMANN 1 3700 0.4384605586528778 0.39637024382592306
cora NSLR-HMANN 1 3725 0.44076859951019287 0.38766847014766354
cora NSLR-HMANN 1 3750 0.4396725296974182 0.40176062201998347
cora NSLR-HMANN 1 3775 0.43920639157295227 0.38349493805311413
cora NSLR-HMANN 1 3800 0.4321978986263275 0.39961733510759984
cora NSLR-HMANN 1 3825 0.43272385001182556 0.38821917963873726
cora NSLR-HMANN 1 3850 0.4302864968776703 0.3760515738249437
cora NSLR-HMANN 1 3875 0.4327956438064575 0.37621685313918296
cora NSLR-HMANN 1 3900 0.43154048919677734 0.388591004187568
cora NSLR-HMANN 1 3925 0.43249645829200745 0.3845598091324939
cora NSLR-HMANN 1 3950 0.4280455410480499 0.38187840575493753
cora NSLR-HMANN 1 3975 0.42877912521362305 0.40057037011901103
cora NSLR-HMANN 1 4000 0.4340287148952484 0.3905219072495909
cora NSLR-HMANN 1 4025 0.42689409852027893 0.39864819589095335
cora NSLR-HMANN 1 4050 0.42515990138053894 0.3960847504500166
cora NSLR-HMANN 1 4075 0.42849430441856384 0.3914232006553576
cora NSLR-HMANN 1 4100 0.4294956922531128 0.3882140261741551
cora NSLR-HMANN 1 4125 0.4224981367588043 0.3971555236165472
cora NSLR-HMANN 1 4150 0.42596691846847534 0.39023276379557786
cora NSLR-HMANN 1 4175 0.42474067211151123 0.388143503180908
cora NSLR-HMANN 1 4200 0.43866851925849915 0.3976373098022558
cora NSLR-HMANN 1 4225 0.4208168089389801 0.3898143737927019
cora NSLR-HMANN 1 4250 0.4201991856098175 0.39102994022357407
cora NSLR-HMANN 1 4275 0.4254671037197113 0.39363864686823163
cora NSLR-HMANN 1 4300 0.4165826737880707 0.39344199462682317
cora NSLR-HMANN 1 4325 0.4134511947631836 0.39576528105262987
cora NSLR-HMANN 1 4350 0.4241009056568146 0.4054196909636644
cora NSLR-HMANN 1 4375 0.4158487021923065 0.40485763178996764
cora NSLR-HMANN 1 4400 0.4193187952041626 0.3953057545385001
cora NSLR-HMANN 1 4425 0.41632455587387085 0.40448569934305484
cora NSLR-HMANN 1 4450 0.4153226613998413 0.4063412561258327
cora NSLR-HMANN 1 4475 0.41116032004356384 0.4194879913655296
cora NSLR-HMANN 1 4500 0.42525628209114075 0.41107527013188055
cora NSLR-HMANN 1 4525 0.41947993636131287 0.41220135854210416
cora NSLR-HMANN 1 4550 0.4196348190307617 0.40289915527999554
cora NSLR-HMANN 1 4575 0.4264501929283142 0.4112737805690342
cora NSLR-HMANN 1 4600 0.41854095458984375 0.41050037881210116
cora NSLR-HMANN 1 4625 0.4106561541557312 0.4261563369825386
cora NSLR-HMANN 1 4650 0.4160704016685486 0.42126191126061635
cora NSLR-HMANN 1 4675 0.4119929373264313 0.41892092286902705
cora NSLR-HMANN 1 4700 0.41675159335136414 0.4248971335685129
cora NSLR-HMANN 1 4725 0.45068761706352234 0.4059222259048037
cora NSLR-HMANN 1 4750 0.41859081387519836 0.4230790479962041
cora NSLR-HMANN 1 4775 0.42221835255622864 0.4394564481697644
cora NSLR-HMANN 1 4800 0.4177633821964264 0.42027508093986216
cora NSLR-HMANN 1 4825 0.40723609924316406 0.4171479920723584
cora NSLR-HMANN 1 4850 0.4155251383781433 0.41952480600816655
cora NSLR-HMANN 1 4875 0.4120143949985504 0.4257118845458613
cora NSLR-HMANN 1 4900 0.4114367961883545 0.4273743046275683
cora NSLR-HMANN 1 4925 0.40608522295951843 0.4286596100020919
cora NSLR-HMANN 1 4950 0.40805584192276 0.42036877025237684
cora NSLR-HMANN 1 4975 0.4104352295398712 0.4368059071553227
cora NSLR-HMANN 1 5000 0.4075101912021637 0.4226743858274247
