/home/ubuntu/anaconda3/envs/mei_env/lib/python3.11/site-packages/torch/cuda/__init__.py:63: FutureWarning: The pynvml package is deprecated. Please install nvidia-ml-py instead. If you did not install pynvml directly, please report this to the maintainers of the package that installed pynvml for you.
  import pynvml  # type: ignore[import]
/home/ubuntu/anaconda3/envs/mei_env/lib/python3.11/site-packages/torch/autograd/graph.py:829: UserWarning: Attempting to run cuBLAS, but there was no current CUDA context! Attempting to set the primary context... (Triggered internally at /pytorch/aten/src/ATen/cuda/CublasHandlePool.cpp:179.)
  return Variable._execution_engine.run_backward(  # Calls into the C++ engine to run the backward pass
/home/ubuntu/lchr_v2/HYPERGRAPH_RESEARCH/R_HSPE_BENCHMARK_V17_3/scripts/benchmark173.py:196: UserWarning: Converting a tensor with requires_grad=True to a scalar may lead to unexpected behavior.
Consider using tensor.detach() first. (Triggered internally at /pytorch/torch/csrc/autograd/generated/python_variable_methods.cpp:835.)
  prog(job,state='SMOKE' if smoke else 'RUNNING',epoch=epoch,epochs=epochs,loss=float(loss),valid_mrr=metrics['mrr'],train_seconds=trainsec,elapsed_seconds=time.perf_counter()-start)
cora NSLR-HMANN 4 1 0.6931478381156921 0.3627637878021932
cora NSLR-HMANN 4 25 0.6319594979286194 0.3716387830582818
cora NSLR-HMANN 4 50 0.6123309135437012 0.3697525907662284
cora NSLR-HMANN 4 75 0.6072707176208496 0.37051856251684967
cora NSLR-HMANN 4 100 0.6066098809242249 0.3752039394126116
cora NSLR-HMANN 4 125 0.6047149896621704 0.3723408537133537
cora NSLR-HMANN 4 150 0.6050439476966858 0.37415889886063164
cora NSLR-HMANN 4 175 0.6033135056495667 0.3772242032545273
cora NSLR-HMANN 4 200 0.6038950681686401 0.37975838360289615
cora NSLR-HMANN 4 225 0.6022393107414246 0.37476122257358646
cora NSLR-HMANN 4 250 0.6014612913131714 0.37599578210488876
cora NSLR-HMANN 4 275 0.6014529466629028 0.37447786940497274
cora NSLR-HMANN 4 300 0.600166916847229 0.37384288301853547
cora NSLR-HMANN 4 325 0.6009038686752319 0.37610935334584233
cora NSLR-HMANN 4 350 0.5997499823570251 0.366314902912744
cora NSLR-HMANN 4 375 0.5992103219032288 0.36661505930479077
cora NSLR-HMANN 4 400 0.5981936454772949 0.371619349496517
cora NSLR-HMANN 4 425 0.5987200140953064 0.36632329960812343
cora NSLR-HMANN 4 450 0.5953242182731628 0.3611595586729196
cora NSLR-HMANN 4 475 0.5939009189605713 0.36421873435449226
cora NSLR-HMANN 4 500 0.5920833349227905 0.3744172179592255
cora NSLR-HMANN 4 525 0.593750536441803 0.36853334593522824
cora NSLR-HMANN 4 550 0.5928112864494324 0.3664819259913081
cora NSLR-HMANN 4 575 0.5900924205780029 0.36605160513270085
cora NSLR-HMANN 4 600 0.5964218974113464 0.37543746308770026
cora NSLR-HMANN 4 625 0.5915444493293762 0.3594343898295387
cora NSLR-HMANN 4 650 0.5911649465560913 0.3624220670577896
cora NSLR-HMANN 4 675 0.5920034646987915 0.36416195541435387
cora NSLR-HMANN 4 700 0.5873042345046997 0.3543988070870377
cora NSLR-HMANN 4 725 0.5922368168830872 0.3608346646120781
cora NSLR-HMANN 4 750 0.593673050403595 0.37101588013002507
cora NSLR-HMANN 4 775 0.5966787934303284 0.375625230707692
cora NSLR-HMANN 4 800 0.5967839956283569 0.36706519102544954
cora NSLR-HMANN 4 825 0.5888592600822449 0.35812520382953816
cora NSLR-HMANN 4 850 0.5906904935836792 0.3576697412968293
cora NSLR-HMANN 4 875 0.5883702039718628 0.35969284888857217
cora NSLR-HMANN 4 900 0.6066542267799377 0.373559550413604
cora NSLR-HMANN 4 925 0.6007370352745056 0.37088821572703073
cora NSLR-HMANN 4 950 0.5900834202766418 0.37629357564980703
cora NSLR-HMANN 4 975 0.5874437093734741 0.37793546460158195
cora NSLR-HMANN 4 1000 0.5861088633537292 0.37911062908075815
cora NSLR-HMANN 4 1025 0.5840232968330383 0.3791005894794638
cora NSLR-HMANN 4 1050 0.5785136222839355 0.3691399414714286
cora NSLR-HMANN 4 1075 0.5785223841667175 0.3668100789139589
cora NSLR-HMANN 4 1100 0.578060507774353 0.372901064785313
cora NSLR-HMANN 4 1125 0.5750525593757629 0.3751676126960121
cora NSLR-HMANN 4 1150 0.5758864283561707 0.37479469335568283
cora NSLR-HMANN 4 1175 0.5747356414794922 0.37552548864924523
cora NSLR-HMANN 4 1200 0.5766922235488892 0.3688959738140717
cora NSLR-HMANN 4 1225 0.5737538933753967 0.37192589537908494
cora NSLR-HMANN 4 1250 0.5763517022132874 0.3667204287398462
cora NSLR-HMANN 4 1275 0.5750203728675842 0.36046829994139556
cora NSLR-HMANN 4 1300 0.5738151669502258 0.3685286100326301
cora NSLR-HMANN 4 1325 0.5716128349304199 0.3574515161193638
cora NSLR-HMANN 4 1350 0.5703244805335999 0.361186729209896
cora NSLR-HMANN 4 1375 0.5675695538520813 0.3636429810913912
cora NSLR-HMANN 4 1400 0.5665476322174072 0.3590450118993716
cora NSLR-HMANN 4 1425 0.563493013381958 0.36953186701153123
cora NSLR-HMANN 4 1450 0.5630705952644348 0.36594183069229863
cora NSLR-HMANN 4 1475 0.5532876253128052 0.36003778821131
cora NSLR-HMANN 4 1500 0.5533179640769958 0.34614207688390436
cora NSLR-HMANN 4 1525 0.5606531500816345 0.3237872020222313
cora NSLR-HMANN 4 1550 0.5576982498168945 0.35923254288185014
cora NSLR-HMANN 4 1575 0.5452901124954224 0.34429680687494196
cora NSLR-HMANN 4 1600 0.5480480194091797 0.3468847086101262
cora NSLR-HMANN 4 1625 0.5518175959587097 0.35761167780438163
cora NSLR-HMANN 4 1650 0.5519834160804749 0.34261643780193146
cora NSLR-HMANN 4 1675 0.556657612323761 0.3670594858041149
cora NSLR-HMANN 4 1700 0.553459882736206 0.3574590555917587
cora NSLR-HMANN 4 1725 0.549418568611145 0.34963762081267885
cora NSLR-HMANN 4 1750 0.5465292930603027 0.34399134827053346
cora NSLR-HMANN 4 1775 0.5471001863479614 0.35901628066220936
cora NSLR-HMANN 4 1800 0.5498366355895996 0.3545131400989033
cora NSLR-HMANN 4 1825 0.5469529628753662 0.34231752217249395
cora NSLR-HMANN 4 1850 0.5444175004959106 0.3520015030016619
cora NSLR-HMANN 4 1875 0.5431584715843201 0.3544017872203018
cora NSLR-HMANN 4 1900 0.541009247303009 0.36358992848975075
cora NSLR-HMANN 4 1925 0.5418508648872375 0.361526769851912
cora NSLR-HMANN 4 1950 0.538362443447113 0.35659304938313513
cora NSLR-HMANN 4 1975 0.53935307264328 0.3556587675189718
cora NSLR-HMANN 4 2000 0.5420079827308655 0.3477562266532708
cora NSLR-HMANN 4 2025 0.5375328660011292 0.36269783523297394
cora NSLR-HMANN 4 2050 0.5389290452003479 0.3403687616675703
cora NSLR-HMANN 4 2075 0.5356425046920776 0.34399567026981703
cora NSLR-HMANN 4 2100 0.5440564155578613 0.34031686164480546
cora NSLR-HMANN 4 2125 0.5397605895996094 0.34838009994559804
cora NSLR-HMANN 4 2150 0.5372944474220276 0.341366087469632
cora NSLR-HMANN 4 2175 0.5374234914779663 0.3390333437099732
cora NSLR-HMANN 4 2200 0.5371567010879517 0.3473701312192642
cora NSLR-HMANN 4 2225 0.533135712146759 0.3446927335294179
cora NSLR-HMANN 4 2250 0.5346067547798157 0.3473634127914932
cora NSLR-HMANN 4 2275 0.5341730713844299 0.3527425994097173
cora NSLR-HMANN 4 2300 0.5361312031745911 0.33997242992978666
cora NSLR-HMANN 4 2325 0.5376416444778442 0.33971436522305276
cora NSLR-HMANN 4 2350 0.5368326306343079 0.3469276043697167
cora NSLR-HMANN 4 2375 0.5358385443687439 0.35257059106736555
cora NSLR-HMANN 4 2400 0.5308251976966858 0.3472241328316738
cora NSLR-HMANN 4 2425 0.5327190160751343 0.3516723272195673
cora NSLR-HMANN 4 2450 0.5362032055854797 0.3461564613021664
cora NSLR-HMANN 4 2475 0.5308719873428345 0.3420705533771903
cora NSLR-HMANN 4 2500 0.5319945216178894 0.3397000781515314
cora NSLR-HMANN 4 2525 0.529228687286377 0.3523327967123656
cora NSLR-HMANN 4 2550 0.5296282768249512 0.34837300242087227
cora NSLR-HMANN 4 2575 0.5351629257202148 0.3422483291055905
cora NSLR-HMANN 4 2600 0.5303626656532288 0.35221970387510887
cora NSLR-HMANN 4 2625 0.5297412276268005 0.34430991851723697
cora NSLR-HMANN 4 2650 0.527999758720398 0.33545334985037045
cora NSLR-HMANN 4 2675 0.5369209051132202 0.3502861767957591
cora NSLR-HMANN 4 2700 0.5269945859909058 0.35061413791593077
cora NSLR-HMANN 4 2725 0.5278815031051636 0.3357203534868958
cora NSLR-HMANN 4 2750 0.5238242149353027 0.3507145841375791
cora NSLR-HMANN 4 2775 0.525962769985199 0.34776388686175735
cora NSLR-HMANN 4 2800 0.5252712965011597 0.3322273932974177
cora NSLR-HMANN 4 2825 0.5199202299118042 0.33099919839728437
cora NSLR-HMANN 4 2850 0.5199735760688782 0.3514056512299576
cora NSLR-HMANN 4 2875 0.5165135264396667 0.3430163565874404
cora NSLR-HMANN 4 2900 0.5048069357872009 0.33280365302490345
cora NSLR-HMANN 4 2925 0.5171288847923279 0.3492695735950512
cora NSLR-HMANN 4 2950 0.5190967321395874 0.34539099942959905
cora NSLR-HMANN 4 2975 0.5151393413543701 0.32402090858179217
cora NSLR-HMANN 4 3000 0.5183994770050049 0.34605306722194507
cora NSLR-HMANN 4 3025 0.5171599388122559 0.34852265041290215
cora NSLR-HMANN 4 3050 0.5126999020576477 0.33949438852292335
cora NSLR-HMANN 4 3075 0.505628228187561 0.3538469090183942
cora NSLR-HMANN 4 3100 0.5075861811637878 0.34635299081481496
cora NSLR-HMANN 4 3125 0.5121650099754333 0.34473124731367916
cora NSLR-HMANN 4 3150 0.5067312717437744 0.3354201975848493
cora NSLR-HMANN 4 3175 0.5043922066688538 0.3431563807108251
cora NSLR-HMANN 4 3200 0.5055294036865234 0.3425357891306578
cora NSLR-HMANN 4 3225 0.5089333057403564 0.32162544988681846
cora NSLR-HMANN 4 3250 0.5015162229537964 0.3413767656557448
cora NSLR-HMANN 4 3275 0.5023515224456787 0.34545512403065165
cora NSLR-HMANN 4 3300 0.5036818981170654 0.34051511558309755
cora NSLR-HMANN 4 3325 0.49689820408821106 0.36629483300382903
cora NSLR-HMANN 4 3350 0.5008968114852905 0.34074994538684517
cora NSLR-HMANN 4 3375 0.5188242197036743 0.3550021748927858
cora NSLR-HMANN 4 3400 0.4939134418964386 0.3583102671374752
cora NSLR-HMANN 4 3425 0.49750247597694397 0.36792297316582473
cora NSLR-HMANN 4 3450 0.496102511882782 0.37555574563323324
cora NSLR-HMANN 4 3475 0.4946507215499878 0.35263926880087754
cora NSLR-HMANN 4 3500 0.4919813871383667 0.36873574975200657
cora NSLR-HMANN 4 3525 0.500556468963623 0.3884058394495539
cora NSLR-HMANN 4 3550 0.4871656894683838 0.3641510182303776
cora NSLR-HMANN 4 3575 0.4941875636577606 0.37124852492411264
cora NSLR-HMANN 4 3600 0.4986143112182617 0.35458747313904526
cora NSLR-HMANN 4 3625 0.48606494069099426 0.36942134349122663
cora NSLR-HMANN 4 3650 0.48437032103538513 0.3738829256529583
cora NSLR-HMANN 4 3675 0.48444661498069763 0.3823007654468295
cora NSLR-HMANN 4 3700 0.49080008268356323 0.36724776390649444
cora NSLR-HMANN 4 3725 0.48369690775871277 0.3752584784140482
cora NSLR-HMANN 4 3750 0.4857463538646698 0.36619875925150264
cora NSLR-HMANN 4 3775 0.4750553369522095 0.38333085808011935
cora NSLR-HMANN 4 3800 0.5058649182319641 0.3901333246063614
cora NSLR-HMANN 4 3825 0.4795275032520294 0.38544622132495443
cora NSLR-HMANN 4 3850 0.4785707890987396 0.38251613059012207
cora NSLR-HMANN 4 3875 0.4862753748893738 0.39512963509302484
cora NSLR-HMANN 4 3900 0.484790176153183 0.38174209212670523
cora NSLR-HMANN 4 3925 0.4785395562648773 0.3883828262717361
cora NSLR-HMANN 4 3950 0.4764222502708435 0.39863427756104536
cora NSLR-HMANN 4 3975 0.4733434021472931 0.4002176673283749
cora NSLR-HMANN 4 4000 0.4737730324268341 0.39125916468439625
cora NSLR-HMANN 4 4025 0.4764689803123474 0.3868020579083982
cora NSLR-HMANN 4 4050 0.4810800552368164 0.3774466444605293
cora NSLR-HMANN 4 4075 0.47105157375335693 0.39015771016088857
cora NSLR-HMANN 4 4100 0.47247904539108276 0.3953268121248321
cora NSLR-HMANN 4 4125 0.47253239154815674 0.3860053158003987
cora NSLR-HMANN 4 4150 0.4690965414047241 0.3974223224002503
cora NSLR-HMANN 4 4175 0.4679749011993408 0.4081142883689117
cora NSLR-HMANN 4 4200 0.4664969742298126 0.3907017424985559
cora NSLR-HMANN 4 4225 0.462759405374527 0.37078022142531436
cora NSLR-HMANN 4 4250 0.47427529096603394 0.36734064457139476
cora NSLR-HMANN 4 4275 0.467427521944046 0.3829509689744949
cora NSLR-HMANN 4 4300 0.4682362973690033 0.3841668126965776
cora NSLR-HMANN 4 4325 0.46336629986763 0.38217241886531694
cora NSLR-HMANN 4 4350 0.4584026038646698 0.38300533825613575
cora NSLR-HMANN 4 4375 0.46338972449302673 0.36583815429019606
cora NSLR-HMANN 4 4400 0.46215158700942993 0.36995938338567447
cora NSLR-HMANN 4 4425 0.4655580222606659 0.377233112245296
cora NSLR-HMANN 4 4450 0.46432939171791077 0.3612990023908634
cora NSLR-HMANN 4 4475 0.4611423909664154 0.3681294814053881
cora NSLR-HMANN 4 4500 0.46149933338165283 0.3625197937447051
cora NSLR-HMANN 4 4525 0.46153154969215393 0.36832366456758736
cora NSLR-HMANN 4 4550 0.46582290530204773 0.36981611510049156
cora NSLR-HMANN 4 4575 0.45958954095840454 0.37257939378358684
cora NSLR-HMANN 4 4600 0.4585261940956116 0.3662099325176583
cora NSLR-HMANN 4 4625 0.45843955874443054 0.37039332655570045
cora NSLR-HMANN 4 4650 0.45679160952568054 0.3622362881369756
cora NSLR-HMANN 4 4675 0.4552026093006134 0.37364684522126046
cora NSLR-HMANN 4 4700 0.4539072811603546 0.37012995669660254
cora NSLR-HMANN 4 4725 0.45565053820610046 0.3668117825799199
cora NSLR-HMANN 4 4750 0.45736411213874817 0.3686109136801611
cora NSLR-HMANN 4 4775 0.44903868436813354 0.3717800811336344
cora NSLR-HMANN 4 4800 0.45265087485313416 0.3639841539936008
cora NSLR-HMANN 4 4825 0.455921471118927 0.3680841993276513
cora NSLR-HMANN 4 4850 0.4487976133823395 0.3715981873277721
cora NSLR-HMANN 4 4875 0.4558286964893341 0.3595856210454381
cora NSLR-HMANN 4 4900 0.4567309319972992 0.35682217733021737
cora NSLR-HMANN 4 4925 0.4478433430194855 0.35992578201521214
cora NSLR-HMANN 4 4950 0.4463234543800354 0.3606150198382008
cora NSLR-HMANN 4 4975 0.44180676341056824 0.3728224368102413
cora NSLR-HMANN 4 5000 0.4469583332538605 0.36055823336839
