/home/ubuntu/anaconda3/envs/mei_env/lib/python3.11/site-packages/torch/cuda/__init__.py:63: FutureWarning: The pynvml package is deprecated. Please install nvidia-ml-py instead. If you did not install pynvml directly, please report this to the maintainers of the package that installed pynvml for you.
  import pynvml  # type: ignore[import]
/home/ubuntu/anaconda3/envs/mei_env/lib/python3.11/site-packages/torch/autograd/graph.py:829: UserWarning: Attempting to run cuBLAS, but there was no current CUDA context! Attempting to set the primary context... (Triggered internally at /pytorch/aten/src/ATen/cuda/CublasHandlePool.cpp:179.)
  return Variable._execution_engine.run_backward(  # Calls into the C++ engine to run the backward pass
/home/ubuntu/lchr_v2/HYPERGRAPH_RESEARCH/R_HSPE_BENCHMARK_V17_3/scripts/benchmark173.py:190: UserWarning: Converting a tensor with requires_grad=True to a scalar may lead to unexpected behavior.
Consider using tensor.detach() first. (Triggered internally at /pytorch/torch/csrc/autograd/generated/python_variable_methods.cpp:835.)
  prog(job,state='SMOKE' if smoke else 'RUNNING',epoch=epoch,epochs=epochs,loss=float(loss),valid_mrr=metrics['mrr'],train_seconds=trainsec,elapsed_seconds=time.perf_counter()-start)
cora NSLR-HMANN 2 1 0.6941975951194763 0.36278800046498905
cora NSLR-HMANN 2 25 0.6327510476112366 0.3730879148306075
cora NSLR-HMANN 2 50 0.613271951675415 0.3638835007794619
cora NSLR-HMANN 2 75 0.6076047420501709 0.37162759584344884
cora NSLR-HMANN 2 100 0.607824981212616 0.3719431866918888
cora NSLR-HMANN 2 125 0.6057091951370239 0.37169733067109734
cora NSLR-HMANN 2 150 0.6052564382553101 0.37473841694359294
cora NSLR-HMANN 2 175 0.6054323315620422 0.37040610988141276
cora NSLR-HMANN 2 200 0.6053045392036438 0.37515779295788476
cora NSLR-HMANN 2 225 0.6069371700286865 0.3723924602585622
cora NSLR-HMANN 2 250 0.6046331524848938 0.3787902273759965
cora NSLR-HMANN 2 275 0.6046465039253235 0.37497256742715784
cora NSLR-HMANN 2 300 0.6048647165298462 0.3734070625754165
cora NSLR-HMANN 2 325 0.6047706007957458 0.3740763011148772
cora NSLR-HMANN 2 350 0.6042582392692566 0.38073754972982743
cora NSLR-HMANN 2 375 0.6050713658332825 0.3776478545874007
cora NSLR-HMANN 2 400 0.6055002808570862 0.37664079213494156
cora NSLR-HMANN 2 425 0.6043543815612793 0.380209388063218
cora NSLR-HMANN 2 450 0.6034613251686096 0.3716407512101104
cora NSLR-HMANN 2 475 0.6032271981239319 0.37455337397067134
cora NSLR-HMANN 2 500 0.602604866027832 0.3654176575960529
cora NSLR-HMANN 2 525 0.6031249165534973 0.37069905237364537
cora NSLR-HMANN 2 550 0.6028977632522583 0.36633880380790296
cora NSLR-HMANN 2 575 0.6035614013671875 0.37251885649159305
cora NSLR-HMANN 2 600 0.6019032001495361 0.36752553799620274
cora NSLR-HMANN 2 625 0.6010693311691284 0.37309696781615226
cora NSLR-HMANN 2 650 0.6014683246612549 0.36302769598658896
cora NSLR-HMANN 2 675 0.603080689907074 0.3611702997750803
cora NSLR-HMANN 2 700 0.5974521040916443 0.3644447551765472
cora NSLR-HMANN 2 725 0.5790609121322632 0.39091247220565983
cora NSLR-HMANN 2 750 0.5753447413444519 0.36208812775340926
cora NSLR-HMANN 2 775 0.5556438565254211 0.37091845392767114
cora NSLR-HMANN 2 800 0.5427582263946533 0.3623093927135176
cora NSLR-HMANN 2 825 0.5501762628555298 0.37545181369593666
cora NSLR-HMANN 2 850 0.5456261038780212 0.38795930614462915
cora NSLR-HMANN 2 875 0.5392799973487854 0.38371341419243693
cora NSLR-HMANN 2 900 0.529448926448822 0.3653459562499104
cora NSLR-HMANN 2 925 0.528998076915741 0.387458590852539
cora NSLR-HMANN 2 950 0.5284233689308167 0.39113274357567995
cora NSLR-HMANN 2 975 0.5274146199226379 0.37850726661601425
cora NSLR-HMANN 2 1000 0.5294809341430664 0.37606831762766496
cora NSLR-HMANN 2 1025 0.5227758288383484 0.3856801536603535
cora NSLR-HMANN 2 1050 0.5303891897201538 0.3699513047005366
cora NSLR-HMANN 2 1075 0.525390088558197 0.3797509852669419
cora NSLR-HMANN 2 1100 0.5201475620269775 0.3786818889960186
cora NSLR-HMANN 2 1125 0.5202680826187134 0.3645595807857871
cora NSLR-HMANN 2 1150 0.5151617527008057 0.37969217690859497
cora NSLR-HMANN 2 1175 0.5187848806381226 0.38008177037359253
cora NSLR-HMANN 2 1200 0.5198276042938232 0.3878799742676893
cora NSLR-HMANN 2 1225 0.5264238715171814 0.3679576455268341
cora NSLR-HMANN 2 1250 0.5194816589355469 0.37167017230246346
cora NSLR-HMANN 2 1275 0.5125327110290527 0.3655188757479544
cora NSLR-HMANN 2 1300 0.5154940485954285 0.3632690618726358
cora NSLR-HMANN 2 1325 0.520241379737854 0.3816463881939932
cora NSLR-HMANN 2 1350 0.5113547444343567 0.37801174537687027
cora NSLR-HMANN 2 1375 0.5180574059486389 0.3700886605268941
cora NSLR-HMANN 2 1400 0.5150030255317688 0.3655740532035427
cora NSLR-HMANN 2 1425 0.5142059326171875 0.373578447081961
cora NSLR-HMANN 2 1450 0.5181100368499756 0.3767289377302444
cora NSLR-HMANN 2 1475 0.5148350596427917 0.3760947305750658
cora NSLR-HMANN 2 1500 0.5182013511657715 0.38644423298053715
cora NSLR-HMANN 2 1525 0.5148947238922119 0.36828736672834306
cora NSLR-HMANN 2 1550 0.5076456069946289 0.3591809718943353
cora NSLR-HMANN 2 1575 0.5178777575492859 0.37689496875405476
cora NSLR-HMANN 2 1600 0.5140763521194458 0.37520289700215304
cora NSLR-HMANN 2 1625 0.5079981088638306 0.3674472074023569
cora NSLR-HMANN 2 1650 0.5127995014190674 0.37380451384971736
cora NSLR-HMANN 2 1675 0.5142662525177002 0.3747571940681924
cora NSLR-HMANN 2 1700 0.5132091045379639 0.38502952886303476
cora NSLR-HMANN 2 1725 0.510939359664917 0.38269302361551827
cora NSLR-HMANN 2 1750 0.5069292783737183 0.38142586927578503
cora NSLR-HMANN 2 1775 0.5121784210205078 0.37996453059785174
cora NSLR-HMANN 2 1800 0.5088728070259094 0.37265577752428686
cora NSLR-HMANN 2 1825 0.5135521292686462 0.3870791512895893
cora NSLR-HMANN 2 1850 0.5116768479347229 0.3702893537033727
cora NSLR-HMANN 2 1875 0.5116918087005615 0.3870400777942362
cora NSLR-HMANN 2 1900 0.5062385201454163 0.3830775654706778
cora NSLR-HMANN 2 1925 0.5011614561080933 0.39498344565428933
cora NSLR-HMANN 2 1950 0.5067294836044312 0.3820536823997724
cora NSLR-HMANN 2 1975 0.5056157112121582 0.3719918829288863
cora NSLR-HMANN 2 2000 0.5071103572845459 0.3792580996908005
cora NSLR-HMANN 2 2025 0.5055025219917297 0.38280095717352186
cora NSLR-HMANN 2 2050 0.513090968132019 0.3834255899827596
cora NSLR-HMANN 2 2075 0.5031723976135254 0.3926188749331164
cora NSLR-HMANN 2 2100 0.5100963711738586 0.3784705384094429
cora NSLR-HMANN 2 2125 0.5054380297660828 0.39985405383011596
cora NSLR-HMANN 2 2150 0.5030828714370728 0.4014079201603481
cora NSLR-HMANN 2 2175 0.5070925951004028 0.3937231045247325
cora NSLR-HMANN 2 2200 0.5018443465232849 0.38580052414647287
cora NSLR-HMANN 2 2225 0.5065485835075378 0.39127815393015686
cora NSLR-HMANN 2 2250 0.5012730956077576 0.38341251252615716
cora NSLR-HMANN 2 2275 0.5008457899093628 0.36708766828986017
cora NSLR-HMANN 2 2300 0.5026329755783081 0.380161422906776
cora NSLR-HMANN 2 2325 0.4999392032623291 0.37893557746042766
cora NSLR-HMANN 2 2350 0.5004104375839233 0.37421673737757505
cora NSLR-HMANN 2 2375 0.5034099817276001 0.40244260068345694
cora NSLR-HMANN 2 2400 0.5017889738082886 0.3778487183166755
cora NSLR-HMANN 2 2425 0.5042440295219421 0.39333016925719605
cora NSLR-HMANN 2 2450 0.5013105869293213 0.38762916734846947
cora NSLR-HMANN 2 2475 0.5058697462081909 0.3894511917397707
cora NSLR-HMANN 2 2500 0.4946869909763336 0.3940158643938265
cora NSLR-HMANN 2 2525 0.496949166059494 0.3867791102436301
cora NSLR-HMANN 2 2550 0.4939345121383667 0.39017426872713573
cora NSLR-HMANN 2 2575 0.5027115345001221 0.38005894471891716
cora NSLR-HMANN 2 2600 0.4959411025047302 0.38524882622664824
cora NSLR-HMANN 2 2625 0.4923991560935974 0.3866007531461215
cora NSLR-HMANN 2 2650 0.4919503331184387 0.3864885261395226
cora NSLR-HMANN 2 2675 0.49643710255622864 0.3626735768335434
cora NSLR-HMANN 2 2700 0.5001181960105896 0.3673796022469933
cora NSLR-HMANN 2 2725 0.49216538667678833 0.3913595015052949
cora NSLR-HMANN 2 2750 0.49790939688682556 0.38860220427307735
cora NSLR-HMANN 2 2775 0.5005736351013184 0.3862013107879746
cora NSLR-HMANN 2 2800 0.49675658345222473 0.365638499032506
cora NSLR-HMANN 2 2825 0.49283328652381897 0.3773713473119881
cora NSLR-HMANN 2 2850 0.503178596496582 0.40848454847722054
cora NSLR-HMANN 2 2875 0.5047737956047058 0.39374914603551786
cora NSLR-HMANN 2 2900 0.49519363045692444 0.4029012483982525
cora NSLR-HMANN 2 2925 0.5015667080879211 0.37468295973045884
cora NSLR-HMANN 2 2950 0.4911029040813446 0.37814077106623223
cora NSLR-HMANN 2 2975 0.4917503595352173 0.3758069616864306
cora NSLR-HMANN 2 3000 0.49541357159614563 0.38646343620946033
cora NSLR-HMANN 2 3025 0.4931413233280182 0.39429802524453433
cora NSLR-HMANN 2 3050 0.4887564480304718 0.3694965834893909
cora NSLR-HMANN 2 3075 0.49569785594940186 0.388536131544878
cora NSLR-HMANN 2 3100 0.4903869926929474 0.3751691680878605
cora NSLR-HMANN 2 3125 0.4949840307235718 0.3795365530843582
cora NSLR-HMANN 2 3150 0.49490225315093994 0.3865643711248133
cora NSLR-HMANN 2 3175 0.4914965331554413 0.3807168679411142
cora NSLR-HMANN 2 3200 0.48556897044181824 0.36943309546415526
cora NSLR-HMANN 2 3225 0.4947715103626251 0.37717162057957715
cora NSLR-HMANN 2 3250 0.4855179190635681 0.3739179968579373
cora NSLR-HMANN 2 3275 0.48737967014312744 0.36814989274656246
cora NSLR-HMANN 2 3300 0.4855711758136749 0.3611690364071204
cora NSLR-HMANN 2 3325 0.4936702251434326 0.3909458902473829
cora NSLR-HMANN 2 3350 0.48945552110671997 0.38352796296753844
cora NSLR-HMANN 2 3375 0.4832676351070404 0.3679950886766152
cora NSLR-HMANN 2 3400 0.4820643961429596 0.369685090029944
cora NSLR-HMANN 2 3425 0.4785636365413666 0.3713875157510456
cora NSLR-HMANN 2 3450 0.47029179334640503 0.38728464011604485
cora NSLR-HMANN 2 3475 0.4746361970901489 0.3866318657197596
cora NSLR-HMANN 2 3500 0.4771389663219452 0.37996311105043995
cora NSLR-HMANN 2 3525 0.47879889607429504 0.38273002150196117
cora NSLR-HMANN 2 3550 0.4758409857749939 0.39610291985982105
cora NSLR-HMANN 2 3575 0.4731312692165375 0.3703260889659493
cora NSLR-HMANN 2 3600 0.46910443902015686 0.3802084801741949
cora NSLR-HMANN 2 3625 0.46884745359420776 0.4145086858844525
cora NSLR-HMANN 2 3650 0.4721679389476776 0.3806013339873361
cora NSLR-HMANN 2 3675 0.46199288964271545 0.37567140999244375
cora NSLR-HMANN 2 3700 0.4673279821872711 0.38411646504399216
cora NSLR-HMANN 2 3725 0.47009512782096863 0.3890999794649337
cora NSLR-HMANN 2 3750 0.4647586941719055 0.38219796095138947
cora NSLR-HMANN 2 3775 0.46267473697662354 0.3962684124385557
cora NSLR-HMANN 2 3800 0.4575713872909546 0.3760308258371802
cora NSLR-HMANN 2 3825 0.45853009819984436 0.38263798059969883
cora NSLR-HMANN 2 3850 0.45791494846343994 0.3921256394477091
cora NSLR-HMANN 2 3875 0.4604312479496002 0.3832835133784821
cora NSLR-HMANN 2 3900 0.4521991014480591 0.39330073611083394
cora NSLR-HMANN 2 3925 0.4621845781803131 0.3665218888046703
cora NSLR-HMANN 2 3950 0.4637111723423004 0.3802881026866889
cora NSLR-HMANN 2 3975 0.46024736762046814 0.3815243078352415
cora NSLR-HMANN 2 4000 0.45140624046325684 0.41120444104101944
cora NSLR-HMANN 2 4025 0.46082642674446106 0.3891882670296778
cora NSLR-HMANN 2 4050 0.4616764485836029 0.4034592924598987
cora NSLR-HMANN 2 4075 0.46556586027145386 0.39701907084454263
cora NSLR-HMANN 2 4100 0.45158663392066956 0.41389417532323863
cora NSLR-HMANN 2 4125 0.4510636329650879 0.39048860728162427
cora NSLR-HMANN 2 4150 0.45244085788726807 0.4155994770525253
cora NSLR-HMANN 2 4175 0.4486350119113922 0.38220735925652993
cora NSLR-HMANN 2 4200 0.4477698802947998 0.41095920366203126
cora NSLR-HMANN 2 4225 0.45015206933021545 0.4061895354975614
cora NSLR-HMANN 2 4250 0.4483925998210907 0.40960348747167896
cora NSLR-HMANN 2 4275 0.4608735144138336 0.40695664115804436
cora NSLR-HMANN 2 4300 0.4496312141418457 0.3949950296224237
cora NSLR-HMANN 2 4325 0.45158544182777405 0.40126409876274494
cora NSLR-HMANN 2 4350 0.4436637759208679 0.3935660421410695
cora NSLR-HMANN 2 4375 0.45253419876098633 0.39669092669289846
cora NSLR-HMANN 2 4400 0.45217350125312805 0.38554233860564713
cora NSLR-HMANN 2 4425 0.45219823718070984 0.4068394268296563
cora NSLR-HMANN 2 4450 0.4479629397392273 0.3876905607037804
cora NSLR-HMANN 2 4475 0.4508494734764099 0.41369443810481954
cora NSLR-HMANN 2 4500 0.4508328139781952 0.38911022086471475
cora NSLR-HMANN 2 4525 0.44601476192474365 0.38315464929124304
cora NSLR-HMANN 2 4550 0.442697674036026 0.38659644292318013
cora NSLR-HMANN 2 4575 0.4445488154888153 0.3986247864661678
cora NSLR-HMANN 2 4600 0.4488029479980469 0.39329791462335695
cora NSLR-HMANN 2 4625 0.4452047646045685 0.39302530102156935
cora NSLR-HMANN 2 4650 0.4478205144405365 0.39258954088116294
cora NSLR-HMANN 2 4675 0.4422152638435364 0.38501532402990923
cora NSLR-HMANN 2 4700 0.4427323341369629 0.40044187866072173
cora NSLR-HMANN 2 4725 0.44428712129592896 0.4058267449385944
cora NSLR-HMANN 2 4750 0.45032498240470886 0.38929144013606454
cora NSLR-HMANN 2 4775 0.43970787525177 0.4072476059434411
cora NSLR-HMANN 2 4800 0.4394446015357971 0.4173614015588318
cora NSLR-HMANN 2 4825 0.44727247953414917 0.3847123313197075
cora NSLR-HMANN 2 4850 0.4419620931148529 0.3796710108198472
cora NSLR-HMANN 2 4875 0.44329869747161865 0.36967563640376144
cora NSLR-HMANN 2 4900 0.44374728202819824 0.4150811312367069
cora NSLR-HMANN 2 4925 0.43795543909072876 0.3865480569544184
cora NSLR-HMANN 2 4950 0.4417365491390228 0.39501735199771665
cora NSLR-HMANN 2 4975 0.4366341829299927 0.39294377849996515
cora NSLR-HMANN 2 5000 0.4367499351501465 0.35747019137288594
