/home/ubuntu/anaconda3/envs/mei_env/lib/python3.11/site-packages/torch/cuda/__init__.py:63: FutureWarning: The pynvml package is deprecated. Please install nvidia-ml-py instead. If you did not install pynvml directly, please report this to the maintainers of the package that installed pynvml for you.
  import pynvml  # type: ignore[import]
/home/ubuntu/anaconda3/envs/mei_env/lib/python3.11/site-packages/torch/autograd/graph.py:829: UserWarning: Attempting to run cuBLAS, but there was no current CUDA context! Attempting to set the primary context... (Triggered internally at /pytorch/aten/src/ATen/cuda/CublasHandlePool.cpp:179.)
  return Variable._execution_engine.run_backward(  # Calls into the C++ engine to run the backward pass
/home/ubuntu/lchr_v2/HYPERGRAPH_RESEARCH/R_HSPE_BENCHMARK_V17_3/scripts/benchmark173.py:196: UserWarning: Converting a tensor with requires_grad=True to a scalar may lead to unexpected behavior.
Consider using tensor.detach() first. (Triggered internally at /pytorch/torch/csrc/autograd/generated/python_variable_methods.cpp:835.)
  prog(job,state='SMOKE' if smoke else 'RUNNING',epoch=epoch,epochs=epochs,loss=float(loss),valid_mrr=metrics['mrr'],train_seconds=trainsec,elapsed_seconds=time.perf_counter()-start)
citeseer NSLR-HMANN 2 1 0.693329930305481 0.3326785399386508
citeseer NSLR-HMANN 2 25 0.6500436067581177 0.3601370427859429
citeseer NSLR-HMANN 2 50 0.6295444369316101 0.3724659117169449
citeseer NSLR-HMANN 2 75 0.6286357045173645 0.3396539250897143
citeseer NSLR-HMANN 2 100 0.6261457800865173 0.3610541515307885
citeseer NSLR-HMANN 2 125 0.6282215714454651 0.3423993122294086
citeseer NSLR-HMANN 2 150 0.6264503002166748 0.3631574492929016
citeseer NSLR-HMANN 2 175 0.6247450113296509 0.35203102065545977
citeseer NSLR-HMANN 2 200 0.6255195736885071 0.36277907292793893
citeseer NSLR-HMANN 2 225 0.6243062615394592 0.3522046806250854
citeseer NSLR-HMANN 2 250 0.6271758675575256 0.34580464881759876
citeseer NSLR-HMANN 2 275 0.6246572136878967 0.34389605131104833
citeseer NSLR-HMANN 2 300 0.6261271238327026 0.3417899650535935
citeseer NSLR-HMANN 2 325 0.6227200031280518 0.3707710929553922
citeseer NSLR-HMANN 2 350 0.6231238842010498 0.3526549828925683
citeseer NSLR-HMANN 2 375 0.6365693807601929 0.33651992233537764
citeseer NSLR-HMANN 2 400 0.6223766207695007 0.3650168839925185
citeseer NSLR-HMANN 2 425 0.6169959902763367 0.38245822019314607
citeseer NSLR-HMANN 2 450 0.6120107769966125 0.35453263766673293
citeseer NSLR-HMANN 2 475 0.6068251729011536 0.37172750380630804
citeseer NSLR-HMANN 2 500 0.6052040457725525 0.3873909087938833
citeseer NSLR-HMANN 2 525 0.594663679599762 0.37899647038843176
citeseer NSLR-HMANN 2 550 0.5897923707962036 0.37611944708001777
citeseer NSLR-HMANN 2 575 0.5878999829292297 0.37005057310375705
citeseer NSLR-HMANN 2 600 0.5907334685325623 0.3662125615958761
citeseer NSLR-HMANN 2 625 0.5835182666778564 0.3872583465960534
citeseer NSLR-HMANN 2 650 0.5858647227287292 0.38172023269045263
citeseer NSLR-HMANN 2 675 0.5904168486595154 0.3861946174395882
citeseer NSLR-HMANN 2 700 0.5905126929283142 0.37277736235811004
citeseer NSLR-HMANN 2 725 0.5945807099342346 0.3694726988822473
citeseer NSLR-HMANN 2 750 0.5842620730400085 0.3724652954491609
citeseer NSLR-HMANN 2 775 0.585319459438324 0.3934818700830484
citeseer NSLR-HMANN 2 800 0.5852881073951721 0.37844151506096924
citeseer NSLR-HMANN 2 825 0.5847030282020569 0.3649322541476563
citeseer NSLR-HMANN 2 850 0.5861139893531799 0.3883845073729282
citeseer NSLR-HMANN 2 875 0.587375819683075 0.38345724834759354
citeseer NSLR-HMANN 2 900 0.5849959254264832 0.3645148140579191
citeseer NSLR-HMANN 2 925 0.5800597667694092 0.37492218556664625
citeseer NSLR-HMANN 2 950 0.5838557481765747 0.36445421729412675
citeseer NSLR-HMANN 2 975 0.5833419561386108 0.37673986964725636
citeseer NSLR-HMANN 2 1000 0.5848732590675354 0.38515495239898884
citeseer NSLR-HMANN 2 1025 0.58472740650177 0.38368901590113796
citeseer NSLR-HMANN 2 1050 0.5819607377052307 0.3759805213865101
citeseer NSLR-HMANN 2 1075 0.5807049870491028 0.38242448162304005
citeseer NSLR-HMANN 2 1100 0.5811263918876648 0.3749451926827781
citeseer NSLR-HMANN 2 1125 0.5930618047714233 0.37355643234228497
citeseer NSLR-HMANN 2 1150 0.5843372344970703 0.37430522125970905
citeseer NSLR-HMANN 2 1175 0.5823879837989807 0.3892062178042662
citeseer NSLR-HMANN 2 1200 0.5812414884567261 0.36962132892937166
citeseer NSLR-HMANN 2 1225 0.5874158143997192 0.3756481306790905
citeseer NSLR-HMANN 2 1250 0.5829528570175171 0.38525028116806054
citeseer NSLR-HMANN 2 1275 0.5937415957450867 0.3843486284707081
citeseer NSLR-HMANN 2 1300 0.579255998134613 0.3766420522470972
citeseer NSLR-HMANN 2 1325 0.5856460332870483 0.36468321111278107
citeseer NSLR-HMANN 2 1350 0.5786089301109314 0.383385140172418
citeseer NSLR-HMANN 2 1375 0.5801502466201782 0.3785454060653185
citeseer NSLR-HMANN 2 1400 0.5842299461364746 0.3571834934991466
citeseer NSLR-HMANN 2 1425 0.5844799280166626 0.37494912831122784
citeseer NSLR-HMANN 2 1450 0.584214448928833 0.3752274858492723
citeseer NSLR-HMANN 2 1475 0.5785882472991943 0.36809384988232113
citeseer NSLR-HMANN 2 1500 0.5790309906005859 0.36987427421136726
citeseer NSLR-HMANN 2 1525 0.5810646414756775 0.36663713639597084
citeseer NSLR-HMANN 2 1550 0.5843185782432556 0.3763592053555025
citeseer NSLR-HMANN 2 1575 0.5852380394935608 0.3739978404346389
citeseer NSLR-HMANN 2 1600 0.5889074206352234 0.37090103307251193
citeseer NSLR-HMANN 2 1625 0.5834086537361145 0.38789249693219907
citeseer NSLR-HMANN 2 1650 0.5867742300033569 0.3870191932720063
citeseer NSLR-HMANN 2 1675 0.5778422951698303 0.3959092916398805
citeseer NSLR-HMANN 2 1700 0.5791882872581482 0.37250463769230563
citeseer NSLR-HMANN 2 1725 0.5873827338218689 0.37860634538513316
citeseer NSLR-HMANN 2 1750 0.5849905610084534 0.388447369317277
citeseer NSLR-HMANN 2 1775 0.5834457278251648 0.3797922767000521
citeseer NSLR-HMANN 2 1800 0.582288920879364 0.3744774276465402
citeseer NSLR-HMANN 2 1825 0.5804774761199951 0.3760134967466428
citeseer NSLR-HMANN 2 1850 0.5853840708732605 0.38011296486716223
citeseer NSLR-HMANN 2 1875 0.5834316611289978 0.38007341614800594
citeseer NSLR-HMANN 2 1900 0.5864039659500122 0.37915120872680785
citeseer NSLR-HMANN 2 1925 0.5811678171157837 0.3855533980014006
citeseer NSLR-HMANN 2 1950 0.5808946490287781 0.37564379649952
citeseer NSLR-HMANN 2 1975 0.5801055431365967 0.37725160724250345
citeseer NSLR-HMANN 2 2000 0.5827329158782959 0.36781747806028026
citeseer NSLR-HMANN 2 2025 0.5848037600517273 0.3604331012848014
citeseer NSLR-HMANN 2 2050 0.5796928405761719 0.37914987901826597
citeseer NSLR-HMANN 2 2075 0.5846459865570068 0.37045263452483074
citeseer NSLR-HMANN 2 2100 0.5841741561889648 0.36118626160462747
citeseer NSLR-HMANN 2 2125 0.5792794823646545 0.36107320163473927
citeseer NSLR-HMANN 2 2150 0.582423985004425 0.37853480642974785
citeseer NSLR-HMANN 2 2175 0.5834909081459045 0.36612868311477853
citeseer NSLR-HMANN 2 2200 0.5830762386322021 0.3761827239255261
citeseer NSLR-HMANN 2 2225 0.5826048851013184 0.36544525383722204
citeseer NSLR-HMANN 2 2250 0.5842052102088928 0.3729247871575786
citeseer NSLR-HMANN 2 2275 0.5835260152816772 0.3592184471905152
citeseer NSLR-HMANN 2 2300 0.5819752812385559 0.3754146590124686
citeseer NSLR-HMANN 2 2325 0.5820729732513428 0.36604054397251434
citeseer NSLR-HMANN 2 2350 0.5778499841690063 0.3821517639589884
citeseer NSLR-HMANN 2 2375 0.5807021260261536 0.3836489798032194
citeseer NSLR-HMANN 2 2400 0.5802246928215027 0.3806480067556362
citeseer NSLR-HMANN 2 2425 0.581666111946106 0.3756211965447724
citeseer NSLR-HMANN 2 2450 0.5796142220497131 0.38036600760598666
citeseer NSLR-HMANN 2 2475 0.5827770233154297 0.36504460758392104
citeseer NSLR-HMANN 2 2500 0.5817884206771851 0.383799006113384
citeseer NSLR-HMANN 2 2525 0.5814729332923889 0.36862549014899637
citeseer NSLR-HMANN 2 2550 0.5815843343734741 0.37835676132293067
citeseer NSLR-HMANN 2 2575 0.5791577100753784 0.36950679191135544
citeseer NSLR-HMANN 2 2600 0.5768033266067505 0.37658011396640173
citeseer NSLR-HMANN 2 2625 0.5789723992347717 0.36588888780569884
citeseer NSLR-HMANN 2 2650 0.5763756036758423 0.37057584510599334
citeseer NSLR-HMANN 2 2675 0.5757325887680054 0.3771911777449073
citeseer NSLR-HMANN 2 2700 0.5783063769340515 0.3770525853726777
citeseer NSLR-HMANN 2 2725 0.573458194732666 0.37251525916199063
citeseer NSLR-HMANN 2 2750 0.5822738409042358 0.37429672993137075
citeseer NSLR-HMANN 2 2775 0.5761098265647888 0.3639815051221742
citeseer NSLR-HMANN 2 2800 0.5763834118843079 0.38378197347933163
citeseer NSLR-HMANN 2 2825 0.5771455764770508 0.38180081385694375
citeseer NSLR-HMANN 2 2850 0.5779748558998108 0.3773508479854547
citeseer NSLR-HMANN 2 2875 0.5795325636863708 0.36851152464431747
citeseer NSLR-HMANN 2 2900 0.5799471735954285 0.3696011725674101
citeseer NSLR-HMANN 2 2925 0.579078197479248 0.3642675079308172
citeseer NSLR-HMANN 2 2950 0.5787695646286011 0.36953553259250127
citeseer NSLR-HMANN 2 2975 0.5873255133628845 0.37598911327515677
citeseer NSLR-HMANN 2 3000 0.581301212310791 0.3619008570651006
citeseer NSLR-HMANN 2 3025 0.5791727900505066 0.3631883805197044
citeseer NSLR-HMANN 2 3050 0.5807422995567322 0.3710274341063951
citeseer NSLR-HMANN 2 3075 0.5761566162109375 0.36453695142389386
citeseer NSLR-HMANN 2 3100 0.5801714062690735 0.36372256306603223
citeseer NSLR-HMANN 2 3125 0.5790317058563232 0.36353853011324944
citeseer NSLR-HMANN 2 3150 0.5798954367637634 0.3750276990474205
citeseer NSLR-HMANN 2 3175 0.5786281824111938 0.3722440277997349
citeseer NSLR-HMANN 2 3200 0.5772684812545776 0.3669580679212981
citeseer NSLR-HMANN 2 3225 0.5752462148666382 0.37730343887157763
citeseer NSLR-HMANN 2 3250 0.579976499080658 0.36774350605637
citeseer NSLR-HMANN 2 3275 0.5793662667274475 0.3584075672406437
citeseer NSLR-HMANN 2 3300 0.5799521207809448 0.3774679049910566
citeseer NSLR-HMANN 2 3325 0.5802881121635437 0.3726770453511428
citeseer NSLR-HMANN 2 3350 0.5813601016998291 0.36015462078083976
citeseer NSLR-HMANN 2 3375 0.5776181817054749 0.37445456505036984
citeseer NSLR-HMANN 2 3400 0.5845353603363037 0.3775877582128519
citeseer NSLR-HMANN 2 3425 0.5799189209938049 0.3771504482653062
citeseer NSLR-HMANN 2 3450 0.5750216245651245 0.3687745701438913
citeseer NSLR-HMANN 2 3475 0.5769672989845276 0.3611255129217242
citeseer NSLR-HMANN 2 3500 0.5781832337379456 0.37679071893041965
citeseer NSLR-HMANN 2 3525 0.5835471153259277 0.36639249714187316
citeseer NSLR-HMANN 2 3550 0.5752057433128357 0.37843696747932914
citeseer NSLR-HMANN 2 3575 0.5785359740257263 0.37066692869344914
citeseer NSLR-HMANN 2 3600 0.5748571753501892 0.3680278643046813
citeseer NSLR-HMANN 2 3625 0.5710080862045288 0.3630958694451759
citeseer NSLR-HMANN 2 3650 0.5777188539505005 0.36953209333155057
citeseer NSLR-HMANN 2 3675 0.5796954035758972 0.37370648348028634
citeseer NSLR-HMANN 2 3700 0.5797841548919678 0.3722638606239485
citeseer NSLR-HMANN 2 3725 0.5857259631156921 0.37515514998466676
citeseer NSLR-HMANN 2 3750 0.5761228203773499 0.3664702893588547
citeseer NSLR-HMANN 2 3775 0.5758548974990845 0.36368042676399076
citeseer NSLR-HMANN 2 3800 0.5722759962081909 0.35016670211975787
citeseer NSLR-HMANN 2 3825 0.5815975666046143 0.3794821037084508
citeseer NSLR-HMANN 2 3850 0.5745415091514587 0.3697377559853863
citeseer NSLR-HMANN 2 3875 0.5721063613891602 0.3603578474113519
citeseer NSLR-HMANN 2 3900 0.570229172706604 0.34266820812864923
citeseer NSLR-HMANN 2 3925 0.5788264870643616 0.36925871869493077
citeseer NSLR-HMANN 2 3950 0.5768445134162903 0.35091524834129273
citeseer NSLR-HMANN 2 3975 0.5892422795295715 0.37484631919122036
citeseer NSLR-HMANN 2 4000 0.571728527545929 0.3682691533525537
citeseer NSLR-HMANN 2 4025 0.5711014866828918 0.3653577009308996
citeseer NSLR-HMANN 2 4050 0.5806276798248291 0.3837260530158881
citeseer NSLR-HMANN 2 4075 0.5722804665565491 0.3805700544634479
citeseer NSLR-HMANN 2 4100 0.5705549120903015 0.3765124149652456
citeseer NSLR-HMANN 2 4125 0.5803335309028625 0.3663141666036472
citeseer NSLR-HMANN 2 4150 0.575979471206665 0.3779548628913068
citeseer NSLR-HMANN 2 4175 0.5744761824607849 0.37215995425359044
citeseer NSLR-HMANN 2 4200 0.5873908996582031 0.3724469652578584
citeseer NSLR-HMANN 2 4225 0.5748739242553711 0.37272192486421696
citeseer NSLR-HMANN 2 4250 0.569668173789978 0.38235266413414554
citeseer NSLR-HMANN 2 4275 0.5664385557174683 0.3939203485852809
citeseer NSLR-HMANN 2 4300 0.5774205923080444 0.37061418053493994
citeseer NSLR-HMANN 2 4325 0.569353461265564 0.37911213998726445
citeseer NSLR-HMANN 2 4350 0.5672113299369812 0.3737536854936713
citeseer NSLR-HMANN 2 4375 0.5570541620254517 0.3653416288805536
citeseer NSLR-HMANN 2 4400 0.5628572702407837 0.3758395827647816
citeseer NSLR-HMANN 2 4425 0.561447024345398 0.36810604069080494
citeseer NSLR-HMANN 2 4450 0.5695167183876038 0.37962083318256856
citeseer NSLR-HMANN 2 4475 0.5591152310371399 0.3794766123094637
citeseer NSLR-HMANN 2 4500 0.5600941777229309 0.3700806449884136
citeseer NSLR-HMANN 2 4525 0.5547200441360474 0.3795004962721238
citeseer NSLR-HMANN 2 4550 0.5634234547615051 0.36065990213557075
citeseer NSLR-HMANN 2 4575 0.5570385456085205 0.37919675949981047
citeseer NSLR-HMANN 2 4600 0.5501570105552673 0.3814610893055336
citeseer NSLR-HMANN 2 4625 0.539425253868103 0.3641800257800449
citeseer NSLR-HMANN 2 4650 0.5413262248039246 0.35109700426731016
citeseer NSLR-HMANN 2 4675 0.5368283987045288 0.371162328701608
citeseer NSLR-HMANN 2 4700 0.5410364270210266 0.38057107520545685
citeseer NSLR-HMANN 2 4725 0.5338084101676941 0.38248530917974183
citeseer NSLR-HMANN 2 4750 0.5295709371566772 0.3709252378289898
citeseer NSLR-HMANN 2 4775 0.5373221039772034 0.3914109765462038
citeseer NSLR-HMANN 2 4800 0.5346170663833618 0.3701701867331427
citeseer NSLR-HMANN 2 4825 0.5358040928840637 0.35886431083680165
citeseer NSLR-HMANN 2 4850 0.5287092328071594 0.3732624340240166
citeseer NSLR-HMANN 2 4875 0.5321657657623291 0.3818827129993098
citeseer NSLR-HMANN 2 4900 0.5293821692466736 0.37238371617335353
citeseer NSLR-HMANN 2 4925 0.5345374941825867 0.3573952997557763
citeseer NSLR-HMANN 2 4950 0.531039297580719 0.368516098113519
citeseer NSLR-HMANN 2 4975 0.5302202105522156 0.36678899892525596
citeseer NSLR-HMANN 2 5000 0.5358939170837402 0.36184503943280416
