/home/ubuntu/anaconda3/envs/mei_env/lib/python3.11/site-packages/torch/cuda/__init__.py:63: FutureWarning: The pynvml package is deprecated. Please install nvidia-ml-py instead. If you did not install pynvml directly, please report this to the maintainers of the package that installed pynvml for you.
  import pynvml  # type: ignore[import]
/home/ubuntu/anaconda3/envs/mei_env/lib/python3.11/site-packages/torch/autograd/graph.py:829: UserWarning: Attempting to run cuBLAS, but there was no current CUDA context! Attempting to set the primary context... (Triggered internally at /pytorch/aten/src/ATen/cuda/CublasHandlePool.cpp:179.)
  return Variable._execution_engine.run_backward(  # Calls into the C++ engine to run the backward pass
/home/ubuntu/lchr_v2/HYPERGRAPH_RESEARCH/R_HSPE_BENCHMARK_V17_3/scripts/benchmark173.py:196: UserWarning: Converting a tensor with requires_grad=True to a scalar may lead to unexpected behavior.
Consider using tensor.detach() first. (Triggered internally at /pytorch/torch/csrc/autograd/generated/python_variable_methods.cpp:835.)
  prog(job,state='SMOKE' if smoke else 'RUNNING',epoch=epoch,epochs=epochs,loss=float(loss),valid_mrr=metrics['mrr'],train_seconds=trainsec,elapsed_seconds=time.perf_counter()-start)
pubmed NSLR-HMANN 4 1 0.6934214234352112 0.5234386553457957
pubmed NSLR-HMANN 4 25 0.6131759285926819 0.5030176552270329
pubmed NSLR-HMANN 4 50 0.5363768935203552 0.5456508546820282
pubmed NSLR-HMANN 4 75 0.5328969955444336 0.5442961899925259
pubmed NSLR-HMANN 4 100 0.5253117680549622 0.5483752574854022
pubmed NSLR-HMANN 4 125 0.5231298208236694 0.5447663882910184
pubmed NSLR-HMANN 4 150 0.5312196612358093 0.5485379376401852
pubmed NSLR-HMANN 4 175 0.5223931670188904 0.54646939803581
pubmed NSLR-HMANN 4 200 0.5231341123580933 0.5419696129284816
pubmed NSLR-HMANN 4 225 0.52094966173172 0.5427930762181001
pubmed NSLR-HMANN 4 250 0.5218488574028015 0.534819480169143
pubmed NSLR-HMANN 4 275 0.5202546119689941 0.5403846505583205
pubmed NSLR-HMANN 4 300 0.5197335481643677 0.5388530537706319
pubmed NSLR-HMANN 4 325 0.5195789337158203 0.5385279126061405
pubmed NSLR-HMANN 4 350 0.5199662446975708 0.5386874633692562
pubmed NSLR-HMANN 4 375 0.5199536681175232 0.5356005672467501
pubmed NSLR-HMANN 4 400 0.5243724584579468 0.5377715206739416
pubmed NSLR-HMANN 4 425 0.5207085013389587 0.5400360129167334
pubmed NSLR-HMANN 4 450 0.5190719366073608 0.5344687359725053
pubmed NSLR-HMANN 4 475 0.5220915079116821 0.535521086043951
pubmed NSLR-HMANN 4 500 0.5190056562423706 0.5342626885175064
pubmed NSLR-HMANN 4 525 0.520021378993988 0.5324742405535169
pubmed NSLR-HMANN 4 550 0.5189822912216187 0.5363880417219103
pubmed NSLR-HMANN 4 575 0.5207456350326538 0.5293598191834946
pubmed NSLR-HMANN 4 600 0.5211032032966614 0.5365332800649482
pubmed NSLR-HMANN 4 625 0.5186979174613953 0.5320350854895043
pubmed NSLR-HMANN 4 650 0.5178240537643433 0.5375736309772199
pubmed NSLR-HMANN 4 675 0.5204406380653381 0.5356303488782518
pubmed NSLR-HMANN 4 700 0.5194671750068665 0.5341502436695815
pubmed NSLR-HMANN 4 725 0.5190245509147644 0.534660848378928
pubmed NSLR-HMANN 4 750 0.5176631808280945 0.5323446454120428
pubmed NSLR-HMANN 4 775 0.5181864500045776 0.5345162756844509
pubmed NSLR-HMANN 4 800 0.5179533958435059 0.5339064767065006
pubmed NSLR-HMANN 4 825 0.5246623158454895 0.5366149835635758
pubmed NSLR-HMANN 4 850 0.5181917548179626 0.5355562540035721
pubmed NSLR-HMANN 4 875 0.5174519419670105 0.5353405700311228
pubmed NSLR-HMANN 4 900 0.5202535390853882 0.5340880501132148
pubmed NSLR-HMANN 4 925 0.5173880457878113 0.5351773082026984
pubmed NSLR-HMANN 4 950 0.5223538875579834 0.5362143492140572
pubmed NSLR-HMANN 4 975 0.517358124256134 0.5348465725038511
pubmed NSLR-HMANN 4 1000 0.517122745513916 0.5413946580910772
pubmed NSLR-HMANN 4 1025 0.5188133120536804 0.5387820472674608
pubmed NSLR-HMANN 4 1050 0.5171085596084595 0.5374384196718389
pubmed NSLR-HMANN 4 1075 0.5186439156532288 0.5427017686676718
pubmed NSLR-HMANN 4 1100 0.515937864780426 0.5428393154140359
pubmed NSLR-HMANN 4 1125 0.5160479545593262 0.5431715806447039
pubmed NSLR-HMANN 4 1150 0.5153583884239197 0.5458186334035072
pubmed NSLR-HMANN 4 1175 0.5151636004447937 0.5454195695962756
pubmed NSLR-HMANN 4 1200 0.5146082043647766 0.5486953280476985
pubmed NSLR-HMANN 4 1225 0.5154732465744019 0.5475263660377238
pubmed NSLR-HMANN 4 1250 0.5154684782028198 0.5457681792927466
pubmed NSLR-HMANN 4 1275 0.5159965753555298 0.5453409539069977
pubmed NSLR-HMANN 4 1300 0.5153239369392395 0.5487819492083268
pubmed NSLR-HMANN 4 1325 0.5145912766456604 0.5488287063697846
pubmed NSLR-HMANN 4 1350 0.5140069127082825 0.5465048803120811
pubmed NSLR-HMANN 4 1375 0.5146329402923584 0.5406405596027093
pubmed NSLR-HMANN 4 1400 0.5133717656135559 0.559216447838634
pubmed NSLR-HMANN 4 1425 0.510398805141449 0.5618702927688346
pubmed NSLR-HMANN 4 1450 0.5172809362411499 0.5528074386575326
pubmed NSLR-HMANN 4 1475 0.5113584399223328 0.5546912312390617
pubmed NSLR-HMANN 4 1500 0.5113415122032166 0.5503675009769686
pubmed NSLR-HMANN 4 1525 0.5091107487678528 0.5693269717358528
pubmed NSLR-HMANN 4 1550 0.5079631209373474 0.5680954156312442
pubmed NSLR-HMANN 4 1575 0.5110558867454529 0.5608702446983496
pubmed NSLR-HMANN 4 1600 0.5082852840423584 0.5695750107756338
pubmed NSLR-HMANN 4 1625 0.5082356929779053 0.5671177038677402
pubmed NSLR-HMANN 4 1650 0.5090287327766418 0.5683950810984116
pubmed NSLR-HMANN 4 1675 0.5075857043266296 0.5553979548792637
pubmed NSLR-HMANN 4 1700 0.5097548961639404 0.5602628703488723
pubmed NSLR-HMANN 4 1725 0.5049179792404175 0.5592048285360922
pubmed NSLR-HMANN 4 1750 0.506081223487854 0.5810806443818991
pubmed NSLR-HMANN 4 1775 0.5076764822006226 0.5785355784532193
pubmed NSLR-HMANN 4 1800 0.5043044686317444 0.55513209686753
pubmed NSLR-HMANN 4 1825 0.5039098858833313 0.574321368344973
pubmed NSLR-HMANN 4 1850 0.5033028721809387 0.5706589883527627
pubmed NSLR-HMANN 4 1875 0.5088480114936829 0.56603648989319
pubmed NSLR-HMANN 4 1900 0.503925621509552 0.5668310610690159
pubmed NSLR-HMANN 4 1925 0.5031432509422302 0.571233722166706
pubmed NSLR-HMANN 4 1950 0.518381655216217 0.5752660612070016
pubmed NSLR-HMANN 4 1975 0.5033692717552185 0.5758803647395866
pubmed NSLR-HMANN 4 2000 0.5040463209152222 0.5813607258200687
pubmed NSLR-HMANN 4 2025 0.5013351440429688 0.576586079686316
pubmed NSLR-HMANN 4 2050 0.5046269297599792 0.5762453147031146
pubmed NSLR-HMANN 4 2075 0.5068873167037964 0.5449848934020481
pubmed NSLR-HMANN 4 2100 0.5003765225410461 0.5724468026472831
pubmed NSLR-HMANN 4 2125 0.5045062899589539 0.5777021222664399
pubmed NSLR-HMANN 4 2150 0.4996728003025055 0.5767857001406315
pubmed NSLR-HMANN 4 2175 0.49740105867385864 0.5664749958264232
pubmed NSLR-HMANN 4 2200 0.49518051743507385 0.5691999030123954
pubmed NSLR-HMANN 4 2225 0.49550703167915344 0.5627432831089777
pubmed NSLR-HMANN 4 2250 0.49399396777153015 0.5644554865799214
pubmed NSLR-HMANN 4 2275 0.4921873211860657 0.580615003515877
pubmed NSLR-HMANN 4 2300 0.49207085371017456 0.5756569075585504
pubmed NSLR-HMANN 4 2325 0.49201616644859314 0.5603277789876834
pubmed NSLR-HMANN 4 2350 0.4891633689403534 0.5697229446341066
pubmed NSLR-HMANN 4 2375 0.4897429049015045 0.5600133719521566
pubmed NSLR-HMANN 4 2400 0.488949716091156 0.5590017758124254
pubmed NSLR-HMANN 4 2425 0.4850109815597534 0.5700856774213294
pubmed NSLR-HMANN 4 2450 0.48468902707099915 0.5627726067534427
pubmed NSLR-HMANN 4 2475 0.4989338219165802 0.5566593475344285
pubmed NSLR-HMANN 4 2500 0.4851831793785095 0.5701653374023122
pubmed NSLR-HMANN 4 2525 0.48461130261421204 0.5726001756380489
pubmed NSLR-HMANN 4 2550 0.48480260372161865 0.5504562041185465
pubmed NSLR-HMANN 4 2575 0.48081302642822266 0.5594833733476072
pubmed NSLR-HMANN 4 2600 0.47813254594802856 0.5618201697910311
pubmed NSLR-HMANN 4 2625 0.47929835319519043 0.5682974729962371
pubmed NSLR-HMANN 4 2650 0.47481080889701843 0.5636440782098313
pubmed NSLR-HMANN 4 2675 0.47055184841156006 0.557033091936161
pubmed NSLR-HMANN 4 2700 0.47241708636283875 0.5524470170357176
pubmed NSLR-HMANN 4 2725 0.4782177805900574 0.5462030431395155
pubmed NSLR-HMANN 4 2750 0.46610257029533386 0.5406027175885566
pubmed NSLR-HMANN 4 2775 0.4657995104789734 0.5550286858115302
pubmed NSLR-HMANN 4 2800 0.46650248765945435 0.5278983133358609
pubmed NSLR-HMANN 4 2825 0.4620917737483978 0.5411055098409275
pubmed NSLR-HMANN 4 2850 0.46125519275665283 0.5435711810636891
pubmed NSLR-HMANN 4 2875 0.4589634835720062 0.5379373621180674
pubmed NSLR-HMANN 4 2900 0.45749878883361816 0.5335151870615875
pubmed NSLR-HMANN 4 2925 0.45474961400032043 0.5461461806374718
pubmed NSLR-HMANN 4 2950 0.45344993472099304 0.5373202801884303
pubmed NSLR-HMANN 4 2975 0.4541325867176056 0.5466865566578567
pubmed NSLR-HMANN 4 3000 0.4554217755794525 0.557394648808941
pubmed NSLR-HMANN 4 3025 0.4816668629646301 0.5689357923496988
pubmed NSLR-HMANN 4 3050 0.4696812629699707 0.5544800706632648
pubmed NSLR-HMANN 4 3075 0.4685432016849518 0.5548024088992496
pubmed NSLR-HMANN 4 3100 0.4626622200012207 0.5512884247264312
pubmed NSLR-HMANN 4 3125 0.459184467792511 0.5401262727559797
pubmed NSLR-HMANN 4 3150 0.45942923426628113 0.5573285938659566
pubmed NSLR-HMANN 4 3175 0.45504310727119446 0.5364050078095343
pubmed NSLR-HMANN 4 3200 0.4557458758354187 0.5540686256768842
pubmed NSLR-HMANN 4 3225 0.4538746178150177 0.5465762765968978
pubmed NSLR-HMANN 4 3250 0.448703795671463 0.5456035032565067
pubmed NSLR-HMANN 4 3275 0.44917306303977966 0.548365335373748
pubmed NSLR-HMANN 4 3300 0.4466845989227295 0.5432262477337487
pubmed NSLR-HMANN 4 3325 0.448137491941452 0.5427859817156697
pubmed NSLR-HMANN 4 3350 0.4432288110256195 0.5416547923610616
pubmed NSLR-HMANN 4 3375 0.440655916929245 0.5462158150831191
pubmed NSLR-HMANN 4 3400 0.44158321619033813 0.5526405671675857
pubmed NSLR-HMANN 4 3425 0.4460180401802063 0.5486755445840826
pubmed NSLR-HMANN 4 3450 0.4477265775203705 0.551785291646846
pubmed NSLR-HMANN 4 3475 0.4439510703086853 0.5541557613506031
pubmed NSLR-HMANN 4 3500 0.43530163168907166 0.5570371197528496
pubmed NSLR-HMANN 4 3525 0.4341334402561188 0.5470036803285496
pubmed NSLR-HMANN 4 3550 0.43480560183525085 0.5386522608969512
pubmed NSLR-HMANN 4 3575 0.4417756497859955 0.5528285474651999
pubmed NSLR-HMANN 4 3600 0.4324479401111603 0.5531997281467605
pubmed NSLR-HMANN 4 3625 0.43057090044021606 0.5487685022339233
pubmed NSLR-HMANN 4 3650 0.4735749363899231 0.5421858680447532
pubmed NSLR-HMANN 4 3675 0.43469586968421936 0.5503678571686467
pubmed NSLR-HMANN 4 3700 0.4307674169540405 0.5347079356730878
pubmed NSLR-HMANN 4 3725 0.4319785237312317 0.5456714028175381
pubmed NSLR-HMANN 4 3750 0.42794370651245117 0.550872058016936
pubmed NSLR-HMANN 4 3775 0.428594708442688 0.5490186144791582
pubmed NSLR-HMANN 4 3800 0.42583420872688293 0.5483388678806747
pubmed NSLR-HMANN 4 3825 0.424640417098999 0.5348512399314476
pubmed NSLR-HMANN 4 3850 0.42714428901672363 0.5291977349773137
pubmed NSLR-HMANN 4 3875 0.4200196862220764 0.5376300603241455
pubmed NSLR-HMANN 4 3900 0.4501648247241974 0.5527484355006506
pubmed NSLR-HMANN 4 3925 0.43149346113204956 0.5496422261876466
pubmed NSLR-HMANN 4 3950 0.4255603551864624 0.5428509515735929
pubmed NSLR-HMANN 4 3975 0.42408910393714905 0.5435190487765834
pubmed NSLR-HMANN 4 4000 0.4245421290397644 0.5481631044160034
pubmed NSLR-HMANN 4 4025 0.4237308204174042 0.5481533477012109
pubmed NSLR-HMANN 4 4050 0.4216422736644745 0.5419314102874104
pubmed NSLR-HMANN 4 4075 0.42079445719718933 0.538356151131799
pubmed NSLR-HMANN 4 4100 0.4197593629360199 0.5270893221058988
pubmed NSLR-HMANN 4 4125 0.4196513593196869 0.5460600552099473
pubmed NSLR-HMANN 4 4150 0.428766131401062 0.5365357211801869
pubmed NSLR-HMANN 4 4175 0.42215797305107117 0.5325957486136657
pubmed NSLR-HMANN 4 4200 0.4178857207298279 0.5329567952903481
pubmed NSLR-HMANN 4 4225 0.43454426527023315 0.546508931528152
pubmed NSLR-HMANN 4 4250 0.42445802688598633 0.5360677123997781
pubmed NSLR-HMANN 4 4275 0.41909340023994446 0.5400586159332534
pubmed NSLR-HMANN 4 4300 0.4165409207344055 0.5363312307427055
pubmed NSLR-HMANN 4 4325 0.41375401616096497 0.5426707730790723
pubmed NSLR-HMANN 4 4350 0.4170459508895874 0.5455658185092338
pubmed NSLR-HMANN 4 4375 0.41305598616600037 0.5399838389736479
pubmed NSLR-HMANN 4 4400 0.41316622495651245 0.5369541830115823
pubmed NSLR-HMANN 4 4425 0.41364774107933044 0.5364044879113483
pubmed NSLR-HMANN 4 4450 0.4245493710041046 0.4828182851954172
pubmed NSLR-HMANN 4 4475 0.440580815076828 0.546578633898111
pubmed NSLR-HMANN 4 4500 0.4203861653804779 0.5375376986965692
pubmed NSLR-HMANN 4 4525 0.41829290986061096 0.5442085572171369
pubmed NSLR-HMANN 4 4550 0.41617000102996826 0.5408166363527597
pubmed NSLR-HMANN 4 4575 0.41316959261894226 0.5401847982502608
pubmed NSLR-HMANN 4 4600 0.4117821753025055 0.5380814023588288
pubmed NSLR-HMANN 4 4625 0.4116100072860718 0.5375063401781381
pubmed NSLR-HMANN 4 4650 0.41108062863349915 0.537589452005174
pubmed NSLR-HMANN 4 4675 0.4102356731891632 0.5398526497741957
pubmed NSLR-HMANN 4 4700 0.4096296727657318 0.5338234217970913
pubmed NSLR-HMANN 4 4725 0.40975889563560486 0.5381578894680557
pubmed NSLR-HMANN 4 4750 0.41878077387809753 0.5320627206565458
pubmed NSLR-HMANN 4 4775 0.41170433163642883 0.5413813069531472
pubmed NSLR-HMANN 4 4800 0.41234683990478516 0.5209726157707208
pubmed NSLR-HMANN 4 4825 0.4467352330684662 0.5389107890283551
pubmed NSLR-HMANN 4 4850 0.4191336929798126 0.5382969193855718
pubmed NSLR-HMANN 4 4875 0.41336292028427124 0.5396999585349372
pubmed NSLR-HMANN 4 4900 0.4114653468132019 0.536572368313816
pubmed NSLR-HMANN 4 4925 0.4091782867908478 0.5373263770157037
pubmed NSLR-HMANN 4 4950 0.41365212202072144 0.5249984656316736
pubmed NSLR-HMANN 4 4975 0.41244736313819885 0.5206684277947243
pubmed NSLR-HMANN 4 5000 0.41060423851013184 0.5322635792718103
