/home/ubuntu/anaconda3/envs/mei_env/lib/python3.11/site-packages/torch/cuda/__init__.py:63: FutureWarning: The pynvml package is deprecated. Please install nvidia-ml-py instead. If you did not install pynvml directly, please report this to the maintainers of the package that installed pynvml for you.
  import pynvml  # type: ignore[import]
/home/ubuntu/anaconda3/envs/mei_env/lib/python3.11/site-packages/torch/autograd/graph.py:829: UserWarning: Attempting to run cuBLAS, but there was no current CUDA context! Attempting to set the primary context... (Triggered internally at /pytorch/aten/src/ATen/cuda/CublasHandlePool.cpp:179.)
  return Variable._execution_engine.run_backward(  # Calls into the C++ engine to run the backward pass
/home/ubuntu/lchr_v2/HYPERGRAPH_RESEARCH/R_HSPE_BENCHMARK_V17_3/scripts/benchmark173.py:196: UserWarning: Converting a tensor with requires_grad=True to a scalar may lead to unexpected behavior.
Consider using tensor.detach() first. (Triggered internally at /pytorch/torch/csrc/autograd/generated/python_variable_methods.cpp:835.)
  prog(job,state='SMOKE' if smoke else 'RUNNING',epoch=epoch,epochs=epochs,loss=float(loss),valid_mrr=metrics['mrr'],train_seconds=trainsec,elapsed_seconds=time.perf_counter()-start)
citeseer NSLR-HMANN 1 1 0.6932598352432251 0.36259607464497606
citeseer NSLR-HMANN 1 25 0.6464992165565491 0.35903950294131826
citeseer NSLR-HMANN 1 50 0.6297546625137329 0.364572437423326
citeseer NSLR-HMANN 1 75 0.6261721253395081 0.3614455802604491
citeseer NSLR-HMANN 1 100 0.626541018486023 0.3612689622962942
citeseer NSLR-HMANN 1 125 0.6247125864028931 0.3624039809527255
citeseer NSLR-HMANN 1 150 0.625186562538147 0.3598901540011522
citeseer NSLR-HMANN 1 175 0.6241865754127502 0.3579033699464749
citeseer NSLR-HMANN 1 200 0.6238186359405518 0.35327946403525023
citeseer NSLR-HMANN 1 225 0.6231573820114136 0.36041551967548613
citeseer NSLR-HMANN 1 250 0.6235311627388 0.3519833753932784
citeseer NSLR-HMANN 1 275 0.6232213973999023 0.3445372792838049
citeseer NSLR-HMANN 1 300 0.6231727600097656 0.3434674365185406
citeseer NSLR-HMANN 1 325 0.6228324770927429 0.35200711052138345
citeseer NSLR-HMANN 1 350 0.6230909824371338 0.34044447711575826
citeseer NSLR-HMANN 1 375 0.6218786239624023 0.35614020022596693
citeseer NSLR-HMANN 1 400 0.6234487295150757 0.34346206628772336
citeseer NSLR-HMANN 1 425 0.6225124597549438 0.3479849862407384
citeseer NSLR-HMANN 1 450 0.622402012348175 0.338962424456519
citeseer NSLR-HMANN 1 475 0.6216991543769836 0.34476111778760415
citeseer NSLR-HMANN 1 500 0.6213996410369873 0.34239323977956165
citeseer NSLR-HMANN 1 525 0.6211419105529785 0.34125230384726307
citeseer NSLR-HMANN 1 550 0.6221766471862793 0.3404803609472122
citeseer NSLR-HMANN 1 575 0.6206432580947876 0.3425597750115965
citeseer NSLR-HMANN 1 600 0.6212844252586365 0.34998863110267076
citeseer NSLR-HMANN 1 625 0.6211611032485962 0.34313871374553173
citeseer NSLR-HMANN 1 650 0.6203657984733582 0.3519921280951546
citeseer NSLR-HMANN 1 675 0.6191151142120361 0.35112434385988356
citeseer NSLR-HMANN 1 700 0.6182002425193787 0.3398461412937144
citeseer NSLR-HMANN 1 725 0.6166892647743225 0.344535811962436
citeseer NSLR-HMANN 1 750 0.6154066920280457 0.3349242999597264
citeseer NSLR-HMANN 1 775 0.6079623103141785 0.3504417884578412
citeseer NSLR-HMANN 1 800 0.5981574654579163 0.3555104469716246
citeseer NSLR-HMANN 1 825 0.5866272449493408 0.3423998421863972
citeseer NSLR-HMANN 1 850 0.5788686275482178 0.3258461243131392
citeseer NSLR-HMANN 1 875 0.5691219568252563 0.33283749571562754
citeseer NSLR-HMANN 1 900 0.567257285118103 0.3388179764427702
citeseer NSLR-HMANN 1 925 0.5606286525726318 0.31987901532523805
citeseer NSLR-HMANN 1 950 0.5909335613250732 0.3278791056107582
citeseer NSLR-HMANN 1 975 0.5716817378997803 0.3598428388810749
citeseer NSLR-HMANN 1 1000 0.5558110475540161 0.34258722122004814
citeseer NSLR-HMANN 1 1025 0.5509976148605347 0.3349688987592862
citeseer NSLR-HMANN 1 1050 0.5463966131210327 0.35089958394434595
citeseer NSLR-HMANN 1 1075 0.5378825664520264 0.36565647665861106
citeseer NSLR-HMANN 1 1100 0.5364879369735718 0.35138593634437254
citeseer NSLR-HMANN 1 1125 0.5371463894844055 0.37015641825945145
citeseer NSLR-HMANN 1 1150 0.5336344242095947 0.37211802649023906
citeseer NSLR-HMANN 1 1175 0.5314937829971313 0.3795136771852175
citeseer NSLR-HMANN 1 1200 0.5293093919754028 0.36282884327885084
citeseer NSLR-HMANN 1 1225 0.5260716080665588 0.3601968159922225
citeseer NSLR-HMANN 1 1250 0.5267253518104553 0.3752170648378761
citeseer NSLR-HMANN 1 1275 0.5199900269508362 0.38359916990186627
citeseer NSLR-HMANN 1 1300 0.5217524766921997 0.37866761865070675
citeseer NSLR-HMANN 1 1325 0.5220211744308472 0.3741371391512552
citeseer NSLR-HMANN 1 1350 0.5208468437194824 0.3680964314664073
citeseer NSLR-HMANN 1 1375 0.5172674059867859 0.3779468430458597
citeseer NSLR-HMANN 1 1400 0.5193425416946411 0.3724208185368699
citeseer NSLR-HMANN 1 1425 0.5169205665588379 0.3673513545376655
citeseer NSLR-HMANN 1 1450 0.515765368938446 0.3604386426800879
citeseer NSLR-HMANN 1 1475 0.510856568813324 0.34999130463680184
citeseer NSLR-HMANN 1 1500 0.5131679773330688 0.36176506452348295
citeseer NSLR-HMANN 1 1525 0.5143179893493652 0.3540344239001514
citeseer NSLR-HMANN 1 1550 0.5124902725219727 0.36063366842253525
citeseer NSLR-HMANN 1 1575 0.5118894577026367 0.37450372897379897
citeseer NSLR-HMANN 1 1600 0.5082272291183472 0.36034441725478406
citeseer NSLR-HMANN 1 1625 0.5084624290466309 0.3607674057226369
citeseer NSLR-HMANN 1 1650 0.507240891456604 0.3669028761889266
citeseer NSLR-HMANN 1 1675 0.5068962574005127 0.37044417379604433
citeseer NSLR-HMANN 1 1700 0.5032485127449036 0.35768718886226153
citeseer NSLR-HMANN 1 1725 0.5119504332542419 0.3600072159458283
citeseer NSLR-HMANN 1 1750 0.5058023929595947 0.35650305143424443
citeseer NSLR-HMANN 1 1775 0.5083228945732117 0.3528554538413583
citeseer NSLR-HMANN 1 1800 0.5043187737464905 0.3567420258918943
citeseer NSLR-HMANN 1 1825 0.5105035901069641 0.3607638144479568
citeseer NSLR-HMANN 1 1850 0.5075581073760986 0.3520627917141194
citeseer NSLR-HMANN 1 1875 0.5075412392616272 0.3545560027048959
citeseer NSLR-HMANN 1 1900 0.49822935461997986 0.35404591555523757
citeseer NSLR-HMANN 1 1925 0.5045727491378784 0.3435860524360068
citeseer NSLR-HMANN 1 1950 0.5085583925247192 0.3400769258957909
citeseer NSLR-HMANN 1 1975 0.5067999958992004 0.36137743324173544
citeseer NSLR-HMANN 1 2000 0.5072611570358276 0.3494442145295925
citeseer NSLR-HMANN 1 2025 0.5023408532142639 0.364434983744254
citeseer NSLR-HMANN 1 2050 0.5045660734176636 0.35237176524870367
citeseer NSLR-HMANN 1 2075 0.5065750479698181 0.3613072497348489
citeseer NSLR-HMANN 1 2100 0.5018055438995361 0.35768800432044934
citeseer NSLR-HMANN 1 2125 0.5015294551849365 0.36582538578760676
citeseer NSLR-HMANN 1 2150 0.5000226497650146 0.34589499343628444
citeseer NSLR-HMANN 1 2175 0.49953126907348633 0.35824729348685647
citeseer NSLR-HMANN 1 2200 0.5024893879890442 0.35775776897113215
citeseer NSLR-HMANN 1 2225 0.49310794472694397 0.36330105319804723
citeseer NSLR-HMANN 1 2250 0.5004690289497375 0.3492990722447495
citeseer NSLR-HMANN 1 2275 0.49613505601882935 0.3540513985899687
citeseer NSLR-HMANN 1 2300 0.4929865598678589 0.3531505910987915
citeseer NSLR-HMANN 1 2325 0.4960533380508423 0.3519480976108341
citeseer NSLR-HMANN 1 2350 0.4945565164089203 0.36514411102506605
citeseer NSLR-HMANN 1 2375 0.4911075234413147 0.3652284524355623
citeseer NSLR-HMANN 1 2400 0.4918968379497528 0.35499656542076174
citeseer NSLR-HMANN 1 2425 0.48680558800697327 0.35481256545191164
citeseer NSLR-HMANN 1 2450 0.48683011531829834 0.3640677167386774
citeseer NSLR-HMANN 1 2475 0.48670223355293274 0.34027706100645644
citeseer NSLR-HMANN 1 2500 0.4832470715045929 0.3528401609536278
citeseer NSLR-HMANN 1 2525 0.48221150040626526 0.33041038223591657
citeseer NSLR-HMANN 1 2550 0.4844328761100769 0.33161178252318585
citeseer NSLR-HMANN 1 2575 0.48344510793685913 0.34066117362359233
citeseer NSLR-HMANN 1 2600 0.48130863904953003 0.3525959833610439
citeseer NSLR-HMANN 1 2625 0.48987969756126404 0.3523158199006524
citeseer NSLR-HMANN 1 2650 0.4857671856880188 0.36028904924855615
citeseer NSLR-HMANN 1 2675 0.47761547565460205 0.3569315495624125
citeseer NSLR-HMANN 1 2700 0.4776204228401184 0.34820572223004675
citeseer NSLR-HMANN 1 2725 0.4825363755226135 0.3487568118708924
citeseer NSLR-HMANN 1 2750 0.4762677252292633 0.35895113018651986
citeseer NSLR-HMANN 1 2775 0.4734993577003479 0.33885575226135917
citeseer NSLR-HMANN 1 2800 0.4831697940826416 0.3470598947029642
citeseer NSLR-HMANN 1 2825 0.4811471402645111 0.33301000289397203
citeseer NSLR-HMANN 1 2850 0.47142598032951355 0.3510068438325691
citeseer NSLR-HMANN 1 2875 0.480267733335495 0.3462978408514135
citeseer NSLR-HMANN 1 2900 0.4749120771884918 0.3541250097008338
citeseer NSLR-HMANN 1 2925 0.4773717522621155 0.3440056500874684
citeseer NSLR-HMANN 1 2950 0.4770605266094208 0.3546232942986602
citeseer NSLR-HMANN 1 2975 0.47464099526405334 0.35742929634993303
citeseer NSLR-HMANN 1 3000 0.47838276624679565 0.36293407668951516
citeseer NSLR-HMANN 1 3025 0.47567692399024963 0.3392427734633583
citeseer NSLR-HMANN 1 3050 0.4704057574272156 0.35946005529122915
citeseer NSLR-HMANN 1 3075 0.47981783747673035 0.35964085742713287
citeseer NSLR-HMANN 1 3100 0.47223907709121704 0.36678802350540324
citeseer NSLR-HMANN 1 3125 0.47146862745285034 0.3521662246713733
citeseer NSLR-HMANN 1 3150 0.4804903268814087 0.3699974031180302
citeseer NSLR-HMANN 1 3175 0.4796055853366852 0.36458442680841446
citeseer NSLR-HMANN 1 3200 0.47450920939445496 0.3618757752917816
citeseer NSLR-HMANN 1 3225 0.4726620316505432 0.3549407927510722
citeseer NSLR-HMANN 1 3250 0.46876633167266846 0.3673204082097851
citeseer NSLR-HMANN 1 3275 0.46860551834106445 0.35977379859009956
citeseer NSLR-HMANN 1 3300 0.4766305387020111 0.3551476934283361
citeseer NSLR-HMANN 1 3325 0.471190482378006 0.3558481589732868
citeseer NSLR-HMANN 1 3350 0.469160795211792 0.35174597812774466
citeseer NSLR-HMANN 1 3375 0.4658927917480469 0.3481738950816705
citeseer NSLR-HMANN 1 3400 0.4709787368774414 0.35423975029954213
citeseer NSLR-HMANN 1 3425 0.4691222906112671 0.3567624690797111
citeseer NSLR-HMANN 1 3450 0.46277713775634766 0.36046590408011425
citeseer NSLR-HMANN 1 3475 0.4734472334384918 0.34936189236781834
citeseer NSLR-HMANN 1 3500 0.4696206748485565 0.37954328509967417
citeseer NSLR-HMANN 1 3525 0.4655835032463074 0.3473583781926548
citeseer NSLR-HMANN 1 3550 0.4623831510543823 0.3441614451038763
citeseer NSLR-HMANN 1 3575 0.4612109661102295 0.3590200864564621
citeseer NSLR-HMANN 1 3600 0.4641517996788025 0.3713272896557699
citeseer NSLR-HMANN 1 3625 0.4631619155406952 0.3686967481978461
citeseer NSLR-HMANN 1 3650 0.4579203724861145 0.3712995833227417
citeseer NSLR-HMANN 1 3675 0.4552142322063446 0.37986816006892116
citeseer NSLR-HMANN 1 3700 0.4583008289337158 0.40222338323393964
citeseer NSLR-HMANN 1 3725 0.46471068263053894 0.4010442773411432
citeseer NSLR-HMANN 1 3750 0.45706090331077576 0.38811503208810944
citeseer NSLR-HMANN 1 3775 0.46215492486953735 0.39831931244077834
citeseer NSLR-HMANN 1 3800 0.4609158933162689 0.3814523344652843
citeseer NSLR-HMANN 1 3825 0.45992574095726013 0.3828478271045884
citeseer NSLR-HMANN 1 3850 0.4525386691093445 0.37169685588556034
citeseer NSLR-HMANN 1 3875 0.45716163516044617 0.39862091663059324
citeseer NSLR-HMANN 1 3900 0.4550653398036957 0.38498809610820495
citeseer NSLR-HMANN 1 3925 0.4520106911659241 0.3876793931372429
citeseer NSLR-HMANN 1 3950 0.4513716995716095 0.37907100843674263
citeseer NSLR-HMANN 1 3975 0.4457690715789795 0.3792724490715176
citeseer NSLR-HMANN 1 4000 0.4561905264854431 0.3762800124473451
citeseer NSLR-HMANN 1 4025 0.45002633333206177 0.382447998750627
citeseer NSLR-HMANN 1 4050 0.45273303985595703 0.3728741280003879
citeseer NSLR-HMANN 1 4075 0.4528454840183258 0.37317964454255564
citeseer NSLR-HMANN 1 4100 0.4495922327041626 0.381087696580018
citeseer NSLR-HMANN 1 4125 0.4455766975879669 0.3975368130738011
citeseer NSLR-HMANN 1 4150 0.4474044740200043 0.3912991032787885
citeseer NSLR-HMANN 1 4175 0.4380573332309723 0.36142896118397677
citeseer NSLR-HMANN 1 4200 0.44552281498908997 0.3607891301555123
citeseer NSLR-HMANN 1 4225 0.4441453516483307 0.3943799657953856
citeseer NSLR-HMANN 1 4250 0.4505883753299713 0.3912607589557236
citeseer NSLR-HMANN 1 4275 0.4471786320209503 0.3834787739496145
citeseer NSLR-HMANN 1 4300 0.45214658975601196 0.3939897063962816
citeseer NSLR-HMANN 1 4325 0.44564110040664673 0.3873544986009355
citeseer NSLR-HMANN 1 4350 0.4415409564971924 0.377644242090308
citeseer NSLR-HMANN 1 4375 0.43969812989234924 0.3837586500542884
citeseer NSLR-HMANN 1 4400 0.44012635946273804 0.40462329197105046
citeseer NSLR-HMANN 1 4425 0.4434793293476105 0.3981598591599479
citeseer NSLR-HMANN 1 4450 0.44255417585372925 0.39615577358498894
citeseer NSLR-HMANN 1 4475 0.437135249376297 0.3987591501913797
citeseer NSLR-HMANN 1 4500 0.4419087767601013 0.3952665928259551
citeseer NSLR-HMANN 1 4525 0.4365963339805603 0.39500266457567235
citeseer NSLR-HMANN 1 4550 0.4405096769332886 0.4153752086622615
citeseer NSLR-HMANN 1 4575 0.43496474623680115 0.3899818894972057
citeseer NSLR-HMANN 1 4600 0.442457914352417 0.404639915551353
citeseer NSLR-HMANN 1 4625 0.43467462062835693 0.40782160499175407
citeseer NSLR-HMANN 1 4650 0.43389230966567993 0.38937134456750255
citeseer NSLR-HMANN 1 4675 0.4363069236278534 0.3834131222798862
citeseer NSLR-HMANN 1 4700 0.4299279451370239 0.3877512545857904
citeseer NSLR-HMANN 1 4725 0.42446368932724 0.39678526749062476
citeseer NSLR-HMANN 1 4750 0.4315818250179291 0.4182329168787687
citeseer NSLR-HMANN 1 4775 0.4275175631046295 0.400240602762561
citeseer NSLR-HMANN 1 4800 0.435562402009964 0.3672991313402996
citeseer NSLR-HMANN 1 4825 0.4316902458667755 0.3972314011416042
citeseer NSLR-HMANN 1 4850 0.42686352133750916 0.3920796315955956
citeseer NSLR-HMANN 1 4875 0.4261297881603241 0.3844504740927662
citeseer NSLR-HMANN 1 4900 0.4258643388748169 0.39915032895846725
citeseer NSLR-HMANN 1 4925 0.4283055067062378 0.39382353648542734
citeseer NSLR-HMANN 1 4950 0.42117929458618164 0.3934469397957007
citeseer NSLR-HMANN 1 4975 0.41915369033813477 0.3905383434457642
citeseer NSLR-HMANN 1 5000 0.42526698112487793 0.3898495306340603
