/home/ubuntu/anaconda3/envs/mei_env/lib/python3.11/site-packages/torch/cuda/__init__.py:63: FutureWarning: The pynvml package is deprecated. Please install nvidia-ml-py instead. If you did not install pynvml directly, please report this to the maintainers of the package that installed pynvml for you.
  import pynvml  # type: ignore[import]
/home/ubuntu/anaconda3/envs/mei_env/lib/python3.11/site-packages/torch/autograd/graph.py:829: UserWarning: Attempting to run cuBLAS, but there was no current CUDA context! Attempting to set the primary context... (Triggered internally at /pytorch/aten/src/ATen/cuda/CublasHandlePool.cpp:179.)
  return Variable._execution_engine.run_backward(  # Calls into the C++ engine to run the backward pass
/home/ubuntu/lchr_v2/HYPERGRAPH_RESEARCH/R_HSPE_BENCHMARK_V17_3/scripts/benchmark173.py:196: UserWarning: Converting a tensor with requires_grad=True to a scalar may lead to unexpected behavior.
Consider using tensor.detach() first. (Triggered internally at /pytorch/torch/csrc/autograd/generated/python_variable_methods.cpp:835.)
  prog(job,state='SMOKE' if smoke else 'RUNNING',epoch=epoch,epochs=epochs,loss=float(loss),valid_mrr=metrics['mrr'],train_seconds=trainsec,elapsed_seconds=time.perf_counter()-start)
pubmed NSLR-HMANN 0 1 0.6945143938064575 0.45707815280790093
pubmed NSLR-HMANN 0 25 0.6258022785186768 0.4944456708893287
pubmed NSLR-HMANN 0 50 0.5416112542152405 0.5497067541576028
pubmed NSLR-HMANN 0 75 0.5326147675514221 0.5438272164019369
pubmed NSLR-HMANN 0 100 0.5254636406898499 0.5505041842645996
pubmed NSLR-HMANN 0 125 0.5214482545852661 0.5469060300121134
pubmed NSLR-HMANN 0 150 0.5180521011352539 0.5491825593695019
pubmed NSLR-HMANN 0 175 0.5177072286605835 0.5447971673185359
pubmed NSLR-HMANN 0 200 0.5177130103111267 0.5446693074377429
pubmed NSLR-HMANN 0 225 0.5175601840019226 0.5428214682391489
pubmed NSLR-HMANN 0 250 0.5158753395080566 0.5446274286298044
pubmed NSLR-HMANN 0 275 0.5151568651199341 0.5422478420198875
pubmed NSLR-HMANN 0 300 0.5139073133468628 0.5385379154554537
pubmed NSLR-HMANN 0 325 0.5123381018638611 0.5380743023646869
pubmed NSLR-HMANN 0 350 0.5133005380630493 0.5381566330795865
pubmed NSLR-HMANN 0 375 0.511454701423645 0.5382475175511118
pubmed NSLR-HMANN 0 400 0.5121951103210449 0.5416311832757699
pubmed NSLR-HMANN 0 425 0.5098311305046082 0.5411512675050582
pubmed NSLR-HMANN 0 450 0.5088836550712585 0.5424719792194308
pubmed NSLR-HMANN 0 475 0.511870801448822 0.5402210967697271
pubmed NSLR-HMANN 0 500 0.5066578388214111 0.5433373952273233
pubmed NSLR-HMANN 0 525 0.5101840496063232 0.546737855208931
pubmed NSLR-HMANN 0 550 0.5118950009346008 0.551682719138183
pubmed NSLR-HMANN 0 575 0.5034089684486389 0.5451125976210222
pubmed NSLR-HMANN 0 600 0.5061732530593872 0.5514749051354488
pubmed NSLR-HMANN 0 625 0.5072990655899048 0.554800087485102
pubmed NSLR-HMANN 0 650 0.5073204040527344 0.5517305334628475
pubmed NSLR-HMANN 0 675 0.5050928592681885 0.5351446822522822
pubmed NSLR-HMANN 0 700 0.501792311668396 0.5374292809325878
pubmed NSLR-HMANN 0 725 0.5080137252807617 0.534147132633374
pubmed NSLR-HMANN 0 750 0.5020706653594971 0.5465852328438389
pubmed NSLR-HMANN 0 775 0.4993661344051361 0.5385638587042709
pubmed NSLR-HMANN 0 800 0.508377730846405 0.5415764739084935
pubmed NSLR-HMANN 0 825 0.49812060594558716 0.5374578135030719
pubmed NSLR-HMANN 0 850 0.5071638822555542 0.5309790578981329
pubmed NSLR-HMANN 0 875 0.5004447102546692 0.5337634893759226
pubmed NSLR-HMANN 0 900 0.4990188181400299 0.5426470555513765
pubmed NSLR-HMANN 0 925 0.5017953515052795 0.530325274039875
pubmed NSLR-HMANN 0 950 0.5009408593177795 0.5332093236812713
pubmed NSLR-HMANN 0 975 0.4958685338497162 0.540973376505176
pubmed NSLR-HMANN 0 1000 0.5151101350784302 0.5262897424406286
pubmed NSLR-HMANN 0 1025 0.49523675441741943 0.538982192838348
pubmed NSLR-HMANN 0 1050 0.49888551235198975 0.5313879099630907
pubmed NSLR-HMANN 0 1075 0.4967958331108093 0.5230303718401119
pubmed NSLR-HMANN 0 1100 0.5098568201065063 0.5329471606396532
pubmed NSLR-HMANN 0 1125 0.49315717816352844 0.5378244231091452
pubmed NSLR-HMANN 0 1150 0.504177987575531 0.5293829051372173
pubmed NSLR-HMANN 0 1175 0.4989520013332367 0.5326941694814036
pubmed NSLR-HMANN 0 1200 0.4986344575881958 0.532815234364497
pubmed NSLR-HMANN 0 1225 0.4951149821281433 0.5307913657050528
pubmed NSLR-HMANN 0 1250 0.49193230271339417 0.5305404724387901
pubmed NSLR-HMANN 0 1275 0.4911256432533264 0.5286808490680589
pubmed NSLR-HMANN 0 1300 0.4920291304588318 0.5255216429915146
pubmed NSLR-HMANN 0 1325 0.4904683530330658 0.5272062975112183
pubmed NSLR-HMANN 0 1350 0.49017301201820374 0.531171259922388
pubmed NSLR-HMANN 0 1375 0.49077823758125305 0.5281463447012027
pubmed NSLR-HMANN 0 1400 0.495419979095459 0.5255673518680002
pubmed NSLR-HMANN 0 1425 0.48897311091423035 0.5244334335650063
pubmed NSLR-HMANN 0 1450 0.48906806111335754 0.5286905700314793
pubmed NSLR-HMANN 0 1475 0.4992925822734833 0.5288909445096226
pubmed NSLR-HMANN 0 1500 0.489279180765152 0.5320242839189097
pubmed NSLR-HMANN 0 1525 0.48696601390838623 0.5244072773568014
pubmed NSLR-HMANN 0 1550 0.487765371799469 0.524591610347627
pubmed NSLR-HMANN 0 1575 0.4869901239871979 0.5279912613902294
pubmed NSLR-HMANN 0 1600 0.48415228724479675 0.5278975978470611
pubmed NSLR-HMANN 0 1625 0.4834853410720825 0.5303177184662875
pubmed NSLR-HMANN 0 1650 0.49048200249671936 0.5306678576577483
pubmed NSLR-HMANN 0 1675 0.4843406081199646 0.5295029627050967
pubmed NSLR-HMANN 0 1700 0.4848555326461792 0.5256281644071926
pubmed NSLR-HMANN 0 1725 0.4846068322658539 0.5292588805995735
pubmed NSLR-HMANN 0 1750 0.4828897714614868 0.5184116903333361
pubmed NSLR-HMANN 0 1775 0.4924822151660919 0.5328050603203306
pubmed NSLR-HMANN 0 1800 0.48193106055259705 0.5284227991594765
pubmed NSLR-HMANN 0 1825 0.4850768744945526 0.5238729379525874
pubmed NSLR-HMANN 0 1850 0.48953378200531006 0.5360410108004475
pubmed NSLR-HMANN 0 1875 0.48816436529159546 0.5286075863534271
pubmed NSLR-HMANN 0 1900 0.4843622148036957 0.5243965062261459
pubmed NSLR-HMANN 0 1925 0.48631733655929565 0.5278455218495147
pubmed NSLR-HMANN 0 1950 0.483022540807724 0.5341311545265724
pubmed NSLR-HMANN 0 1975 0.47995373606681824 0.5306311442746539
pubmed NSLR-HMANN 0 2000 0.4810427129268646 0.5322469294083001
pubmed NSLR-HMANN 0 2025 0.4843984544277191 0.5338453134498955
pubmed NSLR-HMANN 0 2050 0.4816902279853821 0.5260349414561568
pubmed NSLR-HMANN 0 2075 0.4804380536079407 0.5266159426079435
pubmed NSLR-HMANN 0 2100 0.4819815754890442 0.5318526945253064
pubmed NSLR-HMANN 0 2125 0.4808855950832367 0.5304266028571076
pubmed NSLR-HMANN 0 2150 0.48154664039611816 0.5251136889018506
pubmed NSLR-HMANN 0 2175 0.4808144271373749 0.5290762732390643
pubmed NSLR-HMANN 0 2200 0.485040545463562 0.5274643327396978
pubmed NSLR-HMANN 0 2225 0.4831780195236206 0.5342277381289149
pubmed NSLR-HMANN 0 2250 0.48263055086135864 0.530308606014753
pubmed NSLR-HMANN 0 2275 0.48066502809524536 0.53691773161783
pubmed NSLR-HMANN 0 2300 0.48190978169441223 0.5204315040722752
pubmed NSLR-HMANN 0 2325 0.4810982644557953 0.5270613513745366
pubmed NSLR-HMANN 0 2350 0.48011666536331177 0.5349607723868832
pubmed NSLR-HMANN 0 2375 0.47776126861572266 0.5350333394801889
pubmed NSLR-HMANN 0 2400 0.4788094162940979 0.514333340333647
pubmed NSLR-HMANN 0 2425 0.4780333936214447 0.5229229871324098
pubmed NSLR-HMANN 0 2450 0.4795496463775635 0.5285246681824028
pubmed NSLR-HMANN 0 2475 0.4843275845050812 0.5309697284454817
pubmed NSLR-HMANN 0 2500 0.4791630506515503 0.5262413302850986
pubmed NSLR-HMANN 0 2525 0.4816408157348633 0.532429783052593
pubmed NSLR-HMANN 0 2550 0.4880228340625763 0.529449863942657
pubmed NSLR-HMANN 0 2575 0.4808073937892914 0.5220421132260583
pubmed NSLR-HMANN 0 2600 0.48032888770103455 0.5220813019269187
pubmed NSLR-HMANN 0 2625 0.4796333909034729 0.5341911704690566
pubmed NSLR-HMANN 0 2650 0.4785253405570984 0.5192673381642083
pubmed NSLR-HMANN 0 2675 0.4767220616340637 0.5269382770542015
pubmed NSLR-HMANN 0 2700 0.47918620705604553 0.5335776617575329
pubmed NSLR-HMANN 0 2725 0.478708952665329 0.5347133860776375
pubmed NSLR-HMANN 0 2750 0.47769373655319214 0.5305247926949547
pubmed NSLR-HMANN 0 2775 0.4882805049419403 0.5280639720317974
pubmed NSLR-HMANN 0 2800 0.476305216550827 0.5279019917455486
pubmed NSLR-HMANN 0 2825 0.4764118790626526 0.5342214472559954
pubmed NSLR-HMANN 0 2850 0.48527127504348755 0.5264948157245313
pubmed NSLR-HMANN 0 2875 0.48144206404685974 0.5301668171450699
pubmed NSLR-HMANN 0 2900 0.4761216938495636 0.526271641887124
pubmed NSLR-HMANN 0 2925 0.4776499569416046 0.5284061720808509
pubmed NSLR-HMANN 0 2950 0.4788815677165985 0.5269062956830153
pubmed NSLR-HMANN 0 2975 0.4766998887062073 0.5307183290442357
pubmed NSLR-HMANN 0 3000 0.4778159558773041 0.5290589753923544
pubmed NSLR-HMANN 0 3025 0.47955194115638733 0.5306346230345521
pubmed NSLR-HMANN 0 3050 0.4817700684070587 0.5319024680263238
pubmed NSLR-HMANN 0 3075 0.47951844334602356 0.5236500225260899
pubmed NSLR-HMANN 0 3100 0.47841018438339233 0.5297933550149876
pubmed NSLR-HMANN 0 3125 0.4790442883968353 0.5315199898433397
pubmed NSLR-HMANN 0 3150 0.47597095370292664 0.5291567435004798
pubmed NSLR-HMANN 0 3175 0.477010041475296 0.5304380974282046
pubmed NSLR-HMANN 0 3200 0.47610747814178467 0.5288884687498834
pubmed NSLR-HMANN 0 3225 0.48009204864501953 0.5237344411556237
pubmed NSLR-HMANN 0 3250 0.4780147075653076 0.5299619892222349
pubmed NSLR-HMANN 0 3275 0.47481462359428406 0.5266413230173834
pubmed NSLR-HMANN 0 3300 0.47359660267829895 0.5326136259823048
pubmed NSLR-HMANN 0 3325 0.47604939341545105 0.5273524361169555
pubmed NSLR-HMANN 0 3350 0.4763765037059784 0.5262227952447408
pubmed NSLR-HMANN 0 3375 0.47571924328804016 0.525727200265214
pubmed NSLR-HMANN 0 3400 0.47512286901474 0.5272053950696682
pubmed NSLR-HMANN 0 3425 0.47786903381347656 0.525373067269621
pubmed NSLR-HMANN 0 3450 0.4772832691669464 0.5366628225321266
pubmed NSLR-HMANN 0 3475 0.47913292050361633 0.5274868391617987
pubmed NSLR-HMANN 0 3500 0.4791474938392639 0.5333359317367753
pubmed NSLR-HMANN 0 3525 0.4784499406814575 0.5339511247599308
pubmed NSLR-HMANN 0 3550 0.47356081008911133 0.5354519129001397
pubmed NSLR-HMANN 0 3575 0.47541260719299316 0.5272363624378873
pubmed NSLR-HMANN 0 3600 0.47607460618019104 0.5304473633627075
pubmed NSLR-HMANN 0 3625 0.4754836857318878 0.5280798968459285
pubmed NSLR-HMANN 0 3650 0.4742045998573303 0.5317245629550209
pubmed NSLR-HMANN 0 3675 0.4763887822628021 0.5359735012401099
pubmed NSLR-HMANN 0 3700 0.47522902488708496 0.5319308640542092
pubmed NSLR-HMANN 0 3725 0.47729727625846863 0.5306190608672349
pubmed NSLR-HMANN 0 3750 0.47427985072135925 0.5319596619772969
pubmed NSLR-HMANN 0 3775 0.4731823801994324 0.5262010197145953
pubmed NSLR-HMANN 0 3800 0.4738052189350128 0.5365560501299141
pubmed NSLR-HMANN 0 3825 0.4777659475803375 0.527748096057433
pubmed NSLR-HMANN 0 3850 0.4761604070663452 0.5330670955386296
pubmed NSLR-HMANN 0 3875 0.4754909574985504 0.5262416602627223
pubmed NSLR-HMANN 0 3900 0.4738205075263977 0.5359871367626324
pubmed NSLR-HMANN 0 3925 0.47602373361587524 0.5316184466058971
pubmed NSLR-HMANN 0 3950 0.4762212932109833 0.5340687759985807
pubmed NSLR-HMANN 0 3975 0.4760096073150635 0.5224793051146353
pubmed NSLR-HMANN 0 4000 0.47434625029563904 0.5265965749655646
pubmed NSLR-HMANN 0 4025 0.47325974702835083 0.5289021161106984
pubmed NSLR-HMANN 0 4050 0.4740322530269623 0.5336920687728841
pubmed NSLR-HMANN 0 4075 0.47927242517471313 0.5289426182921176
pubmed NSLR-HMANN 0 4100 0.477843314409256 0.5374621680271694
pubmed NSLR-HMANN 0 4125 0.4754613935947418 0.534731307370277
pubmed NSLR-HMANN 0 4150 0.4744940996170044 0.5413793450396616
pubmed NSLR-HMANN 0 4175 0.47597217559814453 0.5329459183943285
pubmed NSLR-HMANN 0 4200 0.4751201272010803 0.534408863688777
pubmed NSLR-HMANN 0 4225 0.47734588384628296 0.5322766541880836
pubmed NSLR-HMANN 0 4250 0.47415634989738464 0.532301022817992
pubmed NSLR-HMANN 0 4275 0.47397491335868835 0.5278208684143637
pubmed NSLR-HMANN 0 4300 0.47334378957748413 0.5300893917886436
pubmed NSLR-HMANN 0 4325 0.474753201007843 0.5306507605928997
pubmed NSLR-HMANN 0 4350 0.47418975830078125 0.5290967803001381
pubmed NSLR-HMANN 0 4375 0.48776501417160034 0.5406632333388279
pubmed NSLR-HMANN 0 4400 0.47585412859916687 0.5297069890280086
pubmed NSLR-HMANN 0 4425 0.47629979252815247 0.5374992995460451
pubmed NSLR-HMANN 0 4450 0.4740839898586273 0.526736501718549
pubmed NSLR-HMANN 0 4475 0.47366124391555786 0.5238246012891917
pubmed NSLR-HMANN 0 4500 0.47758713364601135 0.5307606722071151
pubmed NSLR-HMANN 0 4525 0.47513842582702637 0.5200967651870562
pubmed NSLR-HMANN 0 4550 0.4732304513454437 0.5292908555214394
pubmed NSLR-HMANN 0 4575 0.4727499783039093 0.5283520351600547
pubmed NSLR-HMANN 0 4600 0.4762965738773346 0.5452263170694284
pubmed NSLR-HMANN 0 4625 0.4749438464641571 0.5329383784526373
pubmed NSLR-HMANN 0 4650 0.47215715050697327 0.534752386245887
pubmed NSLR-HMANN 0 4675 0.4731053113937378 0.5282380561279589
pubmed NSLR-HMANN 0 4700 0.4800375998020172 0.5353856683389961
pubmed NSLR-HMANN 0 4725 0.4747353792190552 0.5295735116244344
pubmed NSLR-HMANN 0 4750 0.4737611711025238 0.5219795903007504
pubmed NSLR-HMANN 0 4775 0.473822683095932 0.5305706377205278
pubmed NSLR-HMANN 0 4800 0.4744749665260315 0.5304753711209609
pubmed NSLR-HMANN 0 4825 0.4758853614330292 0.5329702708379352
pubmed NSLR-HMANN 0 4850 0.473383367061615 0.5353061284351696
pubmed NSLR-HMANN 0 4875 0.4731590151786804 0.5341426786362156
pubmed NSLR-HMANN 0 4900 0.4725714921951294 0.5288514541658892
pubmed NSLR-HMANN 0 4925 0.47245827317237854 0.5328797619971576
pubmed NSLR-HMANN 0 4950 0.474017471075058 0.529606196723667
pubmed NSLR-HMANN 0 4975 0.4741145372390747 0.530188094334857
pubmed NSLR-HMANN 0 5000 0.4735197126865387 0.5296346957662147
