/home/ubuntu/anaconda3/envs/mei_env/lib/python3.11/site-packages/torch/cuda/__init__.py:63: FutureWarning: The pynvml package is deprecated. Please install nvidia-ml-py instead. If you did not install pynvml directly, please report this to the maintainers of the package that installed pynvml for you.
  import pynvml  # type: ignore[import]
/home/ubuntu/anaconda3/envs/mei_env/lib/python3.11/site-packages/torch/autograd/graph.py:829: UserWarning: Attempting to run cuBLAS, but there was no current CUDA context! Attempting to set the primary context... (Triggered internally at /pytorch/aten/src/ATen/cuda/CublasHandlePool.cpp:179.)
  return Variable._execution_engine.run_backward(  # Calls into the C++ engine to run the backward pass
/home/ubuntu/lchr_v2/HYPERGRAPH_RESEARCH/R_HSPE_BENCHMARK_V17_3/scripts/benchmark173.py:196: UserWarning: Converting a tensor with requires_grad=True to a scalar may lead to unexpected behavior.
Consider using tensor.detach() first. (Triggered internally at /pytorch/torch/csrc/autograd/generated/python_variable_methods.cpp:835.)
  prog(job,state='SMOKE' if smoke else 'RUNNING',epoch=epoch,epochs=epochs,loss=float(loss),valid_mrr=metrics['mrr'],train_seconds=trainsec,elapsed_seconds=time.perf_counter()-start)
citeseer NSLR-HMANN 0 1 0.6955370306968689 0.3344654127107312
citeseer NSLR-HMANN 0 25 0.6516047716140747 0.35844391005845266
citeseer NSLR-HMANN 0 50 0.6304718255996704 0.34899233896826676
citeseer NSLR-HMANN 0 75 0.6271485686302185 0.3491447390429264
citeseer NSLR-HMANN 0 100 0.6250498294830322 0.3410071554900458
citeseer NSLR-HMANN 0 125 0.6250379085540771 0.3563482691551389
citeseer NSLR-HMANN 0 150 0.6280471682548523 0.3506025015999989
citeseer NSLR-HMANN 0 175 0.6233354806900024 0.3607774033361519
citeseer NSLR-HMANN 0 200 0.6212023496627808 0.36504905962002154
citeseer NSLR-HMANN 0 225 0.6233885884284973 0.35549826025065046
citeseer NSLR-HMANN 0 250 0.6198360919952393 0.3583692576046404
citeseer NSLR-HMANN 0 275 0.6189066767692566 0.3650528793789251
citeseer NSLR-HMANN 0 300 0.6207464337348938 0.3587769008608536
citeseer NSLR-HMANN 0 325 0.6173157095909119 0.36255608771071607
citeseer NSLR-HMANN 0 350 0.6198953986167908 0.3803922434952427
citeseer NSLR-HMANN 0 375 0.6223597526550293 0.37251918650187904
citeseer NSLR-HMANN 0 400 0.6164315342903137 0.3860996197020324
citeseer NSLR-HMANN 0 425 0.6059467792510986 0.38170301918409555
citeseer NSLR-HMANN 0 450 0.5975366830825806 0.3437979111111638
citeseer NSLR-HMANN 0 475 0.6101514101028442 0.3587638159663909
citeseer NSLR-HMANN 0 500 0.6009398102760315 0.3813507043079743
citeseer NSLR-HMANN 0 525 0.5895434021949768 0.35151274277973993
citeseer NSLR-HMANN 0 550 0.6267942190170288 0.35455774966113063
citeseer NSLR-HMANN 0 575 0.5973304510116577 0.3491651115508878
citeseer NSLR-HMANN 0 600 0.6002286672592163 0.333246532150325
citeseer NSLR-HMANN 0 625 0.5997547507286072 0.35897056101550723
citeseer NSLR-HMANN 0 650 0.5912706255912781 0.34840904959118024
citeseer NSLR-HMANN 0 675 0.5845246911048889 0.359608704243086
citeseer NSLR-HMANN 0 700 0.5822707414627075 0.3610792454720184
citeseer NSLR-HMANN 0 725 0.5776101350784302 0.36975737381794316
citeseer NSLR-HMANN 0 750 0.5811497569084167 0.35833982164944644
citeseer NSLR-HMANN 0 775 0.5702269673347473 0.3750633299452874
citeseer NSLR-HMANN 0 800 0.5683372616767883 0.3797418778188271
citeseer NSLR-HMANN 0 825 0.5689210295677185 0.37598833995995107
citeseer NSLR-HMANN 0 850 0.5660886764526367 0.36319221537968555
citeseer NSLR-HMANN 0 875 0.5697432160377502 0.3563208747218104
citeseer NSLR-HMANN 0 900 0.5552377104759216 0.36270857659409367
citeseer NSLR-HMANN 0 925 0.5613822340965271 0.37403617081096935
citeseer NSLR-HMANN 0 950 0.5645814538002014 0.33713461421399804
citeseer NSLR-HMANN 0 975 0.5594238638877869 0.3652868334284641
citeseer NSLR-HMANN 0 1000 0.5593238472938538 0.3707153439024254
citeseer NSLR-HMANN 0 1025 0.5527383089065552 0.3648269808459249
citeseer NSLR-HMANN 0 1050 0.5501561760902405 0.3572500126481933
citeseer NSLR-HMANN 0 1075 0.5516139268875122 0.3632809787187455
citeseer NSLR-HMANN 0 1100 0.5499157309532166 0.3507571487831236
citeseer NSLR-HMANN 0 1125 0.5531890988349915 0.34407511665272067
citeseer NSLR-HMANN 0 1150 0.5483749508857727 0.3466178120011946
citeseer NSLR-HMANN 0 1175 0.5438731908798218 0.38647181003736425
citeseer NSLR-HMANN 0 1200 0.5473365187644958 0.35113454671937233
citeseer NSLR-HMANN 0 1225 0.5474388003349304 0.3516818841966139
citeseer NSLR-HMANN 0 1250 0.5454818606376648 0.3541073418753415
citeseer NSLR-HMANN 0 1275 0.5411872863769531 0.34637039736584885
citeseer NSLR-HMANN 0 1300 0.542780339717865 0.3879702630913062
citeseer NSLR-HMANN 0 1325 0.5404877662658691 0.3579781976781131
citeseer NSLR-HMANN 0 1350 0.5441259145736694 0.37425383641815496
citeseer NSLR-HMANN 0 1375 0.5555559396743774 0.3656904361813256
citeseer NSLR-HMANN 0 1400 0.5393787622451782 0.35526893294040496
citeseer NSLR-HMANN 0 1425 0.5465225577354431 0.3543362100409194
citeseer NSLR-HMANN 0 1450 0.5360081791877747 0.3656879787553469
citeseer NSLR-HMANN 0 1475 0.5352280735969543 0.3755557460524318
citeseer NSLR-HMANN 0 1500 0.5499204993247986 0.3591982141688228
citeseer NSLR-HMANN 0 1525 0.5413355827331543 0.36218065102218344
citeseer NSLR-HMANN 0 1550 0.5368859767913818 0.3676674673810556
citeseer NSLR-HMANN 0 1575 0.5355647802352905 0.3694188496129618
citeseer NSLR-HMANN 0 1600 0.5332915186882019 0.37331513634943075
citeseer NSLR-HMANN 0 1625 0.5371241569519043 0.3659398484545782
citeseer NSLR-HMANN 0 1650 0.5345094203948975 0.3724209382668419
citeseer NSLR-HMANN 0 1675 0.5385478138923645 0.3830475221267082
citeseer NSLR-HMANN 0 1700 0.5346754193305969 0.3704288670372739
citeseer NSLR-HMANN 0 1725 0.5361523628234863 0.3716399331874434
citeseer NSLR-HMANN 0 1750 0.5302528738975525 0.37985161511640964
citeseer NSLR-HMANN 0 1775 0.5353314280509949 0.3687964599695209
citeseer NSLR-HMANN 0 1800 0.5380053520202637 0.37636388920639
citeseer NSLR-HMANN 0 1825 0.5323976278305054 0.3625876400686823
citeseer NSLR-HMANN 0 1850 0.5329511761665344 0.35964719185607474
citeseer NSLR-HMANN 0 1875 0.542671263217926 0.3558684104833912
citeseer NSLR-HMANN 0 1900 0.5291008949279785 0.3680991035244932
citeseer NSLR-HMANN 0 1925 0.5375990271568298 0.3792859897800842
citeseer NSLR-HMANN 0 1950 0.5409718751907349 0.372725210597546
citeseer NSLR-HMANN 0 1975 0.5348562598228455 0.39105518022830255
citeseer NSLR-HMANN 0 2000 0.5298965573310852 0.374050181753466
citeseer NSLR-HMANN 0 2025 0.5313997864723206 0.36716594530522323
citeseer NSLR-HMANN 0 2050 0.5314773321151733 0.3681175273878934
citeseer NSLR-HMANN 0 2075 0.5306634902954102 0.3645451844821739
citeseer NSLR-HMANN 0 2100 0.5279037952423096 0.37770308514212036
citeseer NSLR-HMANN 0 2125 0.5184482932090759 0.374166677123879
citeseer NSLR-HMANN 0 2150 0.5186315178871155 0.39544870094013584
citeseer NSLR-HMANN 0 2175 0.5138033628463745 0.38293136518696047
citeseer NSLR-HMANN 0 2200 0.5127695798873901 0.39072122421282285
citeseer NSLR-HMANN 0 2225 0.5034039616584778 0.40299451254924457
citeseer NSLR-HMANN 0 2250 0.5061104893684387 0.3881576468747948
citeseer NSLR-HMANN 0 2275 0.502009928226471 0.39374800835143026
citeseer NSLR-HMANN 0 2300 0.4998382031917572 0.40716486586581785
citeseer NSLR-HMANN 0 2325 0.5005092620849609 0.4073401893572786
citeseer NSLR-HMANN 0 2350 0.5073036551475525 0.3911582908399987
citeseer NSLR-HMANN 0 2375 0.5002237558364868 0.39652025472561203
citeseer NSLR-HMANN 0 2400 0.5050122737884521 0.4140288389009765
citeseer NSLR-HMANN 0 2425 0.4995154142379761 0.42200033361194556
citeseer NSLR-HMANN 0 2450 0.5014463067054749 0.4207938675376381
citeseer NSLR-HMANN 0 2475 0.4999579191207886 0.4282022832415966
citeseer NSLR-HMANN 0 2500 0.497161865234375 0.3854459557269802
citeseer NSLR-HMANN 0 2525 0.49811798334121704 0.4132353988790071
citeseer NSLR-HMANN 0 2550 0.4986018240451813 0.4121022329052771
citeseer NSLR-HMANN 0 2575 0.5850730538368225 0.39339170686652986
citeseer NSLR-HMANN 0 2600 0.5264252424240112 0.3711082928450736
citeseer NSLR-HMANN 0 2625 0.5189536809921265 0.41189149019596644
citeseer NSLR-HMANN 0 2650 0.5167629718780518 0.3940651456269424
citeseer NSLR-HMANN 0 2675 0.5104452967643738 0.3832789250403236
citeseer NSLR-HMANN 0 2700 0.5154682397842407 0.3988070580003655
citeseer NSLR-HMANN 0 2725 0.5097789168357849 0.4039282489429787
citeseer NSLR-HMANN 0 2750 0.5076169371604919 0.3933253953478378
citeseer NSLR-HMANN 0 2775 0.5072000026702881 0.39852055657230845
citeseer NSLR-HMANN 0 2800 0.4996368885040283 0.40158504997500644
citeseer NSLR-HMANN 0 2825 0.5031878352165222 0.4044075530191377
citeseer NSLR-HMANN 0 2850 0.5530394315719604 0.3989071082216293
citeseer NSLR-HMANN 0 2875 0.5284308195114136 0.3934572670214574
citeseer NSLR-HMANN 0 2900 0.519271731376648 0.37705802444775594
citeseer NSLR-HMANN 0 2925 0.515449047088623 0.3821401903455476
citeseer NSLR-HMANN 0 2950 0.5177813172340393 0.3852411410800208
citeseer NSLR-HMANN 0 2975 0.5179550647735596 0.3752601392233966
citeseer NSLR-HMANN 0 3000 0.5137503147125244 0.3812613257987025
citeseer NSLR-HMANN 0 3025 0.5192650556564331 0.3724723514181855
citeseer NSLR-HMANN 0 3050 0.5165172219276428 0.3773938937962546
citeseer NSLR-HMANN 0 3075 0.5175032615661621 0.3657996858352146
citeseer NSLR-HMANN 0 3100 0.5154345035552979 0.37645105703523485
citeseer NSLR-HMANN 0 3125 0.5189713835716248 0.35572339133477826
citeseer NSLR-HMANN 0 3150 0.5142349600791931 0.35960674587176544
citeseer NSLR-HMANN 0 3175 0.5127391219139099 0.37052487249736343
citeseer NSLR-HMANN 0 3200 0.5117957592010498 0.3820275651655815
citeseer NSLR-HMANN 0 3225 0.5162776112556458 0.37567578741321594
citeseer NSLR-HMANN 0 3250 0.5182167887687683 0.3744253272069314
citeseer NSLR-HMANN 0 3275 0.5102782845497131 0.3776367133705072
citeseer NSLR-HMANN 0 3300 0.5142791271209717 0.3708320637452469
citeseer NSLR-HMANN 0 3325 0.5160607099533081 0.3673089708466681
citeseer NSLR-HMANN 0 3350 0.5120982527732849 0.36075577401357195
citeseer NSLR-HMANN 0 3375 0.5140253901481628 0.36648541605903756
citeseer NSLR-HMANN 0 3400 0.513735294342041 0.36759850066525507
citeseer NSLR-HMANN 0 3425 0.5113712549209595 0.3848970664153218
citeseer NSLR-HMANN 0 3450 0.5188058614730835 0.356782474657981
citeseer NSLR-HMANN 0 3475 0.5163644552230835 0.3850995745713835
citeseer NSLR-HMANN 0 3500 0.5153078436851501 0.3706235046366114
citeseer NSLR-HMANN 0 3525 0.5134438872337341 0.3713720879674358
citeseer NSLR-HMANN 0 3550 0.5189395546913147 0.3766474848313611
citeseer NSLR-HMANN 0 3575 0.5132049918174744 0.37577926050754434
citeseer NSLR-HMANN 0 3600 0.5165330767631531 0.37386914876788174
citeseer NSLR-HMANN 0 3625 0.5164887309074402 0.3640267932537542
citeseer NSLR-HMANN 0 3650 0.5090965628623962 0.3836587638632756
citeseer NSLR-HMANN 0 3675 0.5164982676506042 0.3677259279479312
citeseer NSLR-HMANN 0 3700 0.5135821104049683 0.36517045025640793
citeseer NSLR-HMANN 0 3725 0.517076849937439 0.3712664709553391
citeseer NSLR-HMANN 0 3750 0.5172086954116821 0.37367815618640754
citeseer NSLR-HMANN 0 3775 0.5117799043655396 0.36474021777516
citeseer NSLR-HMANN 0 3800 0.5117942094802856 0.3625449150706239
citeseer NSLR-HMANN 0 3825 0.5126340389251709 0.37133480611304154
citeseer NSLR-HMANN 0 3850 0.511357307434082 0.38157316043869693
citeseer NSLR-HMANN 0 3875 0.5123671293258667 0.3877615805625858
citeseer NSLR-HMANN 0 3900 0.511263906955719 0.36588946306591996
citeseer NSLR-HMANN 0 3925 0.5102870464324951 0.3556751494097207
citeseer NSLR-HMANN 0 3950 0.5162942409515381 0.3679656871317514
citeseer NSLR-HMANN 0 3975 0.5117231011390686 0.3816161736818848
citeseer NSLR-HMANN 0 4000 0.5173016786575317 0.3754480048977873
citeseer NSLR-HMANN 0 4025 0.5185449123382568 0.3807223205964699
citeseer NSLR-HMANN 0 4050 0.5112740993499756 0.3737535404060002
citeseer NSLR-HMANN 0 4075 0.5149866938591003 0.3566455835792042
citeseer NSLR-HMANN 0 4100 0.5134904384613037 0.371564158572826
citeseer NSLR-HMANN 0 4125 0.512269139289856 0.3743562088558748
citeseer NSLR-HMANN 0 4150 0.5179164409637451 0.3643015199477536
citeseer NSLR-HMANN 0 4175 0.5162245035171509 0.3748495788666749
citeseer NSLR-HMANN 0 4200 0.5181527733802795 0.3648100462364111
citeseer NSLR-HMANN 0 4225 0.5139658451080322 0.3590612214321656
citeseer NSLR-HMANN 0 4250 0.5130056738853455 0.36652005649274505
citeseer NSLR-HMANN 0 4275 0.514315664768219 0.3681686003108243
citeseer NSLR-HMANN 0 4300 0.5124045014381409 0.37673886703410986
citeseer NSLR-HMANN 0 4325 0.5099571943283081 0.3671777643206361
citeseer NSLR-HMANN 0 4350 0.5152692198753357 0.3725042594462679
citeseer NSLR-HMANN 0 4375 0.5097487568855286 0.35649165945005473
citeseer NSLR-HMANN 0 4400 0.5067633986473083 0.3653596376346339
citeseer NSLR-HMANN 0 4425 0.5098815560340881 0.34865394573390923
citeseer NSLR-HMANN 0 4450 0.5082089900970459 0.3636975390666353
citeseer NSLR-HMANN 0 4475 0.5109785199165344 0.3590998686661935
citeseer NSLR-HMANN 0 4500 0.5123565196990967 0.3824316139868642
citeseer NSLR-HMANN 0 4525 0.5137026906013489 0.38384449076713234
citeseer NSLR-HMANN 0 4550 0.5158576965332031 0.36877152619811604
citeseer NSLR-HMANN 0 4575 0.511968731880188 0.3659281403507137
citeseer NSLR-HMANN 0 4600 0.5089511871337891 0.3643251768833117
citeseer NSLR-HMANN 0 4625 0.509074866771698 0.3598298231336515
citeseer NSLR-HMANN 0 4650 0.5075210332870483 0.36767812486245816
citeseer NSLR-HMANN 0 4675 0.5135446786880493 0.3702059259689407
citeseer NSLR-HMANN 0 4700 0.5112395286560059 0.3645137059264663
citeseer NSLR-HMANN 0 4725 0.5154146552085876 0.3633820863560638
citeseer NSLR-HMANN 0 4750 0.5080408453941345 0.3610517073892165
citeseer NSLR-HMANN 0 4775 0.5068959593772888 0.35323261627270713
citeseer NSLR-HMANN 0 4800 0.5057137608528137 0.3601992443893128
citeseer NSLR-HMANN 0 4825 0.5100932121276855 0.37546817813965017
citeseer NSLR-HMANN 0 4850 0.5103554129600525 0.3713905426574717
citeseer NSLR-HMANN 0 4875 0.5069518089294434 0.37893536270484895
citeseer NSLR-HMANN 0 4900 0.5121300220489502 0.36930156476654075
citeseer NSLR-HMANN 0 4925 0.5085983872413635 0.37166889075261167
citeseer NSLR-HMANN 0 4950 0.5102319121360779 0.37544619449053374
citeseer NSLR-HMANN 0 4975 0.5071174502372742 0.36748414308134586
citeseer NSLR-HMANN 0 5000 0.5099868774414062 0.36589168383265575
