/home/ubuntu/anaconda3/envs/mei_env/lib/python3.11/site-packages/torch/cuda/__init__.py:63: FutureWarning: The pynvml package is deprecated. Please install nvidia-ml-py instead. If you did not install pynvml directly, please report this to the maintainers of the package that installed pynvml for you.
  import pynvml  # type: ignore[import]
/home/ubuntu/anaconda3/envs/mei_env/lib/python3.11/site-packages/torch/autograd/graph.py:829: UserWarning: Attempting to run cuBLAS, but there was no current CUDA context! Attempting to set the primary context... (Triggered internally at /pytorch/aten/src/ATen/cuda/CublasHandlePool.cpp:179.)
  return Variable._execution_engine.run_backward(  # Calls into the C++ engine to run the backward pass
/home/ubuntu/lchr_v2/HYPERGRAPH_RESEARCH/R_HSPE_BENCHMARK_V17_3/scripts/benchmark173.py:196: UserWarning: Converting a tensor with requires_grad=True to a scalar may lead to unexpected behavior.
Consider using tensor.detach() first. (Triggered internally at /pytorch/torch/csrc/autograd/generated/python_variable_methods.cpp:835.)
  prog(job,state='SMOKE' if smoke else 'RUNNING',epoch=epoch,epochs=epochs,loss=float(loss),valid_mrr=metrics['mrr'],train_seconds=trainsec,elapsed_seconds=time.perf_counter()-start)
citeseer NSLR-HMANN 4 1 0.6932421326637268 0.3520096625235791
citeseer NSLR-HMANN 4 25 0.6492307186126709 0.3558115012589174
citeseer NSLR-HMANN 4 50 0.6306954026222229 0.3665109891850866
citeseer NSLR-HMANN 4 75 0.6269229054450989 0.3671471525560719
citeseer NSLR-HMANN 4 100 0.6295270323753357 0.3665367705848946
citeseer NSLR-HMANN 4 125 0.6259579062461853 0.36456896805483846
citeseer NSLR-HMANN 4 150 0.6257743835449219 0.3543343598750645
citeseer NSLR-HMANN 4 175 0.6238817572593689 0.35922011540541704
citeseer NSLR-HMANN 4 200 0.6240471005439758 0.3589423955378116
citeseer NSLR-HMANN 4 225 0.6226537823677063 0.3629632120235085
citeseer NSLR-HMANN 4 250 0.622676432132721 0.36744716555718865
citeseer NSLR-HMANN 4 275 0.623437225818634 0.365070208395279
citeseer NSLR-HMANN 4 300 0.6229062080383301 0.3603922586228134
citeseer NSLR-HMANN 4 325 0.6252562999725342 0.35545640237236104
citeseer NSLR-HMANN 4 350 0.6228612065315247 0.3548161600193078
citeseer NSLR-HMANN 4 375 0.6224082708358765 0.36945910189472736
citeseer NSLR-HMANN 4 400 0.6216316223144531 0.36283734607492474
citeseer NSLR-HMANN 4 425 0.6230931878089905 0.36792607878415495
citeseer NSLR-HMANN 4 450 0.6210873126983643 0.36312013568461243
citeseer NSLR-HMANN 4 475 0.6209938526153564 0.3628698505198758
citeseer NSLR-HMANN 4 500 0.620119571685791 0.36425411668128627
citeseer NSLR-HMANN 4 525 0.6217816472053528 0.35607806648282775
citeseer NSLR-HMANN 4 550 0.6208083033561707 0.3631656229498253
citeseer NSLR-HMANN 4 575 0.6203386187553406 0.3707837246472153
citeseer NSLR-HMANN 4 600 0.6200522184371948 0.36808632324412244
citeseer NSLR-HMANN 4 625 0.6176421046257019 0.36500952416634824
citeseer NSLR-HMANN 4 650 0.638716995716095 0.36979035048380804
citeseer NSLR-HMANN 4 675 0.6198633909225464 0.3681066250343811
citeseer NSLR-HMANN 4 700 0.6168658137321472 0.36007543353085564
citeseer NSLR-HMANN 4 725 0.6202943325042725 0.35373662800150435
citeseer NSLR-HMANN 4 750 0.6168217062950134 0.3631246676353126
citeseer NSLR-HMANN 4 775 0.6146131753921509 0.3693152694296637
citeseer NSLR-HMANN 4 800 0.6139901280403137 0.36183531732879803
citeseer NSLR-HMANN 4 825 0.6091635227203369 0.3644919052939007
citeseer NSLR-HMANN 4 850 0.6030961871147156 0.3557075344653256
citeseer NSLR-HMANN 4 875 0.6320079565048218 0.36838836933915425
citeseer NSLR-HMANN 4 900 0.6093635559082031 0.37463194041493575
citeseer NSLR-HMANN 4 925 0.5895942449569702 0.35820980309377226
citeseer NSLR-HMANN 4 950 0.5854320526123047 0.3540765627379626
citeseer NSLR-HMANN 4 975 0.5843565464019775 0.35527226111949456
citeseer NSLR-HMANN 4 1000 0.5813086628913879 0.34721617895265283
citeseer NSLR-HMANN 4 1025 0.5864295959472656 0.3694290080586298
citeseer NSLR-HMANN 4 1050 0.5895320773124695 0.36552150105122644
citeseer NSLR-HMANN 4 1075 0.5781256556510925 0.3588194009323359
citeseer NSLR-HMANN 4 1100 0.5854137539863586 0.3552115123798202
citeseer NSLR-HMANN 4 1125 0.5836668610572815 0.36248477315582917
citeseer NSLR-HMANN 4 1150 0.5786925554275513 0.35982815652726047
citeseer NSLR-HMANN 4 1175 0.5794191360473633 0.3593891788189807
citeseer NSLR-HMANN 4 1200 0.5753228664398193 0.35835821998483447
citeseer NSLR-HMANN 4 1225 0.5740219950675964 0.3527724273978758
citeseer NSLR-HMANN 4 1250 0.5739557147026062 0.3508333756920451
citeseer NSLR-HMANN 4 1275 0.5709942579269409 0.35446667867682996
citeseer NSLR-HMANN 4 1300 0.5737280249595642 0.3522495917785125
citeseer NSLR-HMANN 4 1325 0.5722863674163818 0.349779705991603
citeseer NSLR-HMANN 4 1350 0.5674470067024231 0.34370528802751493
citeseer NSLR-HMANN 4 1375 0.5637157559394836 0.34152499274735737
citeseer NSLR-HMANN 4 1400 0.5630424618721008 0.3402295167776748
citeseer NSLR-HMANN 4 1425 0.5617772340774536 0.33189213276006285
citeseer NSLR-HMANN 4 1450 0.5624829530715942 0.33814418415061476
citeseer NSLR-HMANN 4 1475 0.5613700747489929 0.3415001402341319
citeseer NSLR-HMANN 4 1500 0.5614224076271057 0.34307587907017134
citeseer NSLR-HMANN 4 1525 0.5560999512672424 0.35449595472712997
citeseer NSLR-HMANN 4 1550 0.5604789853096008 0.3502593115405271
citeseer NSLR-HMANN 4 1575 0.5574883818626404 0.35215656813783547
citeseer NSLR-HMANN 4 1600 0.5566863417625427 0.34520508407440526
citeseer NSLR-HMANN 4 1625 0.5514125227928162 0.3431391378435882
citeseer NSLR-HMANN 4 1650 0.5527660846710205 0.35386385327415176
citeseer NSLR-HMANN 4 1675 0.5489747524261475 0.3475446578186585
citeseer NSLR-HMANN 4 1700 0.5543176531791687 0.35152877976455127
citeseer NSLR-HMANN 4 1725 0.5487083196640015 0.35500508010089166
citeseer NSLR-HMANN 4 1750 0.5483726263046265 0.35601146775980724
citeseer NSLR-HMANN 4 1775 0.5495277643203735 0.3496775291487925
citeseer NSLR-HMANN 4 1800 0.5531283020973206 0.34484532949536156
citeseer NSLR-HMANN 4 1825 0.5563346743583679 0.3442905039463324
citeseer NSLR-HMANN 4 1850 0.5526347756385803 0.35295992329097586
citeseer NSLR-HMANN 4 1875 0.5480302572250366 0.3517005401397322
citeseer NSLR-HMANN 4 1900 0.5452097058296204 0.358873711976677
citeseer NSLR-HMANN 4 1925 0.5521043539047241 0.3514463878312572
citeseer NSLR-HMANN 4 1950 0.5467477440834045 0.33801223806917946
citeseer NSLR-HMANN 4 1975 0.5488905310630798 0.3581813902271206
citeseer NSLR-HMANN 4 2000 0.5481041669845581 0.3511721270944414
citeseer NSLR-HMANN 4 2025 0.5452737212181091 0.3499490608105466
citeseer NSLR-HMANN 4 2050 0.5426133871078491 0.3501203700457666
citeseer NSLR-HMANN 4 2075 0.5470460653305054 0.34634970694046546
citeseer NSLR-HMANN 4 2100 0.5454442501068115 0.35118032805820065
citeseer NSLR-HMANN 4 2125 0.5465566515922546 0.3556868372841968
citeseer NSLR-HMANN 4 2150 0.5426567792892456 0.34409817554397554
citeseer NSLR-HMANN 4 2175 0.5475689172744751 0.3489500199961732
citeseer NSLR-HMANN 4 2200 0.5528498291969299 0.34522245706933585
citeseer NSLR-HMANN 4 2225 0.5448209047317505 0.34746492717588995
citeseer NSLR-HMANN 4 2250 0.5426915884017944 0.33939218486824224
citeseer NSLR-HMANN 4 2275 0.5476521849632263 0.3511903804367765
citeseer NSLR-HMANN 4 2300 0.5428259968757629 0.35454227404657707
citeseer NSLR-HMANN 4 2325 0.5391719341278076 0.35373866624957717
citeseer NSLR-HMANN 4 2350 0.5421602129936218 0.33985937793697507
citeseer NSLR-HMANN 4 2375 0.5416703224182129 0.33786961844015756
citeseer NSLR-HMANN 4 2400 0.5405192971229553 0.3515137228169647
citeseer NSLR-HMANN 4 2425 0.5404874086380005 0.34729944731615464
citeseer NSLR-HMANN 4 2450 0.542638897895813 0.35739176231889774
citeseer NSLR-HMANN 4 2475 0.540579617023468 0.33542698527269793
citeseer NSLR-HMANN 4 2500 0.5414918065071106 0.35432146302497225
citeseer NSLR-HMANN 4 2525 0.5424022674560547 0.3494499191414127
citeseer NSLR-HMANN 4 2550 0.5407926440238953 0.34818498330333275
citeseer NSLR-HMANN 4 2575 0.5390425324440002 0.3484629927217999
citeseer NSLR-HMANN 4 2600 0.5370583534240723 0.35013121190035035
citeseer NSLR-HMANN 4 2625 0.5346184372901917 0.3539466845011982
citeseer NSLR-HMANN 4 2650 0.5379136204719543 0.35185651252756867
citeseer NSLR-HMANN 4 2675 0.5392960906028748 0.34990368396486704
citeseer NSLR-HMANN 4 2700 0.5410019755363464 0.34376959165167864
citeseer NSLR-HMANN 4 2725 0.5399806499481201 0.3384791102494762
citeseer NSLR-HMANN 4 2750 0.5408303737640381 0.3542265976962381
citeseer NSLR-HMANN 4 2775 0.5378701090812683 0.3436379854958775
citeseer NSLR-HMANN 4 2800 0.5320476293563843 0.346475683005804
citeseer NSLR-HMANN 4 2825 0.5339683294296265 0.3422696404497321
citeseer NSLR-HMANN 4 2850 0.5339202284812927 0.34186720905225837
citeseer NSLR-HMANN 4 2875 0.5324425101280212 0.34119434700918866
citeseer NSLR-HMANN 4 2900 0.5341865420341492 0.3469064880601139
citeseer NSLR-HMANN 4 2925 0.538245677947998 0.3626283342367412
citeseer NSLR-HMANN 4 2950 0.535143256187439 0.35203846630041036
citeseer NSLR-HMANN 4 2975 0.5315874218940735 0.34830215438073353
citeseer NSLR-HMANN 4 3000 0.5324942469596863 0.3477267180181421
citeseer NSLR-HMANN 4 3025 0.5370628833770752 0.34544992036161004
citeseer NSLR-HMANN 4 3050 0.5355369448661804 0.33846385969396425
citeseer NSLR-HMANN 4 3075 0.5342452526092529 0.34983596172546133
citeseer NSLR-HMANN 4 3100 0.5309872627258301 0.3546210437839371
citeseer NSLR-HMANN 4 3125 0.5346783995628357 0.35908163008431004
citeseer NSLR-HMANN 4 3150 0.5348309278488159 0.3457281497108081
citeseer NSLR-HMANN 4 3175 0.5322197079658508 0.3594468992627433
citeseer NSLR-HMANN 4 3200 0.5305196642875671 0.35900951488845817
citeseer NSLR-HMANN 4 3225 0.531650722026825 0.36374011133186546
citeseer NSLR-HMANN 4 3250 0.5332028865814209 0.3549702046921466
citeseer NSLR-HMANN 4 3275 0.5319145321846008 0.35904147444565604
citeseer NSLR-HMANN 4 3300 0.5316663384437561 0.35882345432269735
citeseer NSLR-HMANN 4 3325 0.5294438600540161 0.351036305486088
citeseer NSLR-HMANN 4 3350 0.5293622612953186 0.3617548252548798
citeseer NSLR-HMANN 4 3375 0.5321036577224731 0.36498575976334735
citeseer NSLR-HMANN 4 3400 0.5302976965904236 0.3676206147362091
citeseer NSLR-HMANN 4 3425 0.5292078256607056 0.36475997645648905
citeseer NSLR-HMANN 4 3450 0.5305762887001038 0.3550031377200606
citeseer NSLR-HMANN 4 3475 0.5249541997909546 0.36471916409127436
citeseer NSLR-HMANN 4 3500 0.5260476469993591 0.3553910950942497
citeseer NSLR-HMANN 4 3525 0.526108980178833 0.35868778067841095
citeseer NSLR-HMANN 4 3550 0.5265196561813354 0.35250238841518966
citeseer NSLR-HMANN 4 3575 0.5268858075141907 0.3556233676444803
citeseer NSLR-HMANN 4 3600 0.5284392833709717 0.35342428526134423
citeseer NSLR-HMANN 4 3625 0.5248095393180847 0.3730665642486608
citeseer NSLR-HMANN 4 3650 0.5225362777709961 0.3697046925167109
citeseer NSLR-HMANN 4 3675 0.5238606929779053 0.3845804781718435
citeseer NSLR-HMANN 4 3700 0.5195720791816711 0.37283648169530115
citeseer NSLR-HMANN 4 3725 0.5207937359809875 0.3756372823526163
citeseer NSLR-HMANN 4 3750 0.5139201283454895 0.3786561469411539
citeseer NSLR-HMANN 4 3775 0.5122807025909424 0.35883620916967435
citeseer NSLR-HMANN 4 3800 0.5088560581207275 0.3867702548660255
citeseer NSLR-HMANN 4 3825 0.5075218081474304 0.37951307997355516
citeseer NSLR-HMANN 4 3850 0.5137251019477844 0.36759346666995907
citeseer NSLR-HMANN 4 3875 0.5093402862548828 0.3654188155216169
citeseer NSLR-HMANN 4 3900 0.500540018081665 0.3801574013206765
citeseer NSLR-HMANN 4 3925 0.5021241307258606 0.37652207136631793
citeseer NSLR-HMANN 4 3950 0.49943676590919495 0.3738412830598221
citeseer NSLR-HMANN 4 3975 0.4998469054698944 0.3727522117026829
citeseer NSLR-HMANN 4 4000 0.5196920037269592 0.3594950409491946
citeseer NSLR-HMANN 4 4025 0.5093300342559814 0.383006826274444
citeseer NSLR-HMANN 4 4050 0.5030102729797363 0.37917892433242745
citeseer NSLR-HMANN 4 4075 0.4973452389240265 0.3713602827284447
citeseer NSLR-HMANN 4 4100 0.49747785925865173 0.37748207744695794
citeseer NSLR-HMANN 4 4125 0.4887649416923523 0.3733502184991185
citeseer NSLR-HMANN 4 4150 0.48915138840675354 0.3739334331656109
citeseer NSLR-HMANN 4 4175 0.4865947961807251 0.3764359615401609
citeseer NSLR-HMANN 4 4200 0.4848414957523346 0.38476579861449134
citeseer NSLR-HMANN 4 4225 0.486975759267807 0.3761823627675498
citeseer NSLR-HMANN 4 4250 0.4838717579841614 0.37280168480080506
citeseer NSLR-HMANN 4 4275 0.48035475611686707 0.37789051827850395
citeseer NSLR-HMANN 4 4300 0.47827741503715515 0.3793185936499244
citeseer NSLR-HMANN 4 4325 0.4835287630558014 0.36947075985090333
citeseer NSLR-HMANN 4 4350 0.4824979901313782 0.3773525245835362
citeseer NSLR-HMANN 4 4375 0.4798971116542816 0.3701756515443931
citeseer NSLR-HMANN 4 4400 0.4759250581264496 0.3715866164109164
citeseer NSLR-HMANN 4 4425 0.4825533628463745 0.38298404862656577
citeseer NSLR-HMANN 4 4450 0.48018014430999756 0.38192520735584795
citeseer NSLR-HMANN 4 4475 0.4784010052680969 0.38102959768205746
citeseer NSLR-HMANN 4 4500 0.477449893951416 0.3790407728246138
citeseer NSLR-HMANN 4 4525 0.472320020198822 0.3779881774012036
citeseer NSLR-HMANN 4 4550 0.4774217903614044 0.36744969869671523
citeseer NSLR-HMANN 4 4575 0.4880080223083496 0.37961837322082
citeseer NSLR-HMANN 4 4600 0.4803851544857025 0.37045751109423186
citeseer NSLR-HMANN 4 4625 0.47251370549201965 0.3754885969727216
citeseer NSLR-HMANN 4 4650 0.471731573343277 0.3688269888793954
citeseer NSLR-HMANN 4 4675 0.46666380763053894 0.36722755815580527
citeseer NSLR-HMANN 4 4700 0.4959387481212616 0.37039129197975235
citeseer NSLR-HMANN 4 4725 0.47495055198669434 0.36962198546669567
citeseer NSLR-HMANN 4 4750 0.4713831841945648 0.3796174631254281
citeseer NSLR-HMANN 4 4775 0.47114312648773193 0.36944068372734795
citeseer NSLR-HMANN 4 4800 0.46486756205558777 0.3809473325940299
citeseer NSLR-HMANN 4 4825 0.46447643637657166 0.38070343384151845
citeseer NSLR-HMANN 4 4850 0.4674796462059021 0.3808428576813487
citeseer NSLR-HMANN 4 4875 0.4669487476348877 0.3706567522892314
citeseer NSLR-HMANN 4 4900 0.4638374447822571 0.3799132528705229
citeseer NSLR-HMANN 4 4925 0.46612775325775146 0.3846904194285912
citeseer NSLR-HMANN 4 4950 0.46426641941070557 0.3827941061944622
citeseer NSLR-HMANN 4 4975 0.46536359190940857 0.3865096929827703
citeseer NSLR-HMANN 4 5000 0.46954038739204407 0.38248824431449463
