/home/ubuntu/anaconda3/envs/mei_env/lib/python3.11/site-packages/torch/cuda/__init__.py:63: FutureWarning: The pynvml package is deprecated. Please install nvidia-ml-py instead. If you did not install pynvml directly, please report this to the maintainers of the package that installed pynvml for you.
  import pynvml  # type: ignore[import]
/home/ubuntu/anaconda3/envs/mei_env/lib/python3.11/site-packages/torch/autograd/graph.py:829: UserWarning: Attempting to run cuBLAS, but there was no current CUDA context! Attempting to set the primary context... (Triggered internally at /pytorch/aten/src/ATen/cuda/CublasHandlePool.cpp:179.)
  return Variable._execution_engine.run_backward(  # Calls into the C++ engine to run the backward pass
/home/ubuntu/lchr_v2/HYPERGRAPH_RESEARCH/R_HSPE_BENCHMARK_V17_3/scripts/benchmark173.py:196: UserWarning: Converting a tensor with requires_grad=True to a scalar may lead to unexpected behavior.
Consider using tensor.detach() first. (Triggered internally at /pytorch/torch/csrc/autograd/generated/python_variable_methods.cpp:835.)
  prog(job,state='SMOKE' if smoke else 'RUNNING',epoch=epoch,epochs=epochs,loss=float(loss),valid_mrr=metrics['mrr'],train_seconds=trainsec,elapsed_seconds=time.perf_counter()-start)
citeseer NSLR-HMANN 3 1 0.6932888031005859 0.3622192231221364
citeseer NSLR-HMANN 3 25 0.642903208732605 0.36394279612133296
citeseer NSLR-HMANN 3 50 0.6310970783233643 0.3693436423863246
citeseer NSLR-HMANN 3 75 0.6295447945594788 0.3688772065098425
citeseer NSLR-HMANN 3 100 0.6289597153663635 0.36679357833648557
citeseer NSLR-HMANN 3 125 0.6283800005912781 0.3615065567841717
citeseer NSLR-HMANN 3 150 0.6279140710830688 0.3621636406234271
citeseer NSLR-HMANN 3 175 0.6277400255203247 0.3656843188824136
citeseer NSLR-HMANN 3 200 0.6274775266647339 0.36154603945976815
citeseer NSLR-HMANN 3 225 0.627151608467102 0.36871095450816815
citeseer NSLR-HMANN 3 250 0.6264479160308838 0.3580516927301955
citeseer NSLR-HMANN 3 275 0.6266942024230957 0.3638716702163737
citeseer NSLR-HMANN 3 300 0.6266933679580688 0.36380683031472033
citeseer NSLR-HMANN 3 325 0.6263911724090576 0.3574219357289692
citeseer NSLR-HMANN 3 350 0.6261819005012512 0.35255515118276126
citeseer NSLR-HMANN 3 375 0.6261242628097534 0.35717533746014674
citeseer NSLR-HMANN 3 400 0.6267493963241577 0.35523457662646984
citeseer NSLR-HMANN 3 425 0.6260002255439758 0.35297281084368004
citeseer NSLR-HMANN 3 450 0.6240711808204651 0.36043607600784267
citeseer NSLR-HMANN 3 475 0.6207876205444336 0.3540523380737985
citeseer NSLR-HMANN 3 500 0.612007200717926 0.35338845337532615
citeseer NSLR-HMANN 3 525 0.5890476107597351 0.3679991219014828
citeseer NSLR-HMANN 3 550 0.5838891863822937 0.3590389629737156
citeseer NSLR-HMANN 3 575 0.5738031268119812 0.38023683092592414
citeseer NSLR-HMANN 3 600 0.5632380843162537 0.3733042841625308
citeseer NSLR-HMANN 3 625 0.5580347180366516 0.3762714321210523
citeseer NSLR-HMANN 3 650 0.5473514795303345 0.3816901721978372
citeseer NSLR-HMANN 3 675 0.5488031506538391 0.38551391021641696
citeseer NSLR-HMANN 3 700 0.5457935929298401 0.3741939168752428
citeseer NSLR-HMANN 3 725 0.5470408201217651 0.3681712028244741
citeseer NSLR-HMANN 3 750 0.5423322916030884 0.36473940663156584
citeseer NSLR-HMANN 3 775 0.5543494820594788 0.3884412404370874
citeseer NSLR-HMANN 3 800 0.5399430990219116 0.3954107484502938
citeseer NSLR-HMANN 3 825 0.5369814038276672 0.3866064629207181
citeseer NSLR-HMANN 3 850 0.537238359451294 0.3689989623538675
citeseer NSLR-HMANN 3 875 0.5348266959190369 0.3738036924281315
citeseer NSLR-HMANN 3 900 0.5338463187217712 0.3731633725827067
citeseer NSLR-HMANN 3 925 0.5368828773498535 0.3738358150315503
citeseer NSLR-HMANN 3 950 0.5295663475990295 0.3719972706857433
citeseer NSLR-HMANN 3 975 0.5325189232826233 0.3727824669575669
citeseer NSLR-HMANN 3 1000 0.523784339427948 0.3751702472774881
citeseer NSLR-HMANN 3 1025 0.5268860459327698 0.3691177336913211
citeseer NSLR-HMANN 3 1050 0.5217736959457397 0.37438613463098264
citeseer NSLR-HMANN 3 1075 0.5189388394355774 0.3619538500957195
citeseer NSLR-HMANN 3 1100 0.5224393606185913 0.3610911846715709
citeseer NSLR-HMANN 3 1125 0.5230957865715027 0.3739328623524488
citeseer NSLR-HMANN 3 1150 0.5180747509002686 0.3618714816088351
citeseer NSLR-HMANN 3 1175 0.5204628705978394 0.36851868948113553
citeseer NSLR-HMANN 3 1200 0.5217567086219788 0.35936009978286404
citeseer NSLR-HMANN 3 1225 0.5206456184387207 0.3647281540768741
citeseer NSLR-HMANN 3 1250 0.5199772119522095 0.3690748430166537
citeseer NSLR-HMANN 3 1275 0.5183420181274414 0.3717915247110498
citeseer NSLR-HMANN 3 1300 0.5192899703979492 0.375724461138258
citeseer NSLR-HMANN 3 1325 0.5159513354301453 0.3621222242340339
citeseer NSLR-HMANN 3 1350 0.5148302912712097 0.3674180189446961
citeseer NSLR-HMANN 3 1375 0.5112026929855347 0.36888228701948506
citeseer NSLR-HMANN 3 1400 0.5120710134506226 0.366320439019768
citeseer NSLR-HMANN 3 1425 0.5150591135025024 0.35816199325255393
citeseer NSLR-HMANN 3 1450 0.5091395378112793 0.35894397863410843
citeseer NSLR-HMANN 3 1475 0.515200674533844 0.37112702060346664
citeseer NSLR-HMANN 3 1500 0.5084649324417114 0.3672717508158582
citeseer NSLR-HMANN 3 1525 0.5106385946273804 0.36856393249871927
citeseer NSLR-HMANN 3 1550 0.5093784928321838 0.36005611242122615
citeseer NSLR-HMANN 3 1575 0.5097438097000122 0.3654233730760238
citeseer NSLR-HMANN 3 1600 0.5143716335296631 0.3549083149884762
citeseer NSLR-HMANN 3 1625 0.5086823105812073 0.3739253601068429
citeseer NSLR-HMANN 3 1650 0.5043528079986572 0.352144929521636
citeseer NSLR-HMANN 3 1675 0.5115616321563721 0.36395446997338
citeseer NSLR-HMANN 3 1700 0.5068293809890747 0.362049263548152
citeseer NSLR-HMANN 3 1725 0.5040746331214905 0.3619901997329679
citeseer NSLR-HMANN 3 1750 0.5073395371437073 0.35521585785681337
citeseer NSLR-HMANN 3 1775 0.5173048377037048 0.3572155944917501
citeseer NSLR-HMANN 3 1800 0.5032066106796265 0.35974411229385933
citeseer NSLR-HMANN 3 1825 0.5024580359458923 0.3587639527465771
citeseer NSLR-HMANN 3 1850 0.503268837928772 0.3440560857752044
citeseer NSLR-HMANN 3 1875 0.5098706483840942 0.3597743273738214
citeseer NSLR-HMANN 3 1900 0.49638471007347107 0.33778798561040346
citeseer NSLR-HMANN 3 1925 0.5221542119979858 0.35059561972861025
citeseer NSLR-HMANN 3 1950 0.4982233941555023 0.3384067148510487
citeseer NSLR-HMANN 3 1975 0.4969998598098755 0.35332063172995515
citeseer NSLR-HMANN 3 2000 0.4945952296257019 0.3406675660346164
citeseer NSLR-HMANN 3 2025 0.5005614161491394 0.33881823425866053
citeseer NSLR-HMANN 3 2050 0.4949915409088135 0.3381706054727767
citeseer NSLR-HMANN 3 2075 0.4951212406158447 0.3408713094134051
citeseer NSLR-HMANN 3 2100 0.4972904622554779 0.3322361975844607
citeseer NSLR-HMANN 3 2125 0.4964950382709503 0.34109826647895547
citeseer NSLR-HMANN 3 2150 0.49569472670555115 0.3336353955513201
citeseer NSLR-HMANN 3 2175 0.5004086494445801 0.35219690525435127
citeseer NSLR-HMANN 3 2200 0.4935348927974701 0.35623675867313437
citeseer NSLR-HMANN 3 2225 0.4988688826560974 0.34685426879886855
citeseer NSLR-HMANN 3 2250 0.497720330953598 0.33381616248922347
citeseer NSLR-HMANN 3 2275 0.49355024099349976 0.3563659123041838
citeseer NSLR-HMANN 3 2300 0.4903615415096283 0.3461645772104236
citeseer NSLR-HMANN 3 2325 0.4914915859699249 0.34261765835019065
citeseer NSLR-HMANN 3 2350 0.49142351746559143 0.34525275787346
citeseer NSLR-HMANN 3 2375 0.48862946033477783 0.35228716573846214
citeseer NSLR-HMANN 3 2400 0.49268341064453125 0.34249298285096347
citeseer NSLR-HMANN 3 2425 0.4937417209148407 0.33724958236967073
citeseer NSLR-HMANN 3 2450 0.488173246383667 0.34112613992679053
citeseer NSLR-HMANN 3 2475 0.4926691949367523 0.3473014003699278
citeseer NSLR-HMANN 3 2500 0.4914759397506714 0.3424340375924847
citeseer NSLR-HMANN 3 2525 0.4901368319988251 0.3442007003360504
citeseer NSLR-HMANN 3 2550 0.48460209369659424 0.35468446658760483
citeseer NSLR-HMANN 3 2575 0.49211952090263367 0.35855913726697675
citeseer NSLR-HMANN 3 2600 0.4805409610271454 0.35399846253847833
citeseer NSLR-HMANN 3 2625 0.4870334267616272 0.34221543530217036
citeseer NSLR-HMANN 3 2650 0.4859037697315216 0.35596618348865317
citeseer NSLR-HMANN 3 2675 0.48723748326301575 0.3444003294092287
citeseer NSLR-HMANN 3 2700 0.48708614706993103 0.3458304978127062
citeseer NSLR-HMANN 3 2725 0.49169299006462097 0.38199712945471326
citeseer NSLR-HMANN 3 2750 0.48671209812164307 0.35225121251396124
citeseer NSLR-HMANN 3 2775 0.48884475231170654 0.34286703656086237
citeseer NSLR-HMANN 3 2800 0.48343950510025024 0.3472366243923847
citeseer NSLR-HMANN 3 2825 0.4843568801879883 0.3466073133460376
citeseer NSLR-HMANN 3 2850 0.48468512296676636 0.3632614834168619
citeseer NSLR-HMANN 3 2875 0.4848455786705017 0.35123452052691284
citeseer NSLR-HMANN 3 2900 0.48298197984695435 0.36367773328432623
citeseer NSLR-HMANN 3 2925 0.48629745841026306 0.35121946899149203
citeseer NSLR-HMANN 3 2950 0.48738110065460205 0.35897324507119105
citeseer NSLR-HMANN 3 2975 0.4837222397327423 0.34698733419563743
citeseer NSLR-HMANN 3 3000 0.48709622025489807 0.35149573465182227
citeseer NSLR-HMANN 3 3025 0.48084425926208496 0.36327271888349205
citeseer NSLR-HMANN 3 3050 0.4812515377998352 0.374938054093071
citeseer NSLR-HMANN 3 3075 0.48742830753326416 0.3565633284450199
citeseer NSLR-HMANN 3 3100 0.4828492999076843 0.3496036690404607
citeseer NSLR-HMANN 3 3125 0.484244704246521 0.34359325061630674
citeseer NSLR-HMANN 3 3150 0.47885552048683167 0.34956988632146496
citeseer NSLR-HMANN 3 3175 0.47967827320098877 0.3639494755474489
citeseer NSLR-HMANN 3 3200 0.48039644956588745 0.35136726017186587
citeseer NSLR-HMANN 3 3225 0.47749802470207214 0.3344423027823759
citeseer NSLR-HMANN 3 3250 0.4816726744174957 0.35746920174215907
citeseer NSLR-HMANN 3 3275 0.47900182008743286 0.36672243420804546
citeseer NSLR-HMANN 3 3300 0.4787262976169586 0.3543219280170495
citeseer NSLR-HMANN 3 3325 0.47682714462280273 0.35656194834278193
citeseer NSLR-HMANN 3 3350 0.4797469973564148 0.33893268379261476
citeseer NSLR-HMANN 3 3375 0.4794890880584717 0.3549684069448189
citeseer NSLR-HMANN 3 3400 0.47714757919311523 0.3559418547633043
citeseer NSLR-HMANN 3 3425 0.4712219834327698 0.3500084284450292
citeseer NSLR-HMANN 3 3450 0.47031980752944946 0.3617609067691582
citeseer NSLR-HMANN 3 3475 0.47724002599716187 0.35864826681662926
citeseer NSLR-HMANN 3 3500 0.47616735100746155 0.3470723072399264
citeseer NSLR-HMANN 3 3525 0.4740757346153259 0.35845984987721324
citeseer NSLR-HMANN 3 3550 0.47461119294166565 0.35228473980144714
citeseer NSLR-HMANN 3 3575 0.4781635105609894 0.34841149327858456
citeseer NSLR-HMANN 3 3600 0.4741531312465668 0.35205857302562205
citeseer NSLR-HMANN 3 3625 0.4761289358139038 0.35652395518600294
citeseer NSLR-HMANN 3 3650 0.48092544078826904 0.36399153242690563
citeseer NSLR-HMANN 3 3675 0.4754526615142822 0.345744559397026
citeseer NSLR-HMANN 3 3700 0.47712433338165283 0.3467208784640012
citeseer NSLR-HMANN 3 3725 0.47259721159935 0.3468735819984099
citeseer NSLR-HMANN 3 3750 0.4719286262989044 0.3360471338443202
citeseer NSLR-HMANN 3 3775 0.478824645280838 0.33606489575823056
citeseer NSLR-HMANN 3 3800 0.47154489159584045 0.34836024947503924
citeseer NSLR-HMANN 3 3825 0.4755583107471466 0.3356301051170188
citeseer NSLR-HMANN 3 3850 0.47009995579719543 0.3340959289123867
citeseer NSLR-HMANN 3 3875 0.4744577705860138 0.34128385883561757
citeseer NSLR-HMANN 3 3900 0.4706636667251587 0.34254198847800954
citeseer NSLR-HMANN 3 3925 0.46950578689575195 0.34246786438467536
citeseer NSLR-HMANN 3 3950 0.47036856412887573 0.3609847332208593
citeseer NSLR-HMANN 3 3975 0.4716372489929199 0.36146674091976255
citeseer NSLR-HMANN 3 4000 0.47186052799224854 0.33788383447723885
citeseer NSLR-HMANN 3 4025 0.47363343834877014 0.35661910690534826
citeseer NSLR-HMANN 3 4050 0.46536922454833984 0.3740265983552355
citeseer NSLR-HMANN 3 4075 0.47089651226997375 0.36808816118529575
citeseer NSLR-HMANN 3 4100 0.4726206362247467 0.34704026500527513
citeseer NSLR-HMANN 3 4125 0.46816205978393555 0.3671458055014608
citeseer NSLR-HMANN 3 4150 0.473625123500824 0.3545864900773454
citeseer NSLR-HMANN 3 4175 0.4792243242263794 0.3503959499695714
citeseer NSLR-HMANN 3 4200 0.476921021938324 0.35364504352379594
citeseer NSLR-HMANN 3 4225 0.47045156359672546 0.35967726001277106
citeseer NSLR-HMANN 3 4250 0.4707064926624298 0.3416165538165034
citeseer NSLR-HMANN 3 4275 0.46841803193092346 0.3399218169565342
citeseer NSLR-HMANN 3 4300 0.4665983319282532 0.34704686975864396
citeseer NSLR-HMANN 3 4325 0.4698885679244995 0.35400431882340205
citeseer NSLR-HMANN 3 4350 0.47155460715293884 0.34481541121402143
citeseer NSLR-HMANN 3 4375 0.4648679196834564 0.34961126552587396
citeseer NSLR-HMANN 3 4400 0.4676688611507416 0.3571899448005885
citeseer NSLR-HMANN 3 4425 0.4652717113494873 0.3487567407747166
citeseer NSLR-HMANN 3 4450 0.4653221368789673 0.3618117335899418
citeseer NSLR-HMANN 3 4475 0.4633834958076477 0.3680140257756153
citeseer NSLR-HMANN 3 4500 0.4660710394382477 0.3525551617232377
citeseer NSLR-HMANN 3 4525 0.46140962839126587 0.34337208013985476
citeseer NSLR-HMANN 3 4550 0.46402275562286377 0.3331721418011499
citeseer NSLR-HMANN 3 4575 0.4698590636253357 0.3285828009128633
citeseer NSLR-HMANN 3 4600 0.4623193144798279 0.3373166265177081
citeseer NSLR-HMANN 3 4625 0.46317723393440247 0.3405730875243361
citeseer NSLR-HMANN 3 4650 0.4629870355129242 0.34128362970798976
citeseer NSLR-HMANN 3 4675 0.46566686034202576 0.332052814356486
citeseer NSLR-HMANN 3 4700 0.45998960733413696 0.33795677881308195
citeseer NSLR-HMANN 3 4725 0.46545088291168213 0.34839679947595825
citeseer NSLR-HMANN 3 4750 0.463376522064209 0.340214023072106
citeseer NSLR-HMANN 3 4775 0.46035662293434143 0.35021519338290796
citeseer NSLR-HMANN 3 4800 0.4604570269584656 0.34490120832676174
citeseer NSLR-HMANN 3 4825 0.4626004099845886 0.35736661518327073
citeseer NSLR-HMANN 3 4850 0.46306031942367554 0.368734324617871
citeseer NSLR-HMANN 3 4875 0.4615013897418976 0.35379673187975036
citeseer NSLR-HMANN 3 4900 0.45844072103500366 0.367516213001306
citeseer NSLR-HMANN 3 4925 0.4588874280452728 0.3608395421319072
citeseer NSLR-HMANN 3 4950 0.45815780758857727 0.34650518682122866
citeseer NSLR-HMANN 3 4975 0.45780569314956665 0.3609165280497505
citeseer NSLR-HMANN 3 5000 0.46049752831459045 0.3641677270310268
