/home/ubuntu/anaconda3/envs/mei_env/lib/python3.11/site-packages/torch/cuda/__init__.py:63: FutureWarning: The pynvml package is deprecated. Please install nvidia-ml-py instead. If you did not install pynvml directly, please report this to the maintainers of the package that installed pynvml for you.
  import pynvml  # type: ignore[import]
/home/ubuntu/AFDR_V9_scripts/run_feature_topology_controls.py:100: RuntimeWarning: divide by zero encountered in divide
  ra_adj = adj.multiply(np.where(degree > 0, 1.0 / degree, 0.0)).tocsr()
{
  "dataset": "ogbl-collab_CN_2_1_0_seed1",
  "seed": 1,
  "adapter_summary": {
    "dataset_name": "ogbl-collab_CN_2_1_0_seed1",
    "num_nodes": 235868,
    "feature_shape": [
      235868,
      128
    ],
    "message_edge_index_shape": [
      2,
      1733096
    ],
    "message_edge_index_hash": "9f7c3d699b039c5ce37c1c50aa53abfa464df6c897b18c8b79f5d3ad8b101eee",
    "train_pos_shape": [
      1697336,
      2
    ],
    "valid_pos_shape": [
      23669,
      2
    ],
    "test_pos_shape": [
      9048,
      2
    ],
    "valid_neg_shape": [
      23669,
      250,
      2
    ],
    "test_neg_shape": [
      9048,
      250,
      2
    ],
    "train_pos_hash": "5db0173da159b5e79b4a641786b127644d64bb2593b273e11e76b29521e49a4a",
    "valid_pos_hash": "6c16deb8c6b39dd25f93b76798bcebd62704015c1e5729cd4102fc7371ca35c3",
    "test_pos_hash": "8f8c0805601d73ee91da361d1c6e695d4a3bc74602c46ffa2886f6004d98bf3a",
    "valid_neg_hash": "24ee3173d984974fd9c9fef4cb133a0e04722b6f8f28415b4fd7c2dafbf0f51d",
    "test_neg_hash": "10bd6bd21860ffd4a9b3c525205bfc6919be607e7b3534e1b8d135f575d313d4",
    "valid_neg_file_hash": "e6f350a6f951621ebe6037317f0fb94afa6ce90359277ec05a2250c91df4c544",
    "test_neg_file_hash": "a9e97e35b6cd5e13532d6dbe115d6cad5cdb5ff9e39f89d985c4a9e61691e1df"
  },
  "feature_names": [
    "log_degree_min",
    "log_degree_max",
    "log_degree_product",
    "log_degree_gap",
    "log_cn",
    "cn_normalized",
    "log_aa",
    "log_ra",
    "feature_cosine",
    "feature_abs_diff"
  ],
  "normalization_mean": [
    1.6668297052383423,
    2.695657968521118,
    3.8239128589630127,
    1.0277148485183716,
    1.0294758081436157,
    0.27721360325813293,
    0.6571756601333618,
    0.20832669734954834,
    0.8776524662971497,
    0.07803324609994888
  ],
  "normalization_std": [
    1.1105129718780518,
    1.105713129043579,
    2.4705796241760254,
    0.902097761631012,
    1.181389331817627,
    0.34211423993110657,
    0.7591058015823364,
    0.25080227851867676,
    0.09835267066955566,
    0.042998459190130234
  ],
  "protocol": {
    "train_negative_protocol": "uniform_non_message_edges",
    "target_masking": "degree statistics masked for train positives; no message encoder in controls",
    "test_used_for_selection": false,
    "shared_negative_hashes": [
      "3179914f1392625153a1852fba01d8ff043ee74ab3db51ccce0bc74d8d14f95f",
      "1612d9d2957202960889ef31ab4da4e8b2e7d08bf555700336169c2dfc411199",
      "a9faf9f01ea4874c7f2c8e3e73f023264619a3651142830caa4946705f2be056",
      "e189d60494f0ccf3c8a3466ef28d15cd1d82e46945b0fb478e7d8fc9e5e400b2"
    ],
    "shared_order_hashes": [
      "37ae5dd362ddf143811196e7f5bb2cb7ccc7000143807ea8e769f32e64b0b09a",
      "731bd658f476dbca46d2ed78379f56e1948c7777aac5249b9cc1685ad3db8a1e",
      "af07513dfa894aaf78692f3261b3458cf87d7f9a0abe5e2eefcdf5b5dd19bcf2",
      "7ccf4366d8d33281f1980b59915217abf37236f6e69df0708c4f5eaa3af20151"
    ]
  },
  "cache_seconds": 261.92723907204345,
  "eval_feature_seconds": 63.64496366633102,
  "models": {
    "FeatureCosine": {
      "validation": {
        "mrr": 0.5269822822205814,
        "hits10": 0.8352275127804301,
        "hits20": 0.924880645570155,
        "hits50": 0.9844522371033841,
        "hits100": 0.9983522751278043,
        "mean_positive_rank": 6.548354387595589
      },
      "test": {
        "mrr": 0.5384033728959046,
        "hits10": 0.8469274977895668,
        "hits20": 0.9286030061892131,
        "hits50": 0.985079575596817,
        "hits100": 0.9979000884173298,
        "mean_positive_rank": 6.30868700265252
      },
      "best_epoch": null,
      "runtime_seconds": 0.0,
      "peak_gpu_memory_mb": null,
      "parameter_count": 0,
      "prediction_file": "/home/ubuntu/AFDR_V7/raw/v9_controls_2_1_seed1_FeatureCosine.pred.npz",
      "training_budget": {
        "trained": false,
        "score": "FeatureCosine",
        "tie_rule": "official average rank"
      }
    },
    "TopologyRA": {
      "validation": {
        "mrr": 0.40570755923645835,
        "hits10": 0.4328868984747983,
        "hits20": 0.4328868984747983,
        "hits50": 0.4328868984747983,
        "hits100": 0.4328868984747983,
        "mean_positive_rank": 72.0591702226541
      },
      "test": {
        "mrr": 0.007925041751681905,
        "hits10": 0.0,
        "hits20": 0.0,
        "hits50": 0.0,
        "hits100": 0.0,
        "mean_positive_rank": 126.18330017683466
      },
      "best_epoch": null,
      "runtime_seconds": 0.0,
      "peak_gpu_memory_mb": null,
      "parameter_count": 0,
      "prediction_file": "/home/ubuntu/AFDR_V7/raw/v9_controls_2_1_seed1_TopologyRA.pred.npz",
      "training_budget": {
        "trained": false,
        "score": "TopologyRA",
        "tie_rule": "official average rank"
      }
    },
    "FeatureMLP": {
      "validation": {
        "mrr": 0.5259709055354599,
        "hits10": 0.8327348007942879,
        "hits20": 0.9226414297181968,
        "hits50": 0.9836917487008323,
        "hits100": 0.9984367738391989,
        "mean_positive_rank": 6.654780514597152
      },
      "test": {
        "mrr": 0.537919570263088,
        "hits10": 0.8470380194518126,
        "hits20": 0.9278293545534925,
        "hits50": 0.9854111405835544,
        "hits100": 0.997789566755084,
        "mean_positive_rank": 6.360632183908046
      },
      "best_epoch": 0,
      "runtime_seconds": 4.605372477322817,
      "peak_gpu_memory_mb": 237.259765625,
      "parameter_count": 257,
      "prediction_file": "/home/ubuntu/AFDR_V7/raw/v9_controls_2_1_seed1_FeatureMLP.pred.npz",
      "trace": [
        {
          "epoch": 0,
          "mean_loss": 0.6138227031781123,
          "validation": {
            "mrr": 0.5259709055354599,
            "hits10": 0.8327348007942879,
            "hits20": 0.9226414297181968,
            "hits50": 0.9836917487008323,
            "hits100": 0.9984367738391989,
            "mean_positive_rank": 6.654780514597152
          },
          "negative_hash": "3179914f1392625153a1852fba01d8ff043ee74ab3db51ccce0bc74d8d14f95f",
          "order_hash": "37ae5dd362ddf143811196e7f5bb2cb7ccc7000143807ea8e769f32e64b0b09a"
        },
        {
          "epoch": 1,
          "mean_loss": 0.5363845274998591,
          "validation": {
            "mrr": 0.5228053586451338,
            "hits10": 0.8307490810765136,
            "hits20": 0.9225146816511048,
            "hits50": 0.9837762474122269,
            "hits100": 0.9983100257721069,
            "mean_positive_rank": 6.693734420550086
          },
          "negative_hash": "1612d9d2957202960889ef31ab4da4e8b2e7d08bf555700336169c2dfc411199",
          "order_hash": "731bd658f476dbca46d2ed78379f56e1948c7777aac5249b9cc1685ad3db8a1e"
        },
        {
          "epoch": 2,
          "mean_loss": 0.4719607073527116,
          "validation": {
            "mrr": 0.5220567941865735,
            "hits10": 0.8302420888081457,
            "hits20": 0.9223034348726182,
            "hits50": 0.9837339980565296,
            "hits100": 0.9982677764164096,
            "mean_positive_rank": 6.706662723393468
          },
          "negative_hash": "a9faf9f01ea4874c7f2c8e3e73f023264619a3651142830caa4946705f2be056",
          "order_hash": "af07513dfa894aaf78692f3261b3458cf87d7f9a0abe5e2eefcdf5b5dd19bcf2"
        },
        {
          "epoch": 3,
          "mean_loss": 0.4190163451891679,
          "validation": {
            "mrr": 0.5221031147453444,
            "hits10": 0.8303265875195404,
            "hits20": 0.9222189361612235,
            "hits50": 0.9836917487008323,
            "hits100": 0.9982677764164096,
            "mean_positive_rank": 6.706451476614982
          },
          "negative_hash": "e189d60494f0ccf3c8a3466ef28d15cd1d82e46945b0fb478e7d8fc9e5e400b2",
          "order_hash": "7ccf4366d8d33281f1980b59915217abf37236f6e69df0708c4f5eaa3af20151"
        }
      ],
      "training_budget": {
        "epochs": 4,
        "batch_size": 262144,
        "optimizer": "AdamW",
        "lr": 0.001,
        "weight_decay": 0.0001
      }
    },
    "TopologyMLP": {
      "validation": {
        "mrr": 0.1653196598279161,
        "hits10": 0.3349951413240948,
        "hits20": 0.47374202543411215,
        "hits50": 0.6851578013435295,
        "hits100": 0.8981790527694453,
        "mean_positive_rank": 39.50821749968313
      },
      "test": {
        "mrr": 0.03819611601517875,
        "hits10": 0.07747568523430592,
        "hits20": 0.1862290008841733,
        "hits50": 0.47458001768346597,
        "hits100": 0.8574270557029178,
        "mean_positive_rank": 58.88251547303271
      },
      "best_epoch": 3,
      "runtime_seconds": 4.2149663348682225,
      "peak_gpu_memory_mb": 237.26416015625,
      "parameter_count": 641,
      "prediction_file": "/home/ubuntu/AFDR_V7/raw/v9_controls_2_1_seed1_TopologyMLP.pred.npz",
      "trace": [
        {
          "epoch": 0,
          "mean_loss": 0.5839952138754038,
          "validation": {
            "mrr": 0.1458399569430248,
            "hits10": 0.25641133972706914,
            "hits20": 0.3639781993324602,
            "hits50": 0.6315433689636233,
            "hits100": 0.8596476403734843,
            "mean_positive_rank": 46.86110524314504
          },
          "negative_hash": "3179914f1392625153a1852fba01d8ff043ee74ab3db51ccce0bc74d8d14f95f",
          "order_hash": "37ae5dd362ddf143811196e7f5bb2cb7ccc7000143807ea8e769f32e64b0b09a"
        },
        {
          "epoch": 1,
          "mean_loss": 0.49334993270727306,
          "validation": {
            "mrr": 0.1562167099494475,
            "hits10": 0.3004774177193798,
            "hits20": 0.42490177024800374,
            "hits50": 0.6807216189953104,
            "hits100": 0.8985592969707212,
            "mean_positive_rank": 40.924373653301785
          },
          "negative_hash": "1612d9d2957202960889ef31ab4da4e8b2e7d08bf555700336169c2dfc411199",
          "order_hash": "731bd658f476dbca46d2ed78379f56e1948c7777aac5249b9cc1685ad3db8a1e"
        },
        {
          "epoch": 2,
          "mean_loss": 0.4194340476622948,
          "validation": {
            "mrr": 0.16079970101106536,
            "hits10": 0.32172884363513454,
            "hits20": 0.4562507921754193,
            "hits50": 0.6846508090751616,
            "hits100": 0.8981790527694453,
            "mean_positive_rank": 39.95092737335756
          },
          "negative_hash": "a9faf9f01ea4874c7f2c8e3e73f023264619a3651142830caa4946705f2be056",
          "order_hash": "af07513dfa894aaf78692f3261b3458cf87d7f9a0abe5e2eefcdf5b5dd19bcf2"
        },
        {
          "epoch": 3,
          "mean_loss": 0.35598605412703294,
          "validation": {
            "mrr": 0.1653196598279161,
            "hits10": 0.3349951413240948,
            "hits20": 0.47374202543411215,
            "hits50": 0.6851578013435295,
            "hits100": 0.8981790527694453,
            "mean_positive_rank": 39.50821749968313
          },
          "negative_hash": "e189d60494f0ccf3c8a3466ef28d15cd1d82e46945b0fb478e7d8fc9e5e400b2",
          "order_hash": "7ccf4366d8d33281f1980b59915217abf37236f6e69df0708c4f5eaa3af20151"
        }
      ],
      "training_budget": {
        "epochs": 4,
        "batch_size": 262144,
        "optimizer": "AdamW",
        "lr": 0.001,
        "weight_decay": 0.0001
      }
    },
    "LinearFusion": {
      "validation": {
        "mrr": 0.30051956631608456,
        "hits10": 0.5525793231653218,
        "hits20": 0.6730744856140943,
        "hits50": 0.8085681693354176,
        "hits100": 0.9480332924922895,
        "mean_positive_rank": 24.670877519117834
      },
      "test": {
        "mrr": 0.3847004955059626,
        "hits10": 0.7829354553492485,
        "hits20": 0.9106984969053935,
        "hits50": 0.9855216622458002,
        "hits100": 0.9980106100795756,
        "mean_positive_rank": 7.972038019451812
      },
      "best_epoch": 1,
      "runtime_seconds": 3.763217874802649,
      "peak_gpu_memory_mb": 48.25537109375,
      "parameter_count": 11,
      "prediction_file": "/home/ubuntu/AFDR_V7/raw/v9_controls_2_1_seed1_LinearFusion.pred.npz",
      "trace": [
        {
          "epoch": 0,
          "mean_loss": 0.6751596239896921,
          "validation": {
            "mrr": 0.17638274351725883,
            "hits10": 0.3532891123410368,
            "hits20": 0.5200050699226837,
            "hits50": 0.6870590223499091,
            "hits100": 0.7682200346444716,
            "mean_positive_rank": 53.8893911867844
          },
          "negative_hash": "3179914f1392625153a1852fba01d8ff043ee74ab3db51ccce0bc74d8d14f95f",
          "order_hash": "37ae5dd362ddf143811196e7f5bb2cb7ccc7000143807ea8e769f32e64b0b09a"
        },
        {
          "epoch": 1,
          "mean_loss": 0.6325432520646316,
          "validation": {
            "mrr": 0.30051956631608456,
            "hits10": 0.5525793231653218,
            "hits20": 0.6730744856140943,
            "hits50": 0.8085681693354176,
            "hits100": 0.9480332924922895,
            "mean_positive_rank": 24.670877519117834
          },
          "negative_hash": "1612d9d2957202960889ef31ab4da4e8b2e7d08bf555700336169c2dfc411199",
          "order_hash": "731bd658f476dbca46d2ed78379f56e1948c7777aac5249b9cc1685ad3db8a1e"
        },
        {
          "epoch": 2,
          "mean_loss": 0.5925630514438336,
          "validation": {
            "mrr": 0.26908160830547595,
            "hits10": 0.5361865731547594,
            "hits20": 0.7311673496979171,
            "hits50": 0.9397101694199164,
            "hits100": 0.9933246017998225,
            "mean_positive_rank": 16.108876589632008
          },
          "negative_hash": "a9faf9f01ea4874c7f2c8e3e73f023264619a3651142830caa4946705f2be056",
          "order_hash": "af07513dfa894aaf78692f3261b3458cf87d7f9a0abe5e2eefcdf5b5dd19bcf2"
        },
        {
          "epoch": 3,
          "mean_loss": 0.5557170601991507,
          "validation": {
            "mrr": 0.2567416932550196,
            "hits10": 0.5328488740546706,
            "hits20": 0.764628839410199,
            "hits50": 0.9641302970129706,
            "hits100": 0.9979720309265284,
            "mean_positive_rank": 14.301195656766234
          },
          "negative_hash": "e189d60494f0ccf3c8a3466ef28d15cd1d82e46945b0fb478e7d8fc9e5e400b2",
          "order_hash": "7ccf4366d8d33281f1980b59915217abf37236f6e69df0708c4f5eaa3af20151"
        }
      ],
      "training_budget": {
        "epochs": 4,
        "batch_size": 262144,
        "optimizer": "AdamW",
        "lr": 0.001,
        "weight_decay": 0.0001
      }
    },
    "ParamMatchedFusion": {
      "validation": {
        "mrr": 0.5176980456756141,
        "hits10": 0.8145253284887406,
        "hits20": 0.9286830875829144,
        "hits50": 0.98909966623009,
        "hits100": 0.9988592673961723,
        "mean_positive_rank": 6.63775402425113
      },
      "test": {
        "mrr": 0.26880242918434605,
        "hits10": 0.7217064544650752,
        "hits20": 0.8929045092838196,
        "hits50": 0.9832007073386384,
        "hits100": 0.9984526967285589,
        "mean_positive_rank": 9.64080459770115
      },
      "best_epoch": 3,
      "runtime_seconds": 5.686180057004094,
      "peak_gpu_memory_mb": 931.5927734375,
      "parameter_count": 29029,
      "prediction_file": "/home/ubuntu/AFDR_V7/raw/v9_controls_2_1_seed1_ParamMatchedFusion.pred.npz",
      "trace": [
        {
          "epoch": 0,
          "mean_loss": 0.4431403691952045,
          "validation": {
            "mrr": 0.3516943825730624,
            "hits10": 0.6256284591659977,
            "hits20": 0.8214119734674046,
            "hits50": 0.9779035869702987,
            "hits100": 0.9995352570873294,
            "mean_positive_rank": 11.377033250242933
          },
          "negative_hash": "3179914f1392625153a1852fba01d8ff043ee74ab3db51ccce0bc74d8d14f95f",
          "order_hash": "37ae5dd362ddf143811196e7f5bb2cb7ccc7000143807ea8e769f32e64b0b09a"
        },
        {
          "epoch": 1,
          "mean_loss": 0.10804016859485553,
          "validation": {
            "mrr": 0.36900144687703873,
            "hits10": 0.6809751151294943,
            "hits20": 0.8643373188558875,
            "hits50": 0.9855507203515146,
            "hits100": 0.9994930077316321,
            "mean_positive_rank": 9.714014111284802
          },
          "negative_hash": "1612d9d2957202960889ef31ab4da4e8b2e7d08bf555700336169c2dfc411199",
          "order_hash": "731bd658f476dbca46d2ed78379f56e1948c7777aac5249b9cc1685ad3db8a1e"
        },
        {
          "epoch": 2,
          "mean_loss": 0.031001573285231225,
          "validation": {
            "mrr": 0.4504562885831855,
            "hits10": 0.7599814102834932,
            "hits20": 0.9097131268748152,
            "hits50": 0.9900714014111285,
            "hits100": 0.9989860154632642,
            "mean_positive_rank": 7.671131015252017
          },
          "negative_hash": "a9faf9f01ea4874c7f2c8e3e73f023264619a3651142830caa4946705f2be056",
          "order_hash": "af07513dfa894aaf78692f3261b3458cf87d7f9a0abe5e2eefcdf5b5dd19bcf2"
        },
        {
          "epoch": 3,
          "mean_loss": 0.016398933357917346,
          "validation": {
            "mrr": 0.5176980456756141,
            "hits10": 0.8145253284887406,
            "hits20": 0.9286830875829144,
            "hits50": 0.98909966623009,
            "hits100": 0.9988592673961723,
            "mean_positive_rank": 6.63775402425113
          },
          "negative_hash": "e189d60494f0ccf3c8a3466ef28d15cd1d82e46945b0fb478e7d8fc9e5e400b2",
          "order_hash": "7ccf4366d8d33281f1980b59915217abf37236f6e69df0708c4f5eaa3af20151"
        }
      ],
      "training_budget": {
        "epochs": 4,
        "batch_size": 262144,
        "optimizer": "AdamW",
        "lr": 0.001,
        "weight_decay": 0.0001
      }
    }
  },
  "control_parameter_target": {
    "DCDLP": 28966,
    "ParamMatchedFusion": 29029
  }
}
	Command being timed: "timeout 1800 python /home/ubuntu/AFDR_V9_scripts/run_feature_topology_controls.py --repo /home/ubuntu/AFDR_V7/repo/LPShift-main --dataset ogbl-collab_CN_2_1_0_seed1 --seed 1 --output /home/ubuntu/AFDR_V7/raw/v9_controls_2_1_seed1.json --cache-dir /home/ubuntu/AFDR_V7/raw/v9_control_cache --epochs 4 --batch-size 262144 --feature-batch-size 100000"
	User time (seconds): 279.05
	System time (seconds): 19.46
	Percent of CPU this job got: 103%
	Elapsed (wall clock) time (h:mm:ss or m:ss): 4:49.22
	Average shared text size (kbytes): 0
	Average unshared data size (kbytes): 0
	Average stack size (kbytes): 0
	Average total size (kbytes): 0
	Maximum resident set size (kbytes): 2648188
	Average resident set size (kbytes): 0
	Major (requiring I/O) page faults: 0
	Minor (reclaiming a frame) page faults: 2486363
	Voluntary context switches: 873
	Involuntary context switches: 1408
	Swaps: 0
	File system inputs: 0
	File system outputs: 1203272
	Socket messages sent: 0
	Socket messages received: 0
	Signals delivered: 0
	Page size (bytes): 4096
	Exit status: 0
