/home/zhoulihui/anaconda3/envs/mei_qths_repro/lib/python3.11/site-packages/torch/cuda/__init__.py:56: FutureWarning: The pynvml package is deprecated. Please install nvidia-ml-py instead. If you did not install pynvml directly, please report this to the maintainers of the package that installed pynvml for you.
  import pynvml  # type: ignore[import]
/home/zhoulihui/anaconda3/envs/mei_qths_repro/lib/python3.11/site-packages/torch/cuda/__init__.py:56: FutureWarning: The pynvml package is deprecated. Please install nvidia-ml-py instead. If you did not install pynvml directly, please report this to the maintainers of the package that installed pynvml for you.
  import pynvml  # type: ignore[import]
/home/zhoulihui/anaconda3/envs/mei_qths_repro/lib/python3.11/site-packages/torch/cuda/__init__.py:56: FutureWarning: The pynvml package is deprecated. Please install nvidia-ml-py instead. If you did not install pynvml directly, please report this to the maintainers of the package that installed pynvml for you.
  import pynvml  # type: ignore[import]
{
  "state": "STAGE1I_COMPLETE",
  "stage": "stage1i",
  "decisions": {
    "D2R": {
      "decision": "REJECT",
      "paired": [
        {
          "seed": 0,
          "baseline_mrr": 0.5256204671690727,
          "candidate_mrr": 0.525869321485809,
          "matched_control_mrr": 0.5271357171416324,
          "control_metrics": {
            "D2_CROSS": 0.5271357171416324
          },
          "delta": 0.0002488543167362689,
          "control_delta": -0.0012663956558234268
        }
      ],
      "effect_gate": false,
      "strong_baseline": "QTHS25"
    }
  },
  "completed_pairs": 1,
  "test_evaluated": false,
  "updated_at_utc": "2026-10-03T04:31:41.687451+00:00"
}
