/home/zhoulihui/anaconda3/envs/mei_qths_repro/lib/python3.11/site-packages/torch/cuda/__init__.py:56: FutureWarning: The pynvml package is deprecated. Please install nvidia-ml-py instead. If you did not install pynvml directly, please report this to the maintainers of the package that installed pynvml for you.
  import pynvml  # type: ignore[import]
/home/zhoulihui/anaconda3/envs/mei_qths_repro/lib/python3.11/site-packages/torch/cuda/__init__.py:56: FutureWarning: The pynvml package is deprecated. Please install nvidia-ml-py instead. If you did not install pynvml directly, please report this to the maintainers of the package that installed pynvml for you.
  import pynvml  # type: ignore[import]
/home/zhoulihui/anaconda3/envs/mei_qths_repro/lib/python3.11/site-packages/torch/cuda/__init__.py:56: FutureWarning: The pynvml package is deprecated. Please install nvidia-ml-py instead. If you did not install pynvml directly, please report this to the maintainers of the package that installed pynvml for you.
  import pynvml  # type: ignore[import]
/home/zhoulihui/anaconda3/envs/mei_qths_repro/lib/python3.11/site-packages/torch/cuda/__init__.py:56: FutureWarning: The pynvml package is deprecated. Please install nvidia-ml-py instead. If you did not install pynvml directly, please report this to the maintainers of the package that installed pynvml for you.
  import pynvml  # type: ignore[import]
/home/zhoulihui/anaconda3/envs/mei_qths_repro/lib/python3.11/site-packages/torch/cuda/__init__.py:56: FutureWarning: The pynvml package is deprecated. Please install nvidia-ml-py instead. If you did not install pynvml directly, please report this to the maintainers of the package that installed pynvml for you.
  import pynvml  # type: ignore[import]
/home/zhoulihui/anaconda3/envs/mei_qths_repro/lib/python3.11/site-packages/torch/cuda/__init__.py:56: FutureWarning: The pynvml package is deprecated. Please install nvidia-ml-py instead. If you did not install pynvml directly, please report this to the maintainers of the package that installed pynvml for you.
  import pynvml  # type: ignore[import]
/home/zhoulihui/anaconda3/envs/mei_qths_repro/lib/python3.11/site-packages/torch/cuda/__init__.py:56: FutureWarning: The pynvml package is deprecated. Please install nvidia-ml-py instead. If you did not install pynvml directly, please report this to the maintainers of the package that installed pynvml for you.
  import pynvml  # type: ignore[import]
/home/zhoulihui/anaconda3/envs/mei_qths_repro/lib/python3.11/site-packages/torch/cuda/__init__.py:56: FutureWarning: The pynvml package is deprecated. Please install nvidia-ml-py instead. If you did not install pynvml directly, please report this to the maintainers of the package that installed pynvml for you.
  import pynvml  # type: ignore[import]
/home/zhoulihui/anaconda3/envs/mei_qths_repro/lib/python3.11/site-packages/torch/cuda/__init__.py:56: FutureWarning: The pynvml package is deprecated. Please install nvidia-ml-py instead. If you did not install pynvml directly, please report this to the maintainers of the package that installed pynvml for you.
  import pynvml  # type: ignore[import]
/home/zhoulihui/anaconda3/envs/mei_qths_repro/lib/python3.11/site-packages/torch/cuda/__init__.py:56: FutureWarning: The pynvml package is deprecated. Please install nvidia-ml-py instead. If you did not install pynvml directly, please report this to the maintainers of the package that installed pynvml for you.
  import pynvml  # type: ignore[import]
/home/zhoulihui/anaconda3/envs/mei_qths_repro/lib/python3.11/site-packages/torch/cuda/__init__.py:56: FutureWarning: The pynvml package is deprecated. Please install nvidia-ml-py instead. If you did not install pynvml directly, please report this to the maintainers of the package that installed pynvml for you.
  import pynvml  # type: ignore[import]
/home/zhoulihui/anaconda3/envs/mei_qths_repro/lib/python3.11/site-packages/torch/cuda/__init__.py:56: FutureWarning: The pynvml package is deprecated. Please install nvidia-ml-py instead. If you did not install pynvml directly, please report this to the maintainers of the package that installed pynvml for you.
  import pynvml  # type: ignore[import]
/home/zhoulihui/anaconda3/envs/mei_qths_repro/lib/python3.11/site-packages/torch/cuda/__init__.py:56: FutureWarning: The pynvml package is deprecated. Please install nvidia-ml-py instead. If you did not install pynvml directly, please report this to the maintainers of the package that installed pynvml for you.
  import pynvml  # type: ignore[import]
/home/zhoulihui/anaconda3/envs/mei_qths_repro/lib/python3.11/site-packages/torch/cuda/__init__.py:56: FutureWarning: The pynvml package is deprecated. Please install nvidia-ml-py instead. If you did not install pynvml directly, please report this to the maintainers of the package that installed pynvml for you.
  import pynvml  # type: ignore[import]
/home/zhoulihui/anaconda3/envs/mei_qths_repro/lib/python3.11/site-packages/torch/cuda/__init__.py:56: FutureWarning: The pynvml package is deprecated. Please install nvidia-ml-py instead. If you did not install pynvml directly, please report this to the maintainers of the package that installed pynvml for you.
  import pynvml  # type: ignore[import]
/home/zhoulihui/anaconda3/envs/mei_qths_repro/lib/python3.11/site-packages/torch/cuda/__init__.py:56: FutureWarning: The pynvml package is deprecated. Please install nvidia-ml-py instead. If you did not install pynvml directly, please report this to the maintainers of the package that installed pynvml for you.
  import pynvml  # type: ignore[import]
/home/zhoulihui/anaconda3/envs/mei_qths_repro/lib/python3.11/site-packages/torch/cuda/__init__.py:56: FutureWarning: The pynvml package is deprecated. Please install nvidia-ml-py instead. If you did not install pynvml directly, please report this to the maintainers of the package that installed pynvml for you.
  import pynvml  # type: ignore[import]
/home/zhoulihui/anaconda3/envs/mei_qths_repro/lib/python3.11/site-packages/torch/cuda/__init__.py:56: FutureWarning: The pynvml package is deprecated. Please install nvidia-ml-py instead. If you did not install pynvml directly, please report this to the maintainers of the package that installed pynvml for you.
  import pynvml  # type: ignore[import]
/home/zhoulihui/anaconda3/envs/mei_qths_repro/lib/python3.11/site-packages/torch/cuda/__init__.py:56: FutureWarning: The pynvml package is deprecated. Please install nvidia-ml-py instead. If you did not install pynvml directly, please report this to the maintainers of the package that installed pynvml for you.
  import pynvml  # type: ignore[import]
/home/zhoulihui/anaconda3/envs/mei_qths_repro/lib/python3.11/site-packages/torch/cuda/__init__.py:56: FutureWarning: The pynvml package is deprecated. Please install nvidia-ml-py instead. If you did not install pynvml directly, please report this to the maintainers of the package that installed pynvml for you.
  import pynvml  # type: ignore[import]
/home/zhoulihui/anaconda3/envs/mei_qths_repro/lib/python3.11/site-packages/torch/cuda/__init__.py:56: FutureWarning: The pynvml package is deprecated. Please install nvidia-ml-py instead. If you did not install pynvml directly, please report this to the maintainers of the package that installed pynvml for you.
  import pynvml  # type: ignore[import]
/home/zhoulihui/anaconda3/envs/mei_qths_repro/lib/python3.11/site-packages/torch/cuda/__init__.py:56: FutureWarning: The pynvml package is deprecated. Please install nvidia-ml-py instead. If you did not install pynvml directly, please report this to the maintainers of the package that installed pynvml for you.
  import pynvml  # type: ignore[import]
/home/zhoulihui/anaconda3/envs/mei_qths_repro/lib/python3.11/site-packages/torch/cuda/__init__.py:56: FutureWarning: The pynvml package is deprecated. Please install nvidia-ml-py instead. If you did not install pynvml directly, please report this to the maintainers of the package that installed pynvml for you.
  import pynvml  # type: ignore[import]
/home/zhoulihui/anaconda3/envs/mei_qths_repro/lib/python3.11/site-packages/torch/cuda/__init__.py:56: FutureWarning: The pynvml package is deprecated. Please install nvidia-ml-py instead. If you did not install pynvml directly, please report this to the maintainers of the package that installed pynvml for you.
  import pynvml  # type: ignore[import]
/home/zhoulihui/anaconda3/envs/mei_qths_repro/lib/python3.11/site-packages/torch/cuda/__init__.py:56: FutureWarning: The pynvml package is deprecated. Please install nvidia-ml-py instead. If you did not install pynvml directly, please report this to the maintainers of the package that installed pynvml for you.
  import pynvml  # type: ignore[import]
/home/zhoulihui/anaconda3/envs/mei_qths_repro/lib/python3.11/site-packages/torch/cuda/__init__.py:56: FutureWarning: The pynvml package is deprecated. Please install nvidia-ml-py instead. If you did not install pynvml directly, please report this to the maintainers of the package that installed pynvml for you.
  import pynvml  # type: ignore[import]
/home/zhoulihui/anaconda3/envs/mei_qths_repro/lib/python3.11/site-packages/torch/cuda/__init__.py:56: FutureWarning: The pynvml package is deprecated. Please install nvidia-ml-py instead. If you did not install pynvml directly, please report this to the maintainers of the package that installed pynvml for you.
  import pynvml  # type: ignore[import]
Traceback (most recent call last):
  File "/home/zhoulihui/lchr_v2/HYPERGRAPH_RESEARCH/QTHS_V8_PAPER/experiment_v8.py", line 1144, in <module>
    main()
  File "/home/zhoulihui/lchr_v2/HYPERGRAPH_RESEARCH/QTHS_V8_PAPER/experiment_v8.py", line 1139, in main
    run_all(args.workers)
  File "/home/zhoulihui/lchr_v2/HYPERGRAPH_RESEARCH/QTHS_V8_PAPER/experiment_v8.py", line 1105, in run_all
    teacher_scoring = measure_teacher_scoring()
                      ^^^^^^^^^^^^^^^^^^^^^^^^^
  File "/home/zhoulihui/lchr_v2/HYPERGRAPH_RESEARCH/QTHS_V8_PAPER/experiment_v8.py", line 985, in measure_teacher_scoring
    model, _ = load_checkpoint_model(checkpoint, device="cuda")
               ^^^^^^^^^^^^^^^^^^^^^^^^^^^^^^^^^^^^^^^^^^^^^^^^
  File "/home/zhoulihui/lchr_v2/src/dcdlp/evaluate.py", line 223, in load_checkpoint_model
    payload = torch.load(checkpoint, map_location="cpu", weights_only=False)
              ^^^^^^^^^^^^^^^^^^^^^^^^^^^^^^^^^^^^^^^^^^^^^^^^^^^^^^^^^^^^^^
  File "/home/zhoulihui/anaconda3/envs/mei_qths_repro/lib/python3.11/site-packages/torch/serialization.py", line 997, in load
    with _open_file_like(f, 'rb') as opened_file:
         ^^^^^^^^^^^^^^^^^^^^^^^^
  File "/home/zhoulihui/anaconda3/envs/mei_qths_repro/lib/python3.11/site-packages/torch/serialization.py", line 444, in _open_file_like
    return _open_file(name_or_buffer, mode)
           ^^^^^^^^^^^^^^^^^^^^^^^^^^^^^^^^
  File "/home/zhoulihui/anaconda3/envs/mei_qths_repro/lib/python3.11/site-packages/torch/serialization.py", line 425, in __init__
    super().__init__(open(name, mode))
                     ^^^^^^^^^^^^^^^^
FileNotFoundError: [Errno 2] No such file or directory: '/home/ubuntu/lchr_v2/HYPERGRAPH_RESEARCH/NEGATIVE_V6_1/TEACHERS/Graph/checkpoints/cora_uniform_seed0_88990ac8de0c.pt'
