/home/ubuntu/anaconda3/envs/mei_env/lib/python3.11/site-packages/torch/cuda/__init__.py:63: FutureWarning: The pynvml package is deprecated. Please install nvidia-ml-py instead. If you did not install pynvml directly, please report this to the maintainers of the package that installed pynvml for you.
  import pynvml  # type: ignore[import]
{
  "dataset": "citeseer",
  "seed": 0,
  "results": [
    {
      "model_id": "A_EarlyEarly",
      "dataset": "citeseer",
      "seed": 0,
      "config": {
        "dataset": "citeseer",
        "protocol_train": "uniform",
        "protocol_eval": "heart",
        "seed": 0,
        "hidden_dim": 64,
        "branch_dim": 32,
        "num_layers": 2,
        "dropout": 0.1,
        "backbone": "gcn",
        "lr": 0.001,
        "weight_decay": 0.0001,
        "batch_size": 512,
        "pretrain_epochs": 4,
        "disentangle_epochs": 0,
        "negatives_per_positive_eval": 50,
        "intervention_ratio": 0.25,
        "max_interventions_per_batch": 0,
        "max_interventions_per_epoch": 0,
        "lambda_inv": 0.03,
        "lambda_route": 0.03,
        "lambda_adv": 0.01,
        "lambda_orth": 0.001,
        "lambda_degrob": 0.01,
        "output_dir": "AUTONOMOUS_MODEL_INNOVATION_V4/mechanism_citeseer_v4/seed0",
        "prediction_subdir": "raw",
        "device": "auto",
        "ablation": "A5",
        "cn_feature_mode": "raw",
        "cn_input_schema": "selective_v1",
        "interaction_mode": "unrestricted",
        "interaction_share_cap": 0.2,
        "interaction_delta_cap": null,
        "lambda_interaction_share": 0.0,
        "lambda_interaction_delta": 0.0,
        "lambda_link": 1.0,
        "score_routing_enabled": false,
        "lambda_score_route": 0.0,
        "lambda_target_response": 0.0,
        "routing_margin_cn": 0.0,
        "routing_margin_degree": 0.0,
        "target_floor_cn": 0.0,
        "target_floor_degree": 0.0,
        "interaction_route_weight": 1.0,
        "routing_finetune_encoder": "frozen",
        "encoder_lr_multiplier": 0.1
      },
      "config_hash": "745534efb6f8",
      "code_hashes": {
        "src/dcdlp/models/dcdlp.py": "c1bbf8a86a798fe088d13e61d38053e8dc23d8adfb4443dea5c56ef3f5febba3",
        "src/dcdlp/models/node_encoder.py": "eada0a085994145aed9dafa78aeb98215c027e329a931ddccdeb8178c2272fa1",
        "src/dcdlp/train.py": "df889ab13b374ae5aed517346f3f2df8a97b5db633854ad2f32c4cdcf0cdb1f4",
        "AUTONOMOUS_MODEL_INNOVATION_V4/scripts/v4_models.py": "a203c41dbe31c727d0183544f7b27c09d0ef50a049743f0ac4d998cb46d81588",
        "AUTONOMOUS_MODEL_INNOVATION_V4/scripts/v4_runner.py": "df08127d16747325b506cacc092bf4f5f4bc82477cb4f4c7bdb1793b5a35fca7"
      },
      "data_hash": "93b2480b3b56",
      "init_state_hash": "3dd42560d30400e6d6cb19e02d123c9887a9f38498e94758873aa3d6ed245e19",
      "init_rng_hashes": {
        "torch_cpu": "af78a04196d700b9db007d9e64ef93aaca134a9012f7642b8401d6d6dd0594ed",
        "torch_cuda": "374708fff7719dd5979ec875d56cd2286f6d3cf7ec317a3b25632aab28ec37bb"
      },
      "final_rng_hashes": {
        "torch_cpu": "1ccf17250133dec5e96478acd63e13d728d0dbbabb30389415a302c6f872f81f",
        "torch_cuda": "66ef3762932d8f48f900563d99ed955d3711397555bdf4866209237a2ee6c9dc"
      },
      "training_trace": [
        {
          "epoch": 0,
          "negative_hash": "b1c64dcbedc8e593ab9341f1e7154efdb7342166b8ac1fbcbba8d20b0b43852d",
          "order_hash": "fd600878516dacfe0499feea20fa747effc6faa9d5917b3e9349395722243f5a",
          "negative_seed": 0,
          "validation_mrr": 0.12192273337886601
        },
        {
          "epoch": 1,
          "negative_hash": "c7e6cfe598870861d5604845cf104ef5aad94d6a13d843137b99beedc21abf5a",
          "order_hash": "1765d79234ad923629d191776bc6dcaecb5e2251d8d3dc6195167454932dcc05",
          "negative_seed": 1,
          "validation_mrr": 0.14644415959690985
        },
        {
          "epoch": 2,
          "negative_hash": "9d808b8f663a3e0966b716863c4e7939589f141ed12b4da726a4fab34ca90da9",
          "order_hash": "711845cad95515bf8d8d4294984fa7a87eb5a8fac31126f1c376b05b49ff3387",
          "negative_seed": 2,
          "validation_mrr": 0.14898233537858846
        },
        {
          "epoch": 3,
          "negative_hash": "5bf86c24b42a7af1548e2053aec927ca051cfbfe0dd766107df3af8eb4bb01d0",
          "order_hash": "250fafa2ad9aed5167fcfc803a7d3767132943342252a673a6516e04fad766f0",
          "negative_seed": 3,
          "validation_mrr": 0.14549123826494822
        }
      ],
      "best_state_hash": "793cd828683f84429adaed7b1a7b3c7e52ae0782ded20d865236309070be4db8",
      "best_epoch": 2,
      "test_used_for_selection": false,
      "selection_metric": "validation_mrr",
      "metrics": {
        "validation_best": {
          "mrr": 0.14861522818328746,
          "hits10": 0.3039647577092511,
          "hits20": 0.43612334801762115,
          "hits50": 0.6255506607929515,
          "hits100": 0.8105726872246696,
          "mean_positive_rank": 59.88986784140969,
          "auc": 0.8763455723961265,
          "ap": 0.0097046549702486,
          "groups": {
            "HH": {
              "mrr": 0.20910498259227348,
              "count": 60
            },
            "HL": {
              "mrr": 0.025983831460964554,
              "count": 71
            },
            "LH": {
              "mrr": 0.5473142456174402,
              "count": 16
            },
            "LL": {
              "mrr": 0.1323434734807789,
              "count": 80
            }
          },
          "macro_mrr": 0.2286866332878643,
          "worst_group_mrr": 0.025983831460964554,
          "group_gap": 0.5213304141564757
        },
        "test_report": {
          "mrr": 0.14617431198801678,
          "hits10": 0.34285714285714286,
          "hits20": 0.4967032967032967,
          "hits50": 0.6967032967032967,
          "hits100": 0.832967032967033,
          "mean_positive_rank": 48.003296703296705,
          "auc": 0.8865990725757759,
          "ap": 0.010463918701100366,
          "groups": {
            "HH": {
              "mrr": 0.1774665273318959,
              "count": 136
            },
            "HL": {
              "mrr": 0.04052950012437358,
              "count": 114
            },
            "LH": {
              "mrr": 0.3943554770674941,
              "count": 42
            },
            "LL": {
              "mrr": 0.13000350421102128,
              "count": 163
            }
          },
          "macro_mrr": 0.1855887521836962,
          "worst_group_mrr": 0.04052950012437358,
          "group_gap": 0.3538259769431205
        }
      },
      "score_path": {
        "mean_abs": 0.613311944338928,
        "std": 0.6529692334841789,
        "max_abs": 1.3672891855239868,
        "nonzero_fraction": 1.0,
        "depth_scale": 0.14668354392051697,
        "operator_norm": 5.915923595428467,
        "operator_trainable": true
      },
      "parameter_count": {
        "total": 265031,
        "trainable": 265031
      },
      "runtime_seconds": 132.60554858203977,
      "peak_gpu_memory_mb": 92.9619140625,
      "gpu_name": "Tesla V100-PCIE-16GB",
      "deterministic_algorithms": false,
      "cublas_workspace_config": null,
      "cn_regressor_metadata": {
        "residualizer_type": "NOT_USED",
        "residualizer_parameters": {},
        "fit_seed": 0,
        "fit_sample_count": 7740,
        "symmetric_endpoint_degrees": true,
        "cn_feature_mode": "raw",
        "cn_input_schema": "selective_v1",
        "fit_split": "train",
        "uses_valid_or_test": false,
        "data_source": "train_positive+fixed_train_negative_epoch0",
        "data_hash": "ddbb11ccf9c8c285f48da8e52a2b311e3d51cf80aa2c163425567eaa16b122ab",
        "config_hash": "ae613568f8d9",
        "used_as_model_input": false
      },
      "controls": {
        "simple_cn_proxy_test": {
          "mrr": 0.08416713701501662,
          "hits10": 0.18681318681318682,
          "hits20": 0.25934065934065936,
          "hits50": 0.3142857142857143,
          "hits100": 0.3362637362637363,
          "mean_positive_rank": 177.4043956043956
        }
      },
      "checkpoint": "AUTONOMOUS_MODEL_INNOVATION_V4/mechanism_citeseer_v4/seed0/citeseer_seed0_A_EarlyEarly.pt"
    },
    {
      "model_id": "B_LateLate",
      "dataset": "citeseer",
      "seed": 0,
      "config": {
        "dataset": "citeseer",
        "protocol_train": "uniform",
        "protocol_eval": "heart",
        "seed": 0,
        "hidden_dim": 64,
        "branch_dim": 32,
        "num_layers": 2,
        "dropout": 0.1,
        "backbone": "gcn",
        "lr": 0.001,
        "weight_decay": 0.0001,
        "batch_size": 512,
        "pretrain_epochs": 4,
        "disentangle_epochs": 0,
        "negatives_per_positive_eval": 50,
        "intervention_ratio": 0.25,
        "max_interventions_per_batch": 0,
        "max_interventions_per_epoch": 0,
        "lambda_inv": 0.03,
        "lambda_route": 0.03,
        "lambda_adv": 0.01,
        "lambda_orth": 0.001,
        "lambda_degrob": 0.01,
        "output_dir": "AUTONOMOUS_MODEL_INNOVATION_V4/mechanism_citeseer_v4/seed0",
        "prediction_subdir": "raw",
        "device": "auto",
        "ablation": "A5",
        "cn_feature_mode": "raw",
        "cn_input_schema": "selective_v1",
        "interaction_mode": "unrestricted",
        "interaction_share_cap": 0.2,
        "interaction_delta_cap": null,
        "lambda_interaction_share": 0.0,
        "lambda_interaction_delta": 0.0,
        "lambda_link": 1.0,
        "score_routing_enabled": false,
        "lambda_score_route": 0.0,
        "lambda_target_response": 0.0,
        "routing_margin_cn": 0.0,
        "routing_margin_degree": 0.0,
        "target_floor_cn": 0.0,
        "target_floor_degree": 0.0,
        "interaction_route_weight": 1.0,
        "routing_finetune_encoder": "frozen",
        "encoder_lr_multiplier": 0.1
      },
      "config_hash": "d3f057c8faaf",
      "code_hashes": {
        "src/dcdlp/models/dcdlp.py": "c1bbf8a86a798fe088d13e61d38053e8dc23d8adfb4443dea5c56ef3f5febba3",
        "src/dcdlp/models/node_encoder.py": "eada0a085994145aed9dafa78aeb98215c027e329a931ddccdeb8178c2272fa1",
        "src/dcdlp/train.py": "df889ab13b374ae5aed517346f3f2df8a97b5db633854ad2f32c4cdcf0cdb1f4",
        "AUTONOMOUS_MODEL_INNOVATION_V4/scripts/v4_models.py": "a203c41dbe31c727d0183544f7b27c09d0ef50a049743f0ac4d998cb46d81588",
        "AUTONOMOUS_MODEL_INNOVATION_V4/scripts/v4_runner.py": "df08127d16747325b506cacc092bf4f5f4bc82477cb4f4c7bdb1793b5a35fca7"
      },
      "data_hash": "93b2480b3b56",
      "init_state_hash": "3dd42560d30400e6d6cb19e02d123c9887a9f38498e94758873aa3d6ed245e19",
      "init_rng_hashes": {
        "torch_cpu": "af78a04196d700b9db007d9e64ef93aaca134a9012f7642b8401d6d6dd0594ed",
        "torch_cuda": "374708fff7719dd5979ec875d56cd2286f6d3cf7ec317a3b25632aab28ec37bb"
      },
      "final_rng_hashes": {
        "torch_cpu": "1ccf17250133dec5e96478acd63e13d728d0dbbabb30389415a302c6f872f81f",
        "torch_cuda": "66ef3762932d8f48f900563d99ed955d3711397555bdf4866209237a2ee6c9dc"
      },
      "training_trace": [
        {
          "epoch": 0,
          "negative_hash": "b1c64dcbedc8e593ab9341f1e7154efdb7342166b8ac1fbcbba8d20b0b43852d",
          "order_hash": "fd600878516dacfe0499feea20fa747effc6faa9d5917b3e9349395722243f5a",
          "negative_seed": 0,
          "validation_mrr": 0.11441694269874735
        },
        {
          "epoch": 1,
          "negative_hash": "c7e6cfe598870861d5604845cf104ef5aad94d6a13d843137b99beedc21abf5a",
          "order_hash": "1765d79234ad923629d191776bc6dcaecb5e2251d8d3dc6195167454932dcc05",
          "negative_seed": 1,
          "validation_mrr": 0.12208352533667792
        },
        {
          "epoch": 2,
          "negative_hash": "9d808b8f663a3e0966b716863c4e7939589f141ed12b4da726a4fab34ca90da9",
          "order_hash": "711845cad95515bf8d8d4294984fa7a87eb5a8fac31126f1c376b05b49ff3387",
          "negative_seed": 2,
          "validation_mrr": 0.13685892838799582
        },
        {
          "epoch": 3,
          "negative_hash": "5bf86c24b42a7af1548e2053aec927ca051cfbfe0dd766107df3af8eb4bb01d0",
          "order_hash": "250fafa2ad9aed5167fcfc803a7d3767132943342252a673a6516e04fad766f0",
          "negative_seed": 3,
          "validation_mrr": 0.1336449713777344
        }
      ],
      "best_state_hash": "cb2d72f3b3c8597e55690764519dc4349f446a6eef58005e3ef78846241a4470",
      "best_epoch": 2,
      "test_used_for_selection": false,
      "selection_metric": "validation_mrr",
      "metrics": {
        "validation_best": {
          "mrr": 0.13677085807231903,
          "hits10": 0.2643171806167401,
          "hits20": 0.3832599118942731,
          "hits50": 0.5682819383259912,
          "hits100": 0.7444933920704846,
          "mean_positive_rank": 68.48458149779735,
          "auc": 0.8567970657299774,
          "ap": 0.008400290541679888,
          "groups": {
            "HH": {
              "mrr": 0.18301827541713533,
              "count": 60
            },
            "HL": {
              "mrr": 0.02808440301305249,
              "count": 71
            },
            "LH": {
              "mrr": 0.5833452042063554,
              "count": 16
            },
            "LL": {
              "mrr": 0.10922965470199864,
              "count": 80
            }
          },
          "macro_mrr": 0.22591938433463546,
          "worst_group_mrr": 0.02808440301305249,
          "group_gap": 0.5552608011933029
        },
        "test_report": {
          "mrr": 0.12147997047564954,
          "hits10": 0.3384615384615385,
          "hits20": 0.4725274725274725,
          "hits50": 0.6637362637362637,
          "hits100": 0.8241758241758241,
          "mean_positive_rank": 51.317582417582415,
          "auc": 0.8797906533027412,
          "ap": 0.009461996336847127,
          "groups": {
            "HH": {
              "mrr": 0.13091728414017348,
              "count": 136
            },
            "HL": {
              "mrr": 0.0388883686119545,
              "count": 114
            },
            "LH": {
              "mrr": 0.38415704903092757,
              "count": 42
            },
            "LL": {
              "mrr": 0.10368568001408089,
              "count": 163
            }
          },
          "macro_mrr": 0.1644120954492841,
          "worst_group_mrr": 0.0388883686119545,
          "group_gap": 0.3452686804189731
        }
      },
      "score_path": {
        "mean_abs": 0.6613415293825361,
        "std": 0.5570118164555192,
        "max_abs": 1.0720754861831665,
        "nonzero_fraction": 1.0,
        "depth_scale": 0.14625157415866852,
        "operator_norm": 5.824667930603027,
        "operator_trainable": true
      },
      "parameter_count": {
        "total": 265031,
        "trainable": 265031
      },
      "runtime_seconds": 140.34495828812942,
      "peak_gpu_memory_mb": 95.0107421875,
      "gpu_name": "Tesla V100-PCIE-16GB",
      "deterministic_algorithms": false,
      "cublas_workspace_config": null,
      "cn_regressor_metadata": {
        "residualizer_type": "NOT_USED",
        "residualizer_parameters": {},
        "fit_seed": 0,
        "fit_sample_count": 7740,
        "symmetric_endpoint_degrees": true,
        "cn_feature_mode": "raw",
        "cn_input_schema": "selective_v1",
        "fit_split": "train",
        "uses_valid_or_test": false,
        "data_source": "train_positive+fixed_train_negative_epoch0",
        "data_hash": "ddbb11ccf9c8c285f48da8e52a2b311e3d51cf80aa2c163425567eaa16b122ab",
        "config_hash": "ae613568f8d9",
        "used_as_model_input": false
      },
      "controls": {
        "simple_cn_proxy_test": {
          "mrr": 0.08416713701501662,
          "hits10": 0.18681318681318682,
          "hits20": 0.25934065934065936,
          "hits50": 0.3142857142857143,
          "hits100": 0.3362637362637363,
          "mean_positive_rank": 177.4043956043956
        }
      },
      "checkpoint": "AUTONOMOUS_MODEL_INNOVATION_V4/mechanism_citeseer_v4/seed0/citeseer_seed0_B_LateLate.pt"
    },
    {
      "model_id": "C_CDPT",
      "dataset": "citeseer",
      "seed": 0,
      "config": {
        "dataset": "citeseer",
        "protocol_train": "uniform",
        "protocol_eval": "heart",
        "seed": 0,
        "hidden_dim": 64,
        "branch_dim": 32,
        "num_layers": 2,
        "dropout": 0.1,
        "backbone": "gcn",
        "lr": 0.001,
        "weight_decay": 0.0001,
        "batch_size": 512,
        "pretrain_epochs": 4,
        "disentangle_epochs": 0,
        "negatives_per_positive_eval": 50,
        "intervention_ratio": 0.25,
        "max_interventions_per_batch": 0,
        "max_interventions_per_epoch": 0,
        "lambda_inv": 0.03,
        "lambda_route": 0.03,
        "lambda_adv": 0.01,
        "lambda_orth": 0.001,
        "lambda_degrob": 0.01,
        "output_dir": "AUTONOMOUS_MODEL_INNOVATION_V4/mechanism_citeseer_v4/seed0",
        "prediction_subdir": "raw",
        "device": "auto",
        "ablation": "A5",
        "cn_feature_mode": "raw",
        "cn_input_schema": "selective_v1",
        "interaction_mode": "unrestricted",
        "interaction_share_cap": 0.2,
        "interaction_delta_cap": null,
        "lambda_interaction_share": 0.0,
        "lambda_interaction_delta": 0.0,
        "lambda_link": 1.0,
        "score_routing_enabled": false,
        "lambda_score_route": 0.0,
        "lambda_target_response": 0.0,
        "routing_margin_cn": 0.0,
        "routing_margin_degree": 0.0,
        "target_floor_cn": 0.0,
        "target_floor_degree": 0.0,
        "interaction_route_weight": 1.0,
        "routing_finetune_encoder": "frozen",
        "encoder_lr_multiplier": 0.1
      },
      "config_hash": "b15c984a9f73",
      "code_hashes": {
        "src/dcdlp/models/dcdlp.py": "c1bbf8a86a798fe088d13e61d38053e8dc23d8adfb4443dea5c56ef3f5febba3",
        "src/dcdlp/models/node_encoder.py": "eada0a085994145aed9dafa78aeb98215c027e329a931ddccdeb8178c2272fa1",
        "src/dcdlp/train.py": "df889ab13b374ae5aed517346f3f2df8a97b5db633854ad2f32c4cdcf0cdb1f4",
        "AUTONOMOUS_MODEL_INNOVATION_V4/scripts/v4_models.py": "a203c41dbe31c727d0183544f7b27c09d0ef50a049743f0ac4d998cb46d81588",
        "AUTONOMOUS_MODEL_INNOVATION_V4/scripts/v4_runner.py": "df08127d16747325b506cacc092bf4f5f4bc82477cb4f4c7bdb1793b5a35fca7"
      },
      "data_hash": "93b2480b3b56",
      "init_state_hash": "3dd42560d30400e6d6cb19e02d123c9887a9f38498e94758873aa3d6ed245e19",
      "init_rng_hashes": {
        "torch_cpu": "af78a04196d700b9db007d9e64ef93aaca134a9012f7642b8401d6d6dd0594ed",
        "torch_cuda": "374708fff7719dd5979ec875d56cd2286f6d3cf7ec317a3b25632aab28ec37bb"
      },
      "final_rng_hashes": {
        "torch_cpu": "1ccf17250133dec5e96478acd63e13d728d0dbbabb30389415a302c6f872f81f",
        "torch_cuda": "66ef3762932d8f48f900563d99ed955d3711397555bdf4866209237a2ee6c9dc"
      },
      "training_trace": [
        {
          "epoch": 0,
          "negative_hash": "b1c64dcbedc8e593ab9341f1e7154efdb7342166b8ac1fbcbba8d20b0b43852d",
          "order_hash": "fd600878516dacfe0499feea20fa747effc6faa9d5917b3e9349395722243f5a",
          "negative_seed": 0,
          "validation_mrr": 0.12140438203832646
        },
        {
          "epoch": 1,
          "negative_hash": "c7e6cfe598870861d5604845cf104ef5aad94d6a13d843137b99beedc21abf5a",
          "order_hash": "1765d79234ad923629d191776bc6dcaecb5e2251d8d3dc6195167454932dcc05",
          "negative_seed": 1,
          "validation_mrr": 0.1391486706219138
        },
        {
          "epoch": 2,
          "negative_hash": "9d808b8f663a3e0966b716863c4e7939589f141ed12b4da726a4fab34ca90da9",
          "order_hash": "711845cad95515bf8d8d4294984fa7a87eb5a8fac31126f1c376b05b49ff3387",
          "negative_seed": 2,
          "validation_mrr": 0.13348700136530653
        },
        {
          "epoch": 3,
          "negative_hash": "5bf86c24b42a7af1548e2053aec927ca051cfbfe0dd766107df3af8eb4bb01d0",
          "order_hash": "250fafa2ad9aed5167fcfc803a7d3767132943342252a673a6516e04fad766f0",
          "negative_seed": 3,
          "validation_mrr": 0.15074651074906373
        }
      ],
      "best_state_hash": "bb9681d9b126d8d5877f174d9ce20a0f3460b3f8a7e3963a87cf2b3395b12ede",
      "best_epoch": 3,
      "test_used_for_selection": false,
      "selection_metric": "validation_mrr",
      "metrics": {
        "validation_best": {
          "mrr": 0.1511881901896798,
          "hits10": 0.29955947136563876,
          "hits20": 0.46255506607929514,
          "hits50": 0.6563876651982379,
          "hits100": 0.7797356828193832,
          "mean_positive_rank": 59.58370044052864,
          "auc": 0.8793629606629276,
          "ap": 0.010238098498924838,
          "groups": {
            "HH": {
              "mrr": 0.2173849038856254,
              "count": 60
            },
            "HL": {
              "mrr": 0.02978360793299392,
              "count": 71
            },
            "LH": {
              "mrr": 0.5477380952380952,
              "count": 16
            },
            "LL": {
              "mrr": 0.1299772406608462,
              "count": 80
            }
          },
          "macro_mrr": 0.23122096192939018,
          "worst_group_mrr": 0.02978360793299392,
          "group_gap": 0.5179544873051013
        },
        "test_report": {
          "mrr": 0.13190962378644439,
          "hits10": 0.36043956043956044,
          "hits20": 0.4967032967032967,
          "hits50": 0.6901098901098901,
          "hits100": 0.832967032967033,
          "mean_positive_rank": 47.886813186813185,
          "auc": 0.8868123801473252,
          "ap": 0.010735860650781658,
          "groups": {
            "HH": {
              "mrr": 0.14715157767221293,
              "count": 136
            },
            "HL": {
              "mrr": 0.039550690430737584,
              "count": 114
            },
            "LH": {
              "mrr": 0.31811900510959346,
              "count": 42
            },
            "LL": {
              "mrr": 0.13580667077119157,
              "count": 163
            }
          },
          "macro_mrr": 0.1601569859959339,
          "worst_group_mrr": 0.039550690430737584,
          "group_gap": 0.2785683146788559
        }
      },
      "score_path": {
        "mean_abs": 1.001615285830429,
        "std": 0.8878035275684132,
        "max_abs": 1.6803605556488037,
        "nonzero_fraction": 1.0,
        "depth_scale": 0.16217343509197235,
        "operator_norm": 5.993885040283203,
        "operator_trainable": true
      },
      "parameter_count": {
        "total": 265031,
        "trainable": 265031
      },
      "runtime_seconds": 138.09512424236163,
      "peak_gpu_memory_mb": 95.0107421875,
      "gpu_name": "Tesla V100-PCIE-16GB",
      "deterministic_algorithms": false,
      "cublas_workspace_config": null,
      "cn_regressor_metadata": {
        "residualizer_type": "NOT_USED",
        "residualizer_parameters": {},
        "fit_seed": 0,
        "fit_sample_count": 7740,
        "symmetric_endpoint_degrees": true,
        "cn_feature_mode": "raw",
        "cn_input_schema": "selective_v1",
        "fit_split": "train",
        "uses_valid_or_test": false,
        "data_source": "train_positive+fixed_train_negative_epoch0",
        "data_hash": "ddbb11ccf9c8c285f48da8e52a2b311e3d51cf80aa2c163425567eaa16b122ab",
        "config_hash": "ae613568f8d9",
        "used_as_model_input": false
      },
      "controls": {
        "simple_cn_proxy_test": {
          "mrr": 0.08416713701501662,
          "hits10": 0.18681318681318682,
          "hits20": 0.25934065934065936,
          "hits50": 0.3142857142857143,
          "hits100": 0.3362637362637363,
          "mean_positive_rank": 177.4043956043956
        }
      },
      "checkpoint": "AUTONOMOUS_MODEL_INNOVATION_V4/mechanism_citeseer_v4/seed0/citeseer_seed0_C_CDPT.pt"
    },
    {
      "model_id": "D_ConcatMLP",
      "dataset": "citeseer",
      "seed": 0,
      "config": {
        "dataset": "citeseer",
        "protocol_train": "uniform",
        "protocol_eval": "heart",
        "seed": 0,
        "hidden_dim": 64,
        "branch_dim": 32,
        "num_layers": 2,
        "dropout": 0.1,
        "backbone": "gcn",
        "lr": 0.001,
        "weight_decay": 0.0001,
        "batch_size": 512,
        "pretrain_epochs": 4,
        "disentangle_epochs": 0,
        "negatives_per_positive_eval": 50,
        "intervention_ratio": 0.25,
        "max_interventions_per_batch": 0,
        "max_interventions_per_epoch": 0,
        "lambda_inv": 0.03,
        "lambda_route": 0.03,
        "lambda_adv": 0.01,
        "lambda_orth": 0.001,
        "lambda_degrob": 0.01,
        "output_dir": "AUTONOMOUS_MODEL_INNOVATION_V4/mechanism_citeseer_v4/seed0",
        "prediction_subdir": "raw",
        "device": "auto",
        "ablation": "A5",
        "cn_feature_mode": "raw",
        "cn_input_schema": "selective_v1",
        "interaction_mode": "unrestricted",
        "interaction_share_cap": 0.2,
        "interaction_delta_cap": null,
        "lambda_interaction_share": 0.0,
        "lambda_interaction_delta": 0.0,
        "lambda_link": 1.0,
        "score_routing_enabled": false,
        "lambda_score_route": 0.0,
        "lambda_target_response": 0.0,
        "routing_margin_cn": 0.0,
        "routing_margin_degree": 0.0,
        "target_floor_cn": 0.0,
        "target_floor_degree": 0.0,
        "interaction_route_weight": 1.0,
        "routing_finetune_encoder": "frozen",
        "encoder_lr_multiplier": 0.1
      },
      "config_hash": "2aeda23b5b3f",
      "code_hashes": {
        "src/dcdlp/models/dcdlp.py": "c1bbf8a86a798fe088d13e61d38053e8dc23d8adfb4443dea5c56ef3f5febba3",
        "src/dcdlp/models/node_encoder.py": "eada0a085994145aed9dafa78aeb98215c027e329a931ddccdeb8178c2272fa1",
        "src/dcdlp/train.py": "df889ab13b374ae5aed517346f3f2df8a97b5db633854ad2f32c4cdcf0cdb1f4",
        "AUTONOMOUS_MODEL_INNOVATION_V4/scripts/v4_models.py": "a203c41dbe31c727d0183544f7b27c09d0ef50a049743f0ac4d998cb46d81588",
        "AUTONOMOUS_MODEL_INNOVATION_V4/scripts/v4_runner.py": "df08127d16747325b506cacc092bf4f5f4bc82477cb4f4c7bdb1793b5a35fca7"
      },
      "data_hash": "93b2480b3b56",
      "init_state_hash": "93ebb07b6227a0e659c2cbc5b707586401755a004de14710bd9609881f99d225",
      "init_rng_hashes": {
        "torch_cpu": "c95bbd7771272395c9953522e682d58456c4ac3abccbcfd84b5dc813a0994354",
        "torch_cuda": "374708fff7719dd5979ec875d56cd2286f6d3cf7ec317a3b25632aab28ec37bb"
      },
      "final_rng_hashes": {
        "torch_cpu": "1ccf17250133dec5e96478acd63e13d728d0dbbabb30389415a302c6f872f81f",
        "torch_cuda": "66ef3762932d8f48f900563d99ed955d3711397555bdf4866209237a2ee6c9dc"
      },
      "training_trace": [
        {
          "epoch": 0,
          "negative_hash": "b1c64dcbedc8e593ab9341f1e7154efdb7342166b8ac1fbcbba8d20b0b43852d",
          "order_hash": "fd600878516dacfe0499feea20fa747effc6faa9d5917b3e9349395722243f5a",
          "negative_seed": 0,
          "validation_mrr": 0.1118173540502817
        },
        {
          "epoch": 1,
          "negative_hash": "c7e6cfe598870861d5604845cf104ef5aad94d6a13d843137b99beedc21abf5a",
          "order_hash": "1765d79234ad923629d191776bc6dcaecb5e2251d8d3dc6195167454932dcc05",
          "negative_seed": 1,
          "validation_mrr": 0.12932639529352166
        },
        {
          "epoch": 2,
          "negative_hash": "9d808b8f663a3e0966b716863c4e7939589f141ed12b4da726a4fab34ca90da9",
          "order_hash": "711845cad95515bf8d8d4294984fa7a87eb5a8fac31126f1c376b05b49ff3387",
          "negative_seed": 2,
          "validation_mrr": 0.1407898294041734
        },
        {
          "epoch": 3,
          "negative_hash": "5bf86c24b42a7af1548e2053aec927ca051cfbfe0dd766107df3af8eb4bb01d0",
          "order_hash": "250fafa2ad9aed5167fcfc803a7d3767132943342252a673a6516e04fad766f0",
          "negative_seed": 3,
          "validation_mrr": 0.13978515689416812
        }
      ],
      "best_state_hash": "a66a33fb81598b5214ce725b981ce6893438b5984acc34c5568e0406851206b7",
      "best_epoch": 2,
      "test_used_for_selection": false,
      "selection_metric": "validation_mrr",
      "metrics": {
        "validation_best": {
          "mrr": 0.14078094777848063,
          "hits10": 0.28634361233480177,
          "hits20": 0.4008810572687225,
          "hits50": 0.5770925110132159,
          "hits100": 0.748898678414097,
          "mean_positive_rank": 67.00660792951543,
          "auc": 0.8607720312833551,
          "ap": 0.008613959814419328,
          "groups": {
            "HH": {
              "mrr": 0.2034640880722373,
              "count": 60
            },
            "HL": {
              "mrr": 0.023045943012286678,
              "count": 71
            },
            "LH": {
              "mrr": 0.5301633850020947,
              "count": 16
            },
            "LL": {
              "mrr": 0.12038192184343743,
              "count": 80
            }
          },
          "macro_mrr": 0.21926383448251402,
          "worst_group_mrr": 0.023045943012286678,
          "group_gap": 0.507117441989808
        },
        "test_report": {
          "mrr": 0.10595114110909389,
          "hits10": 0.2725274725274725,
          "hits20": 0.42637362637362636,
          "hits50": 0.6505494505494506,
          "hits100": 0.8131868131868132,
          "mean_positive_rank": 54.48021978021978,
          "auc": 0.8745610819949282,
          "ap": 0.008911922086332241,
          "groups": {
            "HH": {
              "mrr": 0.12934870779686314,
              "count": 136
            },
            "HL": {
              "mrr": 0.03161065831758631,
              "count": 114
            },
            "LH": {
              "mrr": 0.29157335111914057,
              "count": 42
            },
            "LL": {
              "mrr": 0.09059293956475825,
              "count": 163
            }
          },
          "macro_mrr": 0.13578141419958706,
          "worst_group_mrr": 0.03161065831758631,
          "group_gap": 0.25996269280155426
        }
      },
      "score_path": {
        "mean_abs": 0.05391288463110718,
        "std": 0.03795294303916422,
        "max_abs": 0.07592029869556427,
        "nonzero_fraction": 1.0,
        "depth_scale": 0.15206611156463623,
        "operator_norm": 0.0,
        "operator_trainable": false
      },
      "parameter_count": {
        "total": 264998,
        "trainable": 264998
      },
      "runtime_seconds": 135.03654797375202,
      "peak_gpu_memory_mb": 95.04736328125,
      "gpu_name": "Tesla V100-PCIE-16GB",
      "deterministic_algorithms": false,
      "cublas_workspace_config": null,
      "cn_regressor_metadata": {
        "residualizer_type": "NOT_USED",
        "residualizer_parameters": {},
        "fit_seed": 0,
        "fit_sample_count": 7740,
        "symmetric_endpoint_degrees": true,
        "cn_feature_mode": "raw",
        "cn_input_schema": "selective_v1",
        "fit_split": "train",
        "uses_valid_or_test": false,
        "data_source": "train_positive+fixed_train_negative_epoch0",
        "data_hash": "ddbb11ccf9c8c285f48da8e52a2b311e3d51cf80aa2c163425567eaa16b122ab",
        "config_hash": "ae613568f8d9",
        "used_as_model_input": false
      },
      "controls": {
        "simple_cn_proxy_test": {
          "mrr": 0.08416713701501662,
          "hits10": 0.18681318681318682,
          "hits20": 0.25934065934065936,
          "hits50": 0.3142857142857143,
          "hits100": 0.3362637362637363,
          "mean_positive_rank": 177.4043956043956
        }
      },
      "checkpoint": "AUTONOMOUS_MODEL_INNOVATION_V4/mechanism_citeseer_v4/seed0/citeseer_seed0_D_ConcatMLP.pt"
    },
    {
      "model_id": "E_FixedRandom",
      "dataset": "citeseer",
      "seed": 0,
      "config": {
        "dataset": "citeseer",
        "protocol_train": "uniform",
        "protocol_eval": "heart",
        "seed": 0,
        "hidden_dim": 64,
        "branch_dim": 32,
        "num_layers": 2,
        "dropout": 0.1,
        "backbone": "gcn",
        "lr": 0.001,
        "weight_decay": 0.0001,
        "batch_size": 512,
        "pretrain_epochs": 4,
        "disentangle_epochs": 0,
        "negatives_per_positive_eval": 50,
        "intervention_ratio": 0.25,
        "max_interventions_per_batch": 0,
        "max_interventions_per_epoch": 0,
        "lambda_inv": 0.03,
        "lambda_route": 0.03,
        "lambda_adv": 0.01,
        "lambda_orth": 0.001,
        "lambda_degrob": 0.01,
        "output_dir": "AUTONOMOUS_MODEL_INNOVATION_V4/mechanism_citeseer_v4/seed0",
        "prediction_subdir": "raw",
        "device": "auto",
        "ablation": "A5",
        "cn_feature_mode": "raw",
        "cn_input_schema": "selective_v1",
        "interaction_mode": "unrestricted",
        "interaction_share_cap": 0.2,
        "interaction_delta_cap": null,
        "lambda_interaction_share": 0.0,
        "lambda_interaction_delta": 0.0,
        "lambda_link": 1.0,
        "score_routing_enabled": false,
        "lambda_score_route": 0.0,
        "lambda_target_response": 0.0,
        "routing_margin_cn": 0.0,
        "routing_margin_degree": 0.0,
        "target_floor_cn": 0.0,
        "target_floor_degree": 0.0,
        "interaction_route_weight": 1.0,
        "routing_finetune_encoder": "frozen",
        "encoder_lr_multiplier": 0.1
      },
      "config_hash": "ed6b640ba063",
      "code_hashes": {
        "src/dcdlp/models/dcdlp.py": "c1bbf8a86a798fe088d13e61d38053e8dc23d8adfb4443dea5c56ef3f5febba3",
        "src/dcdlp/models/node_encoder.py": "eada0a085994145aed9dafa78aeb98215c027e329a931ddccdeb8178c2272fa1",
        "src/dcdlp/train.py": "df889ab13b374ae5aed517346f3f2df8a97b5db633854ad2f32c4cdcf0cdb1f4",
        "AUTONOMOUS_MODEL_INNOVATION_V4/scripts/v4_models.py": "a203c41dbe31c727d0183544f7b27c09d0ef50a049743f0ac4d998cb46d81588",
        "AUTONOMOUS_MODEL_INNOVATION_V4/scripts/v4_runner.py": "df08127d16747325b506cacc092bf4f5f4bc82477cb4f4c7bdb1793b5a35fca7"
      },
      "data_hash": "93b2480b3b56",
      "init_state_hash": "752c8c25d05b996ae1fc0ae04de25aeaa5bcb1c9b62e3146d32e44df1e39dff8",
      "init_rng_hashes": {
        "torch_cpu": "86b4c47598a926f87784e3368f93ce21a3360e69312abed175c67c9dc036cbc1",
        "torch_cuda": "374708fff7719dd5979ec875d56cd2286f6d3cf7ec317a3b25632aab28ec37bb"
      },
      "final_rng_hashes": {
        "torch_cpu": "1ccf17250133dec5e96478acd63e13d728d0dbbabb30389415a302c6f872f81f",
        "torch_cuda": "66ef3762932d8f48f900563d99ed955d3711397555bdf4866209237a2ee6c9dc"
      },
      "training_trace": [
        {
          "epoch": 0,
          "negative_hash": "b1c64dcbedc8e593ab9341f1e7154efdb7342166b8ac1fbcbba8d20b0b43852d",
          "order_hash": "fd600878516dacfe0499feea20fa747effc6faa9d5917b3e9349395722243f5a",
          "negative_seed": 0,
          "validation_mrr": 0.13368677293472087
        },
        {
          "epoch": 1,
          "negative_hash": "c7e6cfe598870861d5604845cf104ef5aad94d6a13d843137b99beedc21abf5a",
          "order_hash": "1765d79234ad923629d191776bc6dcaecb5e2251d8d3dc6195167454932dcc05",
          "negative_seed": 1,
          "validation_mrr": 0.1354753416511886
        },
        {
          "epoch": 2,
          "negative_hash": "9d808b8f663a3e0966b716863c4e7939589f141ed12b4da726a4fab34ca90da9",
          "order_hash": "711845cad95515bf8d8d4294984fa7a87eb5a8fac31126f1c376b05b49ff3387",
          "negative_seed": 2,
          "validation_mrr": 0.14832670027447056
        },
        {
          "epoch": 3,
          "negative_hash": "5bf86c24b42a7af1548e2053aec927ca051cfbfe0dd766107df3af8eb4bb01d0",
          "order_hash": "250fafa2ad9aed5167fcfc803a7d3767132943342252a673a6516e04fad766f0",
          "negative_seed": 3,
          "validation_mrr": 0.15239734363856752
        }
      ],
      "best_state_hash": "9b2bae46caae3bcbdffe0f4116931c334da835342460ca0335bf841f034b9a70",
      "best_epoch": 3,
      "test_used_for_selection": false,
      "selection_metric": "validation_mrr",
      "metrics": {
        "validation_best": {
          "mrr": 0.15237466587018114,
          "hits10": 0.3039647577092511,
          "hits20": 0.45374449339207046,
          "hits50": 0.6387665198237885,
          "hits100": 0.8149779735682819,
          "mean_positive_rank": 56.55066079295154,
          "auc": 0.87732240097809,
          "ap": 0.009318352210814158,
          "groups": {
            "HH": {
              "mrr": 0.19788519997789436,
              "count": 60
            },
            "HL": {
              "mrr": 0.031371018632084455,
              "count": 71
            },
            "LH": {
              "mrr": 0.6297046703296704,
              "count": 16
            },
            "LL": {
              "mrr": 0.13016650132130905,
              "count": 80
            }
          },
          "macro_mrr": 0.24728184756523955,
          "worst_group_mrr": 0.031371018632084455,
          "group_gap": 0.5983336516975859
        },
        "test_report": {
          "mrr": 0.14591160795472158,
          "hits10": 0.33406593406593404,
          "hits20": 0.49230769230769234,
          "hits50": 0.7120879120879121,
          "hits100": 0.832967032967033,
          "mean_positive_rank": 50.572527472527476,
          "auc": 0.880967912087912,
          "ap": 0.009905304392067073,
          "groups": {
            "HH": {
              "mrr": 0.1607586119896737,
              "count": 136
            },
            "HL": {
              "mrr": 0.04255174601953923,
              "count": 114
            },
            "LH": {
              "mrr": 0.40427590768305854,
              "count": 42
            },
            "LL": {
              "mrr": 0.13924001975390654,
              "count": 163
            }
          },
          "macro_mrr": 0.1867065713615445,
          "worst_group_mrr": 0.04255174601953923,
          "group_gap": 0.3617241616635193
        }
      },
      "score_path": {
        "mean_abs": 0.8294342382795659,
        "std": 0.7029508953711096,
        "max_abs": 1.2558491230010986,
        "nonzero_fraction": 1.0,
        "depth_scale": 0.15788687765598297,
        "operator_norm": 5.800845146179199,
        "operator_trainable": false
      },
      "parameter_count": {
        "total": 265031,
        "trainable": 264007
      },
      "runtime_seconds": 135.06819653883576,
      "peak_gpu_memory_mb": 95.001953125,
      "gpu_name": "Tesla V100-PCIE-16GB",
      "deterministic_algorithms": false,
      "cublas_workspace_config": null,
      "cn_regressor_metadata": {
        "residualizer_type": "NOT_USED",
        "residualizer_parameters": {},
        "fit_seed": 0,
        "fit_sample_count": 7740,
        "symmetric_endpoint_degrees": true,
        "cn_feature_mode": "raw",
        "cn_input_schema": "selective_v1",
        "fit_split": "train",
        "uses_valid_or_test": false,
        "data_source": "train_positive+fixed_train_negative_epoch0",
        "data_hash": "ddbb11ccf9c8c285f48da8e52a2b311e3d51cf80aa2c163425567eaa16b122ab",
        "config_hash": "ae613568f8d9",
        "used_as_model_input": false
      },
      "controls": {
        "simple_cn_proxy_test": {
          "mrr": 0.08416713701501662,
          "hits10": 0.18681318681318682,
          "hits20": 0.25934065934065936,
          "hits50": 0.3142857142857143,
          "hits100": 0.3362637362637363,
          "mean_positive_rank": 177.4043956043956
        }
      },
      "checkpoint": "AUTONOMOUS_MODEL_INNOVATION_V4/mechanism_citeseer_v4/seed0/citeseer_seed0_E_FixedRandom.pt"
    }
  ]
}
