/home/ubuntu/anaconda3/envs/mei_env/lib/python3.11/site-packages/torch/cuda/__init__.py:63: FutureWarning: The pynvml package is deprecated. Please install nvidia-ml-py instead. If you did not install pynvml directly, please report this to the maintainers of the package that installed pynvml for you.
  import pynvml  # type: ignore[import]
{
  "dataset": "citeseer",
  "seed": 3,
  "results": [
    {
      "model_id": "A_EarlyEarly",
      "dataset": "citeseer",
      "seed": 3,
      "config": {
        "dataset": "citeseer",
        "protocol_train": "uniform",
        "protocol_eval": "heart",
        "seed": 3,
        "hidden_dim": 64,
        "branch_dim": 32,
        "num_layers": 2,
        "dropout": 0.1,
        "backbone": "gcn",
        "lr": 0.001,
        "weight_decay": 0.0001,
        "batch_size": 512,
        "pretrain_epochs": 4,
        "disentangle_epochs": 0,
        "negatives_per_positive_eval": 50,
        "intervention_ratio": 0.25,
        "max_interventions_per_batch": 0,
        "max_interventions_per_epoch": 0,
        "lambda_inv": 0.03,
        "lambda_route": 0.03,
        "lambda_adv": 0.01,
        "lambda_orth": 0.001,
        "lambda_degrob": 0.01,
        "output_dir": "AUTONOMOUS_MODEL_INNOVATION_V4/mechanism_citeseer_v4/seed3",
        "prediction_subdir": "raw",
        "device": "auto",
        "ablation": "A5",
        "cn_feature_mode": "raw",
        "cn_input_schema": "selective_v1",
        "interaction_mode": "unrestricted",
        "interaction_share_cap": 0.2,
        "interaction_delta_cap": null,
        "lambda_interaction_share": 0.0,
        "lambda_interaction_delta": 0.0,
        "lambda_link": 1.0,
        "score_routing_enabled": false,
        "lambda_score_route": 0.0,
        "lambda_target_response": 0.0,
        "routing_margin_cn": 0.0,
        "routing_margin_degree": 0.0,
        "target_floor_cn": 0.0,
        "target_floor_degree": 0.0,
        "interaction_route_weight": 1.0,
        "routing_finetune_encoder": "frozen",
        "encoder_lr_multiplier": 0.1
      },
      "config_hash": "294484ec1e2b",
      "code_hashes": {
        "src/dcdlp/models/dcdlp.py": "c1bbf8a86a798fe088d13e61d38053e8dc23d8adfb4443dea5c56ef3f5febba3",
        "src/dcdlp/models/node_encoder.py": "eada0a085994145aed9dafa78aeb98215c027e329a931ddccdeb8178c2272fa1",
        "src/dcdlp/train.py": "df889ab13b374ae5aed517346f3f2df8a97b5db633854ad2f32c4cdcf0cdb1f4",
        "AUTONOMOUS_MODEL_INNOVATION_V4/scripts/v4_models.py": "a203c41dbe31c727d0183544f7b27c09d0ef50a049743f0ac4d998cb46d81588",
        "AUTONOMOUS_MODEL_INNOVATION_V4/scripts/v4_runner.py": "df08127d16747325b506cacc092bf4f5f4bc82477cb4f4c7bdb1793b5a35fca7"
      },
      "data_hash": "93b2480b3b56",
      "init_state_hash": "70632ba99578ca4197274225633528aa33fc99a1e797ffa07cc1c7be728a934a",
      "init_rng_hashes": {
        "torch_cpu": "dfd54ba3cc43e2ce15e5552db84809f8f245daa7c612f4e0c3d8bc07a610bcce",
        "torch_cuda": "59d5966c96af7ecad5c9d2918d6582d102b2c67f6b765ea28ac24371ab4f93be"
      },
      "final_rng_hashes": {
        "torch_cpu": "76fe321e2dc1dfdec62a274bcedbeea2727be2e2972f97e728e07e0345c21ede",
        "torch_cuda": "c86c9d1344d4456e3a7d148fa95aab1d73531475c7a5e56306358a73fb1d3543"
      },
      "training_trace": [
        {
          "epoch": 0,
          "negative_hash": "ab44b319dabb1c3591de43274e613aa3428fc7a3edf5363ebd8781f96666c9c4",
          "order_hash": "a99cec36479d41d0b8273aacd3086cfb54e26c1054ce3a093825fbef909a71f7",
          "negative_seed": 30000,
          "validation_mrr": 0.10923575393519182
        },
        {
          "epoch": 1,
          "negative_hash": "5f441adf02e0e0dfbf9974db12a8ca58fae8d245973925932ea848653d8d570c",
          "order_hash": "dcf97d37c891293c91eaa40af56a5dcdfe6488bc1f5a5d8eec431a46c1e060f2",
          "negative_seed": 30001,
          "validation_mrr": 0.13334376193360767
        },
        {
          "epoch": 2,
          "negative_hash": "13c8509d68254a7de7a8b4ae326d82aa8254965d5ae6f882da8e72e47c76ba0a",
          "order_hash": "8bace982780f0eeab73ea4601463dc78ae897c831e1c71dd116b497ae1f16ccd",
          "negative_seed": 30002,
          "validation_mrr": 0.1303130109317375
        },
        {
          "epoch": 3,
          "negative_hash": "459be9edb1f22f5033e426b970d874ba5bd23889ee0f7afdfa002a51f50282b3",
          "order_hash": "bb272b25261bdb384be8e1b671ac2c0ffae6f63873bc5056ffc1457f29f83582",
          "negative_seed": 30003,
          "validation_mrr": 0.1294142267661916
        }
      ],
      "best_state_hash": "5e42d6c1fc9ea8e08cef96158fc0a56d1369283f74322f5229f30f641b22c607",
      "best_epoch": 1,
      "test_used_for_selection": false,
      "selection_metric": "validation_mrr",
      "metrics": {
        "validation_best": {
          "mrr": 0.13333488030791493,
          "hits10": 0.2643171806167401,
          "hits20": 0.3964757709251101,
          "hits50": 0.6079295154185022,
          "hits100": 0.8061674008810573,
          "mean_positive_rank": 62.75110132158591,
          "auc": 0.8645644588484154,
          "ap": 0.008483320473276292,
          "groups": {
            "HH": {
              "mrr": 0.190328819572793,
              "count": 61
            },
            "HL": {
              "mrr": 0.028555433765877394,
              "count": 70
            },
            "LH": {
              "mrr": 0.6046485260770975,
              "count": 14
            },
            "LL": {
              "mrr": 0.09991463545445768,
              "count": 82
            }
          },
          "macro_mrr": 0.23086185371755638,
          "worst_group_mrr": 0.028555433765877394,
          "group_gap": 0.5760930923112201
        },
        "test_report": {
          "mrr": 0.13527490339633919,
          "hits10": 0.3230769230769231,
          "hits20": 0.44395604395604393,
          "hits50": 0.6747252747252748,
          "hits100": 0.8197802197802198,
          "mean_positive_rank": 54.43626373626373,
          "auc": 0.8698923173529768,
          "ap": 0.00913448966183309,
          "groups": {
            "HH": {
              "mrr": 0.18963649771052143,
              "count": 133
            },
            "HL": {
              "mrr": 0.03835210417920039,
              "count": 117
            },
            "LH": {
              "mrr": 0.43332635106828654,
              "count": 31
            },
            "LL": {
              "mrr": 0.1057937573434003,
              "count": 174
            }
          },
          "macro_mrr": 0.19177717757535218,
          "worst_group_mrr": 0.03835210417920039,
          "group_gap": 0.39497424688908617
        }
      },
      "score_path": {
        "mean_abs": 0.45666200583800676,
        "std": 0.42872519895753564,
        "max_abs": 0.8270947933197021,
        "nonzero_fraction": 1.0,
        "depth_scale": 0.130991593003273,
        "operator_norm": 5.803727149963379,
        "operator_trainable": true
      },
      "parameter_count": {
        "total": 265031,
        "trainable": 265031
      },
      "runtime_seconds": 138.877574454993,
      "peak_gpu_memory_mb": 92.9619140625,
      "gpu_name": "Tesla V100-PCIE-16GB",
      "deterministic_algorithms": false,
      "cublas_workspace_config": null,
      "cn_regressor_metadata": {
        "residualizer_type": "NOT_USED",
        "residualizer_parameters": {},
        "fit_seed": 3,
        "fit_sample_count": 7740,
        "symmetric_endpoint_degrees": true,
        "cn_feature_mode": "raw",
        "cn_input_schema": "selective_v1",
        "fit_split": "train",
        "uses_valid_or_test": false,
        "data_source": "train_positive+fixed_train_negative_epoch0",
        "data_hash": "24c8b8c8154f517fd4b3a2675a8780fb9c86492305fc64e53eb40e4ea44dba74",
        "config_hash": "74309a7b22d6",
        "used_as_model_input": false
      },
      "controls": {
        "simple_cn_proxy_test": {
          "mrr": 0.08416713701501662,
          "hits10": 0.18681318681318682,
          "hits20": 0.25934065934065936,
          "hits50": 0.3142857142857143,
          "hits100": 0.3362637362637363,
          "mean_positive_rank": 177.4043956043956
        }
      },
      "checkpoint": "AUTONOMOUS_MODEL_INNOVATION_V4/mechanism_citeseer_v4/seed3/citeseer_seed3_A_EarlyEarly.pt"
    },
    {
      "model_id": "B_LateLate",
      "dataset": "citeseer",
      "seed": 3,
      "config": {
        "dataset": "citeseer",
        "protocol_train": "uniform",
        "protocol_eval": "heart",
        "seed": 3,
        "hidden_dim": 64,
        "branch_dim": 32,
        "num_layers": 2,
        "dropout": 0.1,
        "backbone": "gcn",
        "lr": 0.001,
        "weight_decay": 0.0001,
        "batch_size": 512,
        "pretrain_epochs": 4,
        "disentangle_epochs": 0,
        "negatives_per_positive_eval": 50,
        "intervention_ratio": 0.25,
        "max_interventions_per_batch": 0,
        "max_interventions_per_epoch": 0,
        "lambda_inv": 0.03,
        "lambda_route": 0.03,
        "lambda_adv": 0.01,
        "lambda_orth": 0.001,
        "lambda_degrob": 0.01,
        "output_dir": "AUTONOMOUS_MODEL_INNOVATION_V4/mechanism_citeseer_v4/seed3",
        "prediction_subdir": "raw",
        "device": "auto",
        "ablation": "A5",
        "cn_feature_mode": "raw",
        "cn_input_schema": "selective_v1",
        "interaction_mode": "unrestricted",
        "interaction_share_cap": 0.2,
        "interaction_delta_cap": null,
        "lambda_interaction_share": 0.0,
        "lambda_interaction_delta": 0.0,
        "lambda_link": 1.0,
        "score_routing_enabled": false,
        "lambda_score_route": 0.0,
        "lambda_target_response": 0.0,
        "routing_margin_cn": 0.0,
        "routing_margin_degree": 0.0,
        "target_floor_cn": 0.0,
        "target_floor_degree": 0.0,
        "interaction_route_weight": 1.0,
        "routing_finetune_encoder": "frozen",
        "encoder_lr_multiplier": 0.1
      },
      "config_hash": "61d7d973b19c",
      "code_hashes": {
        "src/dcdlp/models/dcdlp.py": "c1bbf8a86a798fe088d13e61d38053e8dc23d8adfb4443dea5c56ef3f5febba3",
        "src/dcdlp/models/node_encoder.py": "eada0a085994145aed9dafa78aeb98215c027e329a931ddccdeb8178c2272fa1",
        "src/dcdlp/train.py": "df889ab13b374ae5aed517346f3f2df8a97b5db633854ad2f32c4cdcf0cdb1f4",
        "AUTONOMOUS_MODEL_INNOVATION_V4/scripts/v4_models.py": "a203c41dbe31c727d0183544f7b27c09d0ef50a049743f0ac4d998cb46d81588",
        "AUTONOMOUS_MODEL_INNOVATION_V4/scripts/v4_runner.py": "df08127d16747325b506cacc092bf4f5f4bc82477cb4f4c7bdb1793b5a35fca7"
      },
      "data_hash": "93b2480b3b56",
      "init_state_hash": "70632ba99578ca4197274225633528aa33fc99a1e797ffa07cc1c7be728a934a",
      "init_rng_hashes": {
        "torch_cpu": "dfd54ba3cc43e2ce15e5552db84809f8f245daa7c612f4e0c3d8bc07a610bcce",
        "torch_cuda": "59d5966c96af7ecad5c9d2918d6582d102b2c67f6b765ea28ac24371ab4f93be"
      },
      "final_rng_hashes": {
        "torch_cpu": "76fe321e2dc1dfdec62a274bcedbeea2727be2e2972f97e728e07e0345c21ede",
        "torch_cuda": "c86c9d1344d4456e3a7d148fa95aab1d73531475c7a5e56306358a73fb1d3543"
      },
      "training_trace": [
        {
          "epoch": 0,
          "negative_hash": "ab44b319dabb1c3591de43274e613aa3428fc7a3edf5363ebd8781f96666c9c4",
          "order_hash": "a99cec36479d41d0b8273aacd3086cfb54e26c1054ce3a093825fbef909a71f7",
          "negative_seed": 30000,
          "validation_mrr": 0.10046824857526812
        },
        {
          "epoch": 1,
          "negative_hash": "5f441adf02e0e0dfbf9974db12a8ca58fae8d245973925932ea848653d8d570c",
          "order_hash": "dcf97d37c891293c91eaa40af56a5dcdfe6488bc1f5a5d8eec431a46c1e060f2",
          "negative_seed": 30001,
          "validation_mrr": 0.12716679054532845
        },
        {
          "epoch": 2,
          "negative_hash": "13c8509d68254a7de7a8b4ae326d82aa8254965d5ae6f882da8e72e47c76ba0a",
          "order_hash": "8bace982780f0eeab73ea4601463dc78ae897c831e1c71dd116b497ae1f16ccd",
          "negative_seed": 30002,
          "validation_mrr": 0.11890886580907975
        },
        {
          "epoch": 3,
          "negative_hash": "459be9edb1f22f5033e426b970d874ba5bd23889ee0f7afdfa002a51f50282b3",
          "order_hash": "bb272b25261bdb384be8e1b671ac2c0ffae6f63873bc5056ffc1457f29f83582",
          "negative_seed": 30003,
          "validation_mrr": 0.13325069941825923
        }
      ],
      "best_state_hash": "51417c80da61e8cc3da6e8e541b51ad5e5773db19106d622cacb8f69c90032f6",
      "best_epoch": 3,
      "test_used_for_selection": false,
      "selection_metric": "validation_mrr",
      "metrics": {
        "validation_best": {
          "mrr": 0.13396785242325,
          "hits10": 0.2775330396475771,
          "hits20": 0.4052863436123348,
          "hits50": 0.6387665198237885,
          "hits100": 0.801762114537445,
          "mean_positive_rank": 58.37665198237885,
          "auc": 0.8746374856876711,
          "ap": 0.009132649902535112,
          "groups": {
            "HH": {
              "mrr": 0.1831042414465505,
              "count": 61
            },
            "HL": {
              "mrr": 0.030470295969940064,
              "count": 70
            },
            "LH": {
              "mrr": 0.5133116883116883,
              "count": 14
            },
            "LL": {
              "mrr": 0.12100072460461861,
              "count": 82
            }
          },
          "macro_mrr": 0.21197173758319937,
          "worst_group_mrr": 0.030470295969940064,
          "group_gap": 0.4828413923417482
        },
        "test_report": {
          "mrr": 0.1393451336146287,
          "hits10": 0.3054945054945055,
          "hits20": 0.4857142857142857,
          "hits50": 0.6923076923076923,
          "hits100": 0.8087912087912088,
          "mean_positive_rank": 53.323076923076925,
          "auc": 0.8747867986958098,
          "ap": 0.00989043469032664,
          "groups": {
            "HH": {
              "mrr": 0.17612158484922733,
              "count": 133
            },
            "HL": {
              "mrr": 0.04237453869717499,
              "count": 117
            },
            "LH": {
              "mrr": 0.3761381092026253,
              "count": 31
            },
            "LL": {
              "mrr": 0.1342515091773446,
              "count": 174
            }
          },
          "macro_mrr": 0.18222143548159306,
          "worst_group_mrr": 0.04237453869717499,
          "group_gap": 0.3337635705054503
        }
      },
      "score_path": {
        "mean_abs": 0.7918618595329943,
        "std": 0.7011640635790225,
        "max_abs": 1.4326847791671753,
        "nonzero_fraction": 1.0,
        "depth_scale": 0.15710656344890594,
        "operator_norm": 5.947315216064453,
        "operator_trainable": true
      },
      "parameter_count": {
        "total": 265031,
        "trainable": 265031
      },
      "runtime_seconds": 139.88480022968724,
      "peak_gpu_memory_mb": 95.0107421875,
      "gpu_name": "Tesla V100-PCIE-16GB",
      "deterministic_algorithms": false,
      "cublas_workspace_config": null,
      "cn_regressor_metadata": {
        "residualizer_type": "NOT_USED",
        "residualizer_parameters": {},
        "fit_seed": 3,
        "fit_sample_count": 7740,
        "symmetric_endpoint_degrees": true,
        "cn_feature_mode": "raw",
        "cn_input_schema": "selective_v1",
        "fit_split": "train",
        "uses_valid_or_test": false,
        "data_source": "train_positive+fixed_train_negative_epoch0",
        "data_hash": "24c8b8c8154f517fd4b3a2675a8780fb9c86492305fc64e53eb40e4ea44dba74",
        "config_hash": "74309a7b22d6",
        "used_as_model_input": false
      },
      "controls": {
        "simple_cn_proxy_test": {
          "mrr": 0.08416713701501662,
          "hits10": 0.18681318681318682,
          "hits20": 0.25934065934065936,
          "hits50": 0.3142857142857143,
          "hits100": 0.3362637362637363,
          "mean_positive_rank": 177.4043956043956
        }
      },
      "checkpoint": "AUTONOMOUS_MODEL_INNOVATION_V4/mechanism_citeseer_v4/seed3/citeseer_seed3_B_LateLate.pt"
    },
    {
      "model_id": "C_CDPT",
      "dataset": "citeseer",
      "seed": 3,
      "config": {
        "dataset": "citeseer",
        "protocol_train": "uniform",
        "protocol_eval": "heart",
        "seed": 3,
        "hidden_dim": 64,
        "branch_dim": 32,
        "num_layers": 2,
        "dropout": 0.1,
        "backbone": "gcn",
        "lr": 0.001,
        "weight_decay": 0.0001,
        "batch_size": 512,
        "pretrain_epochs": 4,
        "disentangle_epochs": 0,
        "negatives_per_positive_eval": 50,
        "intervention_ratio": 0.25,
        "max_interventions_per_batch": 0,
        "max_interventions_per_epoch": 0,
        "lambda_inv": 0.03,
        "lambda_route": 0.03,
        "lambda_adv": 0.01,
        "lambda_orth": 0.001,
        "lambda_degrob": 0.01,
        "output_dir": "AUTONOMOUS_MODEL_INNOVATION_V4/mechanism_citeseer_v4/seed3",
        "prediction_subdir": "raw",
        "device": "auto",
        "ablation": "A5",
        "cn_feature_mode": "raw",
        "cn_input_schema": "selective_v1",
        "interaction_mode": "unrestricted",
        "interaction_share_cap": 0.2,
        "interaction_delta_cap": null,
        "lambda_interaction_share": 0.0,
        "lambda_interaction_delta": 0.0,
        "lambda_link": 1.0,
        "score_routing_enabled": false,
        "lambda_score_route": 0.0,
        "lambda_target_response": 0.0,
        "routing_margin_cn": 0.0,
        "routing_margin_degree": 0.0,
        "target_floor_cn": 0.0,
        "target_floor_degree": 0.0,
        "interaction_route_weight": 1.0,
        "routing_finetune_encoder": "frozen",
        "encoder_lr_multiplier": 0.1
      },
      "config_hash": "cb1d0a6ecd1d",
      "code_hashes": {
        "src/dcdlp/models/dcdlp.py": "c1bbf8a86a798fe088d13e61d38053e8dc23d8adfb4443dea5c56ef3f5febba3",
        "src/dcdlp/models/node_encoder.py": "eada0a085994145aed9dafa78aeb98215c027e329a931ddccdeb8178c2272fa1",
        "src/dcdlp/train.py": "df889ab13b374ae5aed517346f3f2df8a97b5db633854ad2f32c4cdcf0cdb1f4",
        "AUTONOMOUS_MODEL_INNOVATION_V4/scripts/v4_models.py": "a203c41dbe31c727d0183544f7b27c09d0ef50a049743f0ac4d998cb46d81588",
        "AUTONOMOUS_MODEL_INNOVATION_V4/scripts/v4_runner.py": "df08127d16747325b506cacc092bf4f5f4bc82477cb4f4c7bdb1793b5a35fca7"
      },
      "data_hash": "93b2480b3b56",
      "init_state_hash": "70632ba99578ca4197274225633528aa33fc99a1e797ffa07cc1c7be728a934a",
      "init_rng_hashes": {
        "torch_cpu": "dfd54ba3cc43e2ce15e5552db84809f8f245daa7c612f4e0c3d8bc07a610bcce",
        "torch_cuda": "59d5966c96af7ecad5c9d2918d6582d102b2c67f6b765ea28ac24371ab4f93be"
      },
      "final_rng_hashes": {
        "torch_cpu": "76fe321e2dc1dfdec62a274bcedbeea2727be2e2972f97e728e07e0345c21ede",
        "torch_cuda": "c86c9d1344d4456e3a7d148fa95aab1d73531475c7a5e56306358a73fb1d3543"
      },
      "training_trace": [
        {
          "epoch": 0,
          "negative_hash": "ab44b319dabb1c3591de43274e613aa3428fc7a3edf5363ebd8781f96666c9c4",
          "order_hash": "a99cec36479d41d0b8273aacd3086cfb54e26c1054ce3a093825fbef909a71f7",
          "negative_seed": 30000,
          "validation_mrr": 0.11423960008087855
        },
        {
          "epoch": 1,
          "negative_hash": "5f441adf02e0e0dfbf9974db12a8ca58fae8d245973925932ea848653d8d570c",
          "order_hash": "dcf97d37c891293c91eaa40af56a5dcdfe6488bc1f5a5d8eec431a46c1e060f2",
          "negative_seed": 30001,
          "validation_mrr": 0.13391314210357624
        },
        {
          "epoch": 2,
          "negative_hash": "13c8509d68254a7de7a8b4ae326d82aa8254965d5ae6f882da8e72e47c76ba0a",
          "order_hash": "8bace982780f0eeab73ea4601463dc78ae897c831e1c71dd116b497ae1f16ccd",
          "negative_seed": 30002,
          "validation_mrr": 0.12918583544033552
        },
        {
          "epoch": 3,
          "negative_hash": "459be9edb1f22f5033e426b970d874ba5bd23889ee0f7afdfa002a51f50282b3",
          "order_hash": "bb272b25261bdb384be8e1b671ac2c0ffae6f63873bc5056ffc1457f29f83582",
          "negative_seed": 30003,
          "validation_mrr": 0.12888474134859576
        }
      ],
      "best_state_hash": "62ac2a42a0e6adf3eea5dbd1c3bf511f9113d8ac74ed04bef79ed4daad2bdc82",
      "best_epoch": 1,
      "test_used_for_selection": false,
      "selection_metric": "validation_mrr",
      "metrics": {
        "validation_best": {
          "mrr": 0.133920347440706,
          "hits10": 0.2599118942731278,
          "hits20": 0.4008810572687225,
          "hits50": 0.5814977973568282,
          "hits100": 0.7577092511013216,
          "mean_positive_rank": 69.08810572687224,
          "auc": 0.8588171126938229,
          "ap": 0.008710580371360195,
          "groups": {
            "HH": {
              "mrr": 0.2065173448055604,
              "count": 61
            },
            "HL": {
              "mrr": 0.027433588309359828,
              "count": 70
            },
            "LH": {
              "mrr": 0.5254960317460318,
              "count": 14
            },
            "LL": {
              "mrr": 0.1039642098756274,
              "count": 82
            }
          },
          "macro_mrr": 0.21585279368414484,
          "worst_group_mrr": 0.027433588309359828,
          "group_gap": 0.49806244343667194
        },
        "test_report": {
          "mrr": 0.1389000240041476,
          "hits10": 0.3098901098901099,
          "hits20": 0.44395604395604393,
          "hits50": 0.6527472527472528,
          "hits100": 0.8065934065934066,
          "mean_positive_rank": 59.128571428571426,
          "auc": 0.8660393817171839,
          "ap": 0.009511635534022032,
          "groups": {
            "HH": {
              "mrr": 0.2138738676355047,
              "count": 133
            },
            "HL": {
              "mrr": 0.03706744076360312,
              "count": 117
            },
            "LH": {
              "mrr": 0.48015479144511397,
              "count": 31
            },
            "LL": {
              "mrr": 0.08926780127715483,
              "count": 174
            }
          },
          "macro_mrr": 0.20509097528034415,
          "worst_group_mrr": 0.03706744076360312,
          "group_gap": 0.44308735068151084
        }
      },
      "score_path": {
        "mean_abs": 0.41305995538707946,
        "std": 0.3933512613724276,
        "max_abs": 0.8129774332046509,
        "nonzero_fraction": 1.0,
        "depth_scale": 0.12741966545581818,
        "operator_norm": 5.767392158508301,
        "operator_trainable": true
      },
      "parameter_count": {
        "total": 265031,
        "trainable": 265031
      },
      "runtime_seconds": 140.85127226775512,
      "peak_gpu_memory_mb": 95.0107421875,
      "gpu_name": "Tesla V100-PCIE-16GB",
      "deterministic_algorithms": false,
      "cublas_workspace_config": null,
      "cn_regressor_metadata": {
        "residualizer_type": "NOT_USED",
        "residualizer_parameters": {},
        "fit_seed": 3,
        "fit_sample_count": 7740,
        "symmetric_endpoint_degrees": true,
        "cn_feature_mode": "raw",
        "cn_input_schema": "selective_v1",
        "fit_split": "train",
        "uses_valid_or_test": false,
        "data_source": "train_positive+fixed_train_negative_epoch0",
        "data_hash": "24c8b8c8154f517fd4b3a2675a8780fb9c86492305fc64e53eb40e4ea44dba74",
        "config_hash": "74309a7b22d6",
        "used_as_model_input": false
      },
      "controls": {
        "simple_cn_proxy_test": {
          "mrr": 0.08416713701501662,
          "hits10": 0.18681318681318682,
          "hits20": 0.25934065934065936,
          "hits50": 0.3142857142857143,
          "hits100": 0.3362637362637363,
          "mean_positive_rank": 177.4043956043956
        }
      },
      "checkpoint": "AUTONOMOUS_MODEL_INNOVATION_V4/mechanism_citeseer_v4/seed3/citeseer_seed3_C_CDPT.pt"
    },
    {
      "model_id": "D_ConcatMLP",
      "dataset": "citeseer",
      "seed": 3,
      "config": {
        "dataset": "citeseer",
        "protocol_train": "uniform",
        "protocol_eval": "heart",
        "seed": 3,
        "hidden_dim": 64,
        "branch_dim": 32,
        "num_layers": 2,
        "dropout": 0.1,
        "backbone": "gcn",
        "lr": 0.001,
        "weight_decay": 0.0001,
        "batch_size": 512,
        "pretrain_epochs": 4,
        "disentangle_epochs": 0,
        "negatives_per_positive_eval": 50,
        "intervention_ratio": 0.25,
        "max_interventions_per_batch": 0,
        "max_interventions_per_epoch": 0,
        "lambda_inv": 0.03,
        "lambda_route": 0.03,
        "lambda_adv": 0.01,
        "lambda_orth": 0.001,
        "lambda_degrob": 0.01,
        "output_dir": "AUTONOMOUS_MODEL_INNOVATION_V4/mechanism_citeseer_v4/seed3",
        "prediction_subdir": "raw",
        "device": "auto",
        "ablation": "A5",
        "cn_feature_mode": "raw",
        "cn_input_schema": "selective_v1",
        "interaction_mode": "unrestricted",
        "interaction_share_cap": 0.2,
        "interaction_delta_cap": null,
        "lambda_interaction_share": 0.0,
        "lambda_interaction_delta": 0.0,
        "lambda_link": 1.0,
        "score_routing_enabled": false,
        "lambda_score_route": 0.0,
        "lambda_target_response": 0.0,
        "routing_margin_cn": 0.0,
        "routing_margin_degree": 0.0,
        "target_floor_cn": 0.0,
        "target_floor_degree": 0.0,
        "interaction_route_weight": 1.0,
        "routing_finetune_encoder": "frozen",
        "encoder_lr_multiplier": 0.1
      },
      "config_hash": "c85047f753b2",
      "code_hashes": {
        "src/dcdlp/models/dcdlp.py": "c1bbf8a86a798fe088d13e61d38053e8dc23d8adfb4443dea5c56ef3f5febba3",
        "src/dcdlp/models/node_encoder.py": "eada0a085994145aed9dafa78aeb98215c027e329a931ddccdeb8178c2272fa1",
        "src/dcdlp/train.py": "df889ab13b374ae5aed517346f3f2df8a97b5db633854ad2f32c4cdcf0cdb1f4",
        "AUTONOMOUS_MODEL_INNOVATION_V4/scripts/v4_models.py": "a203c41dbe31c727d0183544f7b27c09d0ef50a049743f0ac4d998cb46d81588",
        "AUTONOMOUS_MODEL_INNOVATION_V4/scripts/v4_runner.py": "df08127d16747325b506cacc092bf4f5f4bc82477cb4f4c7bdb1793b5a35fca7"
      },
      "data_hash": "93b2480b3b56",
      "init_state_hash": "a6a6cca5cefb213b7a42849a7af7d33754824b772b4d47dd4fbb965cb2752b06",
      "init_rng_hashes": {
        "torch_cpu": "bb4a037bd3338c5e7464b3dc0164cf518f387031312faaa038a777da73798bb0",
        "torch_cuda": "59d5966c96af7ecad5c9d2918d6582d102b2c67f6b765ea28ac24371ab4f93be"
      },
      "final_rng_hashes": {
        "torch_cpu": "76fe321e2dc1dfdec62a274bcedbeea2727be2e2972f97e728e07e0345c21ede",
        "torch_cuda": "c86c9d1344d4456e3a7d148fa95aab1d73531475c7a5e56306358a73fb1d3543"
      },
      "training_trace": [
        {
          "epoch": 0,
          "negative_hash": "ab44b319dabb1c3591de43274e613aa3428fc7a3edf5363ebd8781f96666c9c4",
          "order_hash": "a99cec36479d41d0b8273aacd3086cfb54e26c1054ce3a093825fbef909a71f7",
          "negative_seed": 30000,
          "validation_mrr": 0.10629785897743477
        },
        {
          "epoch": 1,
          "negative_hash": "5f441adf02e0e0dfbf9974db12a8ca58fae8d245973925932ea848653d8d570c",
          "order_hash": "dcf97d37c891293c91eaa40af56a5dcdfe6488bc1f5a5d8eec431a46c1e060f2",
          "negative_seed": 30001,
          "validation_mrr": 0.11633500769317336
        },
        {
          "epoch": 2,
          "negative_hash": "13c8509d68254a7de7a8b4ae326d82aa8254965d5ae6f882da8e72e47c76ba0a",
          "order_hash": "8bace982780f0eeab73ea4601463dc78ae897c831e1c71dd116b497ae1f16ccd",
          "negative_seed": 30002,
          "validation_mrr": 0.13172455820742693
        },
        {
          "epoch": 3,
          "negative_hash": "459be9edb1f22f5033e426b970d874ba5bd23889ee0f7afdfa002a51f50282b3",
          "order_hash": "bb272b25261bdb384be8e1b671ac2c0ffae6f63873bc5056ffc1457f29f83582",
          "negative_seed": 30003,
          "validation_mrr": 0.1298455985367113
        }
      ],
      "best_state_hash": "9824e9eea890e8e3026cbe04d77d9d562103764d2791df105bdd949324fe30fa",
      "best_epoch": 2,
      "test_used_for_selection": false,
      "selection_metric": "validation_mrr",
      "metrics": {
        "validation_best": {
          "mrr": 0.13172455820742693,
          "hits10": 0.2599118942731278,
          "hits20": 0.3832599118942731,
          "hits50": 0.6255506607929515,
          "hits100": 0.7841409691629956,
          "mean_positive_rank": 63.72687224669603,
          "auc": 0.8607385355819053,
          "ap": 0.008278483364290011,
          "groups": {
            "HH": {
              "mrr": 0.16866671696893693,
              "count": 61
            },
            "HL": {
              "mrr": 0.028371365714475173,
              "count": 70
            },
            "LH": {
              "mrr": 0.5128357753357753,
              "count": 14
            },
            "LL": {
              "mrr": 0.12740376247886148,
              "count": 82
            }
          },
          "macro_mrr": 0.20931940512451225,
          "worst_group_mrr": 0.028371365714475173,
          "group_gap": 0.4844644096213001
        },
        "test_report": {
          "mrr": 0.11864157334880748,
          "hits10": 0.2681318681318681,
          "hits20": 0.42637362637362636,
          "hits50": 0.6395604395604395,
          "hits100": 0.789010989010989,
          "mean_positive_rank": 62.52417582417583,
          "auc": 0.8546639487984542,
          "ap": 0.00865173447094292,
          "groups": {
            "HH": {
              "mrr": 0.16913710324047052,
              "count": 133
            },
            "HL": {
              "mrr": 0.03733500548510954,
              "count": 117
            },
            "LH": {
              "mrr": 0.3227193456603961,
              "count": 31
            },
            "LL": {
              "mrr": 0.09835738957180883,
              "count": 174
            }
          },
          "macro_mrr": 0.15688721098944625,
          "worst_group_mrr": 0.03733500548510954,
          "group_gap": 0.2853843401752866
        }
      },
      "score_path": {
        "mean_abs": 0.10941013709151386,
        "std": 0.06607209768187845,
        "max_abs": 0.15718382596969604,
        "nonzero_fraction": 1.0,
        "depth_scale": 0.1547376662492752,
        "operator_norm": 0.0,
        "operator_trainable": false
      },
      "parameter_count": {
        "total": 264998,
        "trainable": 264998
      },
      "runtime_seconds": 154.94837527582422,
      "peak_gpu_memory_mb": 95.04736328125,
      "gpu_name": "Tesla V100-PCIE-16GB",
      "deterministic_algorithms": false,
      "cublas_workspace_config": null,
      "cn_regressor_metadata": {
        "residualizer_type": "NOT_USED",
        "residualizer_parameters": {},
        "fit_seed": 3,
        "fit_sample_count": 7740,
        "symmetric_endpoint_degrees": true,
        "cn_feature_mode": "raw",
        "cn_input_schema": "selective_v1",
        "fit_split": "train",
        "uses_valid_or_test": false,
        "data_source": "train_positive+fixed_train_negative_epoch0",
        "data_hash": "24c8b8c8154f517fd4b3a2675a8780fb9c86492305fc64e53eb40e4ea44dba74",
        "config_hash": "74309a7b22d6",
        "used_as_model_input": false
      },
      "controls": {
        "simple_cn_proxy_test": {
          "mrr": 0.08416713701501662,
          "hits10": 0.18681318681318682,
          "hits20": 0.25934065934065936,
          "hits50": 0.3142857142857143,
          "hits100": 0.3362637362637363,
          "mean_positive_rank": 177.4043956043956
        }
      },
      "checkpoint": "AUTONOMOUS_MODEL_INNOVATION_V4/mechanism_citeseer_v4/seed3/citeseer_seed3_D_ConcatMLP.pt"
    },
    {
      "model_id": "E_FixedRandom",
      "dataset": "citeseer",
      "seed": 3,
      "config": {
        "dataset": "citeseer",
        "protocol_train": "uniform",
        "protocol_eval": "heart",
        "seed": 3,
        "hidden_dim": 64,
        "branch_dim": 32,
        "num_layers": 2,
        "dropout": 0.1,
        "backbone": "gcn",
        "lr": 0.001,
        "weight_decay": 0.0001,
        "batch_size": 512,
        "pretrain_epochs": 4,
        "disentangle_epochs": 0,
        "negatives_per_positive_eval": 50,
        "intervention_ratio": 0.25,
        "max_interventions_per_batch": 0,
        "max_interventions_per_epoch": 0,
        "lambda_inv": 0.03,
        "lambda_route": 0.03,
        "lambda_adv": 0.01,
        "lambda_orth": 0.001,
        "lambda_degrob": 0.01,
        "output_dir": "AUTONOMOUS_MODEL_INNOVATION_V4/mechanism_citeseer_v4/seed3",
        "prediction_subdir": "raw",
        "device": "auto",
        "ablation": "A5",
        "cn_feature_mode": "raw",
        "cn_input_schema": "selective_v1",
        "interaction_mode": "unrestricted",
        "interaction_share_cap": 0.2,
        "interaction_delta_cap": null,
        "lambda_interaction_share": 0.0,
        "lambda_interaction_delta": 0.0,
        "lambda_link": 1.0,
        "score_routing_enabled": false,
        "lambda_score_route": 0.0,
        "lambda_target_response": 0.0,
        "routing_margin_cn": 0.0,
        "routing_margin_degree": 0.0,
        "target_floor_cn": 0.0,
        "target_floor_degree": 0.0,
        "interaction_route_weight": 1.0,
        "routing_finetune_encoder": "frozen",
        "encoder_lr_multiplier": 0.1
      },
      "config_hash": "e14b89e131de",
      "code_hashes": {
        "src/dcdlp/models/dcdlp.py": "c1bbf8a86a798fe088d13e61d38053e8dc23d8adfb4443dea5c56ef3f5febba3",
        "src/dcdlp/models/node_encoder.py": "eada0a085994145aed9dafa78aeb98215c027e329a931ddccdeb8178c2272fa1",
        "src/dcdlp/train.py": "df889ab13b374ae5aed517346f3f2df8a97b5db633854ad2f32c4cdcf0cdb1f4",
        "AUTONOMOUS_MODEL_INNOVATION_V4/scripts/v4_models.py": "a203c41dbe31c727d0183544f7b27c09d0ef50a049743f0ac4d998cb46d81588",
        "AUTONOMOUS_MODEL_INNOVATION_V4/scripts/v4_runner.py": "df08127d16747325b506cacc092bf4f5f4bc82477cb4f4c7bdb1793b5a35fca7"
      },
      "data_hash": "93b2480b3b56",
      "init_state_hash": "3d88e53028301add182c43cda1af60d009ba2c3f68caa43027aadce775be6276",
      "init_rng_hashes": {
        "torch_cpu": "abaf19756ddfa7c9c7278d2a6f078965a048c09d5b1ecb0c89b33e89a1a5e79c",
        "torch_cuda": "59d5966c96af7ecad5c9d2918d6582d102b2c67f6b765ea28ac24371ab4f93be"
      },
      "final_rng_hashes": {
        "torch_cpu": "76fe321e2dc1dfdec62a274bcedbeea2727be2e2972f97e728e07e0345c21ede",
        "torch_cuda": "c86c9d1344d4456e3a7d148fa95aab1d73531475c7a5e56306358a73fb1d3543"
      },
      "training_trace": [
        {
          "epoch": 0,
          "negative_hash": "ab44b319dabb1c3591de43274e613aa3428fc7a3edf5363ebd8781f96666c9c4",
          "order_hash": "a99cec36479d41d0b8273aacd3086cfb54e26c1054ce3a093825fbef909a71f7",
          "negative_seed": 30000,
          "validation_mrr": 0.12255953765180037
        },
        {
          "epoch": 1,
          "negative_hash": "5f441adf02e0e0dfbf9974db12a8ca58fae8d245973925932ea848653d8d570c",
          "order_hash": "dcf97d37c891293c91eaa40af56a5dcdfe6488bc1f5a5d8eec431a46c1e060f2",
          "negative_seed": 30001,
          "validation_mrr": 0.13133639016461282
        },
        {
          "epoch": 2,
          "negative_hash": "13c8509d68254a7de7a8b4ae326d82aa8254965d5ae6f882da8e72e47c76ba0a",
          "order_hash": "8bace982780f0eeab73ea4601463dc78ae897c831e1c71dd116b497ae1f16ccd",
          "negative_seed": 30002,
          "validation_mrr": 0.12261658955118586
        },
        {
          "epoch": 3,
          "negative_hash": "459be9edb1f22f5033e426b970d874ba5bd23889ee0f7afdfa002a51f50282b3",
          "order_hash": "bb272b25261bdb384be8e1b671ac2c0ffae6f63873bc5056ffc1457f29f83582",
          "negative_seed": 30003,
          "validation_mrr": 0.11880452856005982
        }
      ],
      "best_state_hash": "b08f479955af5e38d3da0262614f30858052e0825812e21da76e796e1a4bcc71",
      "best_epoch": 1,
      "test_used_for_selection": false,
      "selection_metric": "validation_mrr",
      "metrics": {
        "validation_best": {
          "mrr": 0.1317674450649018,
          "hits10": 0.2555066079295154,
          "hits20": 0.3920704845814978,
          "hits50": 0.5859030837004405,
          "hits100": 0.748898678414097,
          "mean_positive_rank": 69.38546255506608,
          "auc": 0.8569016864290011,
          "ap": 0.008592853280731885,
          "groups": {
            "HH": {
              "mrr": 0.19852191457353455,
              "count": 61
            },
            "HL": {
              "mrr": 0.02964536496795338,
              "count": 70
            },
            "LH": {
              "mrr": 0.5654151404151404,
              "count": 14
            },
            "LL": {
              "mrr": 0.0952486064290048,
              "count": 82
            }
          },
          "macro_mrr": 0.2222077565964083,
          "worst_group_mrr": 0.02964536496795338,
          "group_gap": 0.5357697754471871
        },
        "test_report": {
          "mrr": 0.13294912155708832,
          "hits10": 0.3120879120879121,
          "hits20": 0.43956043956043955,
          "hits50": 0.6395604395604395,
          "hits100": 0.8153846153846154,
          "mean_positive_rank": 56.106593406593404,
          "auc": 0.8676503031034899,
          "ap": 0.009418258918277711,
          "groups": {
            "HH": {
              "mrr": 0.18530759043001266,
              "count": 133
            },
            "HL": {
              "mrr": 0.039480626060423504,
              "count": 117
            },
            "LH": {
              "mrr": 0.4967497556207234,
              "count": 31
            },
            "LL": {
              "mrr": 0.0909624431492617,
              "count": 174
            }
          },
          "macro_mrr": 0.20312510381510532,
          "worst_group_mrr": 0.039480626060423504,
          "group_gap": 0.45726912956029986
        }
      },
      "score_path": {
        "mean_abs": 0.45703516419270784,
        "std": 0.3733305400782459,
        "max_abs": 0.8564918041229248,
        "nonzero_fraction": 1.0,
        "depth_scale": 0.13018101453781128,
        "operator_norm": 5.529682159423828,
        "operator_trainable": false
      },
      "parameter_count": {
        "total": 265031,
        "trainable": 264007
      },
      "runtime_seconds": 139.79299507429823,
      "peak_gpu_memory_mb": 95.001953125,
      "gpu_name": "Tesla V100-PCIE-16GB",
      "deterministic_algorithms": false,
      "cublas_workspace_config": null,
      "cn_regressor_metadata": {
        "residualizer_type": "NOT_USED",
        "residualizer_parameters": {},
        "fit_seed": 3,
        "fit_sample_count": 7740,
        "symmetric_endpoint_degrees": true,
        "cn_feature_mode": "raw",
        "cn_input_schema": "selective_v1",
        "fit_split": "train",
        "uses_valid_or_test": false,
        "data_source": "train_positive+fixed_train_negative_epoch0",
        "data_hash": "24c8b8c8154f517fd4b3a2675a8780fb9c86492305fc64e53eb40e4ea44dba74",
        "config_hash": "74309a7b22d6",
        "used_as_model_input": false
      },
      "controls": {
        "simple_cn_proxy_test": {
          "mrr": 0.08416713701501662,
          "hits10": 0.18681318681318682,
          "hits20": 0.25934065934065936,
          "hits50": 0.3142857142857143,
          "hits100": 0.3362637362637363,
          "mean_positive_rank": 177.4043956043956
        }
      },
      "checkpoint": "AUTONOMOUS_MODEL_INNOVATION_V4/mechanism_citeseer_v4/seed3/citeseer_seed3_E_FixedRandom.pt"
    }
  ]
}
