{
  "dataset": "cora",
  "protocol_train": "uniform",
  "protocol_eval": "standard",
  "model": "dcdlp",
  "ablation": "A5",
  "seed": 0,
  "cn_feature_mode": "raw",
  "interaction_mode": "unrestricted",
  "hypergraph_mode": "disabled",
  "score_routing_enabled": false,
  "routing_finetune_encoder": "frozen",
  "config_hash": "0845f4c2636f",
  "git_commit": "untracked",
  "best_epoch": 0,
  "validation": {
    "mrr": 0.14393200468477987,
    "hits10": 0.2623574144486692,
    "hits20": 0.7452471482889734,
    "hits50": 1.0,
    "hits100": 1.0,
    "mean_positive_rank": 14.403041825095057,
    "auc": 0.33107027714727694,
    "ap": 0.03842588643785966,
    "groups": {
      "HH": {
        "mrr": 0.08461501886977339,
        "count": 77
      },
      "HL": {
        "mrr": 0.09625113605468903,
        "count": 63
      },
      "LH": {
        "mrr": 0.09774271494472732,
        "count": 42
      },
      "LL": {
        "mrr": 0.26135487876543945,
        "count": 81
      }
    },
    "macro_mrr": 0.1349909371586573,
    "worst_group_mrr": 0.08461501886977339,
    "group_gap": 0.17673985989566604
  },
  "metrics": {
    "mrr": 0.1362093406111183,
    "hits10": 0.2884250474383302,
    "hits20": 0.7438330170777988,
    "hits50": 1.0,
    "hits100": 1.0,
    "mean_positive_rank": 14.233396584440227,
    "auc": 0.33887422631414077,
    "ap": 0.036868623907509154,
    "groups": {
      "HH": {
        "mrr": 0.07490506684823359,
        "count": 175
      },
      "HL": {
        "mrr": 0.0899381035524562,
        "count": 117
      },
      "LH": {
        "mrr": 0.11813842413277852,
        "count": 85
      },
      "LL": {
        "mrr": 0.25406274424463277,
        "count": 150
      }
    },
    "macro_mrr": 0.13426108469452527,
    "worst_group_mrr": 0.07490506684823359,
    "group_gap": 0.17915767739639918
  },
  "runtime": {
    "train_seconds": 4.3263015556149185,
    "inference_seconds": 0.0,
    "peak_gpu_mb": 45.58056640625
  },
  "checkpoint": "/home/ubuntu/lchr_stage1/runs/lchr_stage1/B0/checkpoints/cora_uniform_seed0_0845f4c2636f.pt",
  "predictions": "/home/ubuntu/lchr_stage1/runs/lchr_stage1/B0/raw/cora_uniform_seed0_0845f4c2636f_predictions.csv",
  "intervention_failures": {},
  "cn_feature_metadata": {
    "residualizer_type": "NOT_USED",
    "residualizer_parameters": {},
    "fit_seed": 0,
    "fit_sample_count": 8976,
    "symmetric_endpoint_degrees": true,
    "cn_feature_mode": "raw",
    "cn_input_schema": "selective_v1",
    "fit_split": "train",
    "uses_valid_or_test": false,
    "data_source": "train_positive+fixed_train_negative_epoch0",
    "data_hash": "338b9348eed3c796e6b8717f4da0735e69d600738bfd0bc36225b64856be5c6f",
    "config_hash": "43716054e679",
    "used_as_model_input": false
  },
  "evaluation_candidates": {
    "source": "generated_uniform",
    "hash": "ddbb4e92f8bedb8eafa0b9f04a6b75b5a121d8bc0af3a30a4f24588638fe7f92",
    "shape": [
      527,
      20,
      2
    ],
    "seed": 999,
    "protocol": "standard",
    "negatives_per_positive": 20
  },
  "data_integrity": {
    "split_hash": "4ad9a114f501",
    "train_positive_hash": "fd806089f2ddf34eed08e4ad63f611a0516977500964035338fb026eb0453cf8",
    "valid_positive_hash": "ce0c7a24f7e22fe0ec1c6e22bc185f5f29eb8b1ef2eb2e25da7666a2aabe5482",
    "test_positive_hash": "9360956ed1e7613ec25bfc677b25dfe9e5cd465b60f6eb7af30d3dc08ad6f4c8",
    "candidate_hash": "ddbb4e92f8bedb8eafa0b9f04a6b75b5a121d8bc0af3a30a4f24588638fe7f92"
  },
  "intervention_cache": {
    "source": "deterministic_online_generation",
    "id": "1f01c0aa36f4"
  },
  "parameter_count": {
    "total": 24478,
    "trainable": 24478,
    "cn_branch": 481
  },
  "loss_weights": {
    "lambda_link": 1.0,
    "lambda_score_route": 0.0,
    "lambda_target_response": 0.0,
    "lambda_interaction_share": 0.0,
    "lambda_interaction_delta": 0.0,
    "lambda_orthogonal_legacy": 0.001,
    "lambda_adversarial_legacy": 0.01
  },
  "device": "cuda",
  "result_file": "/home/ubuntu/lchr_stage1/runs/lchr_stage1/B0/raw/cora_uniform_seed0_0845f4c2636f.json"
}
