/home/ubuntu/anaconda3/envs/mei_env/lib/python3.11/site-packages/torch/cuda/__init__.py:63: FutureWarning: The pynvml package is deprecated. Please install nvidia-ml-py instead. If you did not install pynvml directly, please report this to the maintainers of the package that installed pynvml for you.
  import pynvml  # type: ignore[import]
Namespace(data_name='ogbl-collab_CN_2_1_0', neg_mode='equal', gnn_model='GCN', score_model='mlp_score', num_layers=3, num_layers_predictor=3, hidden_channels=128, dropout=0.1, edge_drop=0.0, lr=0.01, epochs=100, eval_steps=20, runs=1, kill_cnt=100, output_dir='/home/ubuntu/AFDR_V7/raw/gcn_2_1_seed2', input_dir='/home/ubuntu/AFDR_V7/repo/LPShift-main/../dataset', l2=0.0, seed=2, save=False, save_test=False, use_saved_model=False, log_steps=1, batch_size=65536, val_batch_size=65536, test_batch_size=65536, device=0)
#################################           0           #################################
seed:  2
################################
Loading Dataset: ogbl-collab_CN_2_1_0_seed1
################################
train train_neg val val_neg test test_neg:  torch.Size([1697336, 2]) torch.Size([1697336, 2]) torch.Size([23669, 2]) torch.Size([23669, 250, 2]) torch.Size([9048, 2]) torch.Size([9048, 250, 2])
layers in gcn:  3
neg_train_pred size before predictions:  torch.Size([1697336, 1])
train_pos train_neg valid_pos valid_neg test_pos test_neg torch.Size([1697336]) torch.Size([1697336, 1]) torch.Size([23669]) torch.Size([23669, 250]) torch.Size([9048]) torch.Size([9048, 250])
2026-09-17 16:28:32,022 - [INFO] - Run: 01, Epoch: 20, Loss: 0.0417, Train: 99.98%, Valid: 6.90%, Test: 5.70%
2026-09-17 16:28:32,022 - [INFO] - Run: 01, Epoch: 20, Loss: 0.0417, Train: 99.96%, Valid: 1.85%, Test: 1.28%
2026-09-17 16:28:32,022 - [INFO] - Run: 01, Epoch: 20, Loss: 0.0417, Train: 100.00%, Valid: 5.29%, Test: 4.01%
2026-09-17 16:28:32,022 - [INFO] - Run: 01, Epoch: 20, Loss: 0.0417, Train: 100.00%, Valid: 15.07%, Test: 12.17%
2026-09-17 16:28:32,022 - [INFO] - Run: 01, Epoch: 20, Loss: 0.0417, Train: 100.00%, Valid: 25.83%, Test: 21.74%
2026-09-17 16:28:32,022 - [INFO] - Run: 01, Epoch: 20, Loss: 0.0417, Train: 100.00%, Valid: 49.14%, Test: 44.08%
2026-09-17 16:28:32,022 - [INFO] - Run: 01, Epoch: 20, Loss: 0.0417, Train: 100.00%, Valid: 77.11%, Test: 72.26%
MRR
2026-09-17 16:28:32,022 - [INFO] - best valid: 6.90%, best test: 5.70%
---
neg_train_pred size before predictions:  torch.Size([1697336, 1])
train_pos train_neg valid_pos valid_neg test_pos test_neg torch.Size([1697336]) torch.Size([1697336, 1]) torch.Size([23669]) torch.Size([23669, 250]) torch.Size([9048]) torch.Size([9048, 250])
2026-09-17 16:29:17,848 - [INFO] - Run: 01, Epoch: 40, Loss: 0.0238, Train: 99.99%, Valid: 7.00%, Test: 5.44%
2026-09-17 16:29:17,849 - [INFO] - Run: 01, Epoch: 40, Loss: 0.0238, Train: 99.99%, Valid: 2.08%, Test: 1.38%
2026-09-17 16:29:17,849 - [INFO] - Run: 01, Epoch: 40, Loss: 0.0238, Train: 100.00%, Valid: 5.45%, Test: 3.67%
2026-09-17 16:29:17,849 - [INFO] - Run: 01, Epoch: 40, Loss: 0.0238, Train: 100.00%, Valid: 14.90%, Test: 11.42%
2026-09-17 16:29:17,849 - [INFO] - Run: 01, Epoch: 40, Loss: 0.0238, Train: 100.00%, Valid: 25.41%, Test: 20.32%
2026-09-17 16:29:17,849 - [INFO] - Run: 01, Epoch: 40, Loss: 0.0238, Train: 100.00%, Valid: 48.12%, Test: 42.14%
2026-09-17 16:29:17,849 - [INFO] - Run: 01, Epoch: 40, Loss: 0.0238, Train: 100.00%, Valid: 75.61%, Test: 69.89%
MRR
2026-09-17 16:29:17,849 - [INFO] - best valid: 7.00%, best test: 5.44%
---
neg_train_pred size before predictions:  torch.Size([1697336, 1])
train_pos train_neg valid_pos valid_neg test_pos test_neg torch.Size([1697336]) torch.Size([1697336, 1]) torch.Size([23669]) torch.Size([23669, 250]) torch.Size([9048]) torch.Size([9048, 250])
2026-09-17 16:30:03,154 - [INFO] - Run: 01, Epoch: 60, Loss: 0.0192, Train: 99.99%, Valid: 6.91%, Test: 5.26%
2026-09-17 16:30:03,154 - [INFO] - Run: 01, Epoch: 60, Loss: 0.0192, Train: 99.99%, Valid: 2.11%, Test: 1.23%
2026-09-17 16:30:03,154 - [INFO] - Run: 01, Epoch: 60, Loss: 0.0192, Train: 100.00%, Valid: 5.30%, Test: 3.61%
2026-09-17 16:30:03,154 - [INFO] - Run: 01, Epoch: 60, Loss: 0.0192, Train: 100.00%, Valid: 14.32%, Test: 10.81%
2026-09-17 16:30:03,154 - [INFO] - Run: 01, Epoch: 60, Loss: 0.0192, Train: 100.00%, Valid: 24.57%, Test: 19.88%
2026-09-17 16:30:03,154 - [INFO] - Run: 01, Epoch: 60, Loss: 0.0192, Train: 100.00%, Valid: 47.34%, Test: 40.98%
2026-09-17 16:30:03,154 - [INFO] - Run: 01, Epoch: 60, Loss: 0.0192, Train: 100.00%, Valid: 75.04%, Test: 68.68%
MRR
2026-09-17 16:30:03,154 - [INFO] - best valid: 7.00%, best test: 5.44%
---
neg_train_pred size before predictions:  torch.Size([1697336, 1])
train_pos train_neg valid_pos valid_neg test_pos test_neg torch.Size([1697336]) torch.Size([1697336, 1]) torch.Size([23669]) torch.Size([23669, 250]) torch.Size([9048]) torch.Size([9048, 250])
2026-09-17 16:30:48,580 - [INFO] - Run: 01, Epoch: 80, Loss: 0.0161, Train: 100.00%, Valid: 6.67%, Test: 4.81%
2026-09-17 16:30:48,581 - [INFO] - Run: 01, Epoch: 80, Loss: 0.0161, Train: 99.99%, Valid: 1.96%, Test: 0.95%
2026-09-17 16:30:48,581 - [INFO] - Run: 01, Epoch: 80, Loss: 0.0161, Train: 100.00%, Valid: 5.02%, Test: 3.22%
2026-09-17 16:30:48,581 - [INFO] - Run: 01, Epoch: 80, Loss: 0.0161, Train: 100.00%, Valid: 14.01%, Test: 9.52%
2026-09-17 16:30:48,581 - [INFO] - Run: 01, Epoch: 80, Loss: 0.0161, Train: 100.00%, Valid: 24.09%, Test: 18.35%
2026-09-17 16:30:48,581 - [INFO] - Run: 01, Epoch: 80, Loss: 0.0161, Train: 100.00%, Valid: 46.55%, Test: 40.02%
2026-09-17 16:30:48,581 - [INFO] - Run: 01, Epoch: 80, Loss: 0.0161, Train: 100.00%, Valid: 74.33%, Test: 67.87%
MRR
2026-09-17 16:30:48,581 - [INFO] - best valid: 7.00%, best test: 5.44%
---
neg_train_pred size before predictions:  torch.Size([1697336, 1])
train_pos train_neg valid_pos valid_neg test_pos test_neg torch.Size([1697336]) torch.Size([1697336, 1]) torch.Size([23669]) torch.Size([23669, 250]) torch.Size([9048]) torch.Size([9048, 250])
2026-09-17 16:31:34,060 - [INFO] - Run: 01, Epoch: 100, Loss: 0.0143, Train: 100.00%, Valid: 6.72%, Test: 4.92%
2026-09-17 16:31:34,060 - [INFO] - Run: 01, Epoch: 100, Loss: 0.0143, Train: 99.99%, Valid: 2.02%, Test: 1.24%
2026-09-17 16:31:34,060 - [INFO] - Run: 01, Epoch: 100, Loss: 0.0143, Train: 100.00%, Valid: 5.18%, Test: 3.12%
2026-09-17 16:31:34,060 - [INFO] - Run: 01, Epoch: 100, Loss: 0.0143, Train: 100.00%, Valid: 13.86%, Test: 9.58%
2026-09-17 16:31:34,060 - [INFO] - Run: 01, Epoch: 100, Loss: 0.0143, Train: 100.00%, Valid: 23.84%, Test: 18.18%
2026-09-17 16:31:34,060 - [INFO] - Run: 01, Epoch: 100, Loss: 0.0143, Train: 100.00%, Valid: 46.47%, Test: 39.70%
2026-09-17 16:31:34,060 - [INFO] - Run: 01, Epoch: 100, Loss: 0.0143, Train: 100.00%, Valid: 74.24%, Test: 67.43%
MRR
2026-09-17 16:31:34,060 - [INFO] - best valid: 7.00%, best test: 5.44%
/home/ubuntu/AFDR_V7/repo/LPShift-main/utils.py:178: UserWarning: std(): degrees of freedom is <= 0. Correction should be strictly less than the reduction factor (input numel divided by output numel). (Triggered internally at /pytorch/aten/src/ATen/native/ReduceOps.cpp:1839.)
  print(f'Highest Train: {r.mean():.2f} ± {r.std():.2f}')
/home/ubuntu/AFDR_V7/repo/LPShift-main/utils.py:182: UserWarning: std(): degrees of freedom is <= 0. Correction should be strictly less than the reduction factor (input numel divided by output numel). (Triggered internally at /pytorch/aten/src/ATen/native/ReduceOps.cpp:1839.)
  best_valid_var = round(r.std().item(), 2)
/home/ubuntu/AFDR_V7/repo/LPShift-main/utils.py:185: UserWarning: std(): degrees of freedom is <= 0. Correction should be strictly less than the reduction factor (input numel divided by output numel). (Triggered internally at /pytorch/aten/src/ATen/native/ReduceOps.cpp:1839.)
  print(f'Highest Valid: {r.mean():.2f} ± {r.std():.2f}')
/home/ubuntu/AFDR_V7/repo/LPShift-main/utils.py:190: UserWarning: std(): degrees of freedom is <= 0. Correction should be strictly less than the reduction factor (input numel divided by output numel). (Triggered internally at /pytorch/aten/src/ATen/native/ReduceOps.cpp:1839.)
  best_train_var = round(r.std().item(), 2)
/home/ubuntu/AFDR_V7/repo/LPShift-main/utils.py:191: UserWarning: std(): degrees of freedom is <= 0. Correction should be strictly less than the reduction factor (input numel divided by output numel). (Triggered internally at /pytorch/aten/src/ATen/native/ReduceOps.cpp:1839.)
  print(f'  Final Train: {r.mean():.2f} ± {r.std():.2f}')
/home/ubuntu/AFDR_V7/repo/LPShift-main/utils.py:196: UserWarning: std(): degrees of freedom is <= 0. Correction should be strictly less than the reduction factor (input numel divided by output numel). (Triggered internally at /pytorch/aten/src/ATen/native/ReduceOps.cpp:1839.)
  best_test_var = round(r.std().item(), 2)
/home/ubuntu/AFDR_V7/repo/LPShift-main/utils.py:197: UserWarning: std(): degrees of freedom is <= 0. Correction should be strictly less than the reduction factor (input numel divided by output numel). (Triggered internally at /pytorch/aten/src/ATen/native/ReduceOps.cpp:1839.)
  print(f'   Final Test: {r.mean():.2f} ± {r.std():.2f}')
---
Hits@1
Run 01:
Highest Train: 99.99
Highest Valid: 2.11
  Final Train: 99.99
   Final Test: 1.23
Hits@3
Run 01:
Highest Train: 100.00
Highest Valid: 5.45
  Final Train: 100.00
   Final Test: 3.67
Hits@10
Run 01:
Highest Train: 100.00
Highest Valid: 15.07
  Final Train: 100.00
   Final Test: 12.17
Hits@20
Run 01:
Highest Train: 100.00
Highest Valid: 25.83
  Final Train: 100.00
   Final Test: 21.74
Hits@50
Run 01:
Highest Train: 100.00
Highest Valid: 49.14
  Final Train: 100.00
   Final Test: 44.08
Hits@100
Run 01:
Highest Train: 100.00
Highest Valid: 77.11
  Final Train: 100.00
   Final Test: 72.26
MRR
Run 01:
Highest Train: 100.00
Highest Valid: 7.00
  Final Train: 99.99
   Final Test: 5.44
Hits@1
All runs:
Highest Train: 99.99 ± nan
Highest Valid: 2.11 ± nan
  Final Train: 99.99 ± nan
   Final Test: 1.23 ± nan
Hits@3
All runs:
Highest Train: 100.00 ± nan
Highest Valid: 5.45 ± nan
  Final Train: 100.00 ± nan
   Final Test: 3.67 ± nan
Hits@10
All runs:
Highest Train: 100.00 ± nan
Highest Valid: 15.07 ± nan
  Final Train: 100.00 ± nan
   Final Test: 12.17 ± nan
Hits@20
All runs:
Highest Train: 100.00 ± nan
Highest Valid: 25.83 ± nan
  Final Train: 100.00 ± nan
   Final Test: 21.74 ± nan
Hits@50
All runs:
Highest Train: 100.00 ± nan
Highest Valid: 49.14 ± nan
  Final Train: 100.00 ± nan
   Final Test: 44.08 ± nan
Hits@100
All runs:
Highest Train: 100.00 ± nan
Highest Valid: 77.11 ± nan
  Final Train: 100.00 ± nan
   Final Test: 72.26 ± nan
MRR
All runs:
Highest Train: 100.00 ± nan
Highest Valid: 7.00 ± nan
  Final Train: 99.99 ± nan
   Final Test: 5.44 ± nan
RESULTS FINISHED FOR GCN on ogbl-collab_CN_2_1_0
	Command being timed: "timeout 1800 python /home/ubuntu/AFDR_V7/lpcompat_run.py main_gnn.py --data_name ogbl-collab_CN_2_1_0 --lr 1e-2 --dropout 0.1 --device 0 --epochs 100 --eval_steps 20 --log_steps 1 --runs 1 --seed 2 --batch_size 65536 --val_batch_size 65536 --test_batch_size 65536 --output_dir /home/ubuntu/AFDR_V7/raw/gcn_2_1_seed2"
	User time (seconds): 785.07
	System time (seconds): 13.11
	Percent of CPU this job got: 338%
	Elapsed (wall clock) time (h:mm:ss or m:ss): 3:55.81
	Average shared text size (kbytes): 0
	Average unshared data size (kbytes): 0
	Average stack size (kbytes): 0
	Average total size (kbytes): 0
	Maximum resident set size (kbytes): 2515532
	Average resident set size (kbytes): 0
	Major (requiring I/O) page faults: 108
	Minor (reclaiming a frame) page faults: 4791363
	Voluntary context switches: 210139
	Involuntary context switches: 3044
	Swaps: 0
	File system inputs: 0
	File system outputs: 136
	Socket messages sent: 0
	Socket messages received: 0
	Signals delivered: 0
	Page size (bytes): 4096
	Exit status: 0
