/home/ubuntu/anaconda3/envs/mei_env/lib/python3.11/site-packages/torch/cuda/__init__.py:63: FutureWarning: The pynvml package is deprecated. Please install nvidia-ml-py instead. If you did not install pynvml directly, please report this to the maintainers of the package that installed pynvml for you.
  import pynvml  # type: ignore[import]
Namespace(data_name='ogbl-collab_CN_4_2_0', neg_mode='equal', gnn_model='GCN', score_model='mlp_score', num_layers=3, num_layers_predictor=3, hidden_channels=128, dropout=0.1, edge_drop=0.0, lr=0.01, epochs=100, eval_steps=20, runs=1, kill_cnt=100, output_dir='/home/ubuntu/AFDR_V7/raw/gcn_2_4_seed3', input_dir='/home/ubuntu/AFDR_V7/repo/LPShift-main/../dataset', l2=0.0, seed=3, save=False, save_test=False, use_saved_model=False, log_steps=1, batch_size=65536, val_batch_size=65536, test_batch_size=65536, device=0)
#################################           0           #################################
seed:  3
################################
Loading Dataset: ogbl-collab_CN_4_2_0_seed1
################################
train train_neg val val_neg test test_neg:  torch.Size([1193456, 2]) torch.Size([1193456, 2]) torch.Size([24097, 2]) torch.Size([24097, 250, 2]) torch.Size([11551, 2]) torch.Size([11551, 250, 2])
layers in gcn:  3
neg_train_pred size before predictions:  torch.Size([1193456, 1])
train_pos train_neg valid_pos valid_neg test_pos test_neg torch.Size([1193456]) torch.Size([1193456, 1]) torch.Size([24097]) torch.Size([24097, 250]) torch.Size([11551]) torch.Size([11551, 250])
2026-09-17 16:58:18,380 - [INFO] - Run: 01, Epoch: 20, Loss: 0.0415, Train: 99.98%, Valid: 9.20%, Test: 6.01%
2026-09-17 16:58:18,380 - [INFO] - Run: 01, Epoch: 20, Loss: 0.0415, Train: 99.96%, Valid: 2.69%, Test: 1.26%
2026-09-17 16:58:18,381 - [INFO] - Run: 01, Epoch: 20, Loss: 0.0415, Train: 100.00%, Valid: 7.70%, Test: 4.22%
2026-09-17 16:58:18,381 - [INFO] - Run: 01, Epoch: 20, Loss: 0.0415, Train: 100.00%, Valid: 20.92%, Test: 12.95%
2026-09-17 16:58:18,381 - [INFO] - Run: 01, Epoch: 20, Loss: 0.0415, Train: 100.00%, Valid: 34.38%, Test: 23.95%
2026-09-17 16:58:18,381 - [INFO] - Run: 01, Epoch: 20, Loss: 0.0415, Train: 100.00%, Valid: 60.27%, Test: 47.94%
2026-09-17 16:58:18,381 - [INFO] - Run: 01, Epoch: 20, Loss: 0.0415, Train: 100.00%, Valid: 86.12%, Test: 77.47%
MRR
2026-09-17 16:58:18,381 - [INFO] - best valid: 9.20%, best test: 6.01%
---
neg_train_pred size before predictions:  torch.Size([1193456, 1])
train_pos train_neg valid_pos valid_neg test_pos test_neg torch.Size([1193456]) torch.Size([1193456, 1]) torch.Size([24097]) torch.Size([24097, 250]) torch.Size([11551]) torch.Size([11551, 250])
2026-09-17 16:58:50,933 - [INFO] - Run: 01, Epoch: 40, Loss: 0.0211, Train: 99.99%, Valid: 10.77%, Test: 6.11%
2026-09-17 16:58:50,933 - [INFO] - Run: 01, Epoch: 40, Loss: 0.0211, Train: 99.99%, Valid: 4.03%, Test: 1.57%
2026-09-17 16:58:50,933 - [INFO] - Run: 01, Epoch: 40, Loss: 0.0211, Train: 100.00%, Valid: 9.56%, Test: 4.34%
2026-09-17 16:58:50,933 - [INFO] - Run: 01, Epoch: 40, Loss: 0.0211, Train: 100.00%, Valid: 23.41%, Test: 12.52%
2026-09-17 16:58:50,933 - [INFO] - Run: 01, Epoch: 40, Loss: 0.0211, Train: 100.00%, Valid: 36.36%, Test: 23.14%
2026-09-17 16:58:50,933 - [INFO] - Run: 01, Epoch: 40, Loss: 0.0211, Train: 100.00%, Valid: 60.57%, Test: 46.97%
2026-09-17 16:58:50,933 - [INFO] - Run: 01, Epoch: 40, Loss: 0.0211, Train: 100.00%, Valid: 86.40%, Test: 76.13%
MRR
2026-09-17 16:58:50,933 - [INFO] - best valid: 10.77%, best test: 6.11%
---
neg_train_pred size before predictions:  torch.Size([1193456, 1])
train_pos train_neg valid_pos valid_neg test_pos test_neg torch.Size([1193456]) torch.Size([1193456, 1]) torch.Size([24097]) torch.Size([24097, 250]) torch.Size([11551]) torch.Size([11551, 250])
2026-09-17 16:59:23,310 - [INFO] - Run: 01, Epoch: 60, Loss: 0.0152, Train: 100.00%, Valid: 11.05%, Test: 5.92%
2026-09-17 16:59:23,310 - [INFO] - Run: 01, Epoch: 60, Loss: 0.0152, Train: 99.99%, Valid: 4.27%, Test: 1.41%
2026-09-17 16:59:23,310 - [INFO] - Run: 01, Epoch: 60, Loss: 0.0152, Train: 100.00%, Valid: 10.02%, Test: 4.24%
2026-09-17 16:59:23,310 - [INFO] - Run: 01, Epoch: 60, Loss: 0.0152, Train: 100.00%, Valid: 23.54%, Test: 12.39%
2026-09-17 16:59:23,310 - [INFO] - Run: 01, Epoch: 60, Loss: 0.0152, Train: 100.00%, Valid: 36.15%, Test: 22.44%
2026-09-17 16:59:23,310 - [INFO] - Run: 01, Epoch: 60, Loss: 0.0152, Train: 100.00%, Valid: 60.57%, Test: 46.77%
2026-09-17 16:59:23,310 - [INFO] - Run: 01, Epoch: 60, Loss: 0.0152, Train: 100.00%, Valid: 86.16%, Test: 75.61%
MRR
2026-09-17 16:59:23,311 - [INFO] - best valid: 11.05%, best test: 5.92%
---
neg_train_pred size before predictions:  torch.Size([1193456, 1])
train_pos train_neg valid_pos valid_neg test_pos test_neg torch.Size([1193456]) torch.Size([1193456, 1]) torch.Size([24097]) torch.Size([24097, 250]) torch.Size([11551]) torch.Size([11551, 250])
2026-09-17 16:59:55,779 - [INFO] - Run: 01, Epoch: 80, Loss: 0.0140, Train: 100.00%, Valid: 11.45%, Test: 5.86%
2026-09-17 16:59:55,780 - [INFO] - Run: 01, Epoch: 80, Loss: 0.0140, Train: 99.99%, Valid: 4.66%, Test: 1.39%
2026-09-17 16:59:55,780 - [INFO] - Run: 01, Epoch: 80, Loss: 0.0140, Train: 100.00%, Valid: 10.52%, Test: 4.16%
2026-09-17 16:59:55,780 - [INFO] - Run: 01, Epoch: 80, Loss: 0.0140, Train: 100.00%, Valid: 23.91%, Test: 12.15%
2026-09-17 16:59:55,780 - [INFO] - Run: 01, Epoch: 80, Loss: 0.0140, Train: 100.00%, Valid: 36.38%, Test: 22.09%
2026-09-17 16:59:55,780 - [INFO] - Run: 01, Epoch: 80, Loss: 0.0140, Train: 100.00%, Valid: 60.87%, Test: 45.65%
2026-09-17 16:59:55,780 - [INFO] - Run: 01, Epoch: 80, Loss: 0.0140, Train: 100.00%, Valid: 86.18%, Test: 75.81%
MRR
2026-09-17 16:59:55,780 - [INFO] - best valid: 11.45%, best test: 5.86%
---
neg_train_pred size before predictions:  torch.Size([1193456, 1])
train_pos train_neg valid_pos valid_neg test_pos test_neg torch.Size([1193456]) torch.Size([1193456, 1]) torch.Size([24097]) torch.Size([24097, 250]) torch.Size([11551]) torch.Size([11551, 250])
2026-09-17 17:00:28,146 - [INFO] - Run: 01, Epoch: 100, Loss: 0.0111, Train: 100.00%, Valid: 11.39%, Test: 5.68%
2026-09-17 17:00:28,146 - [INFO] - Run: 01, Epoch: 100, Loss: 0.0111, Train: 99.99%, Valid: 4.57%, Test: 1.32%
2026-09-17 17:00:28,146 - [INFO] - Run: 01, Epoch: 100, Loss: 0.0111, Train: 100.00%, Valid: 10.45%, Test: 3.90%
2026-09-17 17:00:28,146 - [INFO] - Run: 01, Epoch: 100, Loss: 0.0111, Train: 100.00%, Valid: 23.84%, Test: 11.81%
2026-09-17 17:00:28,146 - [INFO] - Run: 01, Epoch: 100, Loss: 0.0111, Train: 100.00%, Valid: 36.26%, Test: 21.50%
2026-09-17 17:00:28,146 - [INFO] - Run: 01, Epoch: 100, Loss: 0.0111, Train: 100.00%, Valid: 60.40%, Test: 45.16%
2026-09-17 17:00:28,146 - [INFO] - Run: 01, Epoch: 100, Loss: 0.0111, Train: 100.00%, Valid: 85.98%, Test: 75.27%
MRR
2026-09-17 17:00:28,146 - [INFO] - best valid: 11.45%, best test: 5.86%
/home/ubuntu/AFDR_V7/repo/LPShift-main/utils.py:178: UserWarning: std(): degrees of freedom is <= 0. Correction should be strictly less than the reduction factor (input numel divided by output numel). (Triggered internally at /pytorch/aten/src/ATen/native/ReduceOps.cpp:1839.)
  print(f'Highest Train: {r.mean():.2f} ± {r.std():.2f}')
/home/ubuntu/AFDR_V7/repo/LPShift-main/utils.py:182: UserWarning: std(): degrees of freedom is <= 0. Correction should be strictly less than the reduction factor (input numel divided by output numel). (Triggered internally at /pytorch/aten/src/ATen/native/ReduceOps.cpp:1839.)
  best_valid_var = round(r.std().item(), 2)
/home/ubuntu/AFDR_V7/repo/LPShift-main/utils.py:185: UserWarning: std(): degrees of freedom is <= 0. Correction should be strictly less than the reduction factor (input numel divided by output numel). (Triggered internally at /pytorch/aten/src/ATen/native/ReduceOps.cpp:1839.)
  print(f'Highest Valid: {r.mean():.2f} ± {r.std():.2f}')
/home/ubuntu/AFDR_V7/repo/LPShift-main/utils.py:190: UserWarning: std(): degrees of freedom is <= 0. Correction should be strictly less than the reduction factor (input numel divided by output numel). (Triggered internally at /pytorch/aten/src/ATen/native/ReduceOps.cpp:1839.)
  best_train_var = round(r.std().item(), 2)
/home/ubuntu/AFDR_V7/repo/LPShift-main/utils.py:191: UserWarning: std(): degrees of freedom is <= 0. Correction should be strictly less than the reduction factor (input numel divided by output numel). (Triggered internally at /pytorch/aten/src/ATen/native/ReduceOps.cpp:1839.)
  print(f'  Final Train: {r.mean():.2f} ± {r.std():.2f}')
/home/ubuntu/AFDR_V7/repo/LPShift-main/utils.py:196: UserWarning: std(): degrees of freedom is <= 0. Correction should be strictly less than the reduction factor (input numel divided by output numel). (Triggered internally at /pytorch/aten/src/ATen/native/ReduceOps.cpp:1839.)
  best_test_var = round(r.std().item(), 2)
/home/ubuntu/AFDR_V7/repo/LPShift-main/utils.py:197: UserWarning: std(): degrees of freedom is <= 0. Correction should be strictly less than the reduction factor (input numel divided by output numel). (Triggered internally at /pytorch/aten/src/ATen/native/ReduceOps.cpp:1839.)
  print(f'   Final Test: {r.mean():.2f} ± {r.std():.2f}')
---
Hits@1
Run 01:
Highest Train: 99.99
Highest Valid: 4.66
  Final Train: 99.99
   Final Test: 1.39
Hits@3
Run 01:
Highest Train: 100.00
Highest Valid: 10.52
  Final Train: 100.00
   Final Test: 4.16
Hits@10
Run 01:
Highest Train: 100.00
Highest Valid: 23.91
  Final Train: 100.00
   Final Test: 12.15
Hits@20
Run 01:
Highest Train: 100.00
Highest Valid: 36.38
  Final Train: 100.00
   Final Test: 22.09
Hits@50
Run 01:
Highest Train: 100.00
Highest Valid: 60.87
  Final Train: 100.00
   Final Test: 45.65
Hits@100
Run 01:
Highest Train: 100.00
Highest Valid: 86.40
  Final Train: 100.00
   Final Test: 76.13
MRR
Run 01:
Highest Train: 100.00
Highest Valid: 11.45
  Final Train: 100.00
   Final Test: 5.86
Hits@1
All runs:
Highest Train: 99.99 ± nan
Highest Valid: 4.66 ± nan
  Final Train: 99.99 ± nan
   Final Test: 1.39 ± nan
Hits@3
All runs:
Highest Train: 100.00 ± nan
Highest Valid: 10.52 ± nan
  Final Train: 100.00 ± nan
   Final Test: 4.16 ± nan
Hits@10
All runs:
Highest Train: 100.00 ± nan
Highest Valid: 23.91 ± nan
  Final Train: 100.00 ± nan
   Final Test: 12.15 ± nan
Hits@20
All runs:
Highest Train: 100.00 ± nan
Highest Valid: 36.38 ± nan
  Final Train: 100.00 ± nan
   Final Test: 22.09 ± nan
Hits@50
All runs:
Highest Train: 100.00 ± nan
Highest Valid: 60.87 ± nan
  Final Train: 100.00 ± nan
   Final Test: 45.65 ± nan
Hits@100
All runs:
Highest Train: 100.00 ± nan
Highest Valid: 86.40 ± nan
  Final Train: 100.00 ± nan
   Final Test: 76.13 ± nan
MRR
All runs:
Highest Train: 100.00 ± nan
Highest Valid: 11.45 ± nan
  Final Train: 100.00 ± nan
   Final Test: 5.86 ± nan
RESULTS FINISHED FOR GCN on ogbl-collab_CN_4_2_0
	Command being timed: "timeout 1800 python /home/ubuntu/AFDR_V7/lpcompat_run.py main_gnn.py --data_name ogbl-collab_CN_4_2_0 --lr 1e-2 --dropout 0.1 --device 0 --epochs 100 --eval_steps 20 --log_steps 1 --runs 1 --seed 3 --batch_size 65536 --val_batch_size 65536 --test_batch_size 65536 --output_dir /home/ubuntu/AFDR_V7/raw/gcn_2_4_seed3"
	User time (seconds): 558.32
	System time (seconds): 10.65
	Percent of CPU this job got: 333%
	Elapsed (wall clock) time (h:mm:ss or m:ss): 2:50.57
	Average shared text size (kbytes): 0
	Average unshared data size (kbytes): 0
	Average stack size (kbytes): 0
	Average total size (kbytes): 0
	Maximum resident set size (kbytes): 2496908
	Average resident set size (kbytes): 0
	Major (requiring I/O) page faults: 88
	Minor (reclaiming a frame) page faults: 3431208
	Voluntary context switches: 149685
	Involuntary context switches: 1920
	Swaps: 0
	File system inputs: 0
	File system outputs: 128
	Socket messages sent: 0
	Socket messages received: 0
	Signals delivered: 0
	Page size (bytes): 4096
	Exit status: 0
