/home/ubuntu/anaconda3/envs/mei_env/lib/python3.11/site-packages/torch/cuda/__init__.py:63: FutureWarning: The pynvml package is deprecated. Please install nvidia-ml-py instead. If you did not install pynvml directly, please report this to the maintainers of the package that installed pynvml for you.
  import pynvml  # type: ignore[import]
Namespace(data_name='ogbl-collab_CN_2_1_0', neg_mode='equal', gnn_model='GCN', score_model='mlp_score', num_layers=3, num_layers_predictor=3, hidden_channels=128, dropout=0.1, edge_drop=0.0, lr=0.01, epochs=100, eval_steps=20, runs=1, kill_cnt=100, output_dir='/home/ubuntu/AFDR_V7/raw/gcn_saved_2_1_seed3', input_dir='/home/ubuntu/AFDR_V7/repo/LPShift-main/../dataset', l2=0.0, seed=3, save=False, save_test=True, use_saved_model=False, log_steps=1, batch_size=65536, val_batch_size=65536, test_batch_size=65536, device=0)
#################################           0           #################################
seed:  3
################################
Loading Dataset: ogbl-collab_CN_2_1_0_seed1
################################
train train_neg val val_neg test test_neg:  torch.Size([1697336, 2]) torch.Size([1697336, 2]) torch.Size([23669, 2]) torch.Size([23669, 250, 2]) torch.Size([9048, 2]) torch.Size([9048, 250, 2])
layers in gcn:  3
neg_train_pred size before predictions:  torch.Size([1697336, 1])
train_pos train_neg valid_pos valid_neg test_pos test_neg torch.Size([1697336]) torch.Size([1697336, 1]) torch.Size([23669]) torch.Size([23669, 250]) torch.Size([9048]) torch.Size([9048, 250])
2026-09-17 19:23:55,618 - [INFO] - Run: 01, Epoch: 20, Loss: 0.0477, Train: 99.97%, Valid: 6.90%, Test: 5.74%
2026-09-17 19:23:55,618 - [INFO] - Run: 01, Epoch: 20, Loss: 0.0477, Train: 99.95%, Valid: 1.79%, Test: 1.25%
2026-09-17 19:23:55,618 - [INFO] - Run: 01, Epoch: 20, Loss: 0.0477, Train: 100.00%, Valid: 5.33%, Test: 3.93%
2026-09-17 19:23:55,618 - [INFO] - Run: 01, Epoch: 20, Loss: 0.0477, Train: 100.00%, Valid: 15.20%, Test: 12.75%
2026-09-17 19:23:55,618 - [INFO] - Run: 01, Epoch: 20, Loss: 0.0477, Train: 100.00%, Valid: 26.16%, Test: 22.48%
2026-09-17 19:23:55,618 - [INFO] - Run: 01, Epoch: 20, Loss: 0.0477, Train: 100.00%, Valid: 49.49%, Test: 45.36%
2026-09-17 19:23:55,618 - [INFO] - Run: 01, Epoch: 20, Loss: 0.0477, Train: 100.00%, Valid: 77.30%, Test: 72.75%
MRR
2026-09-17 19:23:55,619 - [INFO] - best valid: 6.90%, best test: 5.74%
---
neg_train_pred size before predictions:  torch.Size([1697336, 1])
train_pos train_neg valid_pos valid_neg test_pos test_neg torch.Size([1697336]) torch.Size([1697336, 1]) torch.Size([23669]) torch.Size([23669, 250]) torch.Size([9048]) torch.Size([9048, 250])
2026-09-17 19:24:41,117 - [INFO] - Run: 01, Epoch: 40, Loss: 0.0267, Train: 99.99%, Valid: 7.11%, Test: 5.24%
2026-09-17 19:24:41,118 - [INFO] - Run: 01, Epoch: 40, Loss: 0.0267, Train: 99.98%, Valid: 2.21%, Test: 1.20%
2026-09-17 19:24:41,118 - [INFO] - Run: 01, Epoch: 40, Loss: 0.0267, Train: 100.00%, Valid: 5.55%, Test: 3.32%
2026-09-17 19:24:41,118 - [INFO] - Run: 01, Epoch: 40, Loss: 0.0267, Train: 100.00%, Valid: 14.66%, Test: 11.06%
2026-09-17 19:24:41,118 - [INFO] - Run: 01, Epoch: 40, Loss: 0.0267, Train: 100.00%, Valid: 24.96%, Test: 20.31%
2026-09-17 19:24:41,118 - [INFO] - Run: 01, Epoch: 40, Loss: 0.0267, Train: 100.00%, Valid: 48.18%, Test: 42.36%
2026-09-17 19:24:41,118 - [INFO] - Run: 01, Epoch: 40, Loss: 0.0267, Train: 100.00%, Valid: 75.83%, Test: 70.31%
MRR
2026-09-17 19:24:41,118 - [INFO] - best valid: 7.11%, best test: 5.24%
---
neg_train_pred size before predictions:  torch.Size([1697336, 1])
train_pos train_neg valid_pos valid_neg test_pos test_neg torch.Size([1697336]) torch.Size([1697336, 1]) torch.Size([23669]) torch.Size([23669, 250]) torch.Size([9048]) torch.Size([9048, 250])
2026-09-17 19:25:27,048 - [INFO] - Run: 01, Epoch: 60, Loss: 0.0200, Train: 99.99%, Valid: 6.96%, Test: 4.97%
2026-09-17 19:25:27,048 - [INFO] - Run: 01, Epoch: 60, Loss: 0.0200, Train: 99.99%, Valid: 2.12%, Test: 1.09%
2026-09-17 19:25:27,048 - [INFO] - Run: 01, Epoch: 60, Loss: 0.0200, Train: 100.00%, Valid: 5.35%, Test: 3.09%
2026-09-17 19:25:27,049 - [INFO] - Run: 01, Epoch: 60, Loss: 0.0200, Train: 100.00%, Valid: 14.64%, Test: 10.26%
2026-09-17 19:25:27,049 - [INFO] - Run: 01, Epoch: 60, Loss: 0.0200, Train: 100.00%, Valid: 25.02%, Test: 19.83%
2026-09-17 19:25:27,049 - [INFO] - Run: 01, Epoch: 60, Loss: 0.0200, Train: 100.00%, Valid: 47.57%, Test: 40.97%
2026-09-17 19:25:27,049 - [INFO] - Run: 01, Epoch: 60, Loss: 0.0200, Train: 100.00%, Valid: 75.41%, Test: 69.10%
MRR
2026-09-17 19:25:27,049 - [INFO] - best valid: 7.11%, best test: 5.24%
---
neg_train_pred size before predictions:  torch.Size([1697336, 1])
train_pos train_neg valid_pos valid_neg test_pos test_neg torch.Size([1697336]) torch.Size([1697336, 1]) torch.Size([23669]) torch.Size([23669, 250]) torch.Size([9048]) torch.Size([9048, 250])
2026-09-17 19:26:12,476 - [INFO] - Run: 01, Epoch: 80, Loss: 0.0548, Train: 99.97%, Valid: 6.82%, Test: 5.64%
2026-09-17 19:26:12,477 - [INFO] - Run: 01, Epoch: 80, Loss: 0.0548, Train: 99.95%, Valid: 1.76%, Test: 1.26%
2026-09-17 19:26:12,477 - [INFO] - Run: 01, Epoch: 80, Loss: 0.0548, Train: 100.00%, Valid: 5.30%, Test: 3.98%
2026-09-17 19:26:12,477 - [INFO] - Run: 01, Epoch: 80, Loss: 0.0548, Train: 100.00%, Valid: 15.01%, Test: 11.94%
2026-09-17 19:26:12,477 - [INFO] - Run: 01, Epoch: 80, Loss: 0.0548, Train: 100.00%, Valid: 25.42%, Test: 21.28%
2026-09-17 19:26:12,477 - [INFO] - Run: 01, Epoch: 80, Loss: 0.0548, Train: 100.00%, Valid: 48.57%, Test: 44.50%
2026-09-17 19:26:12,477 - [INFO] - Run: 01, Epoch: 80, Loss: 0.0548, Train: 100.00%, Valid: 76.56%, Test: 72.33%
MRR
2026-09-17 19:26:12,477 - [INFO] - best valid: 7.11%, best test: 5.24%
---
neg_train_pred size before predictions:  torch.Size([1697336, 1])
train_pos train_neg valid_pos valid_neg test_pos test_neg torch.Size([1697336]) torch.Size([1697336, 1]) torch.Size([23669]) torch.Size([23669, 250]) torch.Size([9048]) torch.Size([9048, 250])
2026-09-17 19:26:57,558 - [INFO] - Run: 01, Epoch: 100, Loss: 0.0268, Train: 99.99%, Valid: 6.65%, Test: 5.19%
2026-09-17 19:26:57,559 - [INFO] - Run: 01, Epoch: 100, Loss: 0.0268, Train: 99.98%, Valid: 1.77%, Test: 1.30%
2026-09-17 19:26:57,559 - [INFO] - Run: 01, Epoch: 100, Loss: 0.0268, Train: 100.00%, Valid: 5.09%, Test: 3.33%
2026-09-17 19:26:57,559 - [INFO] - Run: 01, Epoch: 100, Loss: 0.0268, Train: 100.00%, Valid: 14.20%, Test: 10.47%
2026-09-17 19:26:57,559 - [INFO] - Run: 01, Epoch: 100, Loss: 0.0268, Train: 100.00%, Valid: 24.51%, Test: 19.71%
2026-09-17 19:26:57,559 - [INFO] - Run: 01, Epoch: 100, Loss: 0.0268, Train: 100.00%, Valid: 46.97%, Test: 41.53%
2026-09-17 19:26:57,559 - [INFO] - Run: 01, Epoch: 100, Loss: 0.0268, Train: 100.00%, Valid: 74.91%, Test: 69.57%
MRR
2026-09-17 19:26:57,559 - [INFO] - best valid: 7.11%, best test: 5.24%
/home/ubuntu/AFDR_V7/repo/LPShift-main/utils.py:178: UserWarning: std(): degrees of freedom is <= 0. Correction should be strictly less than the reduction factor (input numel divided by output numel). (Triggered internally at /pytorch/aten/src/ATen/native/ReduceOps.cpp:1839.)
  print(f'Highest Train: {r.mean():.2f} ± {r.std():.2f}')
/home/ubuntu/AFDR_V7/repo/LPShift-main/utils.py:182: UserWarning: std(): degrees of freedom is <= 0. Correction should be strictly less than the reduction factor (input numel divided by output numel). (Triggered internally at /pytorch/aten/src/ATen/native/ReduceOps.cpp:1839.)
  best_valid_var = round(r.std().item(), 2)
/home/ubuntu/AFDR_V7/repo/LPShift-main/utils.py:185: UserWarning: std(): degrees of freedom is <= 0. Correction should be strictly less than the reduction factor (input numel divided by output numel). (Triggered internally at /pytorch/aten/src/ATen/native/ReduceOps.cpp:1839.)
  print(f'Highest Valid: {r.mean():.2f} ± {r.std():.2f}')
/home/ubuntu/AFDR_V7/repo/LPShift-main/utils.py:190: UserWarning: std(): degrees of freedom is <= 0. Correction should be strictly less than the reduction factor (input numel divided by output numel). (Triggered internally at /pytorch/aten/src/ATen/native/ReduceOps.cpp:1839.)
  best_train_var = round(r.std().item(), 2)
/home/ubuntu/AFDR_V7/repo/LPShift-main/utils.py:191: UserWarning: std(): degrees of freedom is <= 0. Correction should be strictly less than the reduction factor (input numel divided by output numel). (Triggered internally at /pytorch/aten/src/ATen/native/ReduceOps.cpp:1839.)
  print(f'  Final Train: {r.mean():.2f} ± {r.std():.2f}')
/home/ubuntu/AFDR_V7/repo/LPShift-main/utils.py:196: UserWarning: std(): degrees of freedom is <= 0. Correction should be strictly less than the reduction factor (input numel divided by output numel). (Triggered internally at /pytorch/aten/src/ATen/native/ReduceOps.cpp:1839.)
  best_test_var = round(r.std().item(), 2)
/home/ubuntu/AFDR_V7/repo/LPShift-main/utils.py:197: UserWarning: std(): degrees of freedom is <= 0. Correction should be strictly less than the reduction factor (input numel divided by output numel). (Triggered internally at /pytorch/aten/src/ATen/native/ReduceOps.cpp:1839.)
  print(f'   Final Test: {r.mean():.2f} ± {r.std():.2f}')
---
Hits@1
Run 01:
Highest Train: 99.99
Highest Valid: 2.21
  Final Train: 99.98
   Final Test: 1.20
Hits@3
Run 01:
Highest Train: 100.00
Highest Valid: 5.55
  Final Train: 100.00
   Final Test: 3.32
Hits@10
Run 01:
Highest Train: 100.00
Highest Valid: 15.20
  Final Train: 100.00
   Final Test: 12.75
Hits@20
Run 01:
Highest Train: 100.00
Highest Valid: 26.16
  Final Train: 100.00
   Final Test: 22.48
Hits@50
Run 01:
Highest Train: 100.00
Highest Valid: 49.49
  Final Train: 100.00
   Final Test: 45.36
Hits@100
Run 01:
Highest Train: 100.00
Highest Valid: 77.30
  Final Train: 100.00
   Final Test: 72.75
MRR
Run 01:
Highest Train: 99.99
Highest Valid: 7.11
  Final Train: 99.99
   Final Test: 5.24
Hits@1
All runs:
Highest Train: 99.99 ± nan
Highest Valid: 2.21 ± nan
  Final Train: 99.98 ± nan
   Final Test: 1.20 ± nan
Hits@3
All runs:
Highest Train: 100.00 ± nan
Highest Valid: 5.55 ± nan
  Final Train: 100.00 ± nan
   Final Test: 3.32 ± nan
Hits@10
All runs:
Highest Train: 100.00 ± nan
Highest Valid: 15.20 ± nan
  Final Train: 100.00 ± nan
   Final Test: 12.75 ± nan
Hits@20
All runs:
Highest Train: 100.00 ± nan
Highest Valid: 26.16 ± nan
  Final Train: 100.00 ± nan
   Final Test: 22.48 ± nan
Hits@50
All runs:
Highest Train: 100.00 ± nan
Highest Valid: 49.49 ± nan
  Final Train: 100.00 ± nan
   Final Test: 45.36 ± nan
Hits@100
All runs:
Highest Train: 100.00 ± nan
Highest Valid: 77.30 ± nan
  Final Train: 100.00 ± nan
   Final Test: 72.75 ± nan
MRR
All runs:
Highest Train: 99.99 ± nan
Highest Valid: 7.11 ± nan
  Final Train: 99.99 ± nan
   Final Test: 5.24 ± nan
RESULTS FINISHED FOR GCN on ogbl-collab_CN_2_1_0
	Command being timed: "timeout 1800 python /home/ubuntu/AFDR_V7/lpcompat_run.py main_gnn.py --data_name ogbl-collab_CN_2_1_0 --lr 1e-2 --dropout 0.1 --device 0 --epochs 100 --eval_steps 20 --log_steps 1 --runs 1 --seed 3 --batch_size 65536 --val_batch_size 65536 --test_batch_size 65536 --save_test --output_dir /home/ubuntu/AFDR_V7/raw/gcn_saved_2_1_seed3"
	User time (seconds): 786.35
	System time (seconds): 12.93
	Percent of CPU this job got: 339%
	Elapsed (wall clock) time (h:mm:ss or m:ss): 3:55.45
	Average shared text size (kbytes): 0
	Average unshared data size (kbytes): 0
	Average stack size (kbytes): 0
	Average total size (kbytes): 0
	Maximum resident set size (kbytes): 2623412
	Average resident set size (kbytes): 0
	Major (requiring I/O) page faults: 70
	Minor (reclaiming a frame) page faults: 4737318
	Voluntary context switches: 210270
	Involuntary context switches: 3552
	Swaps: 0
	File system inputs: 0
	File system outputs: 600208
	Socket messages sent: 0
	Socket messages received: 0
	Signals delivered: 0
	Page size (bytes): 4096
	Exit status: 0
