/home/ubuntu/anaconda3/envs/mei_env/lib/python3.11/site-packages/torch/cuda/__init__.py:63: FutureWarning: The pynvml package is deprecated. Please install nvidia-ml-py instead. If you did not install pynvml directly, please report this to the maintainers of the package that installed pynvml for you.
  import pynvml  # type: ignore[import]
Namespace(data_name='ogbl-collab_CN_4_2_0', neg_mode='equal', gnn_model='GCN', score_model='mlp_score', num_layers=3, num_layers_predictor=3, hidden_channels=128, dropout=0.1, edge_drop=0.0, lr=0.01, epochs=100, eval_steps=20, runs=1, kill_cnt=100, output_dir='/home/ubuntu/AFDR_V7/raw/gcn_saved_2_4_seed2', input_dir='/home/ubuntu/AFDR_V7/repo/LPShift-main/../dataset', l2=0.0, seed=2, save=False, save_test=True, use_saved_model=False, log_steps=1, batch_size=65536, val_batch_size=65536, test_batch_size=65536, device=0)
#################################           0           #################################
seed:  2
################################
Loading Dataset: ogbl-collab_CN_4_2_0_seed1
################################
train train_neg val val_neg test test_neg:  torch.Size([1193456, 2]) torch.Size([1193456, 2]) torch.Size([24097, 2]) torch.Size([24097, 250, 2]) torch.Size([11551, 2]) torch.Size([11551, 250, 2])
layers in gcn:  3
neg_train_pred size before predictions:  torch.Size([1193456, 1])
train_pos train_neg valid_pos valid_neg test_pos test_neg torch.Size([1193456]) torch.Size([1193456, 1]) torch.Size([24097]) torch.Size([24097, 250]) torch.Size([11551]) torch.Size([11551, 250])
2026-09-17 19:35:08,914 - [INFO] - Run: 01, Epoch: 20, Loss: 0.0445, Train: 99.98%, Valid: 9.30%, Test: 6.10%
2026-09-17 19:35:08,914 - [INFO] - Run: 01, Epoch: 20, Loss: 0.0445, Train: 99.96%, Valid: 2.89%, Test: 1.30%
2026-09-17 19:35:08,914 - [INFO] - Run: 01, Epoch: 20, Loss: 0.0445, Train: 100.00%, Valid: 7.78%, Test: 4.25%
2026-09-17 19:35:08,914 - [INFO] - Run: 01, Epoch: 20, Loss: 0.0445, Train: 100.00%, Valid: 20.96%, Test: 13.27%
2026-09-17 19:35:08,914 - [INFO] - Run: 01, Epoch: 20, Loss: 0.0445, Train: 100.00%, Valid: 34.19%, Test: 24.01%
2026-09-17 19:35:08,914 - [INFO] - Run: 01, Epoch: 20, Loss: 0.0445, Train: 100.00%, Valid: 60.04%, Test: 48.62%
2026-09-17 19:35:08,914 - [INFO] - Run: 01, Epoch: 20, Loss: 0.0445, Train: 100.00%, Valid: 86.15%, Test: 77.80%
MRR
2026-09-17 19:35:08,915 - [INFO] - best valid: 9.30%, best test: 6.10%
---
neg_train_pred size before predictions:  torch.Size([1193456, 1])
train_pos train_neg valid_pos valid_neg test_pos test_neg torch.Size([1193456]) torch.Size([1193456, 1]) torch.Size([24097]) torch.Size([24097, 250]) torch.Size([11551]) torch.Size([11551, 250])
2026-09-17 19:35:41,321 - [INFO] - Run: 01, Epoch: 40, Loss: 0.0209, Train: 99.99%, Valid: 10.94%, Test: 6.09%
2026-09-17 19:35:41,322 - [INFO] - Run: 01, Epoch: 40, Loss: 0.0209, Train: 99.99%, Valid: 4.22%, Test: 1.51%
2026-09-17 19:35:41,322 - [INFO] - Run: 01, Epoch: 40, Loss: 0.0209, Train: 100.00%, Valid: 9.99%, Test: 4.45%
2026-09-17 19:35:41,322 - [INFO] - Run: 01, Epoch: 40, Loss: 0.0209, Train: 100.00%, Valid: 23.07%, Test: 12.59%
2026-09-17 19:35:41,322 - [INFO] - Run: 01, Epoch: 40, Loss: 0.0209, Train: 100.00%, Valid: 36.06%, Test: 22.28%
2026-09-17 19:35:41,322 - [INFO] - Run: 01, Epoch: 40, Loss: 0.0209, Train: 100.00%, Valid: 60.68%, Test: 46.84%
2026-09-17 19:35:41,322 - [INFO] - Run: 01, Epoch: 40, Loss: 0.0209, Train: 100.00%, Valid: 86.09%, Test: 76.52%
MRR
2026-09-17 19:35:41,322 - [INFO] - best valid: 10.94%, best test: 6.09%
---
neg_train_pred size before predictions:  torch.Size([1193456, 1])
train_pos train_neg valid_pos valid_neg test_pos test_neg torch.Size([1193456]) torch.Size([1193456, 1]) torch.Size([24097]) torch.Size([24097, 250]) torch.Size([11551]) torch.Size([11551, 250])
2026-09-17 19:36:14,452 - [INFO] - Run: 01, Epoch: 60, Loss: 0.0168, Train: 100.00%, Valid: 11.51%, Test: 5.99%
2026-09-17 19:36:14,452 - [INFO] - Run: 01, Epoch: 60, Loss: 0.0168, Train: 99.99%, Valid: 4.64%, Test: 1.39%
2026-09-17 19:36:14,452 - [INFO] - Run: 01, Epoch: 60, Loss: 0.0168, Train: 100.00%, Valid: 10.80%, Test: 4.38%
2026-09-17 19:36:14,452 - [INFO] - Run: 01, Epoch: 60, Loss: 0.0168, Train: 100.00%, Valid: 24.02%, Test: 12.74%
2026-09-17 19:36:14,452 - [INFO] - Run: 01, Epoch: 60, Loss: 0.0168, Train: 100.00%, Valid: 36.69%, Test: 22.66%
2026-09-17 19:36:14,452 - [INFO] - Run: 01, Epoch: 60, Loss: 0.0168, Train: 100.00%, Valid: 61.23%, Test: 46.28%
2026-09-17 19:36:14,452 - [INFO] - Run: 01, Epoch: 60, Loss: 0.0168, Train: 100.00%, Valid: 86.19%, Test: 75.32%
MRR
2026-09-17 19:36:14,453 - [INFO] - best valid: 11.51%, best test: 5.99%
---
neg_train_pred size before predictions:  torch.Size([1193456, 1])
train_pos train_neg valid_pos valid_neg test_pos test_neg torch.Size([1193456]) torch.Size([1193456, 1]) torch.Size([24097]) torch.Size([24097, 250]) torch.Size([11551]) torch.Size([11551, 250])
2026-09-17 19:36:47,656 - [INFO] - Run: 01, Epoch: 80, Loss: 0.0127, Train: 100.00%, Valid: 11.52%, Test: 5.76%
2026-09-17 19:36:47,656 - [INFO] - Run: 01, Epoch: 80, Loss: 0.0127, Train: 99.99%, Valid: 4.68%, Test: 1.40%
2026-09-17 19:36:47,656 - [INFO] - Run: 01, Epoch: 80, Loss: 0.0127, Train: 100.00%, Valid: 10.58%, Test: 4.06%
2026-09-17 19:36:47,656 - [INFO] - Run: 01, Epoch: 80, Loss: 0.0127, Train: 100.00%, Valid: 24.11%, Test: 11.81%
2026-09-17 19:36:47,656 - [INFO] - Run: 01, Epoch: 80, Loss: 0.0127, Train: 100.00%, Valid: 36.35%, Test: 21.65%
2026-09-17 19:36:47,656 - [INFO] - Run: 01, Epoch: 80, Loss: 0.0127, Train: 100.00%, Valid: 60.71%, Test: 45.41%
2026-09-17 19:36:47,656 - [INFO] - Run: 01, Epoch: 80, Loss: 0.0127, Train: 100.00%, Valid: 85.82%, Test: 74.89%
MRR
2026-09-17 19:36:47,656 - [INFO] - best valid: 11.52%, best test: 5.76%
---
neg_train_pred size before predictions:  torch.Size([1193456, 1])
train_pos train_neg valid_pos valid_neg test_pos test_neg torch.Size([1193456]) torch.Size([1193456, 1]) torch.Size([24097]) torch.Size([24097, 250]) torch.Size([11551]) torch.Size([11551, 250])
2026-09-17 19:37:20,863 - [INFO] - Run: 01, Epoch: 100, Loss: 0.0121, Train: 100.00%, Valid: 11.72%, Test: 5.77%
2026-09-17 19:37:20,863 - [INFO] - Run: 01, Epoch: 100, Loss: 0.0121, Train: 100.00%, Valid: 4.86%, Test: 1.40%
2026-09-17 19:37:20,863 - [INFO] - Run: 01, Epoch: 100, Loss: 0.0121, Train: 100.00%, Valid: 10.84%, Test: 3.96%
2026-09-17 19:37:20,863 - [INFO] - Run: 01, Epoch: 100, Loss: 0.0121, Train: 100.00%, Valid: 24.40%, Test: 12.27%
2026-09-17 19:37:20,863 - [INFO] - Run: 01, Epoch: 100, Loss: 0.0121, Train: 100.00%, Valid: 36.86%, Test: 21.71%
2026-09-17 19:37:20,863 - [INFO] - Run: 01, Epoch: 100, Loss: 0.0121, Train: 100.00%, Valid: 61.29%, Test: 45.32%
2026-09-17 19:37:20,863 - [INFO] - Run: 01, Epoch: 100, Loss: 0.0121, Train: 100.00%, Valid: 86.21%, Test: 74.74%
MRR
2026-09-17 19:37:20,863 - [INFO] - best valid: 11.72%, best test: 5.77%
/home/ubuntu/AFDR_V7/repo/LPShift-main/utils.py:178: UserWarning: std(): degrees of freedom is <= 0. Correction should be strictly less than the reduction factor (input numel divided by output numel). (Triggered internally at /pytorch/aten/src/ATen/native/ReduceOps.cpp:1839.)
  print(f'Highest Train: {r.mean():.2f} ± {r.std():.2f}')
/home/ubuntu/AFDR_V7/repo/LPShift-main/utils.py:182: UserWarning: std(): degrees of freedom is <= 0. Correction should be strictly less than the reduction factor (input numel divided by output numel). (Triggered internally at /pytorch/aten/src/ATen/native/ReduceOps.cpp:1839.)
  best_valid_var = round(r.std().item(), 2)
/home/ubuntu/AFDR_V7/repo/LPShift-main/utils.py:185: UserWarning: std(): degrees of freedom is <= 0. Correction should be strictly less than the reduction factor (input numel divided by output numel). (Triggered internally at /pytorch/aten/src/ATen/native/ReduceOps.cpp:1839.)
  print(f'Highest Valid: {r.mean():.2f} ± {r.std():.2f}')
/home/ubuntu/AFDR_V7/repo/LPShift-main/utils.py:190: UserWarning: std(): degrees of freedom is <= 0. Correction should be strictly less than the reduction factor (input numel divided by output numel). (Triggered internally at /pytorch/aten/src/ATen/native/ReduceOps.cpp:1839.)
  best_train_var = round(r.std().item(), 2)
/home/ubuntu/AFDR_V7/repo/LPShift-main/utils.py:191: UserWarning: std(): degrees of freedom is <= 0. Correction should be strictly less than the reduction factor (input numel divided by output numel). (Triggered internally at /pytorch/aten/src/ATen/native/ReduceOps.cpp:1839.)
  print(f'  Final Train: {r.mean():.2f} ± {r.std():.2f}')
/home/ubuntu/AFDR_V7/repo/LPShift-main/utils.py:196: UserWarning: std(): degrees of freedom is <= 0. Correction should be strictly less than the reduction factor (input numel divided by output numel). (Triggered internally at /pytorch/aten/src/ATen/native/ReduceOps.cpp:1839.)
  best_test_var = round(r.std().item(), 2)
/home/ubuntu/AFDR_V7/repo/LPShift-main/utils.py:197: UserWarning: std(): degrees of freedom is <= 0. Correction should be strictly less than the reduction factor (input numel divided by output numel). (Triggered internally at /pytorch/aten/src/ATen/native/ReduceOps.cpp:1839.)
  print(f'   Final Test: {r.mean():.2f} ± {r.std():.2f}')
---
Hits@1
Run 01:
Highest Train: 100.00
Highest Valid: 4.86
  Final Train: 100.00
   Final Test: 1.40
Hits@3
Run 01:
Highest Train: 100.00
Highest Valid: 10.84
  Final Train: 100.00
   Final Test: 3.96
Hits@10
Run 01:
Highest Train: 100.00
Highest Valid: 24.40
  Final Train: 100.00
   Final Test: 12.27
Hits@20
Run 01:
Highest Train: 100.00
Highest Valid: 36.86
  Final Train: 100.00
   Final Test: 21.71
Hits@50
Run 01:
Highest Train: 100.00
Highest Valid: 61.29
  Final Train: 100.00
   Final Test: 45.32
Hits@100
Run 01:
Highest Train: 100.00
Highest Valid: 86.21
  Final Train: 100.00
   Final Test: 74.74
MRR
Run 01:
Highest Train: 100.00
Highest Valid: 11.72
  Final Train: 100.00
   Final Test: 5.77
Hits@1
All runs:
Highest Train: 100.00 ± nan
Highest Valid: 4.86 ± nan
  Final Train: 100.00 ± nan
   Final Test: 1.40 ± nan
Hits@3
All runs:
Highest Train: 100.00 ± nan
Highest Valid: 10.84 ± nan
  Final Train: 100.00 ± nan
   Final Test: 3.96 ± nan
Hits@10
All runs:
Highest Train: 100.00 ± nan
Highest Valid: 24.40 ± nan
  Final Train: 100.00 ± nan
   Final Test: 12.27 ± nan
Hits@20
All runs:
Highest Train: 100.00 ± nan
Highest Valid: 36.86 ± nan
  Final Train: 100.00 ± nan
   Final Test: 21.71 ± nan
Hits@50
All runs:
Highest Train: 100.00 ± nan
Highest Valid: 61.29 ± nan
  Final Train: 100.00 ± nan
   Final Test: 45.32 ± nan
Hits@100
All runs:
Highest Train: 100.00 ± nan
Highest Valid: 86.21 ± nan
  Final Train: 100.00 ± nan
   Final Test: 74.74 ± nan
MRR
All runs:
Highest Train: 100.00 ± nan
Highest Valid: 11.72 ± nan
  Final Train: 100.00 ± nan
   Final Test: 5.77 ± nan
RESULTS FINISHED FOR GCN on ogbl-collab_CN_4_2_0
	Command being timed: "timeout 1800 python /home/ubuntu/AFDR_V7/lpcompat_run.py main_gnn.py --data_name ogbl-collab_CN_4_2_0 --lr 1e-2 --dropout 0.1 --device 0 --epochs 100 --eval_steps 20 --log_steps 1 --runs 1 --seed 2 --batch_size 65536 --val_batch_size 65536 --test_batch_size 65536 --save_test --output_dir /home/ubuntu/AFDR_V7/raw/gcn_saved_2_4_seed2"
	User time (seconds): 563.63
	System time (seconds): 11.13
	Percent of CPU this job got: 332%
	Elapsed (wall clock) time (h:mm:ss or m:ss): 2:52.79
	Average shared text size (kbytes): 0
	Average unshared data size (kbytes): 0
	Average stack size (kbytes): 0
	Average total size (kbytes): 0
	Maximum resident set size (kbytes): 2807304
	Average resident set size (kbytes): 0
	Major (requiring I/O) page faults: 117
	Minor (reclaiming a frame) page faults: 3461842
	Voluntary context switches: 149750
	Involuntary context switches: 1922
	Swaps: 0
	File system inputs: 0
	File system outputs: 1529056
	Socket messages sent: 0
	Socket messages received: 0
	Signals delivered: 0
	Page size (bytes): 4096
	Exit status: 0
