/home/ubuntu/anaconda3/envs/mei_env/lib/python3.11/site-packages/torch/cuda/__init__.py:63: FutureWarning: The pynvml package is deprecated. Please install nvidia-ml-py instead. If you did not install pynvml directly, please report this to the maintainers of the package that installed pynvml for you.
  import pynvml  # type: ignore[import]
Command terminated by signal 15
	Command being timed: "timeout 1800 env PYTHONPATH=/home/ubuntu/AFDR_V8_scripts:/home/ubuntu/DCDLP-main/src python /home/ubuntu/AFDR_V8_scripts/run_lpshift_dcdlp.py --repo /home/ubuntu/AFDR_V7/repo/LPShift-main --dataset ogbl-collab_CN_2_1_0_seed1 --seed 1 --epochs 1 --batch-size 262144 --eval-batch-size 262144 --output /home/ubuntu/AFDR_V7/raw/v8_dcdlp_formal_2_1_seed1_e1.json"
	User time (seconds): 377.16
	System time (seconds): 9.80
	Percent of CPU this job got: 102%
	Elapsed (wall clock) time (h:mm:ss or m:ss): 6:17.28
	Average shared text size (kbytes): 0
	Average unshared data size (kbytes): 0
	Average stack size (kbytes): 0
	Average total size (kbytes): 0
	Maximum resident set size (kbytes): 4791596
	Average resident set size (kbytes): 0
	Major (requiring I/O) page faults: 0
	Minor (reclaiming a frame) page faults: 5802282
	Voluntary context switches: 4034
	Involuntary context switches: 1754
	Swaps: 0
	File system inputs: 0
	File system outputs: 32
	Socket messages sent: 0
	Socket messages received: 0
	Signals delivered: 0
	Page size (bytes): 4096
	Exit status: 0
