/home/ubuntu/anaconda3/envs/mei_env/lib/python3.11/site-packages/torch/cuda/__init__.py:63: FutureWarning: The pynvml package is deprecated. Please install nvidia-ml-py instead. If you did not install pynvml directly, please report this to the maintainers of the package that installed pynvml for you.
  import pynvml  # type: ignore[import]
/home/ubuntu/AFDR_V8_scripts/analyze_failure_subgroups.py:27: RuntimeWarning: divide by zero encountered in divide
  ra_adj = adj.multiply(np.where(degree > 0, 1.0 / degree, 0.0)).tocsr()
{
  "dataset": "ogbl-collab_CN_2_1_0_seed1",
  "seeds": {
    "1": {
      "thresholds_from_train_pos": {
        "cn_low": 3.0,
        "cn_high": 12.0,
        "degree_product_low": 72.0,
        "degree_product_high": 841.0,
        "degree_gap_high": 1.3083326816558838,
        "feature_low": 0.939601331949234,
        "feature_high": 0.9837926477193832
      },
      "validation": {
        "all": {
          "count": 23669,
          "fraction": 1.0,
          "DCDLP": {
            "count": 23669,
            "mrr": 0.5255455593526479,
            "hits10": 0.751785035278212,
            "hits20": 0.8313828214119735,
            "hits50": 0.9214584477586717,
            "hits100": 0.9741433943132367
          },
          "GCN": {
            "count": 23669,
            "mrr": 0.0706564199938215,
            "hits10": 0.15463264185221176,
            "hits20": 0.26050952722970977,
            "hits50": 0.4957961891081161,
            "hits100": 0.7758671680256876
          }
        },
        "cn_low": {
          "count": 23669,
          "fraction": 1.0,
          "DCDLP": {
            "count": 23669,
            "mrr": 0.5255455593526479,
            "hits10": 0.751785035278212,
            "hits20": 0.8313828214119735,
            "hits50": 0.9214584477586717,
            "hits100": 0.9741433943132367
          },
          "GCN": {
            "count": 23669,
            "mrr": 0.0706564199938215,
            "hits10": 0.15463264185221176,
            "hits20": 0.26050952722970977,
            "hits50": 0.4957961891081161,
            "hits100": 0.7758671680256876
          }
        },
        "cn_high": {
          "count": 0,
          "fraction": 0.0,
          "DCDLP": {
            "count": 0,
            "mrr": null,
            "hits10": null,
            "hits20": null,
            "hits50": null,
            "hits100": null
          },
          "GCN": {
            "count": 0,
            "mrr": null,
            "hits10": null,
            "hits20": null,
            "hits50": null,
            "hits100": null
          }
        },
        "degree_product_low": {
          "count": 8755,
          "fraction": 0.3698931091300858,
          "DCDLP": {
            "count": 8755,
            "mrr": 0.5404050508678646,
            "hits10": 0.7252998286693318,
            "hits20": 0.8187321530553969,
            "hits50": 0.9113649343232438,
            "hits100": 0.9658480868075385
          },
          "GCN": {
            "count": 8755,
            "mrr": 0.08497979582242327,
            "hits10": 0.18880639634494575,
            "hits20": 0.3007424328954883,
            "hits50": 0.5480296973158195,
            "hits100": 0.8073101085094232
          }
        },
        "degree_product_high": {
          "count": 3070,
          "fraction": 0.12970552199078964,
          "DCDLP": {
            "count": 3070,
            "mrr": 0.5530025262448942,
            "hits10": 0.8211726384364821,
            "hits20": 0.8749185667752443,
            "hits50": 0.947557003257329,
            "hits100": 0.9850162866449511
          },
          "GCN": {
            "count": 3070,
            "mrr": 0.07260089545532951,
            "hits10": 0.16254071661237784,
            "hits20": 0.26416938110749183,
            "hits50": 0.4811074918566775,
            "hits100": 0.7612377850162867
          }
        },
        "degree_gap_high": {
          "count": 9277,
          "fraction": 0.39194727280408975,
          "DCDLP": {
            "count": 9277,
            "mrr": 0.5013989246929351,
            "hits10": 0.7537997197369839,
            "hits20": 0.8405734612482484,
            "hits50": 0.9286407243721031,
            "hits100": 0.9770399913765225
          },
          "GCN": {
            "count": 9277,
            "mrr": 0.07784959952865997,
            "hits10": 0.17225396140993857,
            "hits20": 0.2754123100140132,
            "hits50": 0.47181200819230357,
            "hits100": 0.7292228090977687
          }
        },
        "feature_cosine_low": {
          "count": 3783,
          "fraction": 0.1598293126029828,
          "DCDLP": {
            "count": 3783,
            "mrr": 0.41331117152989144,
            "hits10": 0.5656886069257203,
            "hits20": 0.6523922812582607,
            "hits50": 0.7916997092254824,
            "hits100": 0.9151467089611419
          },
          "GCN": {
            "count": 3783,
            "mrr": 0.04348524896725252,
            "hits10": 0.08617499339148824,
            "hits20": 0.15437483478720593,
            "hits50": 0.33148295003965106,
            "hits100": 0.612212529738303
          }
        },
        "feature_cosine_high": {
          "count": 1491,
          "fraction": 0.06299378934471249,
          "DCDLP": {
            "count": 1491,
            "mrr": 0.692928102582033,
            "hits10": 0.9617706237424547,
            "hits20": 0.9832327297116029,
            "hits50": 0.9979879275653923,
            "hits100": 1.0
          },
          "GCN": {
            "count": 1491,
            "mrr": 0.13801955450219625,
            "hits10": 0.323943661971831,
            "hits20": 0.4875922199865862,
            "hits50": 0.7572099262240107,
            "hits100": 0.9503688799463448
          }
        },
        "cn_exact_zero": {
          "count": 13423,
          "fraction": 0.5671131015252018,
          "DCDLP": {
            "count": 13423,
            "mrr": 0.2242645698061759,
            "hits10": 0.5623184087014825,
            "hits20": 0.7026745138940624,
            "hits50": 0.8615063696640095,
            "hits100": 0.9544066155106906
          },
          "GCN": {
            "count": 13423,
            "mrr": 0.05986368043108119,
            "hits10": 0.125530805334128,
            "hits20": 0.2213365119570886,
            "hits50": 0.44505699173061164,
            "hits100": 0.7284511659092602
          }
        },
        "tie_diagnostic": {
          "cn_exact_zero_fraction": 0.5671131015252018,
          "cn_integer_unique_values": 2
        }
      },
      "test_descriptive": {
        "all": {
          "count": 9048,
          "fraction": 1.0,
          "DCDLP": {
            "count": 9048,
            "mrr": 0.2407387244468174,
            "hits10": 0.5967064544650752,
            "hits20": 0.7248010610079576,
            "hits50": 0.8677055702917772,
            "hits100": 0.9566755083996463
          },
          "GCN": {
            "count": 9048,
            "mrr": 0.05764399897127444,
            "hits10": 0.1241158267020336,
            "hits20": 0.22214854111405835,
            "hits50": 0.45225464190981435,
            "hits100": 0.7252431476569408
          }
        },
        "cn_low": {
          "count": 9048,
          "fraction": 1.0,
          "DCDLP": {
            "count": 9048,
            "mrr": 0.2407387244468174,
            "hits10": 0.5967064544650752,
            "hits20": 0.7248010610079576,
            "hits50": 0.8677055702917772,
            "hits100": 0.9566755083996463
          },
          "GCN": {
            "count": 9048,
            "mrr": 0.05764399897127444,
            "hits10": 0.1241158267020336,
            "hits20": 0.22214854111405835,
            "hits50": 0.45225464190981435,
            "hits100": 0.7252431476569408
          }
        },
        "cn_high": {
          "count": 0,
          "fraction": 0.0,
          "DCDLP": {
            "count": 0,
            "mrr": null,
            "hits10": null,
            "hits20": null,
            "hits50": null,
            "hits100": null
          },
          "GCN": {
            "count": 0,
            "mrr": null,
            "hits10": null,
            "hits20": null,
            "hits50": null,
            "hits100": null
          }
        },
        "degree_product_low": {
          "count": 2768,
          "fraction": 0.3059239610963749,
          "DCDLP": {
            "count": 2768,
            "mrr": 0.15425468792649508,
            "hits10": 0.4866329479768786,
            "hits20": 0.6459537572254336,
            "hits50": 0.8146676300578035,
            "hits100": 0.9288294797687862
          },
          "GCN": {
            "count": 2768,
            "mrr": 0.054005920587992896,
            "hits10": 0.11091040462427745,
            "hits20": 0.2156791907514451,
            "hits50": 0.4523121387283237,
            "hits100": 0.713150289017341
          }
        },
        "degree_product_high": {
          "count": 1222,
          "fraction": 0.13505747126436782,
          "DCDLP": {
            "count": 1222,
            "mrr": 0.3711378521297409,
            "hits10": 0.7700490998363339,
            "hits20": 0.8436988543371522,
            "hits50": 0.9435351882160393,
            "hits100": 0.9852700490998363
          },
          "GCN": {
            "count": 1222,
            "mrr": 0.07802326628153182,
            "hits10": 0.1685761047463175,
            "hits20": 0.2765957446808511,
            "hits50": 0.516366612111293,
            "hits100": 0.7708674304418985
          }
        },
        "degree_gap_high": {
          "count": 3428,
          "fraction": 0.378868258178603,
          "DCDLP": {
            "count": 3428,
            "mrr": 0.19384448414254613,
            "hits10": 0.5723453908984831,
            "hits20": 0.7219953325554259,
            "hits50": 0.8792298716452742,
            "hits100": 0.9582847141190198
          },
          "GCN": {
            "count": 3428,
            "mrr": 0.06286922243138916,
            "hits10": 0.147024504084014,
            "hits20": 0.23774795799299883,
            "hits50": 0.4369894982497083,
            "hits100": 0.6794049008168028
          }
        },
        "feature_cosine_low": {
          "count": 1338,
          "fraction": 0.14787798408488065,
          "DCDLP": {
            "count": 1338,
            "mrr": 0.10807109794047666,
            "hits10": 0.3034379671150972,
            "hits20": 0.4633781763826607,
            "hits50": 0.6875934230194319,
            "hits100": 0.8654708520179372
          },
          "GCN": {
            "count": 1338,
            "mrr": 0.031451328145039266,
            "hits10": 0.05904334828101644,
            "hits20": 0.11509715994020926,
            "hits50": 0.2929745889387145,
            "hits100": 0.5493273542600897
          }
        },
        "feature_cosine_high": {
          "count": 722,
          "fraction": 0.07979664014146773,
          "DCDLP": {
            "count": 722,
            "mrr": 0.4651846914573858,
            "hits10": 0.9376731301939059,
            "hits20": 0.9792243767313019,
            "hits50": 0.9944598337950139,
            "hits100": 1.0
          },
          "GCN": {
            "count": 722,
            "mrr": 0.12573723538378412,
            "hits10": 0.296398891966759,
            "hits20": 0.4556786703601108,
            "hits50": 0.7382271468144044,
            "hits100": 0.925207756232687
          }
        },
        "cn_exact_zero": {
          "count": 9048,
          "fraction": 1.0,
          "DCDLP": {
            "count": 9048,
            "mrr": 0.2407387244468174,
            "hits10": 0.5967064544650752,
            "hits20": 0.7248010610079576,
            "hits50": 0.8677055702917772,
            "hits100": 0.9566755083996463
          },
          "GCN": {
            "count": 9048,
            "mrr": 0.05764399897127444,
            "hits10": 0.1241158267020336,
            "hits20": 0.22214854111405835,
            "hits50": 0.45225464190981435,
            "hits100": 0.7252431476569408
          }
        }
      }
    },
    "2": {
      "thresholds_from_train_pos": {
        "cn_low": 3.0,
        "cn_high": 12.0,
        "degree_product_low": 72.0,
        "degree_product_high": 841.0,
        "degree_gap_high": 1.3083326816558838,
        "feature_low": 0.939601331949234,
        "feature_high": 0.9837926477193832
      },
      "validation": {
        "all": {
          "count": 23669,
          "fraction": 1.0,
          "DCDLP": {
            "count": 23669,
            "mrr": 0.5198055229860187,
            "hits10": 0.7502640584731083,
            "hits20": 0.8333262917740505,
            "hits50": 0.9232751700536567,
            "hits100": 0.9742278930246314
          },
          "GCN": {
            "count": 23669,
            "mrr": 0.06958185603578038,
            "hits10": 0.14854873463179685,
            "hits20": 0.2539608770966243,
            "hits50": 0.48105116396974945,
            "hits100": 0.7560522202036419
          }
        },
        "cn_low": {
          "count": 23669,
          "fraction": 1.0,
          "DCDLP": {
            "count": 23669,
            "mrr": 0.5198055229860187,
            "hits10": 0.7502640584731083,
            "hits20": 0.8333262917740505,
            "hits50": 0.9232751700536567,
            "hits100": 0.9742278930246314
          },
          "GCN": {
            "count": 23669,
            "mrr": 0.06958185603578038,
            "hits10": 0.14854873463179685,
            "hits20": 0.2539608770966243,
            "hits50": 0.48105116396974945,
            "hits100": 0.7560522202036419
          }
        },
        "cn_high": {
          "count": 0,
          "fraction": 0.0,
          "DCDLP": {
            "count": 0,
            "mrr": null,
            "hits10": null,
            "hits20": null,
            "hits50": null,
            "hits100": null
          },
          "GCN": {
            "count": 0,
            "mrr": null,
            "hits10": null,
            "hits20": null,
            "hits50": null,
            "hits100": null
          }
        },
        "degree_product_low": {
          "count": 8755,
          "fraction": 0.3698931091300858,
          "DCDLP": {
            "count": 8755,
            "mrr": 0.5510302096285624,
            "hits10": 0.7274700171330668,
            "hits20": 0.8186179326099372,
            "hits50": 0.9131924614505996,
            "hits100": 0.9629925756710451
          },
          "GCN": {
            "count": 8755,
            "mrr": 0.08728848468847261,
            "hits10": 0.18458023986293545,
            "hits20": 0.2980011422044546,
            "hits50": 0.5241576242147344,
            "hits100": 0.7782981153626499
          }
        },
        "degree_product_high": {
          "count": 3070,
          "fraction": 0.12970552199078964,
          "DCDLP": {
            "count": 3070,
            "mrr": 0.5349622561081538,
            "hits10": 0.8384364820846906,
            "hits20": 0.8915309446254072,
            "hits50": 0.9511400651465798,
            "hits100": 0.9931596091205211
          },
          "GCN": {
            "count": 3070,
            "mrr": 0.06049904573920944,
            "hits10": 0.1260586319218241,
            "hits20": 0.22149837133550487,
            "hits50": 0.44332247557003257,
            "hits100": 0.7429967426710098
          }
        },
        "degree_gap_high": {
          "count": 9277,
          "fraction": 0.39194727280408975,
          "DCDLP": {
            "count": 9277,
            "mrr": 0.4745243502148418,
            "hits10": 0.73569041716072,
            "hits20": 0.8334590923790018,
            "hits50": 0.9231432575185944,
            "hits100": 0.9732672200064676
          },
          "GCN": {
            "count": 9277,
            "mrr": 0.0756437331731479,
            "hits10": 0.16589414681470302,
            "hits20": 0.2689447019510618,
            "hits50": 0.4675002694836693,
            "hits100": 0.7088498436994718
          }
        },
        "feature_cosine_low": {
          "count": 3783,
          "fraction": 0.1598293126029828,
          "DCDLP": {
            "count": 3783,
            "mrr": 0.4062182037495156,
            "hits10": 0.5469204335183717,
            "hits20": 0.6428760243193233,
            "hits50": 0.7922283901665345,
            "hits100": 0.9090668781390431
          },
          "GCN": {
            "count": 3783,
            "mrr": 0.0434549265975482,
            "hits10": 0.08458895056833202,
            "hits20": 0.14908802537668517,
            "hits50": 0.32698916204070844,
            "hits100": 0.5926513349193762
          }
        },
        "feature_cosine_high": {
          "count": 1491,
          "fraction": 0.06299378934471249,
          "DCDLP": {
            "count": 1491,
            "mrr": 0.6744164680511373,
            "hits10": 0.96579476861167,
            "hits20": 0.9879275653923542,
            "hits50": 0.9959758551307847,
            "hits100": 0.9993293091884641
          },
          "GCN": {
            "count": 1491,
            "mrr": 0.12646953588132018,
            "hits10": 0.2883970489604292,
            "hits20": 0.4607645875251509,
            "hits50": 0.7236753856472167,
            "hits100": 0.9336016096579477
          }
        },
        "cn_exact_zero": {
          "count": 13423,
          "fraction": 0.5671131015252018,
          "DCDLP": {
            "count": 13423,
            "mrr": 0.21552250864283606,
            "hits10": 0.5597109439022573,
            "hits20": 0.706101467630187,
            "hits50": 0.8647098264173434,
            "hits100": 0.9545556134992178
          },
          "GCN": {
            "count": 13423,
            "mrr": 0.053968483266714176,
            "hits10": 0.11234448334947478,
            "hits20": 0.20368025031662074,
            "hits50": 0.42062132161215826,
            "hits100": 0.6964910973701856
          }
        },
        "tie_diagnostic": {
          "cn_exact_zero_fraction": 0.5671131015252018,
          "cn_integer_unique_values": 2
        }
      },
      "test_descriptive": {
        "all": {
          "count": 9048,
          "fraction": 1.0,
          "DCDLP": {
            "count": 9048,
            "mrr": 0.22777170109640407,
            "hits10": 0.5764809902740937,
            "hits20": 0.7255747126436781,
            "hits50": 0.8745579133510168,
            "hits100": 0.9605437665782494
          },
          "GCN": {
            "count": 9048,
            "mrr": 0.054320380489506694,
            "hits10": 0.11416887709991158,
            "hits20": 0.20324933687002653,
            "hits50": 0.4214190981432361,
            "hits100": 0.6989389920424404
          }
        },
        "cn_low": {
          "count": 9048,
          "fraction": 1.0,
          "DCDLP": {
            "count": 9048,
            "mrr": 0.22777170109640407,
            "hits10": 0.5764809902740937,
            "hits20": 0.7255747126436781,
            "hits50": 0.8745579133510168,
            "hits100": 0.9605437665782494
          },
          "GCN": {
            "count": 9048,
            "mrr": 0.054320380489506694,
            "hits10": 0.11416887709991158,
            "hits20": 0.20324933687002653,
            "hits50": 0.4214190981432361,
            "hits100": 0.6989389920424404
          }
        },
        "cn_high": {
          "count": 0,
          "fraction": 0.0,
          "DCDLP": {
            "count": 0,
            "mrr": null,
            "hits10": null,
            "hits20": null,
            "hits50": null,
            "hits100": null
          },
          "GCN": {
            "count": 0,
            "mrr": null,
            "hits10": null,
            "hits20": null,
            "hits50": null,
            "hits100": null
          }
        },
        "degree_product_low": {
          "count": 2768,
          "fraction": 0.3059239610963749,
          "DCDLP": {
            "count": 2768,
            "mrr": 0.17837597463228058,
            "hits10": 0.47326589595375723,
            "hits20": 0.6419797687861272,
            "hits50": 0.8208092485549133,
            "hits100": 0.9313583815028902
          },
          "GCN": {
            "count": 2768,
            "mrr": 0.0491241380524138,
            "hits10": 0.10079479768786127,
            "hits20": 0.18533236994219654,
            "hits50": 0.3995664739884393,
            "hits100": 0.664378612716763
          }
        },
        "degree_product_high": {
          "count": 1222,
          "fraction": 0.13505747126436782,
          "DCDLP": {
            "count": 1222,
            "mrr": 0.32834187897108497,
            "hits10": 0.7684124386252046,
            "hits20": 0.8567921440261865,
            "hits50": 0.9435351882160393,
            "hits100": 0.9950900163666121
          },
          "GCN": {
            "count": 1222,
            "mrr": 0.06367822959679466,
            "hits10": 0.1407528641571195,
            "hits20": 0.23649754500818332,
            "hits50": 0.4656301145662848,
            "hits100": 0.7675941080196399
          }
        },
        "degree_gap_high": {
          "count": 3428,
          "fraction": 0.378868258178603,
          "DCDLP": {
            "count": 3428,
            "mrr": 0.1468385280813421,
            "hits10": 0.5277129521586931,
            "hits20": 0.7184947491248541,
            "hits50": 0.8815635939323221,
            "hits100": 0.9594515752625438
          },
          "GCN": {
            "count": 3428,
            "mrr": 0.058153442795855166,
            "hits10": 0.1295215869311552,
            "hits20": 0.21703617269544925,
            "hits50": 0.4200700116686114,
            "hits100": 0.6537339556592765
          }
        },
        "feature_cosine_low": {
          "count": 1338,
          "fraction": 0.14787798408488065,
          "DCDLP": {
            "count": 1338,
            "mrr": 0.10384607545583963,
            "hits10": 0.31689088191330345,
            "hits20": 0.4588938714499253,
            "hits50": 0.680119581464873,
            "hits100": 0.8834080717488789
          },
          "GCN": {
            "count": 1338,
            "mrr": 0.029640635179264734,
            "hits10": 0.0515695067264574,
            "hits20": 0.11509715994020926,
            "hits50": 0.28550074738415543,
            "hits100": 0.5209267563527653
          }
        },
        "feature_cosine_high": {
          "count": 722,
          "fraction": 0.07979664014146773,
          "DCDLP": {
            "count": 722,
            "mrr": 0.433365861464458,
            "hits10": 0.9141274238227147,
            "hits20": 0.9570637119113573,
            "hits50": 1.0,
            "hits100": 1.0
          },
          "GCN": {
            "count": 722,
            "mrr": 0.11838331103419726,
            "hits10": 0.2853185595567867,
            "hits20": 0.4182825484764543,
            "hits50": 0.685595567867036,
            "hits100": 0.9141274238227147
          }
        },
        "cn_exact_zero": {
          "count": 9048,
          "fraction": 1.0,
          "DCDLP": {
            "count": 9048,
            "mrr": 0.22777170109640407,
            "hits10": 0.5764809902740937,
            "hits20": 0.7255747126436781,
            "hits50": 0.8745579133510168,
            "hits100": 0.9605437665782494
          },
          "GCN": {
            "count": 9048,
            "mrr": 0.054320380489506694,
            "hits10": 0.11416887709991158,
            "hits20": 0.20324933687002653,
            "hits50": 0.4214190981432361,
            "hits100": 0.6989389920424404
          }
        }
      }
    },
    "3": {
      "thresholds_from_train_pos": {
        "cn_low": 3.0,
        "cn_high": 12.0,
        "degree_product_low": 72.0,
        "degree_product_high": 841.0,
        "degree_gap_high": 1.3083326816558838,
        "feature_low": 0.939601331949234,
        "feature_high": 0.9837926477193832
      },
      "validation": {
        "all": {
          "count": 23669,
          "fraction": 1.0,
          "DCDLP": {
            "count": 23669,
            "mrr": 0.5258302962884477,
            "hits10": 0.7504753052515949,
            "hits20": 0.8355655076260087,
            "hits50": 0.9260636275296802,
            "hits100": 0.9754108749841565
          },
          "GCN": {
            "count": 23669,
            "mrr": 0.07078441874961412,
            "hits10": 0.1464362668469306,
            "hits20": 0.24944019603701043,
            "hits50": 0.48181165237230134,
            "hits100": 0.7582914360556001
          }
        },
        "cn_low": {
          "count": 23669,
          "fraction": 1.0,
          "DCDLP": {
            "count": 23669,
            "mrr": 0.5258302962884477,
            "hits10": 0.7504753052515949,
            "hits20": 0.8355655076260087,
            "hits50": 0.9260636275296802,
            "hits100": 0.9754108749841565
          },
          "GCN": {
            "count": 23669,
            "mrr": 0.07078441874961412,
            "hits10": 0.1464362668469306,
            "hits20": 0.24944019603701043,
            "hits50": 0.48181165237230134,
            "hits100": 0.7582914360556001
          }
        },
        "cn_high": {
          "count": 0,
          "fraction": 0.0,
          "DCDLP": {
            "count": 0,
            "mrr": null,
            "hits10": null,
            "hits20": null,
            "hits50": null,
            "hits100": null
          },
          "GCN": {
            "count": 0,
            "mrr": null,
            "hits10": null,
            "hits20": null,
            "hits50": null,
            "hits100": null
          }
        },
        "degree_product_low": {
          "count": 8755,
          "fraction": 0.3698931091300858,
          "DCDLP": {
            "count": 8755,
            "mrr": 0.5487420568895073,
            "hits10": 0.7275842375785265,
            "hits20": 0.8202170188463735,
            "hits50": 0.9110222729868647,
            "hits100": 0.9641347801256425
          },
          "GCN": {
            "count": 8755,
            "mrr": 0.08962453070202106,
            "hits10": 0.18549400342661337,
            "hits20": 0.2928612221587664,
            "hits50": 0.5290691033695032,
            "hits100": 0.7818389491719018
          }
        },
        "degree_product_high": {
          "count": 3070,
          "fraction": 0.12970552199078964,
          "DCDLP": {
            "count": 3070,
            "mrr": 0.5375990261237868,
            "hits10": 0.8218241042345277,
            "hits20": 0.8788273615635179,
            "hits50": 0.9498371335504886,
            "hits100": 0.9912052117263843
          },
          "GCN": {
            "count": 3070,
            "mrr": 0.06617463684153291,
            "hits10": 0.14429967426710097,
            "hits20": 0.24429967426710097,
            "hits50": 0.46058631921824106,
            "hits100": 0.7543973941368078
          }
        },
        "degree_gap_high": {
          "count": 9277,
          "fraction": 0.39194727280408975,
          "DCDLP": {
            "count": 9277,
            "mrr": 0.4870950597942277,
            "hits10": 0.7419424382882397,
            "hits20": 0.8378786245553519,
            "hits50": 0.9299342459846933,
            "hits100": 0.9761776436347958
          },
          "GCN": {
            "count": 9277,
            "mrr": 0.07863374394895122,
            "hits10": 0.16567855987927133,
            "hits20": 0.2681901476770508,
            "hits50": 0.47202759512773523,
            "hits100": 0.7141317236175487
          }
        },
        "feature_cosine_low": {
          "count": 3783,
          "fraction": 0.1598293126029828,
          "DCDLP": {
            "count": 3783,
            "mrr": 0.4095250758733597,
            "hits10": 0.5519429024583664,
            "hits20": 0.6489558551414222,
            "hits50": 0.7948717948717948,
            "hits100": 0.908273856727465
          },
          "GCN": {
            "count": 3783,
            "mrr": 0.04495517058599985,
            "hits10": 0.08432461009780598,
            "hits20": 0.15093840867036742,
            "hits50": 0.3190589479249273,
            "hits100": 0.5955590800951626
          }
        },
        "feature_cosine_high": {
          "count": 1491,
          "fraction": 0.06299378934471249,
          "DCDLP": {
            "count": 1491,
            "mrr": 0.6790752462849772,
            "hits10": 0.9517102615694165,
            "hits20": 0.9825620389000671,
            "hits50": 0.9979879275653923,
            "hits100": 1.0
          },
          "GCN": {
            "count": 1491,
            "mrr": 0.1313851511390621,
            "hits10": 0.3038229376257545,
            "hits20": 0.45942320590207913,
            "hits50": 0.7364185110663984,
            "hits100": 0.9423205902079141
          }
        },
        "cn_exact_zero": {
          "count": 13423,
          "fraction": 0.5671131015252018,
          "DCDLP": {
            "count": 13423,
            "mrr": 0.22565593859820082,
            "hits10": 0.5600089398793117,
            "hits20": 0.7100499143261566,
            "hits50": 0.8696267600387395,
            "hits100": 0.9566415853385979
          },
          "GCN": {
            "count": 13423,
            "mrr": 0.0548485251489701,
            "hits10": 0.1106310064814125,
            "hits20": 0.1984653207181703,
            "hits50": 0.42017432764657675,
            "hits100": 0.7004395440661552
          }
        },
        "tie_diagnostic": {
          "cn_exact_zero_fraction": 0.5671131015252018,
          "cn_integer_unique_values": 2
        }
      },
      "test_descriptive": {
        "all": {
          "count": 9048,
          "fraction": 1.0,
          "DCDLP": {
            "count": 9048,
            "mrr": 0.23723410635174855,
            "hits10": 0.5810123784261715,
            "hits20": 0.7234748010610079,
            "hits50": 0.870579133510168,
            "hits100": 0.9584438549955792
          },
          "GCN": {
            "count": 9048,
            "mrr": 0.05240400818660582,
            "hits10": 0.11052166224580018,
            "hits20": 0.20313881520778074,
            "hits50": 0.42362953138815207,
            "hits100": 0.7031388152077808
          }
        },
        "cn_low": {
          "count": 9048,
          "fraction": 1.0,
          "DCDLP": {
            "count": 9048,
            "mrr": 0.23723410635174855,
            "hits10": 0.5810123784261715,
            "hits20": 0.7234748010610079,
            "hits50": 0.870579133510168,
            "hits100": 0.9584438549955792
          },
          "GCN": {
            "count": 9048,
            "mrr": 0.05240400818660582,
            "hits10": 0.11052166224580018,
            "hits20": 0.20313881520778074,
            "hits50": 0.42362953138815207,
            "hits100": 0.7031388152077808
          }
        },
        "cn_high": {
          "count": 0,
          "fraction": 0.0,
          "DCDLP": {
            "count": 0,
            "mrr": null,
            "hits10": null,
            "hits20": null,
            "hits50": null,
            "hits100": null
          },
          "GCN": {
            "count": 0,
            "mrr": null,
            "hits10": null,
            "hits20": null,
            "hits50": null,
            "hits100": null
          }
        },
        "degree_product_low": {
          "count": 2768,
          "fraction": 0.3059239610963749,
          "DCDLP": {
            "count": 2768,
            "mrr": 0.16779274124148122,
            "hits10": 0.4613439306358382,
            "hits20": 0.6322254335260116,
            "hits50": 0.8106936416184971,
            "hits100": 0.9328034682080925
          },
          "GCN": {
            "count": 2768,
            "mrr": 0.04799108414110945,
            "hits10": 0.101878612716763,
            "hits20": 0.19255780346820808,
            "hits50": 0.41582369942196534,
            "hits100": 0.6773843930635838
          }
        },
        "degree_product_high": {
          "count": 1222,
          "fraction": 0.13505747126436782,
          "DCDLP": {
            "count": 1222,
            "mrr": 0.3554699164396686,
            "hits10": 0.7594108019639935,
            "hits20": 0.8486088379705401,
            "hits50": 0.9451718494271686,
            "hits100": 0.9934533551554828
          },
          "GCN": {
            "count": 1222,
            "mrr": 0.06868616339425133,
            "hits10": 0.14157119476268412,
            "hits20": 0.25040916530278234,
            "hits50": 0.47708674304418985,
            "hits100": 0.7659574468085106
          }
        },
        "degree_gap_high": {
          "count": 3428,
          "fraction": 0.378868258178603,
          "DCDLP": {
            "count": 3428,
            "mrr": 0.17167431075500597,
            "hits10": 0.5484247374562428,
            "hits20": 0.7158693115519253,
            "hits50": 0.8766044340723453,
            "hits100": 0.9542007001166861
          },
          "GCN": {
            "count": 3428,
            "mrr": 0.05755522877737481,
            "hits10": 0.13185530921820304,
            "hits20": 0.2237456242707118,
            "hits50": 0.41540256709451573,
            "hits100": 0.662777129521587
          }
        },
        "feature_cosine_low": {
          "count": 1338,
          "fraction": 0.14787798408488065,
          "DCDLP": {
            "count": 1338,
            "mrr": 0.10309806842212518,
            "hits10": 0.2974588938714499,
            "hits20": 0.45964125560538116,
            "hits50": 0.6846038863976084,
            "hits100": 0.8721973094170403
          },
          "GCN": {
            "count": 1338,
            "mrr": 0.031516403555395964,
            "hits10": 0.053064275037369206,
            "hits20": 0.10911808669656203,
            "hits50": 0.28400597907324365,
            "hits100": 0.5291479820627802
          }
        },
        "feature_cosine_high": {
          "count": 722,
          "fraction": 0.07979664014146773,
          "DCDLP": {
            "count": 722,
            "mrr": 0.4699759954561952,
            "hits10": 0.9362880886426593,
            "hits20": 0.9709141274238227,
            "hits50": 0.9958448753462604,
            "hits100": 1.0
          },
          "GCN": {
            "count": 722,
            "mrr": 0.10773472839685314,
            "hits10": 0.2548476454293629,
            "hits20": 0.41412742382271467,
            "hits50": 0.6772853185595568,
            "hits100": 0.9210526315789473
          }
        },
        "cn_exact_zero": {
          "count": 9048,
          "fraction": 1.0,
          "DCDLP": {
            "count": 9048,
            "mrr": 0.23723410635174855,
            "hits10": 0.5810123784261715,
            "hits20": 0.7234748010610079,
            "hits50": 0.870579133510168,
            "hits100": 0.9584438549955792
          },
          "GCN": {
            "count": 9048,
            "mrr": 0.05240400818660582,
            "hits10": 0.11052166224580018,
            "hits20": 0.20313881520778074,
            "hits50": 0.42362953138815207,
            "hits100": 0.7031388152077808
          }
        }
      }
    }
  }
}
