/home/ubuntu/anaconda3/envs/mei_env/lib/python3.11/site-packages/torch/cuda/__init__.py:63: FutureWarning: The pynvml package is deprecated. Please install nvidia-ml-py instead. If you did not install pynvml directly, please report this to the maintainers of the package that installed pynvml for you.
  import pynvml  # type: ignore[import]
/home/ubuntu/AFDR_V8_scripts/analyze_failure_subgroups.py:27: RuntimeWarning: divide by zero encountered in divide
  ra_adj = adj.multiply(np.where(degree > 0, 1.0 / degree, 0.0)).tocsr()
{
  "dataset": "ogbl-collab_CN_4_2_0_seed1",
  "seeds": {
    "1": {
      "thresholds_from_train_pos": {
        "cn_low": 5.0,
        "cn_high": 17.0,
        "degree_product_low": 121.0,
        "degree_product_high": 1152.0,
        "degree_gap_high": 1.0788097381591797,
        "feature_low": 0.9444106221199036,
        "feature_high": 0.9868764281272888
      },
      "validation": {
        "all": {
          "count": 24097,
          "fraction": 1.0,
          "DCDLP": {
            "count": 24097,
            "mrr": 0.8794715084503696,
            "hits10": 0.9687927957837075,
            "hits20": 0.9799975100634933,
            "hits50": 0.9912852222268332,
            "hits100": 0.9971780719591651
          },
          "GCN": {
            "count": 24097,
            "mrr": 0.11695163024762491,
            "hits10": 0.24530024484375648,
            "hits20": 0.3701705606507034,
            "hits50": 0.6120263933269702,
            "hits100": 0.8595675810266838
          }
        },
        "cn_low": {
          "count": 24097,
          "fraction": 1.0,
          "DCDLP": {
            "count": 24097,
            "mrr": 0.8794715084503696,
            "hits10": 0.9687927957837075,
            "hits20": 0.9799975100634933,
            "hits50": 0.9912852222268332,
            "hits100": 0.9971780719591651
          },
          "GCN": {
            "count": 24097,
            "mrr": 0.11695163024762491,
            "hits10": 0.24530024484375648,
            "hits20": 0.3701705606507034,
            "hits50": 0.6120263933269702,
            "hits100": 0.8595675810266838
          }
        },
        "cn_high": {
          "count": 0,
          "fraction": 0.0,
          "DCDLP": {
            "count": 0,
            "mrr": null,
            "hits10": null,
            "hits20": null,
            "hits50": null,
            "hits100": null
          },
          "GCN": {
            "count": 0,
            "mrr": null,
            "hits10": null,
            "hits20": null,
            "hits50": null,
            "hits100": null
          }
        },
        "degree_product_low": {
          "count": 8101,
          "fraction": 0.33618292733535293,
          "DCDLP": {
            "count": 8101,
            "mrr": 0.9124878751412208,
            "hits10": 0.9638316257252191,
            "hits20": 0.9781508455746204,
            "hits50": 0.9897543513146525,
            "hits100": 0.9958029872855203
          },
          "GCN": {
            "count": 8101,
            "mrr": 0.1775041373423732,
            "hits10": 0.3555116652265152,
            "hits20": 0.484384643871127,
            "hits50": 0.7106530058017528,
            "hits100": 0.907418837180595
          }
        },
        "degree_product_high": {
          "count": 3725,
          "fraction": 0.15458355811926797,
          "DCDLP": {
            "count": 3725,
            "mrr": 0.8300338819453892,
            "hits10": 0.9790604026845637,
            "hits20": 0.9855033557046979,
            "hits50": 0.9935570469798658,
            "hits100": 0.9989261744966443
          },
          "GCN": {
            "count": 3725,
            "mrr": 0.07877359933099073,
            "hits10": 0.1702013422818792,
            "hits20": 0.28751677852348995,
            "hits50": 0.5318120805369128,
            "hits100": 0.8118120805369128
          }
        },
        "degree_gap_high": {
          "count": 10113,
          "fraction": 0.41967879819064613,
          "DCDLP": {
            "count": 10113,
            "mrr": 0.8492269154551745,
            "hits10": 0.9660832591713636,
            "hits20": 0.9782458222090379,
            "hits50": 0.9894195589834865,
            "hits100": 0.9962424601997429
          },
          "GCN": {
            "count": 10113,
            "mrr": 0.11317116237882871,
            "hits10": 0.24631662216948483,
            "hits20": 0.36349253436171264,
            "hits50": 0.5742114110550777,
            "hits100": 0.8094531790764363
          }
        },
        "feature_cosine_low": {
          "count": 4013,
          "fraction": 0.16653525335103955,
          "DCDLP": {
            "count": 4013,
            "mrr": 0.8477907599964583,
            "hits10": 0.9369548965860952,
            "hits20": 0.9521554946424121,
            "hits50": 0.9725890854722153,
            "hits100": 0.9887864440568154
          },
          "GCN": {
            "count": 4013,
            "mrr": 0.10078458115814307,
            "hits10": 0.20209319710939447,
            "hits20": 0.29703463742835784,
            "hits50": 0.5028656865188138,
            "hits100": 0.7575380014951408
          }
        },
        "feature_cosine_high": {
          "count": 1032,
          "fraction": 0.042826907913848196,
          "DCDLP": {
            "count": 1032,
            "mrr": 0.932549128375089,
            "hits10": 0.997093023255814,
            "hits20": 0.998062015503876,
            "hits50": 1.0,
            "hits100": 1.0
          },
          "GCN": {
            "count": 1032,
            "mrr": 0.18716496120062104,
            "hits10": 0.38856589147286824,
            "hits20": 0.5707364341085271,
            "hits50": 0.8158914728682171,
            "hits100": 0.9670542635658915
          }
        },
        "cn_exact_zero": {
          "count": 2002,
          "fraction": 0.08308088143752335,
          "DCDLP": {
            "count": 2002,
            "mrr": 0.27941638651109996,
            "hits10": 0.6243756243756243,
            "hits20": 0.7592407592407593,
            "hits50": 0.8951048951048951,
            "hits100": 0.9660339660339661
          },
          "GCN": {
            "count": 2002,
            "mrr": 0.06813871167812478,
            "hits10": 0.14235764235764237,
            "hits20": 0.23926073926073926,
            "hits50": 0.48001998001998003,
            "hits100": 0.7457542457542458
          }
        },
        "tie_diagnostic": {
          "cn_exact_zero_fraction": 0.08308088143752335,
          "cn_integer_unique_values": 4
        }
      },
      "test_descriptive": {
        "all": {
          "count": 11551,
          "fraction": 1.0,
          "DCDLP": {
            "count": 11551,
            "mrr": 0.4867102326536656,
            "hits10": 0.7288546446195134,
            "hits20": 0.8152540905549303,
            "hits50": 0.916370876980348,
            "hits100": 0.9724699160245867
          },
          "GCN": {
            "count": 11551,
            "mrr": 0.05775851973226518,
            "hits10": 0.12120162756471302,
            "hits20": 0.21617176002077743,
            "hits50": 0.4521686434074972,
            "hits100": 0.7482469050298676
          }
        },
        "cn_low": {
          "count": 11551,
          "fraction": 1.0,
          "DCDLP": {
            "count": 11551,
            "mrr": 0.4867102326536656,
            "hits10": 0.7288546446195134,
            "hits20": 0.8152540905549303,
            "hits50": 0.916370876980348,
            "hits100": 0.9724699160245867
          },
          "GCN": {
            "count": 11551,
            "mrr": 0.05775851973226518,
            "hits10": 0.12120162756471302,
            "hits20": 0.21617176002077743,
            "hits50": 0.4521686434074972,
            "hits100": 0.7482469050298676
          }
        },
        "cn_high": {
          "count": 0,
          "fraction": 0.0,
          "DCDLP": {
            "count": 0,
            "mrr": null,
            "hits10": null,
            "hits20": null,
            "hits50": null,
            "hits100": null
          },
          "GCN": {
            "count": 0,
            "mrr": null,
            "hits10": null,
            "hits20": null,
            "hits50": null,
            "hits100": null
          }
        },
        "degree_product_low": {
          "count": 3192,
          "fraction": 0.27633971084754566,
          "DCDLP": {
            "count": 3192,
            "mrr": 0.4926164690494859,
            "hits10": 0.6929824561403509,
            "hits20": 0.7910401002506265,
            "hits50": 0.8984962406015038,
            "hits100": 0.9545739348370927
          },
          "GCN": {
            "count": 3192,
            "mrr": 0.05904795792448595,
            "hits10": 0.11967418546365914,
            "hits20": 0.21961152882205515,
            "hits50": 0.46773182957393483,
            "hits100": 0.7468671679197995
          }
        },
        "degree_product_high": {
          "count": 1613,
          "fraction": 0.13964158947277291,
          "DCDLP": {
            "count": 1613,
            "mrr": 0.5019017881011303,
            "hits10": 0.8016119032858029,
            "hits20": 0.8592684438933664,
            "hits50": 0.9404835709857409,
            "hits100": 0.9845009299442034
          },
          "GCN": {
            "count": 1613,
            "mrr": 0.06819119394272513,
            "hits10": 0.14941103533787972,
            "hits20": 0.2287662740235586,
            "hits50": 0.44513329200247986,
            "hits100": 0.7575945443273404
          }
        },
        "degree_gap_high": {
          "count": 4620,
          "fraction": 0.39996537096355295,
          "DCDLP": {
            "count": 4620,
            "mrr": 0.4588225831463686,
            "hits10": 0.7201298701298702,
            "hits20": 0.816017316017316,
            "hits50": 0.9231601731601732,
            "hits100": 0.9759740259740259
          },
          "GCN": {
            "count": 4620,
            "mrr": 0.0632344774154813,
            "hits10": 0.14155844155844155,
            "hits20": 0.23939393939393938,
            "hits50": 0.4458874458874459,
            "hits100": 0.7047619047619048
          }
        },
        "feature_cosine_low": {
          "count": 1799,
          "fraction": 0.15574409142065623,
          "DCDLP": {
            "count": 1799,
            "mrr": 0.345444363001341,
            "hits10": 0.49416342412451364,
            "hits20": 0.6070038910505836,
            "hits50": 0.763201778765981,
            "hits100": 0.9038354641467482
          },
          "GCN": {
            "count": 1799,
            "mrr": 0.02941656795798175,
            "hits10": 0.05058365758754864,
            "hits20": 0.1000555864369094,
            "hits50": 0.27181767648693717,
            "hits100": 0.5441912173429683
          }
        },
        "feature_cosine_high": {
          "count": 545,
          "fraction": 0.04718206215912042,
          "DCDLP": {
            "count": 545,
            "mrr": 0.6788099836747832,
            "hits10": 0.9889908256880734,
            "hits20": 0.9963302752293578,
            "hits50": 1.0,
            "hits100": 1.0
          },
          "GCN": {
            "count": 545,
            "mrr": 0.11356377774701089,
            "hits10": 0.27155963302752295,
            "hits20": 0.42935779816513764,
            "hits50": 0.7559633027522936,
            "hits100": 0.9486238532110092
          }
        },
        "cn_exact_zero": {
          "count": 7613,
          "fraction": 0.6590771361786858,
          "DCDLP": {
            "count": 7613,
            "mrr": 0.2643053413961852,
            "hits10": 0.5885984500197031,
            "hits20": 0.7196900039406279,
            "hits50": 0.8731117824773413,
            "hits100": 0.9582293445422304
          },
          "GCN": {
            "count": 7613,
            "mrr": 0.05198965541994603,
            "hits10": 0.10876132930513595,
            "hits20": 0.19414159989491658,
            "hits50": 0.42112176540128726,
            "hits100": 0.7119401024563247
          }
        }
      }
    },
    "2": {
      "thresholds_from_train_pos": {
        "cn_low": 5.0,
        "cn_high": 17.0,
        "degree_product_low": 121.0,
        "degree_product_high": 1152.0,
        "degree_gap_high": 1.0788097381591797,
        "feature_low": 0.9444106221199036,
        "feature_high": 0.9868764281272888
      },
      "validation": {
        "all": {
          "count": 24097,
          "fraction": 1.0,
          "DCDLP": {
            "count": 24097,
            "mrr": 0.8709651676231467,
            "hits10": 0.9382080756940698,
            "hits20": 0.9529816989666764,
            "hits50": 0.978213055567083,
            "hits100": 0.994563638627215
          },
          "GCN": {
            "count": 24097,
            "mrr": 0.1168463658001456,
            "hits10": 0.24372328505623106,
            "hits20": 0.36855210192140103,
            "hits50": 0.6128148732207329,
            "hits100": 0.8621405154168569
          }
        },
        "cn_low": {
          "count": 24097,
          "fraction": 1.0,
          "DCDLP": {
            "count": 24097,
            "mrr": 0.8709651676231467,
            "hits10": 0.9382080756940698,
            "hits20": 0.9529816989666764,
            "hits50": 0.978213055567083,
            "hits100": 0.994563638627215
          },
          "GCN": {
            "count": 24097,
            "mrr": 0.1168463658001456,
            "hits10": 0.24372328505623106,
            "hits20": 0.36855210192140103,
            "hits50": 0.6128148732207329,
            "hits100": 0.8621405154168569
          }
        },
        "cn_high": {
          "count": 0,
          "fraction": 0.0,
          "DCDLP": {
            "count": 0,
            "mrr": null,
            "hits10": null,
            "hits20": null,
            "hits50": null,
            "hits100": null
          },
          "GCN": {
            "count": 0,
            "mrr": null,
            "hits10": null,
            "hits20": null,
            "hits50": null,
            "hits100": null
          }
        },
        "degree_product_low": {
          "count": 8101,
          "fraction": 0.33618292733535293,
          "DCDLP": {
            "count": 8101,
            "mrr": 0.9052674001975285,
            "hits10": 0.9344525367238613,
            "hits20": 0.9466732502160227,
            "hits50": 0.971731884952475,
            "hits100": 0.9918528576718924
          },
          "GCN": {
            "count": 8101,
            "mrr": 0.1746469421508702,
            "hits10": 0.3444019256881866,
            "hits20": 0.48240957906431303,
            "hits50": 0.711517096654734,
            "hits100": 0.9086532526848538
          }
        },
        "degree_product_high": {
          "count": 3725,
          "fraction": 0.15458355811926797,
          "DCDLP": {
            "count": 3725,
            "mrr": 0.8395481214460797,
            "hits10": 0.9605369127516779,
            "hits20": 0.9755704697986577,
            "hits50": 0.9916778523489933,
            "hits100": 0.9986577181208054
          },
          "GCN": {
            "count": 3725,
            "mrr": 0.07434008593904044,
            "hits10": 0.15946308724832214,
            "hits20": 0.26818791946308723,
            "hits50": 0.5138255033557046,
            "hits100": 0.8169127516778524
          }
        },
        "degree_gap_high": {
          "count": 10113,
          "fraction": 0.41967879819064613,
          "DCDLP": {
            "count": 10113,
            "mrr": 0.8290827171238924,
            "hits10": 0.9251458518738258,
            "hits20": 0.9368140017798873,
            "hits50": 0.9670720854345891,
            "hits100": 0.9897162068624543
          },
          "GCN": {
            "count": 10113,
            "mrr": 0.11184751875134938,
            "hits10": 0.24206466923761494,
            "hits20": 0.3583506377929398,
            "hits50": 0.5716404627706911,
            "hits100": 0.8146939582715317
          }
        },
        "feature_cosine_low": {
          "count": 4013,
          "fraction": 0.16653525335103955,
          "DCDLP": {
            "count": 4013,
            "mrr": 0.8448431467544508,
            "hits10": 0.9190132070769997,
            "hits20": 0.9292300024919014,
            "hits50": 0.9538998255669076,
            "hits100": 0.9833042611512585
          },
          "GCN": {
            "count": 4013,
            "mrr": 0.09953795454585353,
            "hits10": 0.1986045352604037,
            "hits20": 0.2947919262397209,
            "hits50": 0.5113381510092201,
            "hits100": 0.7717418390231747
          }
        },
        "feature_cosine_high": {
          "count": 1032,
          "fraction": 0.042826907913848196,
          "DCDLP": {
            "count": 1032,
            "mrr": 0.8919211488335277,
            "hits10": 0.9728682170542635,
            "hits20": 0.9883720930232558,
            "hits50": 0.9961240310077519,
            "hits100": 1.0
          },
          "GCN": {
            "count": 1032,
            "mrr": 0.1806800667643325,
            "hits10": 0.3963178294573643,
            "hits20": 0.5494186046511628,
            "hits50": 0.8052325581395349,
            "hits100": 0.9680232558139535
          }
        },
        "cn_exact_zero": {
          "count": 2002,
          "fraction": 0.08308088143752335,
          "DCDLP": {
            "count": 2002,
            "mrr": 0.10283069559659024,
            "hits10": 0.25824175824175827,
            "hits20": 0.4340659340659341,
            "hits50": 0.7377622377622378,
            "hits100": 0.9345654345654346
          },
          "GCN": {
            "count": 2002,
            "mrr": 0.06884155947941255,
            "hits10": 0.13586413586413587,
            "hits20": 0.22827172827172826,
            "hits50": 0.45454545454545453,
            "hits100": 0.7442557442557443
          }
        },
        "tie_diagnostic": {
          "cn_exact_zero_fraction": 0.08308088143752335,
          "cn_integer_unique_values": 4
        }
      },
      "test_descriptive": {
        "all": {
          "count": 11551,
          "fraction": 1.0,
          "DCDLP": {
            "count": 11551,
            "mrr": 0.3779990469160871,
            "hits10": 0.5144143364210891,
            "hits20": 0.6364816898969786,
            "hits50": 0.8317894554584019,
            "hits100": 0.9503939052895853
          },
          "GCN": {
            "count": 11551,
            "mrr": 0.0575165962942789,
            "hits10": 0.12258678902259544,
            "hits20": 0.21703748593195393,
            "hits50": 0.4530343693186737,
            "hits100": 0.7472946065275734
          }
        },
        "cn_low": {
          "count": 11551,
          "fraction": 1.0,
          "DCDLP": {
            "count": 11551,
            "mrr": 0.3779990469160871,
            "hits10": 0.5144143364210891,
            "hits20": 0.6364816898969786,
            "hits50": 0.8317894554584019,
            "hits100": 0.9503939052895853
          },
          "GCN": {
            "count": 11551,
            "mrr": 0.0575165962942789,
            "hits10": 0.12258678902259544,
            "hits20": 0.21703748593195393,
            "hits50": 0.4530343693186737,
            "hits100": 0.7472946065275734
          }
        },
        "cn_high": {
          "count": 0,
          "fraction": 0.0,
          "DCDLP": {
            "count": 0,
            "mrr": null,
            "hits10": null,
            "hits20": null,
            "hits50": null,
            "hits100": null
          },
          "GCN": {
            "count": 0,
            "mrr": null,
            "hits10": null,
            "hits20": null,
            "hits50": null,
            "hits100": null
          }
        },
        "degree_product_low": {
          "count": 3192,
          "fraction": 0.27633971084754566,
          "DCDLP": {
            "count": 3192,
            "mrr": 0.4161931519582279,
            "hits10": 0.48621553884711777,
            "hits20": 0.581453634085213,
            "hits50": 0.7788220551378446,
            "hits100": 0.9295112781954887
          },
          "GCN": {
            "count": 3192,
            "mrr": 0.05513502993437165,
            "hits10": 0.1206140350877193,
            "hits20": 0.21397243107769423,
            "hits50": 0.4558270676691729,
            "hits100": 0.7399749373433584
          }
        },
        "degree_product_high": {
          "count": 1613,
          "fraction": 0.13964158947277291,
          "DCDLP": {
            "count": 1613,
            "mrr": 0.41655794742055197,
            "hits10": 0.689398636081835,
            "hits20": 0.8158710477371358,
            "hits50": 0.9380037197768134,
            "hits100": 0.990700557966522
          },
          "GCN": {
            "count": 1613,
            "mrr": 0.06612255775202036,
            "hits10": 0.12895226286422815,
            "hits20": 0.2213267203967762,
            "hits50": 0.44327340359578427,
            "hits100": 0.7482951022938623
          }
        },
        "degree_gap_high": {
          "count": 4620,
          "fraction": 0.39996537096355295,
          "DCDLP": {
            "count": 4620,
            "mrr": 0.3264256173766477,
            "hits10": 0.4002164502164502,
            "hits20": 0.4967532467532468,
            "hits50": 0.7441558441558441,
            "hits100": 0.9123376623376623
          },
          "GCN": {
            "count": 4620,
            "mrr": 0.06334684406559571,
            "hits10": 0.14264069264069265,
            "hits20": 0.23658008658008658,
            "hits50": 0.44437229437229436,
            "hits100": 0.6991341991341992
          }
        },
        "feature_cosine_low": {
          "count": 1799,
          "fraction": 0.15574409142065623,
          "DCDLP": {
            "count": 1799,
            "mrr": 0.30684198854989697,
            "hits10": 0.3735408560311284,
            "hits20": 0.46470261256253476,
            "hits50": 0.6470261256253474,
            "hits100": 0.8693718732629239
          },
          "GCN": {
            "count": 1799,
            "mrr": 0.027012985034589387,
            "hits10": 0.045580878265703166,
            "hits20": 0.09838799332962757,
            "hits50": 0.2712618121178432,
            "hits100": 0.5486381322957199
          }
        },
        "feature_cosine_high": {
          "count": 545,
          "fraction": 0.04718206215912042,
          "DCDLP": {
            "count": 545,
            "mrr": 0.45813311234108844,
            "hits10": 0.7504587155963303,
            "hits20": 0.8788990825688073,
            "hits50": 0.9761467889908257,
            "hits100": 0.9908256880733946
          },
          "GCN": {
            "count": 545,
            "mrr": 0.12888247097025654,
            "hits10": 0.29541284403669726,
            "hits20": 0.46238532110091746,
            "hits50": 0.744954128440367,
            "hits100": 0.9541284403669725
          }
        },
        "cn_exact_zero": {
          "count": 7613,
          "fraction": 0.6590771361786858,
          "DCDLP": {
            "count": 7613,
            "mrr": 0.10525088312402524,
            "hits10": 0.2638907132536451,
            "hits20": 0.44844345199001706,
            "hits50": 0.7447786680677788,
            "hits100": 0.9247340076185472
          },
          "GCN": {
            "count": 7613,
            "mrr": 0.052528827376388,
            "hits10": 0.10849862078024432,
            "hits20": 0.19519243399448313,
            "hits50": 0.4213844739261789,
            "hits100": 0.7145671877052411
          }
        }
      }
    },
    "3": {
      "thresholds_from_train_pos": {
        "cn_low": 5.0,
        "cn_high": 17.0,
        "degree_product_low": 121.0,
        "degree_product_high": 1152.0,
        "degree_gap_high": 1.0788097381591797,
        "feature_low": 0.9444106221199036,
        "feature_high": 0.9868764281272888
      },
      "validation": {
        "all": {
          "count": 24097,
          "fraction": 1.0,
          "DCDLP": {
            "count": 24097,
            "mrr": 0.8714577789652672,
            "hits10": 0.9370046063825372,
            "hits20": 0.9536041830933312,
            "hits50": 0.9810764825496949,
            "hits100": 0.9963065941818484
          },
          "GCN": {
            "count": 24097,
            "mrr": 0.11397250205689971,
            "hits10": 0.23836992156700004,
            "hits20": 0.3633647341992779,
            "hits50": 0.6087064779848114,
            "hits100": 0.861725525999087
          }
        },
        "cn_low": {
          "count": 24097,
          "fraction": 1.0,
          "DCDLP": {
            "count": 24097,
            "mrr": 0.8714577789652672,
            "hits10": 0.9370046063825372,
            "hits20": 0.9536041830933312,
            "hits50": 0.9810764825496949,
            "hits100": 0.9963065941818484
          },
          "GCN": {
            "count": 24097,
            "mrr": 0.11397250205689971,
            "hits10": 0.23836992156700004,
            "hits20": 0.3633647341992779,
            "hits50": 0.6087064779848114,
            "hits100": 0.861725525999087
          }
        },
        "cn_high": {
          "count": 0,
          "fraction": 0.0,
          "DCDLP": {
            "count": 0,
            "mrr": null,
            "hits10": null,
            "hits20": null,
            "hits50": null,
            "hits100": null
          },
          "GCN": {
            "count": 0,
            "mrr": null,
            "hits10": null,
            "hits20": null,
            "hits50": null,
            "hits100": null
          }
        },
        "degree_product_low": {
          "count": 8101,
          "fraction": 0.33618292733535293,
          "DCDLP": {
            "count": 8101,
            "mrr": 0.9019327290748287,
            "hits10": 0.9313664979632145,
            "hits20": 0.9433403283545241,
            "hits50": 0.971731884952475,
            "hits100": 0.9939513640291322
          },
          "GCN": {
            "count": 8101,
            "mrr": 0.17061395791747902,
            "hits10": 0.33699543266263426,
            "hits20": 0.47438587828663126,
            "hits50": 0.7039871620787557,
            "hits100": 0.9086532526848538
          }
        },
        "degree_product_high": {
          "count": 3725,
          "fraction": 0.15458355811926797,
          "DCDLP": {
            "count": 3725,
            "mrr": 0.847163565383156,
            "hits10": 0.9640268456375839,
            "hits20": 0.9804026845637583,
            "hits50": 0.9959731543624161,
            "hits100": 0.9997315436241611
          },
          "GCN": {
            "count": 3725,
            "mrr": 0.07645776334145021,
            "hits10": 0.17261744966442952,
            "hits20": 0.28563758389261745,
            "hits50": 0.5334228187919463,
            "hits100": 0.8150335570469799
          }
        },
        "degree_gap_high": {
          "count": 10113,
          "fraction": 0.41967879819064613,
          "DCDLP": {
            "count": 10113,
            "mrr": 0.8343436254899842,
            "hits10": 0.9262335607633738,
            "hits20": 0.9400771284485316,
            "hits50": 0.972213982003362,
            "hits100": 0.9935726292890339
          },
          "GCN": {
            "count": 10113,
            "mrr": 0.11038915937477277,
            "hits10": 0.2382082468110353,
            "hits20": 0.3558785721348759,
            "hits50": 0.5652130920597251,
            "hits100": 0.8127163057450806
          }
        },
        "feature_cosine_low": {
          "count": 4013,
          "fraction": 0.16653525335103955,
          "DCDLP": {
            "count": 4013,
            "mrr": 0.8518267303225233,
            "hits10": 0.9180164465487167,
            "hits20": 0.9279840518315474,
            "hits50": 0.9573884874158983,
            "hits100": 0.9877896835285322
          },
          "GCN": {
            "count": 4013,
            "mrr": 0.09707842019204449,
            "hits10": 0.19162721156242213,
            "hits20": 0.2868178420134563,
            "hits50": 0.49040617991527535,
            "hits100": 0.7630201844006977
          }
        },
        "feature_cosine_high": {
          "count": 1032,
          "fraction": 0.042826907913848196,
          "DCDLP": {
            "count": 1032,
            "mrr": 0.8909168709475837,
            "hits10": 0.9709302325581395,
            "hits20": 0.9883720930232558,
            "hits50": 0.997093023255814,
            "hits100": 1.0
          },
          "GCN": {
            "count": 1032,
            "mrr": 0.17105086084784657,
            "hits10": 0.3875968992248062,
            "hits20": 0.5668604651162791,
            "hits50": 0.8284883720930233,
            "hits100": 0.9709302325581395
          }
        },
        "cn_exact_zero": {
          "count": 2002,
          "fraction": 0.08308088143752335,
          "DCDLP": {
            "count": 2002,
            "mrr": 0.09222456339486539,
            "hits10": 0.24275724275724275,
            "hits20": 0.4420579420579421,
            "hits50": 0.7722277722277723,
            "hits100": 0.9555444555444556
          },
          "GCN": {
            "count": 2002,
            "mrr": 0.0634848563359063,
            "hits10": 0.13036963036963037,
            "hits20": 0.22877122877122877,
            "hits50": 0.479020979020979,
            "hits100": 0.7617382617382618
          }
        },
        "tie_diagnostic": {
          "cn_exact_zero_fraction": 0.08308088143752335,
          "cn_integer_unique_values": 4
        }
      },
      "test_descriptive": {
        "all": {
          "count": 11551,
          "fraction": 1.0,
          "DCDLP": {
            "count": 11551,
            "mrr": 0.3706012720416009,
            "hits10": 0.5040256254869708,
            "hits20": 0.6342308025279196,
            "hits50": 0.8569820794736387,
            "hits100": 0.9764522552159987
          },
          "GCN": {
            "count": 11551,
            "mrr": 0.058429380801928554,
            "hits10": 0.12137477274694831,
            "hits20": 0.22058696216777768,
            "hits50": 0.4564972729633798,
            "hits100": 0.7581161804172799
          }
        },
        "cn_low": {
          "count": 11551,
          "fraction": 1.0,
          "DCDLP": {
            "count": 11551,
            "mrr": 0.3706012720416009,
            "hits10": 0.5040256254869708,
            "hits20": 0.6342308025279196,
            "hits50": 0.8569820794736387,
            "hits100": 0.9764522552159987
          },
          "GCN": {
            "count": 11551,
            "mrr": 0.058429380801928554,
            "hits10": 0.12137477274694831,
            "hits20": 0.22058696216777768,
            "hits50": 0.4564972729633798,
            "hits100": 0.7581161804172799
          }
        },
        "cn_high": {
          "count": 0,
          "fraction": 0.0,
          "DCDLP": {
            "count": 0,
            "mrr": null,
            "hits10": null,
            "hits20": null,
            "hits50": null,
            "hits100": null
          },
          "GCN": {
            "count": 0,
            "mrr": null,
            "hits10": null,
            "hits20": null,
            "hits50": null,
            "hits100": null
          }
        },
        "degree_product_low": {
          "count": 3192,
          "fraction": 0.27633971084754566,
          "DCDLP": {
            "count": 3192,
            "mrr": 0.4045152313570319,
            "hits10": 0.4633458646616541,
            "hits20": 0.5532581453634086,
            "hits50": 0.7822681704260651,
            "hits100": 0.956453634085213
          },
          "GCN": {
            "count": 3192,
            "mrr": 0.05757085509446696,
            "hits10": 0.1206140350877193,
            "hits20": 0.2236842105263158,
            "hits50": 0.47274436090225563,
            "hits100": 0.7615914786967418
          }
        },
        "degree_product_high": {
          "count": 1613,
          "fraction": 0.13964158947277291,
          "DCDLP": {
            "count": 1613,
            "mrr": 0.42035717927842736,
            "hits10": 0.698698078115313,
            "hits20": 0.8375697458152511,
            "hits50": 0.9547427154370738,
            "hits100": 0.9969001859888407
          },
          "GCN": {
            "count": 1613,
            "mrr": 0.07236676843699529,
            "hits10": 0.14879107253564786,
            "hits20": 0.24426534407935524,
            "hits50": 0.4531928084314941,
            "hits100": 0.759454432734036
          }
        },
        "degree_gap_high": {
          "count": 4620,
          "fraction": 0.39996537096355295,
          "DCDLP": {
            "count": 4620,
            "mrr": 0.3319074286576704,
            "hits10": 0.4212121212121212,
            "hits20": 0.5378787878787878,
            "hits50": 0.79004329004329,
            "hits100": 0.9616883116883117
          },
          "GCN": {
            "count": 4620,
            "mrr": 0.0645686992040049,
            "hits10": 0.13463203463203463,
            "hits20": 0.23333333333333334,
            "hits50": 0.4474025974025974,
            "hits100": 0.714935064935065
          }
        },
        "feature_cosine_low": {
          "count": 1799,
          "fraction": 0.15574409142065623,
          "DCDLP": {
            "count": 1799,
            "mrr": 0.30761068815700016,
            "hits10": 0.3702056698165648,
            "hits20": 0.4574763757643135,
            "hits50": 0.6992773763201778,
            "hits100": 0.933852140077821
          },
          "GCN": {
            "count": 1799,
            "mrr": 0.02800029174808815,
            "hits10": 0.04502501389660923,
            "hits20": 0.1000555864369094,
            "hits50": 0.274041133963313,
            "hits100": 0.5608671484157866
          }
        },
        "feature_cosine_high": {
          "count": 545,
          "fraction": 0.04718206215912042,
          "DCDLP": {
            "count": 545,
            "mrr": 0.45696162484917285,
            "hits10": 0.7412844036697248,
            "hits20": 0.8880733944954129,
            "hits50": 0.9779816513761468,
            "hits100": 0.998165137614679
          },
          "GCN": {
            "count": 545,
            "mrr": 0.12635122375259314,
            "hits10": 0.29174311926605506,
            "hits20": 0.46238532110091746,
            "hits50": 0.7614678899082569,
            "hits100": 0.9541284403669725
          }
        },
        "cn_exact_zero": {
          "count": 7613,
          "fraction": 0.6590771361786858,
          "DCDLP": {
            "count": 7613,
            "mrr": 0.09459188122490879,
            "hits10": 0.24747143044791803,
            "hits20": 0.44502824116642586,
            "hits50": 0.7830027584395114,
            "hits100": 0.9642716406147379
          },
          "GCN": {
            "count": 7613,
            "mrr": 0.054245024226750635,
            "hits10": 0.10810455799290687,
            "hits20": 0.19781951924339944,
            "hits50": 0.4271640614737948,
            "hits100": 0.7241560488637856
          }
        }
      }
    }
  }
}
