/home/ubuntu/anaconda3/envs/mei_env/lib/python3.11/site-packages/torch/cuda/__init__.py:63: FutureWarning: The pynvml package is deprecated. Please install nvidia-ml-py instead. If you did not install pynvml directly, please report this to the maintainers of the package that installed pynvml for you.
  import pynvml  # type: ignore[import]
/home/ubuntu/AFDR_V8_scripts/audit_shift_distributions.py:37: RuntimeWarning: divide by zero encountered in divide
  ra_adj = adj.multiply(np.where(degree > 0, 1.0 / degree, 0.0)).tocsr()
{
  "dataset": "ogbl-collab_CN_4_2_0_seed1",
  "data_hashes": {
    "dataset_name": "ogbl-collab_CN_4_2_0_seed1",
    "num_nodes": 235868,
    "feature_shape": [
      235868,
      128
    ],
    "message_edge_index_shape": [
      2,
      1597130
    ],
    "message_edge_index_hash": "e7139c7a780dc610d1032757007b933d32c1b92575cc8fa0fdb996da4445b71d",
    "train_pos_shape": [
      1193456,
      2
    ],
    "valid_pos_shape": [
      24097,
      2
    ],
    "test_pos_shape": [
      11551,
      2
    ],
    "valid_neg_shape": [
      24097,
      250,
      2
    ],
    "test_neg_shape": [
      11551,
      250,
      2
    ],
    "train_pos_hash": "9e876f00d0da73d7bb1229a9aee50ecf8ff9f1f3221eb932fbb9ec5f2c62c048",
    "valid_pos_hash": "f8ee3623440863545e162b38f4a6ff29cf35b8891ac49d81e8568e562895f42b",
    "test_pos_hash": "cd34f4b513f4d581e64afa405f9df384031d7b5de960153af7b65317fc992ed9",
    "valid_neg_hash": "d3d53f225b54fa69a7f676a660949fdf607dfeaf85b0c92c90bbb18bd232940e",
    "test_neg_hash": "7d8ea1cca3641da1c21fba8a1a6d81e901bfae6931a7b07c9850eea53949ea19",
    "valid_neg_file_hash": "cc60b2c52b920829f0a529e83861980cf874254236dd035de524ac6b1b74c2fb",
    "test_neg_file_hash": "c72e0804630072d15962eb0fac9990c1ff7144bbe8732847f2cb25d0ab8181dd"
  },
  "groups": {
    "train_pos": {
      "degree_u": {
        "count": 1193456,
        "mean": 33.51305033449076,
        "std": 41.07847837950819,
        "q01": 5.0,
        "q10": 6.0,
        "q25": 9.0,
        "q50": 19.0,
        "q75": 40.0,
        "q90": 78.0,
        "q99": 210.0,
        "zero_fraction": 0.0
      },
      "degree_v": {
        "count": 1193456,
        "mean": 33.51305033449076,
        "std": 41.07847837950819,
        "q01": 5.0,
        "q10": 6.0,
        "q25": 9.0,
        "q50": 19.0,
        "q75": 40.0,
        "q90": 78.0,
        "q99": 210.0,
        "zero_fraction": 0.0
      },
      "degree_min": {
        "count": 1193456,
        "mean": 21.13972195036935,
        "std": 25.926841127550222,
        "q01": 4.0,
        "q10": 5.0,
        "q25": 7.0,
        "q50": 12.0,
        "q75": 24.0,
        "q90": 45.0,
        "q99": 141.0,
        "zero_fraction": 0.0
      },
      "degree_max": {
        "count": 1193456,
        "mean": 45.886378718612164,
        "std": 48.95388820610271,
        "q01": 5.0,
        "q10": 8.0,
        "q25": 14.0,
        "q50": 29.0,
        "q75": 57.0,
        "q90": 103.0,
        "q99": 240.0,
        "zero_fraction": 0.0
      },
      "degree_product": {
        "count": 1193456,
        "mean": 1790.844644461128,
        "std": 5103.631393796285,
        "q01": 25.0,
        "q10": 49.0,
        "q25": 121.0,
        "q50": 368.0,
        "q75": 1152.0,
        "q90": 3666.0,
        "q99": 29046.0,
        "zero_fraction": 0.0
      },
      "cn": {
        "count": 1193456,
        "mean": 15.550892533951817,
        "std": 22.592096274742108,
        "q01": 2.0,
        "q10": 4.0,
        "q25": 5.0,
        "q50": 8.0,
        "q75": 17.0,
        "q90": 32.0,
        "q99": 137.0,
        "zero_fraction": 0.0011294928342561435
      },
      "aa": {
        "count": 1193456,
        "mean": 4.557972653377267,
        "std": 4.553206583430655,
        "q01": 0.7133867144584656,
        "q10": 1.5713752508163452,
        "q25": 2.1148219108581543,
        "q50": 3.0503900051116943,
        "q75": 5.3044939041137695,
        "q90": 8.666197776794434,
        "q99": 26.594167709350586,
        "zero_fraction": 0.0011294928342561435
      },
      "ra": {
        "count": 1193456,
        "mean": 0.620579338352273,
        "std": 0.29196896199151456,
        "q01": 0.06754662096500397,
        "q10": 0.27314814925193787,
        "q25": 0.4438677355647087,
        "q50": 0.6256410479545593,
        "q75": 0.7818243503570557,
        "q90": 0.8891981542110443,
        "q99": 1.5046569108963013,
        "zero_fraction": 0.0011294928342561435
      },
      "feature_cosine": {
        "count": 1193456,
        "mean": 0.9605521761587938,
        "std": 0.03828481716824403,
        "q01": 0.8261551260948181,
        "q10": 0.9131402373313904,
        "q25": 0.9444106221199036,
        "q50": 0.9688767790794373,
        "q75": 0.9868764281272888,
        "q90": 1.0,
        "q99": 1.000000238418579,
        "zero_fraction": 0.0
      }
    },
    "valid_pos": {
      "degree_u": {
        "count": 24097,
        "mean": 26.736606216541478,
        "std": 33.6628812954495,
        "q01": 2.0,
        "q10": 4.0,
        "q25": 7.0,
        "q50": 15.0,
        "q75": 33.0,
        "q90": 62.0,
        "q99": 172.0,
        "zero_fraction": 0.0
      },
      "degree_v": {
        "count": 24097,
        "mean": 26.43324895215172,
        "std": 33.116552002821315,
        "q01": 2.0,
        "q10": 4.0,
        "q25": 7.0,
        "q50": 15.0,
        "q75": 32.0,
        "q90": 62.0,
        "q99": 169.0,
        "zero_fraction": 0.0
      },
      "degree_min": {
        "count": 24097,
        "mean": 12.315018467029091,
        "std": 12.004442494992688,
        "q01": 2.0,
        "q10": 3.0,
        "q25": 5.0,
        "q50": 8.0,
        "q75": 15.0,
        "q90": 26.0,
        "q99": 61.0,
        "zero_fraction": 0.0
      },
      "degree_max": {
        "count": 24097,
        "mean": 40.854836701664105,
        "std": 40.97040827760241,
        "q01": 4.0,
        "q10": 8.0,
        "q25": 14.0,
        "q50": 28.0,
        "q75": 52.0,
        "q90": 89.0,
        "q99": 205.0,
        "zero_fraction": 0.0
      },
      "degree_product": {
        "count": 24097,
        "mean": 698.6503714155289,
        "std": 1476.413729978807,
        "q01": 9.0,
        "q10": 36.0,
        "q25": 84.0,
        "q50": 240.0,
        "q75": 675.0,
        "q90": 1691.0,
        "q99": 6912.1600000000035,
        "zero_fraction": 0.0
      },
      "cn": {
        "count": 24097,
        "mean": 1.7014981117981491,
        "std": 0.8642776190095635,
        "q01": 0.0,
        "q10": 1.0,
        "q25": 1.0,
        "q50": 2.0,
        "q75": 2.0,
        "q90": 3.0,
        "q99": 3.0,
        "zero_fraction": 0.08308088143752335
      },
      "aa": {
        "count": 24097,
        "mean": 0.6915648733481938,
        "std": 0.48224308392634246,
        "q01": 0.0,
        "q10": 0.20355592668056488,
        "q25": 0.3235154449939728,
        "q50": 0.6137586236000061,
        "q75": 0.9339541792869568,
        "q90": 1.3426823616027832,
        "q99": 2.156826658248904,
        "zero_fraction": 0.08308088143752335
      },
      "ra": {
        "count": 24097,
        "mean": 0.15285212585035884,
        "std": 0.16782500759746882,
        "q01": 0.0,
        "q10": 0.007352941203862429,
        "q25": 0.03125,
        "q50": 0.08604604750871658,
        "q75": 0.23091134428977966,
        "q90": 0.38596493005752563,
        "q99": 0.687167603969576,
        "zero_fraction": 0.08308088143752335
      },
      "feature_cosine": {
        "count": 24097,
        "mean": 0.9616661312402311,
        "std": 0.021062470532327935,
        "q01": 0.891352117061615,
        "q10": 0.9355502486228943,
        "q25": 0.9518861174583435,
        "q50": 0.9660176038742065,
        "q75": 0.9763597846031189,
        "q90": 0.983207356929779,
        "q99": 0.9908224439620972,
        "zero_fraction": 0.0
      }
    },
    "valid_neg": {
      "degree_u": {
        "count": 6024250,
        "mean": 16.74602880026559,
        "std": 27.219809177134653,
        "q01": 0.0,
        "q10": 1.0,
        "q25": 3.0,
        "q50": 7.0,
        "q75": 19.0,
        "q90": 42.0,
        "q99": 138.0,
        "zero_fraction": 0.0710760675602772
      },
      "degree_v": {
        "count": 6024250,
        "mean": 16.605286467195086,
        "std": 26.84277053738556,
        "q01": 0.0,
        "q10": 1.0,
        "q25": 3.0,
        "q50": 7.0,
        "q75": 18.0,
        "q90": 42.0,
        "q99": 137.0,
        "zero_fraction": 0.07101647507988547
      },
      "degree_min": {
        "count": 6024250,
        "mean": 4.747976262605303,
        "std": 6.187040471958508,
        "q01": 0.0,
        "q10": 0.0,
        "q25": 1.0,
        "q50": 3.0,
        "q75": 6.0,
        "q90": 11.0,
        "q99": 30.0,
        "zero_fraction": 0.1420925426401627
      },
      "degree_max": {
        "count": 6024250,
        "mean": 28.603339004855375,
        "std": 33.743793657214916,
        "q01": 3.0,
        "q10": 5.0,
        "q25": 9.0,
        "q50": 17.0,
        "q75": 35.0,
        "q90": 64.0,
        "q99": 176.0,
        "zero_fraction": 0.0
      },
      "degree_product": {
        "count": 6024250,
        "mean": 179.7245511059468,
        "std": 568.1073781153549,
        "q01": 0.0,
        "q10": 0.0,
        "q25": 12.0,
        "q50": 46.0,
        "q75": 147.0,
        "q90": 400.0,
        "q99": 2140.0,
        "zero_fraction": 0.1420925426401627
      },
      "cn": {
        "count": 6024250,
        "mean": 0.0023236087479769265,
        "std": 0.08502174058998259,
        "q01": 0.0,
        "q10": 0.0,
        "q25": 0.0,
        "q50": 0.0,
        "q75": 0.0,
        "q90": 0.0,
        "q99": 0.0,
        "zero_fraction": 0.9982409428559572
      },
      "aa": {
        "count": 6024250,
        "mean": 0.0005755666950315233,
        "std": 0.01956245370479872,
        "q01": 0.0,
        "q10": 0.0,
        "q25": 0.0,
        "q50": 0.0,
        "q75": 0.0,
        "q90": 0.0,
        "q99": 0.0,
        "zero_fraction": 0.9982409428559572
      },
      "ra": {
        "count": 6024250,
        "mean": 5.010943452877451e-05,
        "std": 0.002083149867441058,
        "q01": 0.0,
        "q10": 0.0,
        "q25": 0.0,
        "q50": 0.0,
        "q75": 0.0,
        "q90": 0.0,
        "q99": 0.0,
        "zero_fraction": 0.9982409428559572
      },
      "feature_cosine": {
        "count": 6024250,
        "mean": 0.8555637988289688,
        "std": 0.06565786093233938,
        "q01": 0.6503777009248733,
        "q10": 0.770662784576416,
        "q25": 0.8215208202600479,
        "q50": 0.8660581111907959,
        "q75": 0.901588499546051,
        "q90": 0.9280314505100251,
        "q99": 0.9625992786884308,
        "zero_fraction": 0.0
      }
    },
    "test_pos": {
      "degree_u": {
        "count": 11551,
        "mean": 26.08665916370877,
        "std": 30.1978101130304,
        "q01": 2.0,
        "q10": 5.0,
        "q25": 8.0,
        "q50": 16.0,
        "q75": 32.5,
        "q90": 58.0,
        "q99": 158.0,
        "zero_fraction": 0.0
      },
      "degree_v": {
        "count": 11551,
        "mean": 25.774824690502985,
        "std": 29.35866486079449,
        "q01": 2.0,
        "q10": 5.0,
        "q25": 8.0,
        "q50": 16.0,
        "q75": 32.0,
        "q90": 58.0,
        "q99": 151.0,
        "zero_fraction": 0.0
      },
      "degree_min": {
        "count": 11551,
        "mean": 12.695264479265864,
        "std": 11.280124994499214,
        "q01": 2.0,
        "q10": 4.0,
        "q25": 6.0,
        "q50": 9.0,
        "q75": 16.0,
        "q90": 26.0,
        "q99": 56.0,
        "zero_fraction": 0.0
      },
      "degree_max": {
        "count": 11551,
        "mean": 39.16621937494589,
        "std": 36.00403605103657,
        "q01": 5.0,
        "q10": 10.0,
        "q25": 16.0,
        "q50": 28.0,
        "q75": 50.0,
        "q90": 81.0,
        "q99": 187.0,
        "zero_fraction": 0.0
      },
      "degree_product": {
        "count": 11551,
        "mean": 654.8025279196606,
        "std": 1329.9429348938704,
        "q01": 13.0,
        "q10": 48.0,
        "q25": 110.0,
        "q50": 267.0,
        "q75": 665.0,
        "q90": 1534.0,
        "q99": 5566.0,
        "zero_fraction": 0.0
      },
      "cn": {
        "count": 11551,
        "mean": 0.34092286382131415,
        "std": 0.4740194771791427,
        "q01": 0.0,
        "q10": 0.0,
        "q25": 0.0,
        "q50": 0.0,
        "q75": 1.0,
        "q90": 1.0,
        "q99": 1.0,
        "zero_fraction": 0.6590771361786858
      },
      "aa": {
        "count": 11551,
        "mean": 0.13072189237429316,
        "std": 0.24725723328404908,
        "q01": 0.0,
        "q10": 0.0,
        "q25": 0.0,
        "q50": 0.0,
        "q75": 0.23955610394477844,
        "q90": 0.3529561161994934,
        "q99": 1.4426950216293335,
        "zero_fraction": 0.6590771361786858
      },
      "ra": {
        "count": 11551,
        "mean": 0.026265126151878444,
        "std": 0.07884170900593569,
        "q01": 0.0,
        "q10": 0.0,
        "q25": 0.0,
        "q50": 0.0,
        "q75": 0.015384615398943424,
        "q90": 0.05882352963089943,
        "q99": 0.5,
        "zero_fraction": 0.6590771361786858
      },
      "feature_cosine": {
        "count": 11551,
        "mean": 0.9623365296026234,
        "std": 0.02093862246424996,
        "q01": 0.8919197022914886,
        "q10": 0.9367951154708862,
        "q25": 0.952677994966507,
        "q50": 0.966675877571106,
        "q75": 0.976687878370285,
        "q90": 0.9833848476409912,
        "q99": 0.9909306764602661,
        "zero_fraction": 0.0
      }
    },
    "test_neg": {
      "degree_u": {
        "count": 2887750,
        "mean": 16.431250627651284,
        "std": 25.000128131389136,
        "q01": 0.0,
        "q10": 1.0,
        "q25": 3.0,
        "q50": 8.0,
        "q75": 19.0,
        "q90": 41.0,
        "q99": 121.0,
        "zero_fraction": 0.07113704441173924
      },
      "degree_v": {
        "count": 2887750,
        "mean": 16.27985663578911,
        "std": 24.42694485043559,
        "q01": 0.0,
        "q10": 1.0,
        "q25": 3.0,
        "q50": 8.0,
        "q75": 19.0,
        "q90": 41.0,
        "q99": 117.0,
        "zero_fraction": 0.07126205523331314
      },
      "degree_min": {
        "count": 2887750,
        "mean": 4.871728854644619,
        "std": 6.195895196528299,
        "q01": 0.0,
        "q10": 0.0,
        "q25": 1.0,
        "q50": 3.0,
        "q75": 6.0,
        "q90": 11.0,
        "q99": 29.0,
        "zero_fraction": 0.14239909964505237
      },
      "degree_max": {
        "count": 2887750,
        "mean": 27.839378408795774,
        "std": 30.324048560094496,
        "q01": 3.0,
        "q10": 6.0,
        "q25": 9.0,
        "q50": 18.0,
        "q75": 35.0,
        "q90": 61.0,
        "q99": 158.0,
        "zero_fraction": 0.0
      },
      "degree_product": {
        "count": 2887750,
        "mean": 175.50477361267423,
        "std": 518.6629827000418,
        "q01": 0.0,
        "q10": 0.0,
        "q25": 14.0,
        "q50": 50.0,
        "q75": 150.75,
        "q90": 396.0,
        "q99": 2009.0,
        "zero_fraction": 0.14239909964505237
      },
      "cn": {
        "count": 2887750,
        "mean": 0.002165353649034716,
        "std": 0.0594828375455762,
        "q01": 0.0,
        "q10": 0.0,
        "q25": 0.0,
        "q50": 0.0,
        "q75": 0.0,
        "q90": 0.0,
        "q99": 0.0,
        "zero_fraction": 0.9982630075318154
      },
      "aa": {
        "count": 2887750,
        "mean": 0.0005470390632734413,
        "std": 0.015700482561569164,
        "q01": 0.0,
        "q10": 0.0,
        "q25": 0.0,
        "q50": 0.0,
        "q75": 0.0,
        "q90": 0.0,
        "q99": 0.0,
        "zero_fraction": 0.9982630075318154
      },
      "ra": {
        "count": 2887750,
        "mean": 5.013127187425781e-05,
        "std": 0.002164582413155972,
        "q01": 0.0,
        "q10": 0.0,
        "q25": 0.0,
        "q50": 0.0,
        "q75": 0.0,
        "q90": 0.0,
        "q99": 0.0,
        "zero_fraction": 0.9982630075318154
      },
      "feature_cosine": {
        "count": 2887750,
        "mean": 0.8578000862704305,
        "std": 0.06513766538720667,
        "q01": 0.653883626461029,
        "q10": 0.7736525893211365,
        "q25": 0.8242061138153076,
        "q50": 0.8682965636253357,
        "q75": 0.9034407734870911,
        "q90": 0.929571270942688,
        "q99": 0.9634479904174804,
        "zero_fraction": 0.0
      }
    },
    "train_neg_seed1": {
      "degree_u": {
        "count": 1193456,
        "mean": 6.754014391816707,
        "std": 12.307686957024037,
        "q01": 0.0,
        "q10": 0.0,
        "q25": 1.0,
        "q50": 3.0,
        "q75": 7.0,
        "q90": 16.0,
        "q99": 57.0,
        "zero_fraction": 0.14281716292850344
      },
      "degree_v": {
        "count": 1193456,
        "mean": 6.780032108431312,
        "std": 12.315814795402773,
        "q01": 0.0,
        "q10": 0.0,
        "q25": 1.0,
        "q50": 3.0,
        "q75": 7.0,
        "q90": 16.0,
        "q99": 58.0,
        "zero_fraction": 0.14159047338150715
      },
      "degree_min": {
        "count": 1193456,
        "mean": 2.4561919333431645,
        "std": 3.402572155124129,
        "q01": 0.0,
        "q10": 0.0,
        "q25": 0.0,
        "q50": 1.0,
        "q75": 3.0,
        "q90": 6.0,
        "q99": 16.0,
        "zero_fraction": 0.26392091539193735
      },
      "degree_max": {
        "count": 1193456,
        "mean": 11.077854566904854,
        "std": 15.950384328073335,
        "q01": 0.0,
        "q10": 2.0,
        "q25": 3.0,
        "q50": 6.0,
        "q75": 12.0,
        "q90": 24.0,
        "q99": 77.0,
        "zero_fraction": 0.020486720918073225
      },
      "degree_product": {
        "count": 1193456,
        "mean": 46.02304735155716,
        "std": 200.4054942272243,
        "q01": 0.0,
        "q10": 0.0,
        "q25": 0.0,
        "q50": 9.0,
        "q75": 33.0,
        "q90": 96.0,
        "q99": 608.0,
        "zero_fraction": 0.26392091539193735
      },
      "cn": {
        "count": 1193456,
        "mean": 0.0004491158450751431,
        "std": 0.029000906913018414,
        "q01": 0.0,
        "q10": 0.0,
        "q25": 0.0,
        "q50": 0.0,
        "q75": 0.0,
        "q90": 0.0,
        "q99": 0.0,
        "zero_fraction": 0.9996564598946254
      },
      "aa": {
        "count": 1193456,
        "mean": 0.00011469610566062698,
        "std": 0.007983891605449971,
        "q01": 0.0,
        "q10": 0.0,
        "q25": 0.0,
        "q50": 0.0,
        "q75": 0.0,
        "q90": 0.0,
        "q99": 0.0,
        "zero_fraction": 0.9996564598946254
      },
      "ra": {
        "count": 1193456,
        "mean": 1.0804812306422307e-05,
        "std": 0.0011417091741343984,
        "q01": 0.0,
        "q10": 0.0,
        "q25": 0.0,
        "q50": 0.0,
        "q75": 0.0,
        "q90": 0.0,
        "q99": 0.0,
        "zero_fraction": 0.9996564598946254
      },
      "feature_cosine": {
        "count": 1193456,
        "mean": 0.8043549992026368,
        "std": 0.07858763068013,
        "q01": 0.5682598650455475,
        "q10": 0.7011648416519165,
        "q25": 0.7604077309370041,
        "q50": 0.8153760433197021,
        "q75": 0.8605164587497711,
        "q90": 0.8939750492572784,
        "q99": 0.9396145701408385,
        "zero_fraction": 0.0
      }
    },
    "train_neg_seed2": {
      "degree_u": {
        "count": 1193456,
        "mean": 6.763403091525787,
        "std": 12.2891671549477,
        "q01": 0.0,
        "q10": 0.0,
        "q25": 1.0,
        "q50": 3.0,
        "q75": 7.0,
        "q90": 16.0,
        "q99": 57.0,
        "zero_fraction": 0.14277778150178977
      },
      "degree_v": {
        "count": 1193456,
        "mean": 6.780640425788634,
        "std": 12.256017930683907,
        "q01": 0.0,
        "q10": 0.0,
        "q25": 1.0,
        "q50": 3.0,
        "q75": 7.0,
        "q90": 16.0,
        "q99": 58.0,
        "zero_fraction": 0.1419013352817364
      },
      "degree_min": {
        "count": 1193456,
        "mean": 2.45912878229277,
        "std": 3.414576235904098,
        "q01": 0.0,
        "q10": 0.0,
        "q25": 0.0,
        "q50": 1.0,
        "q75": 3.0,
        "q90": 6.0,
        "q99": 16.0,
        "zero_fraction": 0.2646415117105281
      },
      "degree_max": {
        "count": 1193456,
        "mean": 11.084914735021652,
        "std": 15.886230859470368,
        "q01": 0.0,
        "q10": 2.0,
        "q25": 3.0,
        "q50": 6.0,
        "q75": 12.0,
        "q90": 24.0,
        "q99": 77.0,
        "zero_fraction": 0.020037605072998083
      },
      "degree_product": {
        "count": 1193456,
        "mean": 45.99978633481251,
        "std": 193.54284642928755,
        "q01": 0.0,
        "q10": 0.0,
        "q25": 0.0,
        "q50": 9.0,
        "q75": 33.0,
        "q90": 96.0,
        "q99": 608.0,
        "zero_fraction": 0.2646415117105281
      },
      "cn": {
        "count": 1193456,
        "mean": 0.0004667118016918931,
        "std": 0.03455131722445694,
        "q01": 0.0,
        "q10": 0.0,
        "q25": 0.0,
        "q50": 0.0,
        "q75": 0.0,
        "q90": 0.0,
        "q99": 0.0,
        "zero_fraction": 0.9996623252134976
      },
      "aa": {
        "count": 1193456,
        "mean": 0.00011873440045255934,
        "std": 0.008892008705800286,
        "q01": 0.0,
        "q10": 0.0,
        "q25": 0.0,
        "q50": 0.0,
        "q75": 0.0,
        "q90": 0.0,
        "q99": 0.0,
        "zero_fraction": 0.9996623252134976
      },
      "ra": {
        "count": 1193456,
        "mean": 1.0978503522564564e-05,
        "std": 0.001017475064114464,
        "q01": 0.0,
        "q10": 0.0,
        "q25": 0.0,
        "q50": 0.0,
        "q75": 0.0,
        "q90": 0.0,
        "q99": 0.0,
        "zero_fraction": 0.9996623252134976
      },
      "feature_cosine": {
        "count": 1193456,
        "mean": 0.8042047750825841,
        "std": 0.07866198204345964,
        "q01": 0.5670182973146439,
        "q10": 0.7011568248271942,
        "q25": 0.7602260559797287,
        "q50": 0.8152100145816803,
        "q75": 0.860231339931488,
        "q90": 0.8938583731651306,
        "q99": 0.9397428900003433,
        "zero_fraction": 0.0
      }
    },
    "train_neg_seed3": {
      "degree_u": {
        "count": 1193456,
        "mean": 6.788406945878189,
        "std": 12.406964579359672,
        "q01": 0.0,
        "q10": 0.0,
        "q25": 1.0,
        "q50": 3.0,
        "q75": 7.0,
        "q90": 16.0,
        "q99": 58.0,
        "zero_fraction": 0.1425674679250848
      },
      "degree_v": {
        "count": 1193456,
        "mean": 6.771720113686638,
        "std": 12.223978910763238,
        "q01": 0.0,
        "q10": 0.0,
        "q25": 1.0,
        "q50": 3.0,
        "q75": 7.0,
        "q90": 16.0,
        "q99": 57.0,
        "zero_fraction": 0.14195915056776287
      },
      "degree_min": {
        "count": 1193456,
        "mean": 2.4576465324234826,
        "std": 3.388632813557318,
        "q01": 0.0,
        "q10": 0.0,
        "q25": 0.0,
        "q50": 1.0,
        "q75": 3.0,
        "q90": 6.0,
        "q99": 16.0,
        "zero_fraction": 0.2642200466544221
      },
      "degree_max": {
        "count": 1193456,
        "mean": 11.102480527141344,
        "std": 15.953343222228439,
        "q01": 0.0,
        "q10": 2.0,
        "q25": 3.0,
        "q50": 6.0,
        "q75": 13.0,
        "q90": 24.0,
        "q99": 77.0,
        "zero_fraction": 0.020306571838425547
      },
      "degree_product": {
        "count": 1193456,
        "mean": 45.892937820916735,
        "std": 185.20459509276407,
        "q01": 0.0,
        "q10": 0.0,
        "q25": 0.0,
        "q50": 9.0,
        "q75": 33.0,
        "q90": 98.0,
        "q99": 608.0,
        "zero_fraction": 0.2642200466544221
      },
      "cn": {
        "count": 1193456,
        "mean": 0.0005806665683527504,
        "std": 0.08201940973213075,
        "q01": 0.0,
        "q10": 0.0,
        "q25": 0.0,
        "q50": 0.0,
        "q75": 0.0,
        "q90": 0.0,
        "q99": 0.0,
        "zero_fraction": 0.9996631631161936
      },
      "aa": {
        "count": 1193456,
        "mean": 0.00014190546132639031,
        "std": 0.016503061671684277,
        "q01": 0.0,
        "q10": 0.0,
        "q25": 0.0,
        "q50": 0.0,
        "q75": 0.0,
        "q90": 0.0,
        "q99": 0.0,
        "zero_fraction": 0.9996631631161936
      },
      "ra": {
        "count": 1193456,
        "mean": 1.2451015815467354e-05,
        "std": 0.001163568528317723,
        "q01": 0.0,
        "q10": 0.0,
        "q25": 0.0,
        "q50": 0.0,
        "q75": 0.0,
        "q90": 0.0,
        "q99": 0.0,
        "zero_fraction": 0.9996631631161936
      },
      "feature_cosine": {
        "count": 1193456,
        "mean": 0.8040846814113839,
        "std": 0.07868777894667185,
        "q01": 0.568072521686554,
        "q10": 0.7007833123207092,
        "q25": 0.7600449323654175,
        "q50": 0.8151317834854126,
        "q75": 0.860198438167572,
        "q90": 0.8939314186573029,
        "q99": 0.9396488845348357,
        "zero_fraction": 0.0
      }
    }
  }
}
	Command being timed: "python /home/ubuntu/AFDR_V8_scripts/audit_shift_distributions.py --repo /home/ubuntu/AFDR_V7/repo/LPShift-main --dataset ogbl-collab_CN_4_2_0_seed1 --output /home/ubuntu/AFDR_V7/raw/v8_shift_distribution_2_4.json"
	User time (seconds): 125.38
	System time (seconds): 7.47
	Percent of CPU this job got: 107%
	Elapsed (wall clock) time (h:mm:ss or m:ss): 2:03.39
	Average shared text size (kbytes): 0
	Average unshared data size (kbytes): 0
	Average stack size (kbytes): 0
	Average total size (kbytes): 0
	Maximum resident set size (kbytes): 1637664
	Average resident set size (kbytes): 0
	Major (requiring I/O) page faults: 0
	Minor (reclaiming a frame) page faults: 1655096
	Voluntary context switches: 211
	Involuntary context switches: 638
	Swaps: 0
	File system inputs: 0
	File system outputs: 144
	Socket messages sent: 0
	Socket messages received: 0
	Signals delivered: 0
	Page size (bytes): 4096
	Exit status: 0
