/home/ubuntu/anaconda3/envs/mei_env/lib/python3.11/site-packages/torch/cuda/__init__.py:63: FutureWarning: The pynvml package is deprecated. Please install nvidia-ml-py instead. If you did not install pynvml directly, please report this to the maintainers of the package that installed pynvml for you.
  import pynvml  # type: ignore[import]
Namespace(data_name='ogbl-collab_CN_4_2_0', neg_mode='equal', gnn_model='GCN', score_model='mlp_score', num_layers=3, num_layers_predictor=3, hidden_channels=128, dropout=0.1, edge_drop=0.0, lr=0.01, epochs=100, eval_steps=20, runs=1, kill_cnt=100, output_dir='/home/ubuntu/AFDR_V7/raw/gcn_2_4', input_dir='/home/ubuntu/AFDR_V7/repo/LPShift-main/../dataset', l2=0.0, seed=1, save=False, save_test=False, use_saved_model=False, log_steps=1, batch_size=65536, val_batch_size=65536, test_batch_size=65536, device=0)
#################################           0           #################################
seed:  1
################################
Loading Dataset: ogbl-collab_CN_4_2_0_seed1
################################
train train_neg val val_neg test test_neg:  torch.Size([1193456, 2]) torch.Size([1193456, 2]) torch.Size([24097, 2]) torch.Size([24097, 250, 2]) torch.Size([11551, 2]) torch.Size([11551, 250, 2])
layers in gcn:  3
neg_train_pred size before predictions:  torch.Size([1193456, 1])
train_pos train_neg valid_pos valid_neg test_pos test_neg torch.Size([1193456]) torch.Size([1193456, 1]) torch.Size([24097]) torch.Size([24097, 250]) torch.Size([11551]) torch.Size([11551, 250])
2026-09-17 14:30:41,160 - [INFO] - Run: 01, Epoch: 20, Loss: 0.1046, Train: 99.92%, Valid: 7.80%, Test: 6.14%
2026-09-17 14:30:41,160 - [INFO] - Run: 01, Epoch: 20, Loss: 0.1046, Train: 99.84%, Valid: 1.73%, Test: 1.15%
2026-09-17 14:30:41,160 - [INFO] - Run: 01, Epoch: 20, Loss: 0.1046, Train: 100.00%, Valid: 5.88%, Test: 4.46%
2026-09-17 14:30:41,160 - [INFO] - Run: 01, Epoch: 20, Loss: 0.1046, Train: 100.00%, Valid: 18.53%, Test: 13.52%
2026-09-17 14:30:41,160 - [INFO] - Run: 01, Epoch: 20, Loss: 0.1046, Train: 100.00%, Valid: 32.17%, Test: 24.74%
2026-09-17 14:30:41,160 - [INFO] - Run: 01, Epoch: 20, Loss: 0.1046, Train: 100.00%, Valid: 58.57%, Test: 49.58%
2026-09-17 14:30:41,160 - [INFO] - Run: 01, Epoch: 20, Loss: 0.1046, Train: 100.00%, Valid: 85.57%, Test: 77.94%
MRR
2026-09-17 14:30:41,161 - [INFO] - best valid: 7.80%, best test: 6.14%
---
neg_train_pred size before predictions:  torch.Size([1193456, 1])
train_pos train_neg valid_pos valid_neg test_pos test_neg torch.Size([1193456]) torch.Size([1193456, 1]) torch.Size([24097]) torch.Size([24097, 250]) torch.Size([11551]) torch.Size([11551, 250])
2026-09-17 14:31:13,628 - [INFO] - Run: 01, Epoch: 40, Loss: 0.0256, Train: 99.99%, Valid: 10.36%, Test: 6.02%
2026-09-17 14:31:13,628 - [INFO] - Run: 01, Epoch: 40, Loss: 0.0256, Train: 99.98%, Valid: 3.84%, Test: 1.44%
2026-09-17 14:31:13,629 - [INFO] - Run: 01, Epoch: 40, Loss: 0.0256, Train: 100.00%, Valid: 9.14%, Test: 4.33%
2026-09-17 14:31:13,629 - [INFO] - Run: 01, Epoch: 40, Loss: 0.0256, Train: 100.00%, Valid: 22.15%, Test: 12.80%
2026-09-17 14:31:13,629 - [INFO] - Run: 01, Epoch: 40, Loss: 0.0256, Train: 100.00%, Valid: 35.32%, Test: 22.75%
2026-09-17 14:31:13,629 - [INFO] - Run: 01, Epoch: 40, Loss: 0.0256, Train: 100.00%, Valid: 59.99%, Test: 46.43%
2026-09-17 14:31:13,629 - [INFO] - Run: 01, Epoch: 40, Loss: 0.0256, Train: 100.00%, Valid: 85.73%, Test: 76.45%
MRR
2026-09-17 14:31:13,629 - [INFO] - best valid: 10.36%, best test: 6.02%
---
neg_train_pred size before predictions:  torch.Size([1193456, 1])
train_pos train_neg valid_pos valid_neg test_pos test_neg torch.Size([1193456]) torch.Size([1193456, 1]) torch.Size([24097]) torch.Size([24097, 250]) torch.Size([11551]) torch.Size([11551, 250])
2026-09-17 14:31:46,123 - [INFO] - Run: 01, Epoch: 60, Loss: 0.0187, Train: 99.99%, Valid: 10.96%, Test: 5.91%
2026-09-17 14:31:46,123 - [INFO] - Run: 01, Epoch: 60, Loss: 0.0187, Train: 99.99%, Valid: 4.34%, Test: 1.45%
2026-09-17 14:31:46,123 - [INFO] - Run: 01, Epoch: 60, Loss: 0.0187, Train: 100.00%, Valid: 9.89%, Test: 4.24%
2026-09-17 14:31:46,123 - [INFO] - Run: 01, Epoch: 60, Loss: 0.0187, Train: 100.00%, Valid: 23.02%, Test: 12.31%
2026-09-17 14:31:46,123 - [INFO] - Run: 01, Epoch: 60, Loss: 0.0187, Train: 100.00%, Valid: 35.91%, Test: 22.11%
2026-09-17 14:31:46,123 - [INFO] - Run: 01, Epoch: 60, Loss: 0.0187, Train: 100.00%, Valid: 60.64%, Test: 45.94%
2026-09-17 14:31:46,123 - [INFO] - Run: 01, Epoch: 60, Loss: 0.0187, Train: 100.00%, Valid: 85.76%, Test: 76.15%
MRR
2026-09-17 14:31:46,124 - [INFO] - best valid: 10.96%, best test: 5.91%
---
neg_train_pred size before predictions:  torch.Size([1193456, 1])
train_pos train_neg valid_pos valid_neg test_pos test_neg torch.Size([1193456]) torch.Size([1193456, 1]) torch.Size([24097]) torch.Size([24097, 250]) torch.Size([11551]) torch.Size([11551, 250])
2026-09-17 14:32:18,238 - [INFO] - Run: 01, Epoch: 80, Loss: 0.0152, Train: 100.00%, Valid: 11.26%, Test: 5.85%
2026-09-17 14:32:18,238 - [INFO] - Run: 01, Epoch: 80, Loss: 0.0152, Train: 99.99%, Valid: 4.54%, Test: 1.44%
2026-09-17 14:32:18,238 - [INFO] - Run: 01, Epoch: 80, Loss: 0.0152, Train: 100.00%, Valid: 10.33%, Test: 4.16%
2026-09-17 14:32:18,238 - [INFO] - Run: 01, Epoch: 80, Loss: 0.0152, Train: 100.00%, Valid: 23.47%, Test: 11.96%
2026-09-17 14:32:18,238 - [INFO] - Run: 01, Epoch: 80, Loss: 0.0152, Train: 100.00%, Valid: 36.26%, Test: 22.06%
2026-09-17 14:32:18,238 - [INFO] - Run: 01, Epoch: 80, Loss: 0.0152, Train: 100.00%, Valid: 61.00%, Test: 45.60%
2026-09-17 14:32:18,238 - [INFO] - Run: 01, Epoch: 80, Loss: 0.0152, Train: 100.00%, Valid: 86.09%, Test: 75.74%
MRR
2026-09-17 14:32:18,238 - [INFO] - best valid: 11.26%, best test: 5.85%
---
neg_train_pred size before predictions:  torch.Size([1193456, 1])
train_pos train_neg valid_pos valid_neg test_pos test_neg torch.Size([1193456]) torch.Size([1193456, 1]) torch.Size([24097]) torch.Size([24097, 250]) torch.Size([11551]) torch.Size([11551, 250])
2026-09-17 14:32:50,632 - [INFO] - Run: 01, Epoch: 100, Loss: 0.0125, Train: 100.00%, Valid: 11.73%, Test: 5.79%
2026-09-17 14:32:50,632 - [INFO] - Run: 01, Epoch: 100, Loss: 0.0125, Train: 99.99%, Valid: 4.82%, Test: 1.41%
2026-09-17 14:32:50,632 - [INFO] - Run: 01, Epoch: 100, Loss: 0.0125, Train: 100.00%, Valid: 10.93%, Test: 4.16%
2026-09-17 14:32:50,633 - [INFO] - Run: 01, Epoch: 100, Loss: 0.0125, Train: 100.00%, Valid: 24.57%, Test: 12.13%
2026-09-17 14:32:50,633 - [INFO] - Run: 01, Epoch: 100, Loss: 0.0125, Train: 100.00%, Valid: 37.04%, Test: 21.62%
2026-09-17 14:32:50,633 - [INFO] - Run: 01, Epoch: 100, Loss: 0.0125, Train: 100.00%, Valid: 61.20%, Test: 45.22%
2026-09-17 14:32:50,633 - [INFO] - Run: 01, Epoch: 100, Loss: 0.0125, Train: 100.00%, Valid: 85.96%, Test: 74.82%
MRR
2026-09-17 14:32:50,633 - [INFO] - best valid: 11.73%, best test: 5.79%
/home/ubuntu/AFDR_V7/repo/LPShift-main/utils.py:178: UserWarning: std(): degrees of freedom is <= 0. Correction should be strictly less than the reduction factor (input numel divided by output numel). (Triggered internally at /pytorch/aten/src/ATen/native/ReduceOps.cpp:1839.)
  print(f'Highest Train: {r.mean():.2f} ± {r.std():.2f}')
/home/ubuntu/AFDR_V7/repo/LPShift-main/utils.py:182: UserWarning: std(): degrees of freedom is <= 0. Correction should be strictly less than the reduction factor (input numel divided by output numel). (Triggered internally at /pytorch/aten/src/ATen/native/ReduceOps.cpp:1839.)
  best_valid_var = round(r.std().item(), 2)
/home/ubuntu/AFDR_V7/repo/LPShift-main/utils.py:185: UserWarning: std(): degrees of freedom is <= 0. Correction should be strictly less than the reduction factor (input numel divided by output numel). (Triggered internally at /pytorch/aten/src/ATen/native/ReduceOps.cpp:1839.)
  print(f'Highest Valid: {r.mean():.2f} ± {r.std():.2f}')
/home/ubuntu/AFDR_V7/repo/LPShift-main/utils.py:190: UserWarning: std(): degrees of freedom is <= 0. Correction should be strictly less than the reduction factor (input numel divided by output numel). (Triggered internally at /pytorch/aten/src/ATen/native/ReduceOps.cpp:1839.)
  best_train_var = round(r.std().item(), 2)
/home/ubuntu/AFDR_V7/repo/LPShift-main/utils.py:191: UserWarning: std(): degrees of freedom is <= 0. Correction should be strictly less than the reduction factor (input numel divided by output numel). (Triggered internally at /pytorch/aten/src/ATen/native/ReduceOps.cpp:1839.)
  print(f'  Final Train: {r.mean():.2f} ± {r.std():.2f}')
/home/ubuntu/AFDR_V7/repo/LPShift-main/utils.py:196: UserWarning: std(): degrees of freedom is <= 0. Correction should be strictly less than the reduction factor (input numel divided by output numel). (Triggered internally at /pytorch/aten/src/ATen/native/ReduceOps.cpp:1839.)
  best_test_var = round(r.std().item(), 2)
/home/ubuntu/AFDR_V7/repo/LPShift-main/utils.py:197: UserWarning: std(): degrees of freedom is <= 0. Correction should be strictly less than the reduction factor (input numel divided by output numel). (Triggered internally at /pytorch/aten/src/ATen/native/ReduceOps.cpp:1839.)
  print(f'   Final Test: {r.mean():.2f} ± {r.std():.2f}')
---
Hits@1
Run 01:
Highest Train: 99.99
Highest Valid: 4.82
  Final Train: 99.99
   Final Test: 1.41
Hits@3
Run 01:
Highest Train: 100.00
Highest Valid: 10.93
  Final Train: 100.00
   Final Test: 4.16
Hits@10
Run 01:
Highest Train: 100.00
Highest Valid: 24.57
  Final Train: 100.00
   Final Test: 12.13
Hits@20
Run 01:
Highest Train: 100.00
Highest Valid: 37.04
  Final Train: 100.00
   Final Test: 21.62
Hits@50
Run 01:
Highest Train: 100.00
Highest Valid: 61.20
  Final Train: 100.00
   Final Test: 45.22
Hits@100
Run 01:
Highest Train: 100.00
Highest Valid: 86.09
  Final Train: 100.00
   Final Test: 75.74
MRR
Run 01:
Highest Train: 100.00
Highest Valid: 11.73
  Final Train: 100.00
   Final Test: 5.79
Hits@1
All runs:
Highest Train: 99.99 ± nan
Highest Valid: 4.82 ± nan
  Final Train: 99.99 ± nan
   Final Test: 1.41 ± nan
Hits@3
All runs:
Highest Train: 100.00 ± nan
Highest Valid: 10.93 ± nan
  Final Train: 100.00 ± nan
   Final Test: 4.16 ± nan
Hits@10
All runs:
Highest Train: 100.00 ± nan
Highest Valid: 24.57 ± nan
  Final Train: 100.00 ± nan
   Final Test: 12.13 ± nan
Hits@20
All runs:
Highest Train: 100.00 ± nan
Highest Valid: 37.04 ± nan
  Final Train: 100.00 ± nan
   Final Test: 21.62 ± nan
Hits@50
All runs:
Highest Train: 100.00 ± nan
Highest Valid: 61.20 ± nan
  Final Train: 100.00 ± nan
   Final Test: 45.22 ± nan
Hits@100
All runs:
Highest Train: 100.00 ± nan
Highest Valid: 86.09 ± nan
  Final Train: 100.00 ± nan
   Final Test: 75.74 ± nan
MRR
All runs:
Highest Train: 100.00 ± nan
Highest Valid: 11.73 ± nan
  Final Train: 100.00 ± nan
   Final Test: 5.79 ± nan
RESULTS FINISHED FOR GCN on ogbl-collab_CN_4_2_0
	Command being timed: "timeout 1200 python /home/ubuntu/AFDR_V7/lpcompat_run.py main_gnn.py --data_name ogbl-collab_CN_4_2_0 --lr 1e-2 --dropout 0.1 --device 0 --epochs 100 --eval_steps 20 --log_steps 1 --runs 1 --seed 1 --batch_size 65536 --val_batch_size 65536 --test_batch_size 65536 --output_dir /home/ubuntu/AFDR_V7/raw/gcn_2_4"
	User time (seconds): 564.48
	System time (seconds): 10.21
	Percent of CPU this job got: 338%
	Elapsed (wall clock) time (h:mm:ss or m:ss): 2:49.74
	Average shared text size (kbytes): 0
	Average unshared data size (kbytes): 0
	Average stack size (kbytes): 0
	Average total size (kbytes): 0
	Maximum resident set size (kbytes): 2483444
	Average resident set size (kbytes): 0
	Major (requiring I/O) page faults: 140
	Minor (reclaiming a frame) page faults: 3413666
	Voluntary context switches: 149135
	Involuntary context switches: 1931
	Swaps: 0
	File system inputs: 0
	File system outputs: 128
	Socket messages sent: 0
	Socket messages received: 0
	Signals delivered: 0
	Page size (bytes): 4096
	Exit status: 0
